
> blog-frontend-vue@1.0.0 test
> vitest --run src/test/properties/auth.property.test.ts


[7m[1m[36m RUN [39m[22m[27m [36mv1.6.1[39m [90mE:/learn/projects/blog-frontend-vue[39m

[90mstdout[2m | TabSyncManager.init (E:\learn\projects\blog-frontend-vue\src\utils\tabSync.ts:80:15)[22m[39m
TabSync initialized with ID: tab-1770361856973-3xi5tvney

[90mstdout[2m | src/test/properties/auth.property.test.ts[2m > [22m[2m璁よ瘉灞炴€ф祴璇?[2m > [22m[2mProperty 1: Authentication State Consistency[22m[39m
DEBUG: Whitespace tokens detected
  accessToken length: [33m20[39m trimmed: [33m0[39m
  refreshToken length: [33m33[39m trimmed: [33m33[39m
  authStore.accessToken: propertyIsEnumerablepro"propertyIsEnumerab
  authStore.user: {
  id: [32m'c8r0J3jPp{,'[39m,
  username: [32m'&J=2-18,/-'[39m,
  email: [32m'8~^1#+7tk@dsiero.ae'[39m,
  nickname: [32m'hO'[39m,
  role: [32m'USER'[39m
}
  isAuthenticated: [33mtrue[39m
DEBUG: Whitespace tokens detected
  accessToken length: [33m20[39m trimmed: [33m0[39m
  refreshToken length: [33m20[39m trimmed: [33m20[39m
  authStore.accessToken: propertyIsEnumerablepro"propertyIsEnumerab
  authStore.user: {
  id: [32m'c8r0J3jPp{,'[39m,
  username: [32m'&J=2-18,/-'[39m,
  email: [32m'8~^1#+7tk@dsiero.ae'[39m,
  nickname: [32m'hO'[39m,
  role: [32m'USER'[39m
}
  isAuthenticated: [33mtrue[39m
DEBUG: Whitespace tokens detected
  accessToken length: [33m20[39m trimmed: [33m0[39m
  refreshToken length: [33m20[39m trimmed: [33m19[39m
  authStore.accessToken: propertyIsEnumerablepro"propertyIsEnumerab
  authStore.user: {
  id: [32m'c8r0J3jPp{,'[39m,
  username: [32m'&J=2-18,/-'[39m,
  email: [32m'8~^1#+7tk@dsiero.ae'[39m,
  nickname: [32m'hO'[39m,
  role: [32m'USER'[39m
}
  isAuthenticated: [33mtrue[39m
DEBUG: Whitespace tokens detected
  accessToken length: [33m20[39m trimmed: [33m0[39m
  refreshToken length: [33m20[39m trimmed: [33m18[39m
  authStore.accessToken: propertyIsEnumerablepro"propertyIsEnumerab
  authStore.user: {
  id: [32m'c8r0J3jPp{,'[39m,
  username: [32m'&J=2-18,/-'[39m,
  email: [32m'8~^1#+7tk@dsiero.ae'[39m,
  nickname: [32m'hO'[39m,
  role: [32m'USER'[39m
}
  isAuthenticated: [33mtrue[39m
DEBUG: Whitespace tokens detected
  accessToken length: [33m20[39m trimmed: [33m0[39m
  refreshToken length: [33m20[39m trimmed: [33m17[39m
  authStore.accessToken: propertyIsEnumerablepro"propertyIsEnumerab
  authStore.user: {
  id: [32m'c8r0J3jPp{,'[39m,
  username: [32m'&J=2-18,/-'[39m,
  email: [32m'8~^1#+7tk@dsiero.ae'[39m,
  nickname: [32m'hO'[39m,
  role: [32m'USER'[39m
}
  isAuthenticated: [33mtrue[39m
DEBUG: Whitespace tokens detected
  accessToken length: [33m20[39m trimmed: [33m0[39m
  refreshToken length: [33m20[39m trimmed: [33m16[39m
  authStore.accessToken: propertyIsEnumerablepro"propertyIsEnumerab
  authStore.user: {
  id: [32m'c8r0J3jPp{,'[39m,
  username: [32m'&J=2-18,/-'[39m,
  email: [32m'8~^1#+7tk@dsiero.ae'[39m,
  nickname: [32m'hO'[39m,
  role: [32m'USER'[39m
}
  isAuthenticated: [33mtrue[39m
DEBUG: Whitespace tokens detected
  accessToken length: [33m20[39m trimmed: [33m0[39m
  refreshToken length: [33m20[39m trimmed: [33m15[39m
  authStore.accessToken: propertyIsEnumerablepro"propertyIsEnumerab
  authStore.user: {
  id: [32m'c8r0J3jPp{,'[39m,
  username: [32m'&J=2-18,/-'[39m,
  email: [32m'8~^1#+7tk@dsiero.ae'[39m,
  nickname: [32m'hO'[39m,
  role: [32m'USER'[39m
}
  isAuthenticated: [33mtrue[39m
DEBUG: Whitespace tokens detected
  accessToken length: [33m20[39m trimmed: [33m0[39m
  refreshToken length: [33m20[39m trimmed: [33m14[39m
  authStore.accessToken: propertyIsEnumerablepro"propertyIsEnumerab
  authStore.user: {
  id: [32m'c8r0J3jPp{,'[39m,
  username: [32m'&J=2-18,/-'[39m,
  email: [32m'8~^1#+7tk@dsiero.ae'[39m,
  nickname: [32m'hO'[39m,
  role: [32m'USER'[39m
}
  isAuthenticated: [33mtrue[39m
DEBUG: Whitespace tokens detected
  accessToken length: [33m20[39m trimmed: [33m0[39m
  refreshToken length: [33m20[39m trimmed: [33m13[39m
  authStore.accessToken: propertyIsEnumerablepro"propertyIsEnumerab
  authStore.user: {
  id: [32m'c8r0J3jPp{,'[39m,
  username: [32m'&J=2-18,/-'[39m,
  email: [32m'8~^1#+7tk@dsiero.ae'[39m,
  nickname: [32m'hO'[39m,
  role: [32m'USER'[39m
}
  isAuthenticated: [33mtrue[39m
DEBUG: Whitespace tokens detected
  accessToken length: [33m20[39m trimmed: [33m0[39m
  refreshToken length: [33m20[39m trimmed: [33m12[39m
  authStore.accessToken: propertyIsEnumerablepro"propertyIsEnumerab
  authStore.user: {
  id: [32m'c8r0J3jPp{,'[39m,
  username: [32m'&J=2-18,/-'[39m,
  email: [32m'8~^1#+7tk@dsiero.ae'[39m,
  nickname: [32m'hO'[39m,
  role: [32m'USER'[39m
}
  isAuthenticated: [33mtrue[39m
DEBUG: Whitespace tokens detected
  accessToken length: [33m20[39m trimmed: [33m0[39m
  refreshToken length: [33m20[39m trimmed: [33m11[39m
  authStore.accessToken: propertyIsEnumerablepro"propertyIsEnumerab
  authStore.user: {
  id: [32m'c8r0J3jPp{,'[39m,
  username: [32m'&J=2-18,/-'[39m,
  email: [32m'8~^1#+7tk@dsiero.ae'[39m,
  nickname: [32m'hO'[39m,
  role: [32m'USER'[39m
}
  isAuthenticated: [33mtrue[39m
DEBUG: Whitespace tokens detected
  accessToken length: [33m20[39m trimmed: [33m0[39m
  refreshToken length: [33m20[39m trimmed: [33m10[39m
  authStore.accessToken: propertyIsEnumerablepro"propertyIsEnumerab
  authStore.user: {
  id: [32m'c8r0J3jPp{,'[39m,
  username: [32m'&J=2-18,/-'[39m,
  email: [32m'8~^1#+7tk@dsiero.ae'[39m,
  nickname: [32m'hO'[39m,
  role: [32m'USER'[39m
}
  isAuthenticated: [33mtrue[39m
DEBUG: Whitespace tokens detected
  accessToken length: [33m20[39m trimmed: [33m0[39m
  refreshToken length: [33m20[39m trimmed: [33m9[39m
  authStore.accessToken: propertyIsEnumerablepro"propertyIsEnumerab
  authStore.user: {
  id: [32m'c8r0J3jPp{,'[39m,
  username: [32m'&J=2-18,/-'[39m,
  email: [32m'8~^1#+7tk@dsiero.ae'[39m,
  nickname: [32m'hO'[39m,
  role: [32m'USER'[39m
}
  isAuthenticated: [33mtrue[39m
DEBUG: Whitespace tokens detected
  accessToken length: [33m20[39m trimmed: [33m0[39m
  refreshToken length: [33m20[39m trimmed: [33m8[39m
  authStore.accessToken: propertyIsEnumerablepro"propertyIsEnumerab
  authStore.user: {
  id: [32m'c8r0J3jPp{,'[39m,
  username: [32m'&J=2-18,/-'[39m,
  email: [32m'8~^1#+7tk@dsiero.ae'[39m,
  nickname: [32m'hO'[39m,
  role: [32m'USER'[39m
}
  isAuthenticated: [33mtrue[39m
DEBUG: Whitespace tokens detected
  accessToken length: [33m20[39m trimmed: [33m0[39m
  refreshToken length: [33m20[39m trimmed: [33m7[39m
  authStore.accessToken: propertyIsEnumerablepro"propertyIsEnumerab
  authStore.user: {
  id: [32m'c8r0J3jPp{,'[39m,
  username: [32m'&J=2-18,/-'[39m,
  email: [32m'8~^1#+7tk@dsiero.ae'[39m,
  nickname: [32m'hO'[39m,
  role: [32m'USER'[39m
}
  isAuthenticated: [33mtrue[39m
DEBUG: Whitespace tokens detected
  accessToken length: [33m20[39m trimmed: [33m0[39m
  refreshToken length: [33m20[39m trimmed: [33m6[39m
  authStore.accessToken: propertyIsEnumerablepro"propertyIsEnumerab
  authStore.user: {
  id: [32m'c8r0J3jPp{,'[39m,
  username: [32m'&J=2-18,/-'[39m,
  email: [32m'8~^1#+7tk@dsiero.ae'[39m,
  nickname: [32m'hO'[39m,
  role: [32m'USER'[39m
}
  isAuthenticated: [33mtrue[39m
DEBUG: Whitespace tokens detected
  accessToken length: [33m20[39m trimmed: [33m0[39m
  refreshToken length: [33m20[39m trimmed: [33m5[39m
  authStore.accessToken: propertyIsEnumerablepro"propertyIsEnumerab
  authStore.user: {
  id: [32m'c8r0J3jPp{,'[39m,
  username: [32m'&J=2-18,/-'[39m,
  email: [32m'8~^1#+7tk@dsiero.ae'[39m,
  nickname: [32m'hO'[39m,
  role: [32m'USER'[39m
}
  isAuthenticated: [33mtrue[39m
DEBUG: Whitespace tokens detected
  accessToken length: [33m20[39m trimmed: [33m0[39m
  refreshToken length: [33m20[39m trimmed: [33m4[39m
  authStore.accessToken: propertyIsEnumerablepro"propertyIsEnumerab
  authStore.user: {
  id: [32m'c8r0J3jPp{,'[39m,
  username: [32m'&J=2-18,/-'[39m,
  email: [32m'8~^1#+7tk@dsiero.ae'[39m,
  nickname: [32m'hO'[39m,
  role: [32m'USER'[39m
}
  isAuthenticated: [33mtrue[39m
DEBUG: Whitespace tokens detected
  accessToken length: [33m20[39m trimmed: [33m0[39m
  refreshToken length: [33m20[39m trimmed: [33m3[39m
  authStore.accessToken: propertyIsEnumerablepro"propertyIsEnumerab
  authStore.user: {
  id: [32m'c8r0J3jPp{,'[39m,
  username: [32m'&J=2-18,/-'[39m,
  email: [32m'8~^1#+7tk@dsiero.ae'[39m,
  nickname: [32m'hO'[39m,
  role: [32m'USER'[39m
}
  isAuthenticated: [33mtrue[39m
DEBUG: Whitespace tokens detected
  accessToken length: [33m20[39m trimmed: [33m0[39m
  refreshToken length: [33m20[39m trimmed: [33m2[39m
  authStore.accessToken: propertyIsEnumerablepro"propertyIsEnumerab
  authStore.user: {
  id: [32m'c8r0J3jPp{,'[39m,
  username: [32m'&J=2-18,/-'[39m,
  email: [32m'8~^1#+7tk@dsiero.ae'[39m,
  nickname: [32m'hO'[39m,
  role: [32m'USER'[39m
}
  isAuthenticated: [33mtrue[39m
DEBUG: Whitespace tokens detected
  accessToken length: [33m20[39m trimmed: [33m0[39m
  refreshToken length: [33m20[39m trimmed: [33m1[39m
  authStore.accessToken: propertyIsEnumerablepro"propertyIsEnumerab
  authStore.user: {
  id: [32m'c8r0J3jPp{,'[39m,
  username: [32m'&J=2-18,/-'[39m,
  email: [32m'8~^1#+7tk@dsiero.ae'[39m,
  nickname: [32m'hO'[39m,
  role: [32m'USER'[39m
}
  isAuthenticated: [33mtrue[39m
DEBUG: Whitespace tokens detected
  accessToken length: [33m20[39m trimmed: [33m0[39m
  refreshToken length: [33m20[39m trimmed: [33m0[39m
  authStore.accessToken: propertyIsEnumerablepro"propertyIsEnumerab
  authStore.user: {
  id: [32m'c8r0J3jPp{,'[39m,
  username: [32m'&J=2-18,/-'[39m,
  email: [32m'8~^1#+7tk@dsiero.ae'[39m,
  nickname: [32m'hO'[39m,
  role: [32m'USER'[39m
}
  isAuthenticated: [33mtrue[39m
DEBUG: Whitespace tokens detected
  accessToken length: [33m20[39m trimmed: [33m0[39m
  refreshToken length: [33m20[39m trimmed: [33m0[39m
  authStore.accessToken: propertyIsEnumerablepro"propertyIsEnumerab
  authStore.user: {
  id: [32m','[39m,
  username: [32m'&J=2-18,/-'[39m,
  email: [32m'8~^1#+7tk@dsiero.ae'[39m,
  nickname: [32m'hO'[39m,
  role: [32m'USER'[39m
}
  isAuthenticated: [33mtrue[39m
DEBUG: Whitespace tokens detected
  accessToken length: [33m20[39m trimmed: [33m0[39m
  refreshToken length: [33m20[39m trimmed: [33m0[39m
  authStore.accessToken: propertyIsEnumerablepro"propertyIsEnumerab
  authStore.user: {
  id: [32m' '[39m,
  username: [32m'&J=2-18,/-'[39m,
  email: [32m'8~^1#+7tk@dsiero.ae'[39m,
  nickname: [32m'hO'[39m,
  role: [32m'USER'[39m
}
  isAuthenticated: [33mtrue[39m
DEBUG: Whitespace tokens detected
  accessToken length: [33m20[39m trimmed: [33m0[39m
  refreshToken length: [33m20[39m trimmed: [33m0[39m
  authStore.accessToken: propertyIsEnumerablepro"propertyIsEnumerab
  authStore.user: {
  id: [32m' '[39m,
  username: [32m',/-'[39m,
  email: [32m'8~^1#+7tk@dsiero.ae'[39m,
  nickname: [32m'hO'[39m,
  role: [32m'USER'[39m
}
  isAuthenticated: [33mtrue[39m
DEBUG: Whitespace tokens detected
  accessToken length: [33m20[39m trimmed: [33m0[39m
  refreshToken length: [33m20[39m trimmed: [33m0[39m
  authStore.accessToken: propertyIsEnumerablepro"propertyIsEnumerab
  authStore.user: {
  id: [32m' '[39m,
  username: [32m' /-'[39m,
  email: [32m'8~^1#+7tk@dsiero.ae'[39m,
  nickname: [32m'hO'[39m,
  role: [32m'USER'[39m
}
  isAuthenticated: [33mtrue[39m
DEBUG: Whitespace tokens detected
  accessToken length: [33m20[39m trimmed: [33m0[39m
  refreshToken length: [33m20[39m trimmed: [33m0[39m
  authStore.accessToken: propertyIsEnumerablepro"propertyIsEnumerab
  authStore.user: {
  id: [32m' '[39m,
  username: [32m'  -'[39m,
  email: [32m'8~^1#+7tk@dsiero.ae'[39m,
  nickname: [32m'hO'[39m,
  role: [32m'USER'[39m
}
  isAuthenticated: [33mtrue[39m
DEBUG: Whitespace tokens detected
  accessToken length: [33m20[39m trimmed: [33m0[39m
  refreshToken length: [33m20[39m trimmed: [33m0[39m
  authStore.accessToken: propertyIsEnumerablepro"propertyIsEnumerab
  authStore.user: {
  id: [32m' '[39m,
  username: [32m'   '[39m,
  email: [32m'8~^1#+7tk@dsiero.ae'[39m,
  nickname: [32m'hO'[39m,
  role: [32m'USER'[39m
}
  isAuthenticated: [33mtrue[39m
DEBUG: Whitespace tokens detected
  accessToken length: [33m20[39m trimmed: [33m0[39m
  refreshToken length: [33m20[39m trimmed: [33m0[39m
  authStore.accessToken: propertyIsEnumerablepro"propertyIsEnumerab
  authStore.user: {
  id: [32m' '[39m,
  username: [32m'   '[39m,
  email: [32m'k@dsiero.ae'[39m,
  nickname: [32m'hO'[39m,
  role: [32m'USER'[39m
}
  isAuthenticated: [33mtrue[39m
DEBUG: Whitespace tokens detected
  accessToken length: [33m20[39m trimmed: [33m0[39m
  refreshToken length: [33m20[39m trimmed: [33m0[39m
  authStore.accessToken: propertyIsEnumerablepro"propertyIsEnumerab
  authStore.user: {
  id: [32m' '[39m,
  username: [32m'   '[39m,
  email: [32m'a@dsiero.ae'[39m,
  nickname: [32m'hO'[39m,
  role: [32m'USER'[39m
}
  isAuthenticated: [33mtrue[39m
DEBUG: Whitespace tokens detected
  accessToken length: [33m20[39m trimmed: [33m0[39m
  refreshToken length: [33m20[39m trimmed: [33m0[39m
  authStore.accessToken: propertyIsEnumerablepro"propertyIsEnumerab
  authStore.user: {
  id: [32m' '[39m,
  username: [32m'   '[39m,
  email: [32m'a@asiero.ae'[39m,
  nickname: [32m'hO'[39m,
  role: [32m'USER'[39m
}
  isAuthenticated: [33mtrue[39m
DEBUG: Whitespace tokens detected
  accessToken length: [33m20[39m trimmed: [33m0[39m
  refreshToken length: [33m20[39m trimmed: [33m0[39m
  authStore.accessToken: propertyIsEnumerablepro"propertyIsEnumerab
  authStore.user: {
  id: [32m' '[39m,
  username: [32m'   '[39m,
  email: [32m'a@a.ae'[39m,
  nickname: [32m'hO'[39m,
  role: [32m'USER'[39m
}
  isAuthenticated: [33mtrue[39m
DEBUG: Whitespace tokens detected
  accessToken length: [33m20[39m trimmed: [33m0[39m
  refreshToken length: [33m20[39m trimmed: [33m0[39m
  authStore.accessToken: propertyIsEnumerablepro"propertyIsEnumerab
  authStore.user: {
  id: [32m' '[39m,
  username: [32m'   '[39m,
  email: [32m'a@a.aa'[39m,
  nickname: [32m'hO'[39m,
  role: [32m'USER'[39m
}
  isAuthenticated: [33mtrue[39m
DEBUG: Whitespace tokens detected
  accessToken length: [33m20[39m trimmed: [33m0[39m
  refreshToken length: [33m20[39m trimmed: [33m0[39m
  authStore.accessToken: propertyIsEnumerablepro"propertyIsEnumerab
  authStore.user: {
  id: [32m' '[39m,
  username: [32m'   '[39m,
  email: [32m'a@a.aa'[39m,
  nickname: [32m'O'[39m,
  role: [32m'USER'[39m
}
  isAuthenticated: [33mtrue[39m
DEBUG: Whitespace tokens detected
  accessToken length: [33m20[39m trimmed: [33m0[39m
  refreshToken length: [33m20[39m trimmed: [33m0[39m
  authStore.accessToken: propertyIsEnumerablepro"propertyIsEnumerab
  authStore.user: {
  id: [32m' '[39m,
  username: [32m'   '[39m,
  email: [32m'a@a.aa'[39m,
  nickname: [32m' '[39m,
  role: [32m'USER'[39m
}
  isAuthenticated: [33mtrue[39m

[90mstdout[2m | src/test/properties/auth.property.test.ts[2m > [22m[2m璁よ瘉灞炴€ф祴璇?[2m > [22m[2mProperty 1.1: Token Expiration Consistency[22m[39m
[HTTP Request] POST /auth/refresh {
  headers: Object [AxiosHeaders] {
    Accept: [32m'application/json'[39m,
    [32m'Content-Type'[39m: [32m'application/json'[39m,
    [32m'skip-auth'[39m: [32m'true'[39m,
    [32m'X-Request-ID'[39m: [32m'req_1770361857046_9ihdx6mjo'[39m,
    [32m'X-Timestamp'[39m: [32m'1770361857046'[39m
  },
  data: { refreshToken: [32m',4,7kQB"|G2LAB5cCl69Z)MZ\\^Y|7htuAkh5"O/*#_BH'[39m },
  params: [90mundefined[39m
}

stderr | src/test/properties/auth.property.test.ts > 璁よ瘉灞炴€ф祴璇?[2m > Property 1.1: Token Expiration Consistency
Error: AggregateError
    at Object.dispatchError (E:\learn\projects\blog-frontend-vue\node_modules\jsdom\lib\jsdom\living\xhr\xhr-utils.js:63:19)
    at EventEmitter.<anonymous> (E:\learn\projects\blog-frontend-vue\node_modules\jsdom\lib\jsdom\living\xhr\XMLHttpRequest-impl.js:655:18)
    at EventEmitter.emit (node:events:520:35)
    at Request.<anonymous> (E:\learn\projects\blog-frontend-vue\node_modules\jsdom\lib\jsdom\living\xhr\xhr-utils.js:404:14)
    at Request.emit (node:events:508:28)
    at ClientRequest.<anonymous> (E:\learn\projects\blog-frontend-vue\node_modules\jsdom\lib\jsdom\living\helpers\http-request.js:127:14)
    at ClientRequest.emit (node:events:508:28)
    at emitErrorEvent (node:_http_client:107:11)
    at Socket.socketErrorListener (node:_http_client:574:5)
    at Socket.emit (node:events:508:28) undefined
[HTTP Response Error] {
  url: '/auth/refresh',
  status: undefined,
  data: undefined,
  message: 'Network Error'
}
Token refresh failed: AxiosError: Network Error
    at XMLHttpRequest.handleError (file:///E:/learn/projects/blog-frontend-vue/node_modules/axios/lib/adapters/xhr.js:112:20)
    at XMLHttpRequest.invokeTheCallbackFunction (E:\learn\projects\blog-frontend-vue\node_modules\jsdom\lib\jsdom\living\generated\EventHandlerNonNull.js:14:28)
    at XMLHttpRequest.<anonymous> (E:\learn\projects\blog-frontend-vue\node_modules\jsdom\lib\jsdom\living\helpers\create-event-accessor.js:35:32)
    at innerInvokeEventListeners (E:\learn\projects\blog-frontend-vue\node_modules\jsdom\lib\jsdom\living\events\EventTarget-impl.js:350:25)
    at invokeEventListeners (E:\learn\projects\blog-frontend-vue\node_modules\jsdom\lib\jsdom\living\events\EventTarget-impl.js:286:3)
    at XMLHttpRequestImpl._dispatch (E:\learn\projects\blog-frontend-vue\node_modules\jsdom\lib\jsdom\living\events\EventTarget-impl.js:233:9)
    at fireAnEvent (E:\learn\projects\blog-frontend-vue\node_modules\jsdom\lib\jsdom\living\helpers\events.js:18:36)
    at requestErrorSteps (E:\learn\projects\blog-frontend-vue\node_modules\jsdom\lib\jsdom\living\xhr\xhr-utils.js:131:3)
    at Object.dispatchError (E:\learn\projects\blog-frontend-vue\node_modules\jsdom\lib\jsdom\living\xhr\xhr-utils.js:60:3)
    at EventEmitter.<anonymous> (E:\learn\projects\blog-frontend-vue\node_modules\jsdom\lib\jsdom\living\xhr\XMLHttpRequest-impl.js:655:18)
    at Axios.request (file:///E:/learn/projects/blog-frontend-vue/node_modules/axios/lib/core/Axios.js:45:41)
    at processTicksAndRejections (node:internal/process/task_queues:105:5)
    at HttpClient.post (E:\learn\projects\blog-frontend-vue\src\utils\request.ts:289:22)
    at refreshAccessToken (E:\learn\projects\blog-frontend-vue\src\stores\auth.ts:405:24)
    at Proxy.initAuth (E:\learn\projects\blog-frontend-vue\src\stores\auth.ts:519:13)
    at E:\learn\projects\blog-frontend-vue\src\test\properties\auth.property.test.ts:133:11
    at AsyncProperty.run (file:///E:/learn/projects/blog-frontend-vue/node_modules/fast-check/lib/esm/check/property/AsyncProperty.generic.js:46:28)
    at asyncRunIt (file:///E:/learn/projects/blog-frontend-vue/node_modules/fast-check/lib/esm/check/runner/Runner.js:33:21)
    at E:\learn\projects\blog-frontend-vue\src\test\properties\auth.property.test.ts:114:5
    at runTest (file:///E:/learn/projects/blog-frontend-vue/node_modules/@vitest/runner/dist/index.js:781:11) {
  isAxiosError: true,
  code: 'ERR_NETWORK',
  config: {
    transitional: {
      silentJSONParsing: true,
      forcedJSONParsing: true,
      clarifyTimeoutError: false
    },
    adapter: [ 'xhr', 'http', 'fetch' ],
    transformRequest: [ [Function: transformRequest] ],
    transformResponse: [ [Function: transformResponse] ],
    timeout: 10000,
    xsrfCookieName: 'XSRF-TOKEN',
    xsrfHeaderName: 'X-XSRF-TOKEN',
    maxContentLength: -1,
    maxBodyLength: -1,
    env: { FormData: [Function], Blob: [class Blob] },
    validateStatus: [Function: validateStatus],
    headers: Object [AxiosHeaders] {
      Accept: 'application/json',
      'Content-Type': 'application/json',
      'skip-auth': 'true',
      'X-Request-ID': 'req_1770361857046_9ihdx6mjo',
      'X-Timestamp': '1770361857046'
    },
    baseURL: 'http://localhost:8000/api/v1',
    method: 'post',
    url: '/auth/refresh',
    data: '{"refreshToken":",4,7kQB\\"|G2LAB5cCl69Z)MZ\\\\^Y|7htuAkh5\\"O/*#_BH"}',
    allowAbsoluteUrls: true
  },
  request: XMLHttpRequest {},
  event: ProgressEvent { isTrusted: [Getter] }
}
Auto refresh token failed: AxiosError: Network Error
    at XMLHttpRequest.handleError (file:///E:/learn/projects/blog-frontend-vue/node_modules/axios/lib/adapters/xhr.js:112:20)
    at XMLHttpRequest.invokeTheCallbackFunction (E:\learn\projects\blog-frontend-vue\node_modules\jsdom\lib\jsdom\living\generated\EventHandlerNonNull.js:14:28)
    at XMLHttpRequest.<anonymous> (E:\learn\projects\blog-frontend-vue\node_modules\jsdom\lib\jsdom\living\helpers\create-event-accessor.js:35:32)
    at innerInvokeEventListeners (E:\learn\projects\blog-frontend-vue\node_modules\jsdom\lib\jsdom\living\events\EventTarget-impl.js:350:25)
    at invokeEventListeners (E:\learn\projects\blog-frontend-vue\node_modules\jsdom\lib\jsdom\living\events\EventTarget-impl.js:286:3)
    at XMLHttpRequestImpl._dispatch (E:\learn\projects\blog-frontend-vue\node_modules\jsdom\lib\jsdom\living\events\EventTarget-impl.js:233:9)
    at fireAnEvent (E:\learn\projects\blog-frontend-vue\node_modules\jsdom\lib\jsdom\living\helpers\events.js:18:36)
    at requestErrorSteps (E:\learn\projects\blog-frontend-vue\node_modules\jsdom\lib\jsdom\living\xhr\xhr-utils.js:131:3)
    at Object.dispatchError (E:\learn\projects\blog-frontend-vue\node_modules\jsdom\lib\jsdom\living\xhr\xhr-utils.js:60:3)
    at EventEmitter.<anonymous> (E:\learn\projects\blog-frontend-vue\node_modules\jsdom\lib\jsdom\living\xhr\XMLHttpRequest-impl.js:655:18)
    at Axios.request (file:///E:/learn/projects/blog-frontend-vue/node_modules/axios/lib/core/Axios.js:45:41)
    at processTicksAndRejections (node:internal/process/task_queues:105:5)
    at HttpClient.post (E:\learn\projects\blog-frontend-vue\src\utils\request.ts:289:22)
    at refreshAccessToken (E:\learn\projects\blog-frontend-vue\src\stores\auth.ts:405:24)
    at Proxy.initAuth (E:\learn\projects\blog-frontend-vue\src\stores\auth.ts:519:13)
    at E:\learn\projects\blog-frontend-vue\src\test\properties\auth.property.test.ts:133:11
    at AsyncProperty.run (file:///E:/learn/projects/blog-frontend-vue/node_modules/fast-check/lib/esm/check/property/AsyncProperty.generic.js:46:28)
    at asyncRunIt (file:///E:/learn/projects/blog-frontend-vue/node_modules/fast-check/lib/esm/check/runner/Runner.js:33:21)
    at E:\learn\projects\blog-frontend-vue\src\test\properties\auth.property.test.ts:114:5
    at runTest (file:///E:/learn/projects/blog-frontend-vue/node_modules/@vitest/runner/dist/index.js:781:11) {
  isAxiosError: true,
  code: 'ERR_NETWORK',
  config: {
    transitional: {
      silentJSONParsing: true,
      forcedJSONParsing: true,
      clarifyTimeoutError: false
    },
    adapter: [ 'xhr', 'http', 'fetch' ],
    transformRequest: [ [Function: transformRequest] ],
    transformResponse: [ [Function: transformResponse] ],
    timeout: 10000,
    xsrfCookieName: 'XSRF-TOKEN',
    xsrfHeaderName: 'X-XSRF-TOKEN',
    maxContentLength: -1,
    maxBodyLength: -1,
    env: { FormData: [Function], Blob: [class Blob] },
    validateStatus: [Function: validateStatus],
    headers: Object [AxiosHeaders] {
      Accept: 'application/json',
      'Content-Type': 'application/json',
      'skip-auth': 'true',
      'X-Request-ID': 'req_1770361857046_9ihdx6mjo',
      'X-Timestamp': '1770361857046'
    },
    baseURL: 'http://localhost:8000/api/v1',
    method: 'post',
    url: '/auth/refresh',
    data: '{"refreshToken":",4,7kQB\\"|G2LAB5cCl69Z)MZ\\\\^Y|7htuAkh5\\"O/*#_BH"}',
    allowAbsoluteUrls: true
  },
  request: XMLHttpRequest {},
  event: ProgressEvent { isTrusted: [Getter] }
}

[90mstdout[2m | src/test/properties/auth.property.test.ts[2m > [22m[2m璁よ瘉灞炴€ф祴璇?[2m > [22m[2mProperty 1.1: Token Expiration Consistency[22m[39m
[HTTP Request] POST /auth/refresh {
  headers: Object [AxiosHeaders] {
    Accept: [32m'application/json'[39m,
    [32m'Content-Type'[39m: [32m'application/json'[39m,
    [32m'skip-auth'[39m: [32m'true'[39m,
    [32m'X-Request-ID'[39m: [32m'req_1770361857116_ry8tl6uui'[39m,
    [32m'X-Timestamp'[39m: [32m'1770361857116'[39m
  },
  data: { refreshToken: [32m'H4FM 7&v?.ddSF[j;F5?nwz@>|E{6W(^'[39m },
  params: [90mundefined[39m
}

stderr | src/test/properties/auth.property.test.ts > 璁よ瘉灞炴€ф祴璇?[2m > Property 1.1: Token Expiration Consistency
Error: AggregateError
    at Object.dispatchError (E:\learn\projects\blog-frontend-vue\node_modules\jsdom\lib\jsdom\living\xhr\xhr-utils.js:63:19)
    at EventEmitter.<anonymous> (E:\learn\projects\blog-frontend-vue\node_modules\jsdom\lib\jsdom\living\xhr\XMLHttpRequest-impl.js:655:18)
    at EventEmitter.emit (node:events:520:35)
    at Request.<anonymous> (E:\learn\projects\blog-frontend-vue\node_modules\jsdom\lib\jsdom\living\xhr\xhr-utils.js:404:14)
    at Request.emit (node:events:508:28)
    at ClientRequest.<anonymous> (E:\learn\projects\blog-frontend-vue\node_modules\jsdom\lib\jsdom\living\helpers\http-request.js:127:14)
    at ClientRequest.emit (node:events:508:28)
    at emitErrorEvent (node:_http_client:107:11)
    at Socket.socketErrorListener (node:_http_client:574:5)
    at Socket.emit (node:events:508:28) undefined
[HTTP Response Error] {
  url: '/auth/refresh',
  status: undefined,
  data: undefined,
  message: 'Network Error'
}
Token refresh failed: AxiosError: Network Error
    at XMLHttpRequest.handleError (file:///E:/learn/projects/blog-frontend-vue/node_modules/axios/lib/adapters/xhr.js:112:20)
    at XMLHttpRequest.invokeTheCallbackFunction (E:\learn\projects\blog-frontend-vue\node_modules\jsdom\lib\jsdom\living\generated\EventHandlerNonNull.js:14:28)
    at XMLHttpRequest.<anonymous> (E:\learn\projects\blog-frontend-vue\node_modules\jsdom\lib\jsdom\living\helpers\create-event-accessor.js:35:32)
    at innerInvokeEventListeners (E:\learn\projects\blog-frontend-vue\node_modules\jsdom\lib\jsdom\living\events\EventTarget-impl.js:350:25)
    at invokeEventListeners (E:\learn\projects\blog-frontend-vue\node_modules\jsdom\lib\jsdom\living\events\EventTarget-impl.js:286:3)
    at XMLHttpRequestImpl._dispatch (E:\learn\projects\blog-frontend-vue\node_modules\jsdom\lib\jsdom\living\events\EventTarget-impl.js:233:9)
    at fireAnEvent (E:\learn\projects\blog-frontend-vue\node_modules\jsdom\lib\jsdom\living\helpers\events.js:18:36)
    at requestErrorSteps (E:\learn\projects\blog-frontend-vue\node_modules\jsdom\lib\jsdom\living\xhr\xhr-utils.js:131:3)
    at Object.dispatchError (E:\learn\projects\blog-frontend-vue\node_modules\jsdom\lib\jsdom\living\xhr\xhr-utils.js:60:3)
    at EventEmitter.<anonymous> (E:\learn\projects\blog-frontend-vue\node_modules\jsdom\lib\jsdom\living\xhr\XMLHttpRequest-impl.js:655:18)
    at Axios.request (file:///E:/learn/projects/blog-frontend-vue/node_modules/axios/lib/core/Axios.js:45:41)
    at processTicksAndRejections (node:internal/process/task_queues:105:5)
    at HttpClient.post (E:\learn\projects\blog-frontend-vue\src\utils\request.ts:289:22)
    at refreshAccessToken (E:\learn\projects\blog-frontend-vue\src\stores\auth.ts:405:24)
    at Proxy.initAuth (E:\learn\projects\blog-frontend-vue\src\stores\auth.ts:519:13)
    at E:\learn\projects\blog-frontend-vue\src\test\properties\auth.property.test.ts:133:11
    at AsyncProperty.run (file:///E:/learn/projects/blog-frontend-vue/node_modules/fast-check/lib/esm/check/property/AsyncProperty.generic.js:46:28)
    at asyncRunIt (file:///E:/learn/projects/blog-frontend-vue/node_modules/fast-check/lib/esm/check/runner/Runner.js:33:21)
    at E:\learn\projects\blog-frontend-vue\src\test\properties\auth.property.test.ts:114:5
    at runTest (file:///E:/learn/projects/blog-frontend-vue/node_modules/@vitest/runner/dist/index.js:781:11) {
  isAxiosError: true,
  code: 'ERR_NETWORK',
  config: {
    transitional: {
      silentJSONParsing: true,
      forcedJSONParsing: true,
      clarifyTimeoutError: false
    },
    adapter: [ 'xhr', 'http', 'fetch' ],
    transformRequest: [ [Function: transformRequest] ],
    transformResponse: [ [Function: transformResponse] ],
    timeout: 10000,
    xsrfCookieName: 'XSRF-TOKEN',
    xsrfHeaderName: 'X-XSRF-TOKEN',
    maxContentLength: -1,
    maxBodyLength: -1,
    env: { FormData: [Function], Blob: [class Blob] },
    validateStatus: [Function: validateStatus],
    headers: Object [AxiosHeaders] {
      Accept: 'application/json',
      'Content-Type': 'application/json',
      'skip-auth': 'true',
      'X-Request-ID': 'req_1770361857116_ry8tl6uui',
      'X-Timestamp': '1770361857116'
    },
    baseURL: 'http://localhost:8000/api/v1',
    method: 'post',
    url: '/auth/refresh',
    data: '{"refreshToken":"H4FM 7&v?.ddSF[j;F5?nwz@>|E{6W(^"}',
    allowAbsoluteUrls: true
  },
  request: XMLHttpRequest {},
  event: ProgressEvent { isTrusted: [Getter] }
}
Auto refresh token failed: AxiosError: Network Error
    at XMLHttpRequest.handleError (file:///E:/learn/projects/blog-frontend-vue/node_modules/axios/lib/adapters/xhr.js:112:20)
    at XMLHttpRequest.invokeTheCallbackFunction (E:\learn\projects\blog-frontend-vue\node_modules\jsdom\lib\jsdom\living\generated\EventHandlerNonNull.js:14:28)
    at XMLHttpRequest.<anonymous> (E:\learn\projects\blog-frontend-vue\node_modules\jsdom\lib\jsdom\living\helpers\create-event-accessor.js:35:32)
    at innerInvokeEventListeners (E:\learn\projects\blog-frontend-vue\node_modules\jsdom\lib\jsdom\living\events\EventTarget-impl.js:350:25)
    at invokeEventListeners (E:\learn\projects\blog-frontend-vue\node_modules\jsdom\lib\jsdom\living\events\EventTarget-impl.js:286:3)
    at XMLHttpRequestImpl._dispatch (E:\learn\projects\blog-frontend-vue\node_modules\jsdom\lib\jsdom\living\events\EventTarget-impl.js:233:9)
    at fireAnEvent (E:\learn\projects\blog-frontend-vue\node_modules\jsdom\lib\jsdom\living\helpers\events.js:18:36)
    at requestErrorSteps (E:\learn\projects\blog-frontend-vue\node_modules\jsdom\lib\jsdom\living\xhr\xhr-utils.js:131:3)
    at Object.dispatchError (E:\learn\projects\blog-frontend-vue\node_modules\jsdom\lib\jsdom\living\xhr\xhr-utils.js:60:3)
    at EventEmitter.<anonymous> (E:\learn\projects\blog-frontend-vue\node_modules\jsdom\lib\jsdom\living\xhr\XMLHttpRequest-impl.js:655:18)
    at Axios.request (file:///E:/learn/projects/blog-frontend-vue/node_modules/axios/lib/core/Axios.js:45:41)
    at processTicksAndRejections (node:internal/process/task_queues:105:5)
    at HttpClient.post (E:\learn\projects\blog-frontend-vue\src\utils\request.ts:289:22)
    at refreshAccessToken (E:\learn\projects\blog-frontend-vue\src\stores\auth.ts:405:24)
    at Proxy.initAuth (E:\learn\projects\blog-frontend-vue\src\stores\auth.ts:519:13)
    at E:\learn\projects\blog-frontend-vue\src\test\properties\auth.property.test.ts:133:11
    at AsyncProperty.run (file:///E:/learn/projects/blog-frontend-vue/node_modules/fast-check/lib/esm/check/property/AsyncProperty.generic.js:46:28)
    at asyncRunIt (file:///E:/learn/projects/blog-frontend-vue/node_modules/fast-check/lib/esm/check/runner/Runner.js:33:21)
    at E:\learn\projects\blog-frontend-vue\src\test\properties\auth.property.test.ts:114:5
    at runTest (file:///E:/learn/projects/blog-frontend-vue/node_modules/@vitest/runner/dist/index.js:781:11) {
  isAxiosError: true,
  code: 'ERR_NETWORK',
  config: {
    transitional: {
      silentJSONParsing: true,
      forcedJSONParsing: true,
      clarifyTimeoutError: false
    },
    adapter: [ 'xhr', 'http', 'fetch' ],
    transformRequest: [ [Function: transformRequest] ],
    transformResponse: [ [Function: transformResponse] ],
    timeout: 10000,
    xsrfCookieName: 'XSRF-TOKEN',
    xsrfHeaderName: 'X-XSRF-TOKEN',
    maxContentLength: -1,
    maxBodyLength: -1,
    env: { FormData: [Function], Blob: [class Blob] },
    validateStatus: [Function: validateStatus],
    headers: Object [AxiosHeaders] {
      Accept: 'application/json',
      'Content-Type': 'application/json',
      'skip-auth': 'true',
      'X-Request-ID': 'req_1770361857116_ry8tl6uui',
      'X-Timestamp': '1770361857116'
    },
    baseURL: 'http://localhost:8000/api/v1',
    method: 'post',
    url: '/auth/refresh',
    data: '{"refreshToken":"H4FM 7&v?.ddSF[j;F5?nwz@>|E{6W(^"}',
    allowAbsoluteUrls: true
  },
  request: XMLHttpRequest {},
  event: ProgressEvent { isTrusted: [Getter] }
}

[90mstdout[2m | src/test/properties/auth.property.test.ts[2m > [22m[2m璁よ瘉灞炴€ф祴璇?[2m > [22m[2mProperty 1.1: Token Expiration Consistency[22m[39m
[HTTP Request] POST /auth/refresh {
  headers: Object [AxiosHeaders] {
    Accept: [32m'application/json'[39m,
    [32m'Content-Type'[39m: [32m'application/json'[39m,
    [32m'skip-auth'[39m: [32m'true'[39m,
    [32m'X-Request-ID'[39m: [32m'req_1770361857126_y5dqi7r46'[39m,
    [32m'X-Timestamp'[39m: [32m'1770361857126'[39m
  },
  data: { refreshToken: [32m'&abrtyIsEnumpropertyIsE'[39m },
  params: [90mundefined[39m
}

stderr | src/test/properties/auth.property.test.ts > 璁よ瘉灞炴€ф祴璇?[2m > Property 1.1: Token Expiration Consistency
Error: AggregateError
    at Object.dispatchError (E:\learn\projects\blog-frontend-vue\node_modules\jsdom\lib\jsdom\living\xhr\xhr-utils.js:63:19)
    at EventEmitter.<anonymous> (E:\learn\projects\blog-frontend-vue\node_modules\jsdom\lib\jsdom\living\xhr\XMLHttpRequest-impl.js:655:18)
    at EventEmitter.emit (node:events:520:35)
    at Request.<anonymous> (E:\learn\projects\blog-frontend-vue\node_modules\jsdom\lib\jsdom\living\xhr\xhr-utils.js:404:14)
    at Request.emit (node:events:508:28)
    at ClientRequest.<anonymous> (E:\learn\projects\blog-frontend-vue\node_modules\jsdom\lib\jsdom\living\helpers\http-request.js:127:14)
    at ClientRequest.emit (node:events:508:28)
    at emitErrorEvent (node:_http_client:107:11)
    at Socket.socketErrorListener (node:_http_client:574:5)
    at Socket.emit (node:events:508:28) undefined
[HTTP Response Error] {
  url: '/auth/refresh',
  status: undefined,
  data: undefined,
  message: 'Network Error'
}
Token refresh failed: AxiosError: Network Error
    at XMLHttpRequest.handleError (file:///E:/learn/projects/blog-frontend-vue/node_modules/axios/lib/adapters/xhr.js:112:20)
    at XMLHttpRequest.invokeTheCallbackFunction (E:\learn\projects\blog-frontend-vue\node_modules\jsdom\lib\jsdom\living\generated\EventHandlerNonNull.js:14:28)
    at XMLHttpRequest.<anonymous> (E:\learn\projects\blog-frontend-vue\node_modules\jsdom\lib\jsdom\living\helpers\create-event-accessor.js:35:32)
    at innerInvokeEventListeners (E:\learn\projects\blog-frontend-vue\node_modules\jsdom\lib\jsdom\living\events\EventTarget-impl.js:350:25)
    at invokeEventListeners (E:\learn\projects\blog-frontend-vue\node_modules\jsdom\lib\jsdom\living\events\EventTarget-impl.js:286:3)
    at XMLHttpRequestImpl._dispatch (E:\learn\projects\blog-frontend-vue\node_modules\jsdom\lib\jsdom\living\events\EventTarget-impl.js:233:9)
    at fireAnEvent (E:\learn\projects\blog-frontend-vue\node_modules\jsdom\lib\jsdom\living\helpers\events.js:18:36)
    at requestErrorSteps (E:\learn\projects\blog-frontend-vue\node_modules\jsdom\lib\jsdom\living\xhr\xhr-utils.js:131:3)
    at Object.dispatchError (E:\learn\projects\blog-frontend-vue\node_modules\jsdom\lib\jsdom\living\xhr\xhr-utils.js:60:3)
    at EventEmitter.<anonymous> (E:\learn\projects\blog-frontend-vue\node_modules\jsdom\lib\jsdom\living\xhr\XMLHttpRequest-impl.js:655:18)
    at Axios.request (file:///E:/learn/projects/blog-frontend-vue/node_modules/axios/lib/core/Axios.js:45:41)
    at processTicksAndRejections (node:internal/process/task_queues:105:5)
    at HttpClient.post (E:\learn\projects\blog-frontend-vue\src\utils\request.ts:289:22)
    at refreshAccessToken (E:\learn\projects\blog-frontend-vue\src\stores\auth.ts:405:24)
    at Proxy.initAuth (E:\learn\projects\blog-frontend-vue\src\stores\auth.ts:519:13)
    at E:\learn\projects\blog-frontend-vue\src\test\properties\auth.property.test.ts:133:11
    at AsyncProperty.run (file:///E:/learn/projects/blog-frontend-vue/node_modules/fast-check/lib/esm/check/property/AsyncProperty.generic.js:46:28)
    at asyncRunIt (file:///E:/learn/projects/blog-frontend-vue/node_modules/fast-check/lib/esm/check/runner/Runner.js:33:21)
    at E:\learn\projects\blog-frontend-vue\src\test\properties\auth.property.test.ts:114:5
    at runTest (file:///E:/learn/projects/blog-frontend-vue/node_modules/@vitest/runner/dist/index.js:781:11) {
  isAxiosError: true,
  code: 'ERR_NETWORK',
  config: {
    transitional: {
      silentJSONParsing: true,
      forcedJSONParsing: true,
      clarifyTimeoutError: false
    },
    adapter: [ 'xhr', 'http', 'fetch' ],
    transformRequest: [ [Function: transformRequest] ],
    transformResponse: [ [Function: transformResponse] ],
    timeout: 10000,
    xsrfCookieName: 'XSRF-TOKEN',
    xsrfHeaderName: 'X-XSRF-TOKEN',
    maxContentLength: -1,
    maxBodyLength: -1,
    env: { FormData: [Function], Blob: [class Blob] },
    validateStatus: [Function: validateStatus],
    headers: Object [AxiosHeaders] {
      Accept: 'application/json',
      'Content-Type': 'application/json',
      'skip-auth': 'true',
      'X-Request-ID': 'req_1770361857126_y5dqi7r46',
      'X-Timestamp': '1770361857126'
    },
    baseURL: 'http://localhost:8000/api/v1',
    method: 'post',
    url: '/auth/refresh',
    data: '{"refreshToken":"&abrtyIsEnumpropertyIsE"}',
    allowAbsoluteUrls: true
  },
  request: XMLHttpRequest {},
  event: ProgressEvent { isTrusted: [Getter] }
}
Auto refresh token failed: AxiosError: Network Error
    at XMLHttpRequest.handleError (file:///E:/learn/projects/blog-frontend-vue/node_modules/axios/lib/adapters/xhr.js:112:20)
    at XMLHttpRequest.invokeTheCallbackFunction (E:\learn\projects\blog-frontend-vue\node_modules\jsdom\lib\jsdom\living\generated\EventHandlerNonNull.js:14:28)
    at XMLHttpRequest.<anonymous> (E:\learn\projects\blog-frontend-vue\node_modules\jsdom\lib\jsdom\living\helpers\create-event-accessor.js:35:32)
    at innerInvokeEventListeners (E:\learn\projects\blog-frontend-vue\node_modules\jsdom\lib\jsdom\living\events\EventTarget-impl.js:350:25)
    at invokeEventListeners (E:\learn\projects\blog-frontend-vue\node_modules\jsdom\lib\jsdom\living\events\EventTarget-impl.js:286:3)
    at XMLHttpRequestImpl._dispatch (E:\learn\projects\blog-frontend-vue\node_modules\jsdom\lib\jsdom\living\events\EventTarget-impl.js:233:9)
    at fireAnEvent (E:\learn\projects\blog-frontend-vue\node_modules\jsdom\lib\jsdom\living\helpers\events.js:18:36)
    at requestErrorSteps (E:\learn\projects\blog-frontend-vue\node_modules\jsdom\lib\jsdom\living\xhr\xhr-utils.js:131:3)
    at Object.dispatchError (E:\learn\projects\blog-frontend-vue\node_modules\jsdom\lib\jsdom\living\xhr\xhr-utils.js:60:3)
    at EventEmitter.<anonymous> (E:\learn\projects\blog-frontend-vue\node_modules\jsdom\lib\jsdom\living\xhr\XMLHttpRequest-impl.js:655:18)
    at Axios.request (file:///E:/learn/projects/blog-frontend-vue/node_modules/axios/lib/core/Axios.js:45:41)
    at processTicksAndRejections (node:internal/process/task_queues:105:5)
    at HttpClient.post (E:\learn\projects\blog-frontend-vue\src\utils\request.ts:289:22)
    at refreshAccessToken (E:\learn\projects\blog-frontend-vue\src\stores\auth.ts:405:24)
    at Proxy.initAuth (E:\learn\projects\blog-frontend-vue\src\stores\auth.ts:519:13)
    at E:\learn\projects\blog-frontend-vue\src\test\properties\auth.property.test.ts:133:11
    at AsyncProperty.run (file:///E:/learn/projects/blog-frontend-vue/node_modules/fast-check/lib/esm/check/property/AsyncProperty.generic.js:46:28)
    at asyncRunIt (file:///E:/learn/projects/blog-frontend-vue/node_modules/fast-check/lib/esm/check/runner/Runner.js:33:21)
    at E:\learn\projects\blog-frontend-vue\src\test\properties\auth.property.test.ts:114:5
    at runTest (file:///E:/learn/projects/blog-frontend-vue/node_modules/@vitest/runner/dist/index.js:781:11) {
  isAxiosError: true,
  code: 'ERR_NETWORK',
  config: {
    transitional: {
      silentJSONParsing: true,
      forcedJSONParsing: true,
      clarifyTimeoutError: false
    },
    adapter: [ 'xhr', 'http', 'fetch' ],
    transformRequest: [ [Function: transformRequest] ],
    transformResponse: [ [Function: transformResponse] ],
    timeout: 10000,
    xsrfCookieName: 'XSRF-TOKEN',
    xsrfHeaderName: 'X-XSRF-TOKEN',
    maxContentLength: -1,
    maxBodyLength: -1,
    env: { FormData: [Function], Blob: [class Blob] },
    validateStatus: [Function: validateStatus],
    headers: Object [AxiosHeaders] {
      Accept: 'application/json',
      'Content-Type': 'application/json',
      'skip-auth': 'true',
      'X-Request-ID': 'req_1770361857126_y5dqi7r46',
      'X-Timestamp': '1770361857126'
    },
    baseURL: 'http://localhost:8000/api/v1',
    method: 'post',
    url: '/auth/refresh',
    data: '{"refreshToken":"&abrtyIsEnumpropertyIsE"}',
    allowAbsoluteUrls: true
  },
  request: XMLHttpRequest {},
  event: ProgressEvent { isTrusted: [Getter] }
}

[90mstdout[2m | src/test/properties/auth.property.test.ts[2m > [22m[2m璁よ瘉灞炴€ф祴璇?[2m > [22m[2mProperty 1.1: Token Expiration Consistency[22m[39m
[HTTP Request] POST /auth/refresh {
  headers: Object [AxiosHeaders] {
    Accept: [32m'application/json'[39m,
    [32m'Content-Type'[39m: [32m'application/json'[39m,
    [32m'skip-auth'[39m: [32m'true'[39m,
    [32m'X-Request-ID'[39m: [32m'req_1770361857133_ljk7i3ccl'[39m,
    [32m'X-Timestamp'[39m: [32m'1770361857133'[39m
  },
  data: { refreshToken: [32m'0!aVZ| Jm&sZ,LF?2%n\\13l6F{u'[39m },
  params: [90mundefined[39m
}

stderr | src/test/properties/auth.property.test.ts > 璁よ瘉灞炴€ф祴璇?[2m > Property 1.1: Token Expiration Consistency
Error: AggregateError
    at Object.dispatchError (E:\learn\projects\blog-frontend-vue\node_modules\jsdom\lib\jsdom\living\xhr\xhr-utils.js:63:19)
    at EventEmitter.<anonymous> (E:\learn\projects\blog-frontend-vue\node_modules\jsdom\lib\jsdom\living\xhr\XMLHttpRequest-impl.js:655:18)
    at EventEmitter.emit (node:events:520:35)
    at Request.<anonymous> (E:\learn\projects\blog-frontend-vue\node_modules\jsdom\lib\jsdom\living\xhr\xhr-utils.js:404:14)
    at Request.emit (node:events:508:28)
    at ClientRequest.<anonymous> (E:\learn\projects\blog-frontend-vue\node_modules\jsdom\lib\jsdom\living\helpers\http-request.js:127:14)
    at ClientRequest.emit (node:events:508:28)
    at emitErrorEvent (node:_http_client:107:11)
    at Socket.socketErrorListener (node:_http_client:574:5)
    at Socket.emit (node:events:508:28) undefined
[HTTP Response Error] {
  url: '/auth/refresh',
  status: undefined,
  data: undefined,
  message: 'Network Error'
}
Token refresh failed: AxiosError: Network Error
    at XMLHttpRequest.handleError (file:///E:/learn/projects/blog-frontend-vue/node_modules/axios/lib/adapters/xhr.js:112:20)
    at XMLHttpRequest.invokeTheCallbackFunction (E:\learn\projects\blog-frontend-vue\node_modules\jsdom\lib\jsdom\living\generated\EventHandlerNonNull.js:14:28)
    at XMLHttpRequest.<anonymous> (E:\learn\projects\blog-frontend-vue\node_modules\jsdom\lib\jsdom\living\helpers\create-event-accessor.js:35:32)
    at innerInvokeEventListeners (E:\learn\projects\blog-frontend-vue\node_modules\jsdom\lib\jsdom\living\events\EventTarget-impl.js:350:25)
    at invokeEventListeners (E:\learn\projects\blog-frontend-vue\node_modules\jsdom\lib\jsdom\living\events\EventTarget-impl.js:286:3)
    at XMLHttpRequestImpl._dispatch (E:\learn\projects\blog-frontend-vue\node_modules\jsdom\lib\jsdom\living\events\EventTarget-impl.js:233:9)
    at fireAnEvent (E:\learn\projects\blog-frontend-vue\node_modules\jsdom\lib\jsdom\living\helpers\events.js:18:36)
    at requestErrorSteps (E:\learn\projects\blog-frontend-vue\node_modules\jsdom\lib\jsdom\living\xhr\xhr-utils.js:131:3)
    at Object.dispatchError (E:\learn\projects\blog-frontend-vue\node_modules\jsdom\lib\jsdom\living\xhr\xhr-utils.js:60:3)
    at EventEmitter.<anonymous> (E:\learn\projects\blog-frontend-vue\node_modules\jsdom\lib\jsdom\living\xhr\XMLHttpRequest-impl.js:655:18)
    at Axios.request (file:///E:/learn/projects/blog-frontend-vue/node_modules/axios/lib/core/Axios.js:45:41)
    at processTicksAndRejections (node:internal/process/task_queues:105:5)
    at HttpClient.post (E:\learn\projects\blog-frontend-vue\src\utils\request.ts:289:22)
    at refreshAccessToken (E:\learn\projects\blog-frontend-vue\src\stores\auth.ts:405:24)
    at Proxy.initAuth (E:\learn\projects\blog-frontend-vue\src\stores\auth.ts:519:13)
    at E:\learn\projects\blog-frontend-vue\src\test\properties\auth.property.test.ts:133:11
    at AsyncProperty.run (file:///E:/learn/projects/blog-frontend-vue/node_modules/fast-check/lib/esm/check/property/AsyncProperty.generic.js:46:28)
    at asyncRunIt (file:///E:/learn/projects/blog-frontend-vue/node_modules/fast-check/lib/esm/check/runner/Runner.js:33:21)
    at E:\learn\projects\blog-frontend-vue\src\test\properties\auth.property.test.ts:114:5
    at runTest (file:///E:/learn/projects/blog-frontend-vue/node_modules/@vitest/runner/dist/index.js:781:11) {
  isAxiosError: true,
  code: 'ERR_NETWORK',
  config: {
    transitional: {
      silentJSONParsing: true,
      forcedJSONParsing: true,
      clarifyTimeoutError: false
    },
    adapter: [ 'xhr', 'http', 'fetch' ],
    transformRequest: [ [Function: transformRequest] ],
    transformResponse: [ [Function: transformResponse] ],
    timeout: 10000,
    xsrfCookieName: 'XSRF-TOKEN',
    xsrfHeaderName: 'X-XSRF-TOKEN',
    maxContentLength: -1,
    maxBodyLength: -1,
    env: { FormData: [Function], Blob: [class Blob] },
    validateStatus: [Function: validateStatus],
    headers: Object [AxiosHeaders] {
      Accept: 'application/json',
      'Content-Type': 'application/json',
      'skip-auth': 'true',
      'X-Request-ID': 'req_1770361857133_ljk7i3ccl',
      'X-Timestamp': '1770361857133'
    },
    baseURL: 'http://localhost:8000/api/v1',
    method: 'post',
    url: '/auth/refresh',
    data: '{"refreshToken":"0!aVZ| Jm&sZ,LF?2%n\\\\13l6F{u"}',
    allowAbsoluteUrls: true
  },
  request: XMLHttpRequest {},
  event: ProgressEvent { isTrusted: [Getter] }
}
Auto refresh token failed: AxiosError: Network Error
    at XMLHttpRequest.handleError (file:///E:/learn/projects/blog-frontend-vue/node_modules/axios/lib/adapters/xhr.js:112:20)
    at XMLHttpRequest.invokeTheCallbackFunction (E:\learn\projects\blog-frontend-vue\node_modules\jsdom\lib\jsdom\living\generated\EventHandlerNonNull.js:14:28)
    at XMLHttpRequest.<anonymous> (E:\learn\projects\blog-frontend-vue\node_modules\jsdom\lib\jsdom\living\helpers\create-event-accessor.js:35:32)
    at innerInvokeEventListeners (E:\learn\projects\blog-frontend-vue\node_modules\jsdom\lib\jsdom\living\events\EventTarget-impl.js:350:25)
    at invokeEventListeners (E:\learn\projects\blog-frontend-vue\node_modules\jsdom\lib\jsdom\living\events\EventTarget-impl.js:286:3)
    at XMLHttpRequestImpl._dispatch (E:\learn\projects\blog-frontend-vue\node_modules\jsdom\lib\jsdom\living\events\EventTarget-impl.js:233:9)
    at fireAnEvent (E:\learn\projects\blog-frontend-vue\node_modules\jsdom\lib\jsdom\living\helpers\events.js:18:36)
    at requestErrorSteps (E:\learn\projects\blog-frontend-vue\node_modules\jsdom\lib\jsdom\living\xhr\xhr-utils.js:131:3)
    at Object.dispatchError (E:\learn\projects\blog-frontend-vue\node_modules\jsdom\lib\jsdom\living\xhr\xhr-utils.js:60:3)
    at EventEmitter.<anonymous> (E:\learn\projects\blog-frontend-vue\node_modules\jsdom\lib\jsdom\living\xhr\XMLHttpRequest-impl.js:655:18)
    at Axios.request (file:///E:/learn/projects/blog-frontend-vue/node_modules/axios/lib/core/Axios.js:45:41)
    at processTicksAndRejections (node:internal/process/task_queues:105:5)
    at HttpClient.post (E:\learn\projects\blog-frontend-vue\src\utils\request.ts:289:22)
    at refreshAccessToken (E:\learn\projects\blog-frontend-vue\src\stores\auth.ts:405:24)
    at Proxy.initAuth (E:\learn\projects\blog-frontend-vue\src\stores\auth.ts:519:13)
    at E:\learn\projects\blog-frontend-vue\src\test\properties\auth.property.test.ts:133:11
    at AsyncProperty.run (file:///E:/learn/projects/blog-frontend-vue/node_modules/fast-check/lib/esm/check/property/AsyncProperty.generic.js:46:28)
    at asyncRunIt (file:///E:/learn/projects/blog-frontend-vue/node_modules/fast-check/lib/esm/check/runner/Runner.js:33:21)
    at E:\learn\projects\blog-frontend-vue\src\test\properties\auth.property.test.ts:114:5
    at runTest (file:///E:/learn/projects/blog-frontend-vue/node_modules/@vitest/runner/dist/index.js:781:11) {
  isAxiosError: true,
  code: 'ERR_NETWORK',
  config: {
    transitional: {
      silentJSONParsing: true,
      forcedJSONParsing: true,
      clarifyTimeoutError: false
    },
    adapter: [ 'xhr', 'http', 'fetch' ],
    transformRequest: [ [Function: transformRequest] ],
    transformResponse: [ [Function: transformResponse] ],
    timeout: 10000,
    xsrfCookieName: 'XSRF-TOKEN',
    xsrfHeaderName: 'X-XSRF-TOKEN',
    maxContentLength: -1,
    maxBodyLength: -1,
    env: { FormData: [Function], Blob: [class Blob] },
    validateStatus: [Function: validateStatus],
    headers: Object [AxiosHeaders] {
      Accept: 'application/json',
      'Content-Type': 'application/json',
      'skip-auth': 'true',
      'X-Request-ID': 'req_1770361857133_ljk7i3ccl',
      'X-Timestamp': '1770361857133'
    },
    baseURL: 'http://localhost:8000/api/v1',
    method: 'post',
    url: '/auth/refresh',
    data: '{"refreshToken":"0!aVZ| Jm&sZ,LF?2%n\\\\13l6F{u"}',
    allowAbsoluteUrls: true
  },
  request: XMLHttpRequest {},
  event: ProgressEvent { isTrusted: [Getter] }
}

[90mstdout[2m | src/test/properties/auth.property.test.ts[2m > [22m[2m璁よ瘉灞炴€ф祴璇?[2m > [22m[2mProperty 1.1: Token Expiration Consistency[22m[39m
[HTTP Request] POST /auth/refresh {
  headers: Object [AxiosHeaders] {
    Accept: [32m'application/json'[39m,
    [32m'Content-Type'[39m: [32m'application/json'[39m,
    [32m'skip-auth'[39m: [32m'true'[39m,
    [32m'X-Request-ID'[39m: [32m'req_1770361857140_k7lzjpubv'[39m,
    [32m'X-Timestamp'[39m: [32m'1770361857140'[39m
  },
  data: { refreshToken: [32m'z,`Zy^"!#!9""b8P\\[||'[39m },
  params: [90mundefined[39m
}

stderr | src/test/properties/auth.property.test.ts > 璁よ瘉灞炴€ф祴璇?[2m > Property 1.1: Token Expiration Consistency
Error: AggregateError
    at Object.dispatchError (E:\learn\projects\blog-frontend-vue\node_modules\jsdom\lib\jsdom\living\xhr\xhr-utils.js:63:19)
    at EventEmitter.<anonymous> (E:\learn\projects\blog-frontend-vue\node_modules\jsdom\lib\jsdom\living\xhr\XMLHttpRequest-impl.js:655:18)
    at EventEmitter.emit (node:events:520:35)
    at Request.<anonymous> (E:\learn\projects\blog-frontend-vue\node_modules\jsdom\lib\jsdom\living\xhr\xhr-utils.js:404:14)
    at Request.emit (node:events:508:28)
    at ClientRequest.<anonymous> (E:\learn\projects\blog-frontend-vue\node_modules\jsdom\lib\jsdom\living\helpers\http-request.js:127:14)
    at ClientRequest.emit (node:events:508:28)
    at emitErrorEvent (node:_http_client:107:11)
    at Socket.socketErrorListener (node:_http_client:574:5)
    at Socket.emit (node:events:508:28) undefined
[HTTP Response Error] {
  url: '/auth/refresh',
  status: undefined,
  data: undefined,
  message: 'Network Error'
}
Token refresh failed: AxiosError: Network Error
    at XMLHttpRequest.handleError (file:///E:/learn/projects/blog-frontend-vue/node_modules/axios/lib/adapters/xhr.js:112:20)
    at XMLHttpRequest.invokeTheCallbackFunction (E:\learn\projects\blog-frontend-vue\node_modules\jsdom\lib\jsdom\living\generated\EventHandlerNonNull.js:14:28)
    at XMLHttpRequest.<anonymous> (E:\learn\projects\blog-frontend-vue\node_modules\jsdom\lib\jsdom\living\helpers\create-event-accessor.js:35:32)
    at innerInvokeEventListeners (E:\learn\projects\blog-frontend-vue\node_modules\jsdom\lib\jsdom\living\events\EventTarget-impl.js:350:25)
    at invokeEventListeners (E:\learn\projects\blog-frontend-vue\node_modules\jsdom\lib\jsdom\living\events\EventTarget-impl.js:286:3)
    at XMLHttpRequestImpl._dispatch (E:\learn\projects\blog-frontend-vue\node_modules\jsdom\lib\jsdom\living\events\EventTarget-impl.js:233:9)
    at fireAnEvent (E:\learn\projects\blog-frontend-vue\node_modules\jsdom\lib\jsdom\living\helpers\events.js:18:36)
    at requestErrorSteps (E:\learn\projects\blog-frontend-vue\node_modules\jsdom\lib\jsdom\living\xhr\xhr-utils.js:131:3)
    at Object.dispatchError (E:\learn\projects\blog-frontend-vue\node_modules\jsdom\lib\jsdom\living\xhr\xhr-utils.js:60:3)
    at EventEmitter.<anonymous> (E:\learn\projects\blog-frontend-vue\node_modules\jsdom\lib\jsdom\living\xhr\XMLHttpRequest-impl.js:655:18)
    at Axios.request (file:///E:/learn/projects/blog-frontend-vue/node_modules/axios/lib/core/Axios.js:45:41)
    at processTicksAndRejections (node:internal/process/task_queues:105:5)
    at HttpClient.post (E:\learn\projects\blog-frontend-vue\src\utils\request.ts:289:22)
    at refreshAccessToken (E:\learn\projects\blog-frontend-vue\src\stores\auth.ts:405:24)
    at Proxy.initAuth (E:\learn\projects\blog-frontend-vue\src\stores\auth.ts:519:13)
    at E:\learn\projects\blog-frontend-vue\src\test\properties\auth.property.test.ts:133:11
    at AsyncProperty.run (file:///E:/learn/projects/blog-frontend-vue/node_modules/fast-check/lib/esm/check/property/AsyncProperty.generic.js:46:28)
    at asyncRunIt (file:///E:/learn/projects/blog-frontend-vue/node_modules/fast-check/lib/esm/check/runner/Runner.js:33:21)
    at E:\learn\projects\blog-frontend-vue\src\test\properties\auth.property.test.ts:114:5
    at runTest (file:///E:/learn/projects/blog-frontend-vue/node_modules/@vitest/runner/dist/index.js:781:11) {
  isAxiosError: true,
  code: 'ERR_NETWORK',
  config: {
    transitional: {
      silentJSONParsing: true,
      forcedJSONParsing: true,
      clarifyTimeoutError: false
    },
    adapter: [ 'xhr', 'http', 'fetch' ],
    transformRequest: [ [Function: transformRequest] ],
    transformResponse: [ [Function: transformResponse] ],
    timeout: 10000,
    xsrfCookieName: 'XSRF-TOKEN',
    xsrfHeaderName: 'X-XSRF-TOKEN',
    maxContentLength: -1,
    maxBodyLength: -1,
    env: { FormData: [Function], Blob: [class Blob] },
    validateStatus: [Function: validateStatus],
    headers: Object [AxiosHeaders] {
      Accept: 'application/json',
      'Content-Type': 'application/json',
      'skip-auth': 'true',
      'X-Request-ID': 'req_1770361857140_k7lzjpubv',
      'X-Timestamp': '1770361857140'
    },
    baseURL: 'http://localhost:8000/api/v1',
    method: 'post',
    url: '/auth/refresh',
    data: '{"refreshToken":"z,`Zy^\\"!#!9\\"\\"b8P\\\\[||"}',
    allowAbsoluteUrls: true
  },
  request: XMLHttpRequest {},
  event: ProgressEvent { isTrusted: [Getter] }
}
Auto refresh token failed: AxiosError: Network Error
    at XMLHttpRequest.handleError (file:///E:/learn/projects/blog-frontend-vue/node_modules/axios/lib/adapters/xhr.js:112:20)
    at XMLHttpRequest.invokeTheCallbackFunction (E:\learn\projects\blog-frontend-vue\node_modules\jsdom\lib\jsdom\living\generated\EventHandlerNonNull.js:14:28)
    at XMLHttpRequest.<anonymous> (E:\learn\projects\blog-frontend-vue\node_modules\jsdom\lib\jsdom\living\helpers\create-event-accessor.js:35:32)
    at innerInvokeEventListeners (E:\learn\projects\blog-frontend-vue\node_modules\jsdom\lib\jsdom\living\events\EventTarget-impl.js:350:25)
    at invokeEventListeners (E:\learn\projects\blog-frontend-vue\node_modules\jsdom\lib\jsdom\living\events\EventTarget-impl.js:286:3)
    at XMLHttpRequestImpl._dispatch (E:\learn\projects\blog-frontend-vue\node_modules\jsdom\lib\jsdom\living\events\EventTarget-impl.js:233:9)
    at fireAnEvent (E:\learn\projects\blog-frontend-vue\node_modules\jsdom\lib\jsdom\living\helpers\events.js:18:36)
    at requestErrorSteps (E:\learn\projects\blog-frontend-vue\node_modules\jsdom\lib\jsdom\living\xhr\xhr-utils.js:131:3)
    at Object.dispatchError (E:\learn\projects\blog-frontend-vue\node_modules\jsdom\lib\jsdom\living\xhr\xhr-utils.js:60:3)
    at EventEmitter.<anonymous> (E:\learn\projects\blog-frontend-vue\node_modules\jsdom\lib\jsdom\living\xhr\XMLHttpRequest-impl.js:655:18)
    at Axios.request (file:///E:/learn/projects/blog-frontend-vue/node_modules/axios/lib/core/Axios.js:45:41)
    at processTicksAndRejections (node:internal/process/task_queues:105:5)
    at HttpClient.post (E:\learn\projects\blog-frontend-vue\src\utils\request.ts:289:22)
    at refreshAccessToken (E:\learn\projects\blog-frontend-vue\src\stores\auth.ts:405:24)
    at Proxy.initAuth (E:\learn\projects\blog-frontend-vue\src\stores\auth.ts:519:13)
    at E:\learn\projects\blog-frontend-vue\src\test\properties\auth.property.test.ts:133:11
    at AsyncProperty.run (file:///E:/learn/projects/blog-frontend-vue/node_modules/fast-check/lib/esm/check/property/AsyncProperty.generic.js:46:28)
    at asyncRunIt (file:///E:/learn/projects/blog-frontend-vue/node_modules/fast-check/lib/esm/check/runner/Runner.js:33:21)
    at E:\learn\projects\blog-frontend-vue\src\test\properties\auth.property.test.ts:114:5
    at runTest (file:///E:/learn/projects/blog-frontend-vue/node_modules/@vitest/runner/dist/index.js:781:11) {
  isAxiosError: true,
  code: 'ERR_NETWORK',
  config: {
    transitional: {
      silentJSONParsing: true,
      forcedJSONParsing: true,
      clarifyTimeoutError: false
    },
    adapter: [ 'xhr', 'http', 'fetch' ],
    transformRequest: [ [Function: transformRequest] ],
    transformResponse: [ [Function: transformResponse] ],
    timeout: 10000,
    xsrfCookieName: 'XSRF-TOKEN',
    xsrfHeaderName: 'X-XSRF-TOKEN',
    maxContentLength: -1,
    maxBodyLength: -1,
    env: { FormData: [Function], Blob: [class Blob] },
    validateStatus: [Function: validateStatus],
    headers: Object [AxiosHeaders] {
      Accept: 'application/json',
      'Content-Type': 'application/json',
      'skip-auth': 'true',
      'X-Request-ID': 'req_1770361857140_k7lzjpubv',
      'X-Timestamp': '1770361857140'
    },
    baseURL: 'http://localhost:8000/api/v1',
    method: 'post',
    url: '/auth/refresh',
    data: '{"refreshToken":"z,`Zy^\\"!#!9\\"\\"b8P\\\\[||"}',
    allowAbsoluteUrls: true
  },
  request: XMLHttpRequest {},
  event: ProgressEvent { isTrusted: [Getter] }
}

[90mstdout[2m | src/test/properties/auth.property.test.ts[2m > [22m[2m璁よ瘉灞炴€ф祴璇?[2m > [22m[2mProperty 1.1: Token Expiration Consistency[22m[39m
[HTTP Request] POST /auth/refresh {
  headers: Object [AxiosHeaders] {
    Accept: [32m'application/json'[39m,
    [32m'Content-Type'[39m: [32m'application/json'[39m,
    [32m'skip-auth'[39m: [32m'true'[39m,
    [32m'X-Request-ID'[39m: [32m'req_1770361857199_nqge4oumx'[39m,
    [32m'X-Timestamp'[39m: [32m'1770361857199'[39m
  },
  data: { refreshToken: [32m'v#x#&n!!& #xq$#6{^"$~x&'[39m },
  params: [90mundefined[39m
}

stderr | src/test/properties/auth.property.test.ts > 璁よ瘉灞炴€ф祴璇?[2m > Property 1.1: Token Expiration Consistency
Error: AggregateError
    at Object.dispatchError (E:\learn\projects\blog-frontend-vue\node_modules\jsdom\lib\jsdom\living\xhr\xhr-utils.js:63:19)
    at EventEmitter.<anonymous> (E:\learn\projects\blog-frontend-vue\node_modules\jsdom\lib\jsdom\living\xhr\XMLHttpRequest-impl.js:655:18)
    at EventEmitter.emit (node:events:520:35)
    at Request.<anonymous> (E:\learn\projects\blog-frontend-vue\node_modules\jsdom\lib\jsdom\living\xhr\xhr-utils.js:404:14)
    at Request.emit (node:events:508:28)
    at ClientRequest.<anonymous> (E:\learn\projects\blog-frontend-vue\node_modules\jsdom\lib\jsdom\living\helpers\http-request.js:127:14)
    at ClientRequest.emit (node:events:508:28)
    at emitErrorEvent (node:_http_client:107:11)
    at Socket.socketErrorListener (node:_http_client:574:5)
    at Socket.emit (node:events:508:28) undefined
[HTTP Response Error] {
  url: '/auth/refresh',
  status: undefined,
  data: undefined,
  message: 'Network Error'
}
Token refresh failed: AxiosError: Network Error
    at XMLHttpRequest.handleError (file:///E:/learn/projects/blog-frontend-vue/node_modules/axios/lib/adapters/xhr.js:112:20)
    at XMLHttpRequest.invokeTheCallbackFunction (E:\learn\projects\blog-frontend-vue\node_modules\jsdom\lib\jsdom\living\generated\EventHandlerNonNull.js:14:28)
    at XMLHttpRequest.<anonymous> (E:\learn\projects\blog-frontend-vue\node_modules\jsdom\lib\jsdom\living\helpers\create-event-accessor.js:35:32)
    at innerInvokeEventListeners (E:\learn\projects\blog-frontend-vue\node_modules\jsdom\lib\jsdom\living\events\EventTarget-impl.js:350:25)
    at invokeEventListeners (E:\learn\projects\blog-frontend-vue\node_modules\jsdom\lib\jsdom\living\events\EventTarget-impl.js:286:3)
    at XMLHttpRequestImpl._dispatch (E:\learn\projects\blog-frontend-vue\node_modules\jsdom\lib\jsdom\living\events\EventTarget-impl.js:233:9)
    at fireAnEvent (E:\learn\projects\blog-frontend-vue\node_modules\jsdom\lib\jsdom\living\helpers\events.js:18:36)
    at requestErrorSteps (E:\learn\projects\blog-frontend-vue\node_modules\jsdom\lib\jsdom\living\xhr\xhr-utils.js:131:3)
    at Object.dispatchError (E:\learn\projects\blog-frontend-vue\node_modules\jsdom\lib\jsdom\living\xhr\xhr-utils.js:60:3)
    at EventEmitter.<anonymous> (E:\learn\projects\blog-frontend-vue\node_modules\jsdom\lib\jsdom\living\xhr\XMLHttpRequest-impl.js:655:18)
    at Axios.request (file:///E:/learn/projects/blog-frontend-vue/node_modules/axios/lib/core/Axios.js:45:41)
    at processTicksAndRejections (node:internal/process/task_queues:105:5)
    at HttpClient.post (E:\learn\projects\blog-frontend-vue\src\utils\request.ts:289:22)
    at refreshAccessToken (E:\learn\projects\blog-frontend-vue\src\stores\auth.ts:405:24)
    at Proxy.initAuth (E:\learn\projects\blog-frontend-vue\src\stores\auth.ts:519:13)
    at E:\learn\projects\blog-frontend-vue\src\test\properties\auth.property.test.ts:133:11
    at AsyncProperty.run (file:///E:/learn/projects/blog-frontend-vue/node_modules/fast-check/lib/esm/check/property/AsyncProperty.generic.js:46:28)
    at asyncRunIt (file:///E:/learn/projects/blog-frontend-vue/node_modules/fast-check/lib/esm/check/runner/Runner.js:33:21)
    at E:\learn\projects\blog-frontend-vue\src\test\properties\auth.property.test.ts:114:5
    at runTest (file:///E:/learn/projects/blog-frontend-vue/node_modules/@vitest/runner/dist/index.js:781:11) {
  isAxiosError: true,
  code: 'ERR_NETWORK',
  config: {
    transitional: {
      silentJSONParsing: true,
      forcedJSONParsing: true,
      clarifyTimeoutError: false
    },
    adapter: [ 'xhr', 'http', 'fetch' ],
    transformRequest: [ [Function: transformRequest] ],
    transformResponse: [ [Function: transformResponse] ],
    timeout: 10000,
    xsrfCookieName: 'XSRF-TOKEN',
    xsrfHeaderName: 'X-XSRF-TOKEN',
    maxContentLength: -1,
    maxBodyLength: -1,
    env: { FormData: [Function], Blob: [class Blob] },
    validateStatus: [Function: validateStatus],
    headers: Object [AxiosHeaders] {
      Accept: 'application/json',
      'Content-Type': 'application/json',
      'skip-auth': 'true',
      'X-Request-ID': 'req_1770361857199_nqge4oumx',
      'X-Timestamp': '1770361857199'
    },
    baseURL: 'http://localhost:8000/api/v1',
    method: 'post',
    url: '/auth/refresh',
    data: '{"refreshToken":"v#x#&n!!& #xq$#6{^\\"$~x&"}',
    allowAbsoluteUrls: true
  },
  request: XMLHttpRequest {},
  event: ProgressEvent { isTrusted: [Getter] }
}
Auto refresh token failed: AxiosError: Network Error
    at XMLHttpRequest.handleError (file:///E:/learn/projects/blog-frontend-vue/node_modules/axios/lib/adapters/xhr.js:112:20)
    at XMLHttpRequest.invokeTheCallbackFunction (E:\learn\projects\blog-frontend-vue\node_modules\jsdom\lib\jsdom\living\generated\EventHandlerNonNull.js:14:28)
    at XMLHttpRequest.<anonymous> (E:\learn\projects\blog-frontend-vue\node_modules\jsdom\lib\jsdom\living\helpers\create-event-accessor.js:35:32)
    at innerInvokeEventListeners (E:\learn\projects\blog-frontend-vue\node_modules\jsdom\lib\jsdom\living\events\EventTarget-impl.js:350:25)
    at invokeEventListeners (E:\learn\projects\blog-frontend-vue\node_modules\jsdom\lib\jsdom\living\events\EventTarget-impl.js:286:3)
    at XMLHttpRequestImpl._dispatch (E:\learn\projects\blog-frontend-vue\node_modules\jsdom\lib\jsdom\living\events\EventTarget-impl.js:233:9)
    at fireAnEvent (E:\learn\projects\blog-frontend-vue\node_modules\jsdom\lib\jsdom\living\helpers\events.js:18:36)
    at requestErrorSteps (E:\learn\projects\blog-frontend-vue\node_modules\jsdom\lib\jsdom\living\xhr\xhr-utils.js:131:3)
    at Object.dispatchError (E:\learn\projects\blog-frontend-vue\node_modules\jsdom\lib\jsdom\living\xhr\xhr-utils.js:60:3)
    at EventEmitter.<anonymous> (E:\learn\projects\blog-frontend-vue\node_modules\jsdom\lib\jsdom\living\xhr\XMLHttpRequest-impl.js:655:18)
    at Axios.request (file:///E:/learn/projects/blog-frontend-vue/node_modules/axios/lib/core/Axios.js:45:41)
    at processTicksAndRejections (node:internal/process/task_queues:105:5)
    at HttpClient.post (E:\learn\projects\blog-frontend-vue\src\utils\request.ts:289:22)
    at refreshAccessToken (E:\learn\projects\blog-frontend-vue\src\stores\auth.ts:405:24)
    at Proxy.initAuth (E:\learn\projects\blog-frontend-vue\src\stores\auth.ts:519:13)
    at E:\learn\projects\blog-frontend-vue\src\test\properties\auth.property.test.ts:133:11
    at AsyncProperty.run (file:///E:/learn/projects/blog-frontend-vue/node_modules/fast-check/lib/esm/check/property/AsyncProperty.generic.js:46:28)
    at asyncRunIt (file:///E:/learn/projects/blog-frontend-vue/node_modules/fast-check/lib/esm/check/runner/Runner.js:33:21)
    at E:\learn\projects\blog-frontend-vue\src\test\properties\auth.property.test.ts:114:5
    at runTest (file:///E:/learn/projects/blog-frontend-vue/node_modules/@vitest/runner/dist/index.js:781:11) {
  isAxiosError: true,
  code: 'ERR_NETWORK',
  config: {
    transitional: {
      silentJSONParsing: true,
      forcedJSONParsing: true,
      clarifyTimeoutError: false
    },
    adapter: [ 'xhr', 'http', 'fetch' ],
    transformRequest: [ [Function: transformRequest] ],
    transformResponse: [ [Function: transformResponse] ],
    timeout: 10000,
    xsrfCookieName: 'XSRF-TOKEN',
    xsrfHeaderName: 'X-XSRF-TOKEN',
    maxContentLength: -1,
    maxBodyLength: -1,
    env: { FormData: [Function], Blob: [class Blob] },
    validateStatus: [Function: validateStatus],
    headers: Object [AxiosHeaders] {
      Accept: 'application/json',
      'Content-Type': 'application/json',
      'skip-auth': 'true',
      'X-Request-ID': 'req_1770361857199_nqge4oumx',
      'X-Timestamp': '1770361857199'
    },
    baseURL: 'http://localhost:8000/api/v1',
    method: 'post',
    url: '/auth/refresh',
    data: '{"refreshToken":"v#x#&n!!& #xq$#6{^\\"$~x&"}',
    allowAbsoluteUrls: true
  },
  request: XMLHttpRequest {},
  event: ProgressEvent { isTrusted: [Getter] }
}

[90mstdout[2m | src/test/properties/auth.property.test.ts[2m > [22m[2m璁よ瘉灞炴€ф祴璇?[2m > [22m[2mProperty 1.1: Token Expiration Consistency[22m[39m
[HTTP Request] POST /auth/refresh {
  headers: Object [AxiosHeaders] {
    Accept: [32m'application/json'[39m,
    [32m'Content-Type'[39m: [32m'application/json'[39m,
    [32m'skip-auth'[39m: [32m'true'[39m,
    [32m'X-Request-ID'[39m: [32m'req_1770361857222_ttestq5xh'[39m,
    [32m'X-Timestamp'[39m: [32m'1770361857222'[39m
  },
  data: { refreshToken: [32m"$E=Xm<_k>- '(L OH\\>O..~n+b9A=7!kdEWv%p"[39m },
  params: [90mundefined[39m
}

stderr | src/test/properties/auth.property.test.ts > 璁よ瘉灞炴€ф祴璇?[2m > Property 1.1: Token Expiration Consistency
Error: AggregateError
    at Object.dispatchError (E:\learn\projects\blog-frontend-vue\node_modules\jsdom\lib\jsdom\living\xhr\xhr-utils.js:63:19)
    at EventEmitter.<anonymous> (E:\learn\projects\blog-frontend-vue\node_modules\jsdom\lib\jsdom\living\xhr\XMLHttpRequest-impl.js:655:18)
    at EventEmitter.emit (node:events:520:35)
    at Request.<anonymous> (E:\learn\projects\blog-frontend-vue\node_modules\jsdom\lib\jsdom\living\xhr\xhr-utils.js:404:14)
    at Request.emit (node:events:508:28)
    at ClientRequest.<anonymous> (E:\learn\projects\blog-frontend-vue\node_modules\jsdom\lib\jsdom\living\helpers\http-request.js:127:14)
    at ClientRequest.emit (node:events:508:28)
    at emitErrorEvent (node:_http_client:107:11)
    at Socket.socketErrorListener (node:_http_client:574:5)
    at Socket.emit (node:events:508:28) undefined
[HTTP Response Error] {
  url: '/auth/refresh',
  status: undefined,
  data: undefined,
  message: 'Network Error'
}
Token refresh failed: AxiosError: Network Error
    at XMLHttpRequest.handleError (file:///E:/learn/projects/blog-frontend-vue/node_modules/axios/lib/adapters/xhr.js:112:20)
    at XMLHttpRequest.invokeTheCallbackFunction (E:\learn\projects\blog-frontend-vue\node_modules\jsdom\lib\jsdom\living\generated\EventHandlerNonNull.js:14:28)
    at XMLHttpRequest.<anonymous> (E:\learn\projects\blog-frontend-vue\node_modules\jsdom\lib\jsdom\living\helpers\create-event-accessor.js:35:32)
    at innerInvokeEventListeners (E:\learn\projects\blog-frontend-vue\node_modules\jsdom\lib\jsdom\living\events\EventTarget-impl.js:350:25)
    at invokeEventListeners (E:\learn\projects\blog-frontend-vue\node_modules\jsdom\lib\jsdom\living\events\EventTarget-impl.js:286:3)
    at XMLHttpRequestImpl._dispatch (E:\learn\projects\blog-frontend-vue\node_modules\jsdom\lib\jsdom\living\events\EventTarget-impl.js:233:9)
    at fireAnEvent (E:\learn\projects\blog-frontend-vue\node_modules\jsdom\lib\jsdom\living\helpers\events.js:18:36)
    at requestErrorSteps (E:\learn\projects\blog-frontend-vue\node_modules\jsdom\lib\jsdom\living\xhr\xhr-utils.js:131:3)
    at Object.dispatchError (E:\learn\projects\blog-frontend-vue\node_modules\jsdom\lib\jsdom\living\xhr\xhr-utils.js:60:3)
    at EventEmitter.<anonymous> (E:\learn\projects\blog-frontend-vue\node_modules\jsdom\lib\jsdom\living\xhr\XMLHttpRequest-impl.js:655:18)
    at Axios.request (file:///E:/learn/projects/blog-frontend-vue/node_modules/axios/lib/core/Axios.js:45:41)
    at processTicksAndRejections (node:internal/process/task_queues:105:5)
    at HttpClient.post (E:\learn\projects\blog-frontend-vue\src\utils\request.ts:289:22)
    at refreshAccessToken (E:\learn\projects\blog-frontend-vue\src\stores\auth.ts:405:24)
    at Proxy.initAuth (E:\learn\projects\blog-frontend-vue\src\stores\auth.ts:519:13)
    at E:\learn\projects\blog-frontend-vue\src\test\properties\auth.property.test.ts:133:11
    at AsyncProperty.run (file:///E:/learn/projects/blog-frontend-vue/node_modules/fast-check/lib/esm/check/property/AsyncProperty.generic.js:46:28)
    at asyncRunIt (file:///E:/learn/projects/blog-frontend-vue/node_modules/fast-check/lib/esm/check/runner/Runner.js:33:21)
    at E:\learn\projects\blog-frontend-vue\src\test\properties\auth.property.test.ts:114:5
    at runTest (file:///E:/learn/projects/blog-frontend-vue/node_modules/@vitest/runner/dist/index.js:781:11) {
  isAxiosError: true,
  code: 'ERR_NETWORK',
  config: {
    transitional: {
      silentJSONParsing: true,
      forcedJSONParsing: true,
      clarifyTimeoutError: false
    },
    adapter: [ 'xhr', 'http', 'fetch' ],
    transformRequest: [ [Function: transformRequest] ],
    transformResponse: [ [Function: transformResponse] ],
    timeout: 10000,
    xsrfCookieName: 'XSRF-TOKEN',
    xsrfHeaderName: 'X-XSRF-TOKEN',
    maxContentLength: -1,
    maxBodyLength: -1,
    env: { FormData: [Function], Blob: [class Blob] },
    validateStatus: [Function: validateStatus],
    headers: Object [AxiosHeaders] {
      Accept: 'application/json',
      'Content-Type': 'application/json',
      'skip-auth': 'true',
      'X-Request-ID': 'req_1770361857222_ttestq5xh',
      'X-Timestamp': '1770361857222'
    },
    baseURL: 'http://localhost:8000/api/v1',
    method: 'post',
    url: '/auth/refresh',
    data: `{"refreshToken":"$E=Xm<_k>- '(L OH\\\\>O..~n+b9A=7!kdEWv%p"}`,
    allowAbsoluteUrls: true
  },
  request: XMLHttpRequest {},
  event: ProgressEvent { isTrusted: [Getter] }
}
Auto refresh token failed: AxiosError: Network Error
    at XMLHttpRequest.handleError (file:///E:/learn/projects/blog-frontend-vue/node_modules/axios/lib/adapters/xhr.js:112:20)
    at XMLHttpRequest.invokeTheCallbackFunction (E:\learn\projects\blog-frontend-vue\node_modules\jsdom\lib\jsdom\living\generated\EventHandlerNonNull.js:14:28)
    at XMLHttpRequest.<anonymous> (E:\learn\projects\blog-frontend-vue\node_modules\jsdom\lib\jsdom\living\helpers\create-event-accessor.js:35:32)
    at innerInvokeEventListeners (E:\learn\projects\blog-frontend-vue\node_modules\jsdom\lib\jsdom\living\events\EventTarget-impl.js:350:25)
    at invokeEventListeners (E:\learn\projects\blog-frontend-vue\node_modules\jsdom\lib\jsdom\living\events\EventTarget-impl.js:286:3)
    at XMLHttpRequestImpl._dispatch (E:\learn\projects\blog-frontend-vue\node_modules\jsdom\lib\jsdom\living\events\EventTarget-impl.js:233:9)
    at fireAnEvent (E:\learn\projects\blog-frontend-vue\node_modules\jsdom\lib\jsdom\living\helpers\events.js:18:36)
    at requestErrorSteps (E:\learn\projects\blog-frontend-vue\node_modules\jsdom\lib\jsdom\living\xhr\xhr-utils.js:131:3)
    at Object.dispatchError (E:\learn\projects\blog-frontend-vue\node_modules\jsdom\lib\jsdom\living\xhr\xhr-utils.js:60:3)
    at EventEmitter.<anonymous> (E:\learn\projects\blog-frontend-vue\node_modules\jsdom\lib\jsdom\living\xhr\XMLHttpRequest-impl.js:655:18)
    at Axios.request (file:///E:/learn/projects/blog-frontend-vue/node_modules/axios/lib/core/Axios.js:45:41)
    at processTicksAndRejections (node:internal/process/task_queues:105:5)
    at HttpClient.post (E:\learn\projects\blog-frontend-vue\src\utils\request.ts:289:22)
    at refreshAccessToken (E:\learn\projects\blog-frontend-vue\src\stores\auth.ts:405:24)
    at Proxy.initAuth (E:\learn\projects\blog-frontend-vue\src\stores\auth.ts:519:13)
    at E:\learn\projects\blog-frontend-vue\src\test\properties\auth.property.test.ts:133:11
    at AsyncProperty.run (file:///E:/learn/projects/blog-frontend-vue/node_modules/fast-check/lib/esm/check/property/AsyncProperty.generic.js:46:28)
    at asyncRunIt (file:///E:/learn/projects/blog-frontend-vue/node_modules/fast-check/lib/esm/check/runner/Runner.js:33:21)
    at E:\learn\projects\blog-frontend-vue\src\test\properties\auth.property.test.ts:114:5
    at runTest (file:///E:/learn/projects/blog-frontend-vue/node_modules/@vitest/runner/dist/index.js:781:11) {
  isAxiosError: true,
  code: 'ERR_NETWORK',
  config: {
    transitional: {
      silentJSONParsing: true,
      forcedJSONParsing: true,
      clarifyTimeoutError: false
    },
    adapter: [ 'xhr', 'http', 'fetch' ],
    transformRequest: [ [Function: transformRequest] ],
    transformResponse: [ [Function: transformResponse] ],
    timeout: 10000,
    xsrfCookieName: 'XSRF-TOKEN',
    xsrfHeaderName: 'X-XSRF-TOKEN',
    maxContentLength: -1,
    maxBodyLength: -1,
    env: { FormData: [Function], Blob: [class Blob] },
    validateStatus: [Function: validateStatus],
    headers: Object [AxiosHeaders] {
      Accept: 'application/json',
      'Content-Type': 'application/json',
      'skip-auth': 'true',
      'X-Request-ID': 'req_1770361857222_ttestq5xh',
      'X-Timestamp': '1770361857222'
    },
    baseURL: 'http://localhost:8000/api/v1',
    method: 'post',
    url: '/auth/refresh',
    data: `{"refreshToken":"$E=Xm<_k>- '(L OH\\\\>O..~n+b9A=7!kdEWv%p"}`,
    allowAbsoluteUrls: true
  },
  request: XMLHttpRequest {},
  event: ProgressEvent { isTrusted: [Getter] }
}

[90mstdout[2m | src/test/properties/auth.property.test.ts[2m > [22m[2m璁よ瘉灞炴€ф祴璇?[2m > [22m[2mProperty 1.1: Token Expiration Consistency[22m[39m
[HTTP Request] POST /auth/refresh {
  headers: Object [AxiosHeaders] {
    Accept: [32m'application/json'[39m,
    [32m'Content-Type'[39m: [32m'application/json'[39m,
    [32m'skip-auth'[39m: [32m'true'[39m,
    [32m'X-Request-ID'[39m: [32m'req_1770361857231_2zbfcnr98'[39m,
    [32m'X-Timestamp'[39m: [32m'1770361857231'[39m
  },
  data: { refreshToken: [32m'Wd~>YL3k7 4mjDnbS`9Tp[bxT/:A`g4N=n<*;p8$1kztvZE'[39m },
  params: [90mundefined[39m
}

stderr | src/test/properties/auth.property.test.ts > 璁よ瘉灞炴€ф祴璇?[2m > Property 1.1: Token Expiration Consistency
Error: AggregateError
    at Object.dispatchError (E:\learn\projects\blog-frontend-vue\node_modules\jsdom\lib\jsdom\living\xhr\xhr-utils.js:63:19)
    at EventEmitter.<anonymous> (E:\learn\projects\blog-frontend-vue\node_modules\jsdom\lib\jsdom\living\xhr\XMLHttpRequest-impl.js:655:18)
    at EventEmitter.emit (node:events:520:35)
    at Request.<anonymous> (E:\learn\projects\blog-frontend-vue\node_modules\jsdom\lib\jsdom\living\xhr\xhr-utils.js:404:14)
    at Request.emit (node:events:508:28)
    at ClientRequest.<anonymous> (E:\learn\projects\blog-frontend-vue\node_modules\jsdom\lib\jsdom\living\helpers\http-request.js:127:14)
    at ClientRequest.emit (node:events:508:28)
    at emitErrorEvent (node:_http_client:107:11)
    at Socket.socketErrorListener (node:_http_client:574:5)
    at Socket.emit (node:events:508:28) undefined
[HTTP Response Error] {
  url: '/auth/refresh',
  status: undefined,
  data: undefined,
  message: 'Network Error'
}
Token refresh failed: AxiosError: Network Error
    at XMLHttpRequest.handleError (file:///E:/learn/projects/blog-frontend-vue/node_modules/axios/lib/adapters/xhr.js:112:20)
    at XMLHttpRequest.invokeTheCallbackFunction (E:\learn\projects\blog-frontend-vue\node_modules\jsdom\lib\jsdom\living\generated\EventHandlerNonNull.js:14:28)
    at XMLHttpRequest.<anonymous> (E:\learn\projects\blog-frontend-vue\node_modules\jsdom\lib\jsdom\living\helpers\create-event-accessor.js:35:32)
    at innerInvokeEventListeners (E:\learn\projects\blog-frontend-vue\node_modules\jsdom\lib\jsdom\living\events\EventTarget-impl.js:350:25)
    at invokeEventListeners (E:\learn\projects\blog-frontend-vue\node_modules\jsdom\lib\jsdom\living\events\EventTarget-impl.js:286:3)
    at XMLHttpRequestImpl._dispatch (E:\learn\projects\blog-frontend-vue\node_modules\jsdom\lib\jsdom\living\events\EventTarget-impl.js:233:9)
    at fireAnEvent (E:\learn\projects\blog-frontend-vue\node_modules\jsdom\lib\jsdom\living\helpers\events.js:18:36)
    at requestErrorSteps (E:\learn\projects\blog-frontend-vue\node_modules\jsdom\lib\jsdom\living\xhr\xhr-utils.js:131:3)
    at Object.dispatchError (E:\learn\projects\blog-frontend-vue\node_modules\jsdom\lib\jsdom\living\xhr\xhr-utils.js:60:3)
    at EventEmitter.<anonymous> (E:\learn\projects\blog-frontend-vue\node_modules\jsdom\lib\jsdom\living\xhr\XMLHttpRequest-impl.js:655:18)
    at Axios.request (file:///E:/learn/projects/blog-frontend-vue/node_modules/axios/lib/core/Axios.js:45:41)
    at processTicksAndRejections (node:internal/process/task_queues:105:5)
    at HttpClient.post (E:\learn\projects\blog-frontend-vue\src\utils\request.ts:289:22)
    at refreshAccessToken (E:\learn\projects\blog-frontend-vue\src\stores\auth.ts:405:24)
    at Proxy.initAuth (E:\learn\projects\blog-frontend-vue\src\stores\auth.ts:519:13)
    at E:\learn\projects\blog-frontend-vue\src\test\properties\auth.property.test.ts:133:11
    at AsyncProperty.run (file:///E:/learn/projects/blog-frontend-vue/node_modules/fast-check/lib/esm/check/property/AsyncProperty.generic.js:46:28)
    at asyncRunIt (file:///E:/learn/projects/blog-frontend-vue/node_modules/fast-check/lib/esm/check/runner/Runner.js:33:21)
    at E:\learn\projects\blog-frontend-vue\src\test\properties\auth.property.test.ts:114:5
    at runTest (file:///E:/learn/projects/blog-frontend-vue/node_modules/@vitest/runner/dist/index.js:781:11) {
  isAxiosError: true,
  code: 'ERR_NETWORK',
  config: {
    transitional: {
      silentJSONParsing: true,
      forcedJSONParsing: true,
      clarifyTimeoutError: false
    },
    adapter: [ 'xhr', 'http', 'fetch' ],
    transformRequest: [ [Function: transformRequest] ],
    transformResponse: [ [Function: transformResponse] ],
    timeout: 10000,
    xsrfCookieName: 'XSRF-TOKEN',
    xsrfHeaderName: 'X-XSRF-TOKEN',
    maxContentLength: -1,
    maxBodyLength: -1,
    env: { FormData: [Function], Blob: [class Blob] },
    validateStatus: [Function: validateStatus],
    headers: Object [AxiosHeaders] {
      Accept: 'application/json',
      'Content-Type': 'application/json',
      'skip-auth': 'true',
      'X-Request-ID': 'req_1770361857231_2zbfcnr98',
      'X-Timestamp': '1770361857231'
    },
    baseURL: 'http://localhost:8000/api/v1',
    method: 'post',
    url: '/auth/refresh',
    data: '{"refreshToken":"Wd~>YL3k7 4mjDnbS`9Tp[bxT/:A`g4N=n<*;p8$1kztvZE"}',
    allowAbsoluteUrls: true
  },
  request: XMLHttpRequest {},
  event: ProgressEvent { isTrusted: [Getter] }
}
Auto refresh token failed: AxiosError: Network Error
    at XMLHttpRequest.handleError (file:///E:/learn/projects/blog-frontend-vue/node_modules/axios/lib/adapters/xhr.js:112:20)
    at XMLHttpRequest.invokeTheCallbackFunction (E:\learn\projects\blog-frontend-vue\node_modules\jsdom\lib\jsdom\living\generated\EventHandlerNonNull.js:14:28)
    at XMLHttpRequest.<anonymous> (E:\learn\projects\blog-frontend-vue\node_modules\jsdom\lib\jsdom\living\helpers\create-event-accessor.js:35:32)
    at innerInvokeEventListeners (E:\learn\projects\blog-frontend-vue\node_modules\jsdom\lib\jsdom\living\events\EventTarget-impl.js:350:25)
    at invokeEventListeners (E:\learn\projects\blog-frontend-vue\node_modules\jsdom\lib\jsdom\living\events\EventTarget-impl.js:286:3)
    at XMLHttpRequestImpl._dispatch (E:\learn\projects\blog-frontend-vue\node_modules\jsdom\lib\jsdom\living\events\EventTarget-impl.js:233:9)
    at fireAnEvent (E:\learn\projects\blog-frontend-vue\node_modules\jsdom\lib\jsdom\living\helpers\events.js:18:36)
    at requestErrorSteps (E:\learn\projects\blog-frontend-vue\node_modules\jsdom\lib\jsdom\living\xhr\xhr-utils.js:131:3)
    at Object.dispatchError (E:\learn\projects\blog-frontend-vue\node_modules\jsdom\lib\jsdom\living\xhr\xhr-utils.js:60:3)
    at EventEmitter.<anonymous> (E:\learn\projects\blog-frontend-vue\node_modules\jsdom\lib\jsdom\living\xhr\XMLHttpRequest-impl.js:655:18)
    at Axios.request (file:///E:/learn/projects/blog-frontend-vue/node_modules/axios/lib/core/Axios.js:45:41)
    at processTicksAndRejections (node:internal/process/task_queues:105:5)
    at HttpClient.post (E:\learn\projects\blog-frontend-vue\src\utils\request.ts:289:22)
    at refreshAccessToken (E:\learn\projects\blog-frontend-vue\src\stores\auth.ts:405:24)
    at Proxy.initAuth (E:\learn\projects\blog-frontend-vue\src\stores\auth.ts:519:13)
    at E:\learn\projects\blog-frontend-vue\src\test\properties\auth.property.test.ts:133:11
    at AsyncProperty.run (file:///E:/learn/projects/blog-frontend-vue/node_modules/fast-check/lib/esm/check/property/AsyncProperty.generic.js:46:28)
    at asyncRunIt (file:///E:/learn/projects/blog-frontend-vue/node_modules/fast-check/lib/esm/check/runner/Runner.js:33:21)
    at E:\learn\projects\blog-frontend-vue\src\test\properties\auth.property.test.ts:114:5
    at runTest (file:///E:/learn/projects/blog-frontend-vue/node_modules/@vitest/runner/dist/index.js:781:11) {
  isAxiosError: true,
  code: 'ERR_NETWORK',
  config: {
    transitional: {
      silentJSONParsing: true,
      forcedJSONParsing: true,
      clarifyTimeoutError: false
    },
    adapter: [ 'xhr', 'http', 'fetch' ],
    transformRequest: [ [Function: transformRequest] ],
    transformResponse: [ [Function: transformResponse] ],
    timeout: 10000,
    xsrfCookieName: 'XSRF-TOKEN',
    xsrfHeaderName: 'X-XSRF-TOKEN',
    maxContentLength: -1,
    maxBodyLength: -1,
    env: { FormData: [Function], Blob: [class Blob] },
    validateStatus: [Function: validateStatus],
    headers: Object [AxiosHeaders] {
      Accept: 'application/json',
      'Content-Type': 'application/json',
      'skip-auth': 'true',
      'X-Request-ID': 'req_1770361857231_2zbfcnr98',
      'X-Timestamp': '1770361857231'
    },
    baseURL: 'http://localhost:8000/api/v1',
    method: 'post',
    url: '/auth/refresh',
    data: '{"refreshToken":"Wd~>YL3k7 4mjDnbS`9Tp[bxT/:A`g4N=n<*;p8$1kztvZE"}',
    allowAbsoluteUrls: true
  },
  request: XMLHttpRequest {},
  event: ProgressEvent { isTrusted: [Getter] }
}

[90mstdout[2m | src/test/properties/auth.property.test.ts[2m > [22m[2m璁よ瘉灞炴€ф祴璇?[2m > [22m[2mProperty 1.1: Token Expiration Consistency[22m[39m
[HTTP Request] POST /auth/refresh {
  headers: Object [AxiosHeaders] {
    Accept: [32m'application/json'[39m,
    [32m'Content-Type'[39m: [32m'application/json'[39m,
    [32m'skip-auth'[39m: [32m'true'[39m,
    [32m'X-Request-ID'[39m: [32m'req_1770361857254_u7eawc335'[39m,
    [32m'X-Timestamp'[39m: [32m'1770361857254'[39m
  },
  data: { refreshToken: [32m'pfMsV*zZrq&`N@8 i&~d>n/lo/f'[39m },
  params: [90mundefined[39m
}

stderr | src/test/properties/auth.property.test.ts > 璁よ瘉灞炴€ф祴璇?[2m > Property 1.1: Token Expiration Consistency
Error: AggregateError
    at Object.dispatchError (E:\learn\projects\blog-frontend-vue\node_modules\jsdom\lib\jsdom\living\xhr\xhr-utils.js:63:19)
    at EventEmitter.<anonymous> (E:\learn\projects\blog-frontend-vue\node_modules\jsdom\lib\jsdom\living\xhr\XMLHttpRequest-impl.js:655:18)
    at EventEmitter.emit (node:events:520:35)
    at Request.<anonymous> (E:\learn\projects\blog-frontend-vue\node_modules\jsdom\lib\jsdom\living\xhr\xhr-utils.js:404:14)
    at Request.emit (node:events:508:28)
    at ClientRequest.<anonymous> (E:\learn\projects\blog-frontend-vue\node_modules\jsdom\lib\jsdom\living\helpers\http-request.js:127:14)
    at ClientRequest.emit (node:events:508:28)
    at emitErrorEvent (node:_http_client:107:11)
    at Socket.socketErrorListener (node:_http_client:574:5)
    at Socket.emit (node:events:508:28) undefined
[HTTP Response Error] {
  url: '/auth/refresh',
  status: undefined,
  data: undefined,
  message: 'Network Error'
}
Token refresh failed: AxiosError: Network Error
    at XMLHttpRequest.handleError (file:///E:/learn/projects/blog-frontend-vue/node_modules/axios/lib/adapters/xhr.js:112:20)
    at XMLHttpRequest.invokeTheCallbackFunction (E:\learn\projects\blog-frontend-vue\node_modules\jsdom\lib\jsdom\living\generated\EventHandlerNonNull.js:14:28)
    at XMLHttpRequest.<anonymous> (E:\learn\projects\blog-frontend-vue\node_modules\jsdom\lib\jsdom\living\helpers\create-event-accessor.js:35:32)
    at innerInvokeEventListeners (E:\learn\projects\blog-frontend-vue\node_modules\jsdom\lib\jsdom\living\events\EventTarget-impl.js:350:25)
    at invokeEventListeners (E:\learn\projects\blog-frontend-vue\node_modules\jsdom\lib\jsdom\living\events\EventTarget-impl.js:286:3)
    at XMLHttpRequestImpl._dispatch (E:\learn\projects\blog-frontend-vue\node_modules\jsdom\lib\jsdom\living\events\EventTarget-impl.js:233:9)
    at fireAnEvent (E:\learn\projects\blog-frontend-vue\node_modules\jsdom\lib\jsdom\living\helpers\events.js:18:36)
    at requestErrorSteps (E:\learn\projects\blog-frontend-vue\node_modules\jsdom\lib\jsdom\living\xhr\xhr-utils.js:131:3)
    at Object.dispatchError (E:\learn\projects\blog-frontend-vue\node_modules\jsdom\lib\jsdom\living\xhr\xhr-utils.js:60:3)
    at EventEmitter.<anonymous> (E:\learn\projects\blog-frontend-vue\node_modules\jsdom\lib\jsdom\living\xhr\XMLHttpRequest-impl.js:655:18)
    at Axios.request (file:///E:/learn/projects/blog-frontend-vue/node_modules/axios/lib/core/Axios.js:45:41)
    at processTicksAndRejections (node:internal/process/task_queues:105:5)
    at HttpClient.post (E:\learn\projects\blog-frontend-vue\src\utils\request.ts:289:22)
    at refreshAccessToken (E:\learn\projects\blog-frontend-vue\src\stores\auth.ts:405:24)
    at Proxy.initAuth (E:\learn\projects\blog-frontend-vue\src\stores\auth.ts:519:13)
    at E:\learn\projects\blog-frontend-vue\src\test\properties\auth.property.test.ts:133:11
    at AsyncProperty.run (file:///E:/learn/projects/blog-frontend-vue/node_modules/fast-check/lib/esm/check/property/AsyncProperty.generic.js:46:28)
    at asyncRunIt (file:///E:/learn/projects/blog-frontend-vue/node_modules/fast-check/lib/esm/check/runner/Runner.js:33:21)
    at E:\learn\projects\blog-frontend-vue\src\test\properties\auth.property.test.ts:114:5
    at runTest (file:///E:/learn/projects/blog-frontend-vue/node_modules/@vitest/runner/dist/index.js:781:11) {
  isAxiosError: true,
  code: 'ERR_NETWORK',
  config: {
    transitional: {
      silentJSONParsing: true,
      forcedJSONParsing: true,
      clarifyTimeoutError: false
    },
    adapter: [ 'xhr', 'http', 'fetch' ],
    transformRequest: [ [Function: transformRequest] ],
    transformResponse: [ [Function: transformResponse] ],
    timeout: 10000,
    xsrfCookieName: 'XSRF-TOKEN',
    xsrfHeaderName: 'X-XSRF-TOKEN',
    maxContentLength: -1,
    maxBodyLength: -1,
    env: { FormData: [Function], Blob: [class Blob] },
    validateStatus: [Function: validateStatus],
    headers: Object [AxiosHeaders] {
      Accept: 'application/json',
      'Content-Type': 'application/json',
      'skip-auth': 'true',
      'X-Request-ID': 'req_1770361857254_u7eawc335',
      'X-Timestamp': '1770361857254'
    },
    baseURL: 'http://localhost:8000/api/v1',
    method: 'post',
    url: '/auth/refresh',
    data: '{"refreshToken":"pfMsV*zZrq&`N@8 i&~d>n/lo/f"}',
    allowAbsoluteUrls: true
  },
  request: XMLHttpRequest {},
  event: ProgressEvent { isTrusted: [Getter] }
}
Auto refresh token failed: AxiosError: Network Error
    at XMLHttpRequest.handleError (file:///E:/learn/projects/blog-frontend-vue/node_modules/axios/lib/adapters/xhr.js:112:20)
    at XMLHttpRequest.invokeTheCallbackFunction (E:\learn\projects\blog-frontend-vue\node_modules\jsdom\lib\jsdom\living\generated\EventHandlerNonNull.js:14:28)
    at XMLHttpRequest.<anonymous> (E:\learn\projects\blog-frontend-vue\node_modules\jsdom\lib\jsdom\living\helpers\create-event-accessor.js:35:32)
    at innerInvokeEventListeners (E:\learn\projects\blog-frontend-vue\node_modules\jsdom\lib\jsdom\living\events\EventTarget-impl.js:350:25)
    at invokeEventListeners (E:\learn\projects\blog-frontend-vue\node_modules\jsdom\lib\jsdom\living\events\EventTarget-impl.js:286:3)
    at XMLHttpRequestImpl._dispatch (E:\learn\projects\blog-frontend-vue\node_modules\jsdom\lib\jsdom\living\events\EventTarget-impl.js:233:9)
    at fireAnEvent (E:\learn\projects\blog-frontend-vue\node_modules\jsdom\lib\jsdom\living\helpers\events.js:18:36)
    at requestErrorSteps (E:\learn\projects\blog-frontend-vue\node_modules\jsdom\lib\jsdom\living\xhr\xhr-utils.js:131:3)
    at Object.dispatchError (E:\learn\projects\blog-frontend-vue\node_modules\jsdom\lib\jsdom\living\xhr\xhr-utils.js:60:3)
    at EventEmitter.<anonymous> (E:\learn\projects\blog-frontend-vue\node_modules\jsdom\lib\jsdom\living\xhr\XMLHttpRequest-impl.js:655:18)
    at Axios.request (file:///E:/learn/projects/blog-frontend-vue/node_modules/axios/lib/core/Axios.js:45:41)
    at processTicksAndRejections (node:internal/process/task_queues:105:5)
    at HttpClient.post (E:\learn\projects\blog-frontend-vue\src\utils\request.ts:289:22)
    at refreshAccessToken (E:\learn\projects\blog-frontend-vue\src\stores\auth.ts:405:24)
    at Proxy.initAuth (E:\learn\projects\blog-frontend-vue\src\stores\auth.ts:519:13)
    at E:\learn\projects\blog-frontend-vue\src\test\properties\auth.property.test.ts:133:11
    at AsyncProperty.run (file:///E:/learn/projects/blog-frontend-vue/node_modules/fast-check/lib/esm/check/property/AsyncProperty.generic.js:46:28)
    at asyncRunIt (file:///E:/learn/projects/blog-frontend-vue/node_modules/fast-check/lib/esm/check/runner/Runner.js:33:21)
    at E:\learn\projects\blog-frontend-vue\src\test\properties\auth.property.test.ts:114:5
    at runTest (file:///E:/learn/projects/blog-frontend-vue/node_modules/@vitest/runner/dist/index.js:781:11) {
  isAxiosError: true,
  code: 'ERR_NETWORK',
  config: {
    transitional: {
      silentJSONParsing: true,
      forcedJSONParsing: true,
      clarifyTimeoutError: false
    },
    adapter: [ 'xhr', 'http', 'fetch' ],
    transformRequest: [ [Function: transformRequest] ],
    transformResponse: [ [Function: transformResponse] ],
    timeout: 10000,
    xsrfCookieName: 'XSRF-TOKEN',
    xsrfHeaderName: 'X-XSRF-TOKEN',
    maxContentLength: -1,
    maxBodyLength: -1,
    env: { FormData: [Function], Blob: [class Blob] },
    validateStatus: [Function: validateStatus],
    headers: Object [AxiosHeaders] {
      Accept: 'application/json',
      'Content-Type': 'application/json',
      'skip-auth': 'true',
      'X-Request-ID': 'req_1770361857254_u7eawc335',
      'X-Timestamp': '1770361857254'
    },
    baseURL: 'http://localhost:8000/api/v1',
    method: 'post',
    url: '/auth/refresh',
    data: '{"refreshToken":"pfMsV*zZrq&`N@8 i&~d>n/lo/f"}',
    allowAbsoluteUrls: true
  },
  request: XMLHttpRequest {},
  event: ProgressEvent { isTrusted: [Getter] }
}

[90mstdout[2m | src/test/properties/auth.property.test.ts[2m > [22m[2m璁よ瘉灞炴€ф祴璇?[2m > [22m[2mProperty 1.1: Token Expiration Consistency[22m[39m
[HTTP Request] POST /auth/refresh {
  headers: Object [AxiosHeaders] {
    Accept: [32m'application/json'[39m,
    [32m'Content-Type'[39m: [32m'application/json'[39m,
    [32m'skip-auth'[39m: [32m'true'[39m,
    [32m'X-Request-ID'[39m: [32m'req_1770361857295_dfb7sj3jq'[39m,
    [32m'X-Timestamp'[39m: [32m'1770361857295'[39m
  },
  data: { refreshToken: [32m"c){!{}'hKy ybb!uE$##J&JF$!)&[&"[39m },
  params: [90mundefined[39m
}

stderr | src/test/properties/auth.property.test.ts > 璁よ瘉灞炴€ф祴璇?[2m > Property 1.1: Token Expiration Consistency
Error: AggregateError
    at Object.dispatchError (E:\learn\projects\blog-frontend-vue\node_modules\jsdom\lib\jsdom\living\xhr\xhr-utils.js:63:19)
    at EventEmitter.<anonymous> (E:\learn\projects\blog-frontend-vue\node_modules\jsdom\lib\jsdom\living\xhr\XMLHttpRequest-impl.js:655:18)
    at EventEmitter.emit (node:events:520:35)
    at Request.<anonymous> (E:\learn\projects\blog-frontend-vue\node_modules\jsdom\lib\jsdom\living\xhr\xhr-utils.js:404:14)
    at Request.emit (node:events:508:28)
    at ClientRequest.<anonymous> (E:\learn\projects\blog-frontend-vue\node_modules\jsdom\lib\jsdom\living\helpers\http-request.js:127:14)
    at ClientRequest.emit (node:events:508:28)
    at emitErrorEvent (node:_http_client:107:11)
    at Socket.socketErrorListener (node:_http_client:574:5)
    at Socket.emit (node:events:508:28) undefined
[HTTP Response Error] {
  url: '/auth/refresh',
  status: undefined,
  data: undefined,
  message: 'Network Error'
}
Token refresh failed: AxiosError: Network Error
    at XMLHttpRequest.handleError (file:///E:/learn/projects/blog-frontend-vue/node_modules/axios/lib/adapters/xhr.js:112:20)
    at XMLHttpRequest.invokeTheCallbackFunction (E:\learn\projects\blog-frontend-vue\node_modules\jsdom\lib\jsdom\living\generated\EventHandlerNonNull.js:14:28)
    at XMLHttpRequest.<anonymous> (E:\learn\projects\blog-frontend-vue\node_modules\jsdom\lib\jsdom\living\helpers\create-event-accessor.js:35:32)
    at innerInvokeEventListeners (E:\learn\projects\blog-frontend-vue\node_modules\jsdom\lib\jsdom\living\events\EventTarget-impl.js:350:25)
    at invokeEventListeners (E:\learn\projects\blog-frontend-vue\node_modules\jsdom\lib\jsdom\living\events\EventTarget-impl.js:286:3)
    at XMLHttpRequestImpl._dispatch (E:\learn\projects\blog-frontend-vue\node_modules\jsdom\lib\jsdom\living\events\EventTarget-impl.js:233:9)
    at fireAnEvent (E:\learn\projects\blog-frontend-vue\node_modules\jsdom\lib\jsdom\living\helpers\events.js:18:36)
    at requestErrorSteps (E:\learn\projects\blog-frontend-vue\node_modules\jsdom\lib\jsdom\living\xhr\xhr-utils.js:131:3)
    at Object.dispatchError (E:\learn\projects\blog-frontend-vue\node_modules\jsdom\lib\jsdom\living\xhr\xhr-utils.js:60:3)
    at EventEmitter.<anonymous> (E:\learn\projects\blog-frontend-vue\node_modules\jsdom\lib\jsdom\living\xhr\XMLHttpRequest-impl.js:655:18)
    at Axios.request (file:///E:/learn/projects/blog-frontend-vue/node_modules/axios/lib/core/Axios.js:45:41)
    at processTicksAndRejections (node:internal/process/task_queues:105:5)
    at HttpClient.post (E:\learn\projects\blog-frontend-vue\src\utils\request.ts:289:22)
    at refreshAccessToken (E:\learn\projects\blog-frontend-vue\src\stores\auth.ts:405:24)
    at Proxy.initAuth (E:\learn\projects\blog-frontend-vue\src\stores\auth.ts:519:13)
    at E:\learn\projects\blog-frontend-vue\src\test\properties\auth.property.test.ts:133:11
    at AsyncProperty.run (file:///E:/learn/projects/blog-frontend-vue/node_modules/fast-check/lib/esm/check/property/AsyncProperty.generic.js:46:28)
    at asyncRunIt (file:///E:/learn/projects/blog-frontend-vue/node_modules/fast-check/lib/esm/check/runner/Runner.js:33:21)
    at E:\learn\projects\blog-frontend-vue\src\test\properties\auth.property.test.ts:114:5
    at runTest (file:///E:/learn/projects/blog-frontend-vue/node_modules/@vitest/runner/dist/index.js:781:11) {
  isAxiosError: true,
  code: 'ERR_NETWORK',
  config: {
    transitional: {
      silentJSONParsing: true,
      forcedJSONParsing: true,
      clarifyTimeoutError: false
    },
    adapter: [ 'xhr', 'http', 'fetch' ],
    transformRequest: [ [Function: transformRequest] ],
    transformResponse: [ [Function: transformResponse] ],
    timeout: 10000,
    xsrfCookieName: 'XSRF-TOKEN',
    xsrfHeaderName: 'X-XSRF-TOKEN',
    maxContentLength: -1,
    maxBodyLength: -1,
    env: { FormData: [Function], Blob: [class Blob] },
    validateStatus: [Function: validateStatus],
    headers: Object [AxiosHeaders] {
      Accept: 'application/json',
      'Content-Type': 'application/json',
      'skip-auth': 'true',
      'X-Request-ID': 'req_1770361857295_dfb7sj3jq',
      'X-Timestamp': '1770361857295'
    },
    baseURL: 'http://localhost:8000/api/v1',
    method: 'post',
    url: '/auth/refresh',
    data: `{"refreshToken":"c){!{}'hKy ybb!uE$##J&JF$!)&[&"}`,
    allowAbsoluteUrls: true
  },
  request: XMLHttpRequest {},
  event: ProgressEvent { isTrusted: [Getter] }
}
Auto refresh token failed: AxiosError: Network Error
    at XMLHttpRequest.handleError (file:///E:/learn/projects/blog-frontend-vue/node_modules/axios/lib/adapters/xhr.js:112:20)
    at XMLHttpRequest.invokeTheCallbackFunction (E:\learn\projects\blog-frontend-vue\node_modules\jsdom\lib\jsdom\living\generated\EventHandlerNonNull.js:14:28)
    at XMLHttpRequest.<anonymous> (E:\learn\projects\blog-frontend-vue\node_modules\jsdom\lib\jsdom\living\helpers\create-event-accessor.js:35:32)
    at innerInvokeEventListeners (E:\learn\projects\blog-frontend-vue\node_modules\jsdom\lib\jsdom\living\events\EventTarget-impl.js:350:25)
    at invokeEventListeners (E:\learn\projects\blog-frontend-vue\node_modules\jsdom\lib\jsdom\living\events\EventTarget-impl.js:286:3)
    at XMLHttpRequestImpl._dispatch (E:\learn\projects\blog-frontend-vue\node_modules\jsdom\lib\jsdom\living\events\EventTarget-impl.js:233:9)
    at fireAnEvent (E:\learn\projects\blog-frontend-vue\node_modules\jsdom\lib\jsdom\living\helpers\events.js:18:36)
    at requestErrorSteps (E:\learn\projects\blog-frontend-vue\node_modules\jsdom\lib\jsdom\living\xhr\xhr-utils.js:131:3)
    at Object.dispatchError (E:\learn\projects\blog-frontend-vue\node_modules\jsdom\lib\jsdom\living\xhr\xhr-utils.js:60:3)
    at EventEmitter.<anonymous> (E:\learn\projects\blog-frontend-vue\node_modules\jsdom\lib\jsdom\living\xhr\XMLHttpRequest-impl.js:655:18)
    at Axios.request (file:///E:/learn/projects/blog-frontend-vue/node_modules/axios/lib/core/Axios.js:45:41)
    at processTicksAndRejections (node:internal/process/task_queues:105:5)
    at HttpClient.post (E:\learn\projects\blog-frontend-vue\src\utils\request.ts:289:22)
    at refreshAccessToken (E:\learn\projects\blog-frontend-vue\src\stores\auth.ts:405:24)
    at Proxy.initAuth (E:\learn\projects\blog-frontend-vue\src\stores\auth.ts:519:13)
    at E:\learn\projects\blog-frontend-vue\src\test\properties\auth.property.test.ts:133:11
    at AsyncProperty.run (file:///E:/learn/projects/blog-frontend-vue/node_modules/fast-check/lib/esm/check/property/AsyncProperty.generic.js:46:28)
    at asyncRunIt (file:///E:/learn/projects/blog-frontend-vue/node_modules/fast-check/lib/esm/check/runner/Runner.js:33:21)
    at E:\learn\projects\blog-frontend-vue\src\test\properties\auth.property.test.ts:114:5
    at runTest (file:///E:/learn/projects/blog-frontend-vue/node_modules/@vitest/runner/dist/index.js:781:11) {
  isAxiosError: true,
  code: 'ERR_NETWORK',
  config: {
    transitional: {
      silentJSONParsing: true,
      forcedJSONParsing: true,
      clarifyTimeoutError: false
    },
    adapter: [ 'xhr', 'http', 'fetch' ],
    transformRequest: [ [Function: transformRequest] ],
    transformResponse: [ [Function: transformResponse] ],
    timeout: 10000,
    xsrfCookieName: 'XSRF-TOKEN',
    xsrfHeaderName: 'X-XSRF-TOKEN',
    maxContentLength: -1,
    maxBodyLength: -1,
    env: { FormData: [Function], Blob: [class Blob] },
    validateStatus: [Function: validateStatus],
    headers: Object [AxiosHeaders] {
      Accept: 'application/json',
      'Content-Type': 'application/json',
      'skip-auth': 'true',
      'X-Request-ID': 'req_1770361857295_dfb7sj3jq',
      'X-Timestamp': '1770361857295'
    },
    baseURL: 'http://localhost:8000/api/v1',
    method: 'post',
    url: '/auth/refresh',
    data: `{"refreshToken":"c){!{}'hKy ybb!uE$##J&JF$!)&[&"}`,
    allowAbsoluteUrls: true
  },
  request: XMLHttpRequest {},
  event: ProgressEvent { isTrusted: [Getter] }
}

[90mstdout[2m | src/test/properties/auth.property.test.ts[2m > [22m[2m璁よ瘉灞炴€ф祴璇?[2m > [22m[2mProperty 1.1: Token Expiration Consistency[22m[39m
[HTTP Request] POST /auth/refresh {
  headers: Object [AxiosHeaders] {
    Accept: [32m'application/json'[39m,
    [32m'Content-Type'[39m: [32m'application/json'[39m,
    [32m'skip-auth'[39m: [32m'true'[39m,
    [32m'X-Request-ID'[39m: [32m'req_1770361857306_e2pv9qoez'[39m,
    [32m'X-Timestamp'[39m: [32m'1770361857306'[39m
  },
  data: { refreshToken: [32m'/&6;G1LNq2~~|;c}7"Ng|6({BO'[39m },
  params: [90mundefined[39m
}

stderr | src/test/properties/auth.property.test.ts > 璁よ瘉灞炴€ф祴璇?[2m > Property 1.1: Token Expiration Consistency
Error: AggregateError
    at Object.dispatchError (E:\learn\projects\blog-frontend-vue\node_modules\jsdom\lib\jsdom\living\xhr\xhr-utils.js:63:19)
    at EventEmitter.<anonymous> (E:\learn\projects\blog-frontend-vue\node_modules\jsdom\lib\jsdom\living\xhr\XMLHttpRequest-impl.js:655:18)
    at EventEmitter.emit (node:events:520:35)
    at Request.<anonymous> (E:\learn\projects\blog-frontend-vue\node_modules\jsdom\lib\jsdom\living\xhr\xhr-utils.js:404:14)
    at Request.emit (node:events:508:28)
    at ClientRequest.<anonymous> (E:\learn\projects\blog-frontend-vue\node_modules\jsdom\lib\jsdom\living\helpers\http-request.js:127:14)
    at ClientRequest.emit (node:events:508:28)
    at emitErrorEvent (node:_http_client:107:11)
    at Socket.socketErrorListener (node:_http_client:574:5)
    at Socket.emit (node:events:508:28) undefined
[HTTP Response Error] {
  url: '/auth/refresh',
  status: undefined,
  data: undefined,
  message: 'Network Error'
}
Token refresh failed: AxiosError: Network Error
    at XMLHttpRequest.handleError (file:///E:/learn/projects/blog-frontend-vue/node_modules/axios/lib/adapters/xhr.js:112:20)
    at XMLHttpRequest.invokeTheCallbackFunction (E:\learn\projects\blog-frontend-vue\node_modules\jsdom\lib\jsdom\living\generated\EventHandlerNonNull.js:14:28)
    at XMLHttpRequest.<anonymous> (E:\learn\projects\blog-frontend-vue\node_modules\jsdom\lib\jsdom\living\helpers\create-event-accessor.js:35:32)
    at innerInvokeEventListeners (E:\learn\projects\blog-frontend-vue\node_modules\jsdom\lib\jsdom\living\events\EventTarget-impl.js:350:25)
    at invokeEventListeners (E:\learn\projects\blog-frontend-vue\node_modules\jsdom\lib\jsdom\living\events\EventTarget-impl.js:286:3)
    at XMLHttpRequestImpl._dispatch (E:\learn\projects\blog-frontend-vue\node_modules\jsdom\lib\jsdom\living\events\EventTarget-impl.js:233:9)
    at fireAnEvent (E:\learn\projects\blog-frontend-vue\node_modules\jsdom\lib\jsdom\living\helpers\events.js:18:36)
    at requestErrorSteps (E:\learn\projects\blog-frontend-vue\node_modules\jsdom\lib\jsdom\living\xhr\xhr-utils.js:131:3)
    at Object.dispatchError (E:\learn\projects\blog-frontend-vue\node_modules\jsdom\lib\jsdom\living\xhr\xhr-utils.js:60:3)
    at EventEmitter.<anonymous> (E:\learn\projects\blog-frontend-vue\node_modules\jsdom\lib\jsdom\living\xhr\XMLHttpRequest-impl.js:655:18)
    at Axios.request (file:///E:/learn/projects/blog-frontend-vue/node_modules/axios/lib/core/Axios.js:45:41)
    at processTicksAndRejections (node:internal/process/task_queues:105:5)
    at HttpClient.post (E:\learn\projects\blog-frontend-vue\src\utils\request.ts:289:22)
    at refreshAccessToken (E:\learn\projects\blog-frontend-vue\src\stores\auth.ts:405:24)
    at Proxy.initAuth (E:\learn\projects\blog-frontend-vue\src\stores\auth.ts:519:13)
    at E:\learn\projects\blog-frontend-vue\src\test\properties\auth.property.test.ts:133:11
    at AsyncProperty.run (file:///E:/learn/projects/blog-frontend-vue/node_modules/fast-check/lib/esm/check/property/AsyncProperty.generic.js:46:28)
    at asyncRunIt (file:///E:/learn/projects/blog-frontend-vue/node_modules/fast-check/lib/esm/check/runner/Runner.js:33:21)
    at E:\learn\projects\blog-frontend-vue\src\test\properties\auth.property.test.ts:114:5
    at runTest (file:///E:/learn/projects/blog-frontend-vue/node_modules/@vitest/runner/dist/index.js:781:11) {
  isAxiosError: true,
  code: 'ERR_NETWORK',
  config: {
    transitional: {
      silentJSONParsing: true,
      forcedJSONParsing: true,
      clarifyTimeoutError: false
    },
    adapter: [ 'xhr', 'http', 'fetch' ],
    transformRequest: [ [Function: transformRequest] ],
    transformResponse: [ [Function: transformResponse] ],
    timeout: 10000,
    xsrfCookieName: 'XSRF-TOKEN',
    xsrfHeaderName: 'X-XSRF-TOKEN',
    maxContentLength: -1,
    maxBodyLength: -1,
    env: { FormData: [Function], Blob: [class Blob] },
    validateStatus: [Function: validateStatus],
    headers: Object [AxiosHeaders] {
      Accept: 'application/json',
      'Content-Type': 'application/json',
      'skip-auth': 'true',
      'X-Request-ID': 'req_1770361857306_e2pv9qoez',
      'X-Timestamp': '1770361857306'
    },
    baseURL: 'http://localhost:8000/api/v1',
    method: 'post',
    url: '/auth/refresh',
    data: '{"refreshToken":"/&6;G1LNq2~~|;c}7\\"Ng|6({BO"}',
    allowAbsoluteUrls: true
  },
  request: XMLHttpRequest {},
  event: ProgressEvent { isTrusted: [Getter] }
}
Auto refresh token failed: AxiosError: Network Error
    at XMLHttpRequest.handleError (file:///E:/learn/projects/blog-frontend-vue/node_modules/axios/lib/adapters/xhr.js:112:20)
    at XMLHttpRequest.invokeTheCallbackFunction (E:\learn\projects\blog-frontend-vue\node_modules\jsdom\lib\jsdom\living\generated\EventHandlerNonNull.js:14:28)
    at XMLHttpRequest.<anonymous> (E:\learn\projects\blog-frontend-vue\node_modules\jsdom\lib\jsdom\living\helpers\create-event-accessor.js:35:32)
    at innerInvokeEventListeners (E:\learn\projects\blog-frontend-vue\node_modules\jsdom\lib\jsdom\living\events\EventTarget-impl.js:350:25)
    at invokeEventListeners (E:\learn\projects\blog-frontend-vue\node_modules\jsdom\lib\jsdom\living\events\EventTarget-impl.js:286:3)
    at XMLHttpRequestImpl._dispatch (E:\learn\projects\blog-frontend-vue\node_modules\jsdom\lib\jsdom\living\events\EventTarget-impl.js:233:9)
    at fireAnEvent (E:\learn\projects\blog-frontend-vue\node_modules\jsdom\lib\jsdom\living\helpers\events.js:18:36)
    at requestErrorSteps (E:\learn\projects\blog-frontend-vue\node_modules\jsdom\lib\jsdom\living\xhr\xhr-utils.js:131:3)
    at Object.dispatchError (E:\learn\projects\blog-frontend-vue\node_modules\jsdom\lib\jsdom\living\xhr\xhr-utils.js:60:3)
    at EventEmitter.<anonymous> (E:\learn\projects\blog-frontend-vue\node_modules\jsdom\lib\jsdom\living\xhr\XMLHttpRequest-impl.js:655:18)
    at Axios.request (file:///E:/learn/projects/blog-frontend-vue/node_modules/axios/lib/core/Axios.js:45:41)
    at processTicksAndRejections (node:internal/process/task_queues:105:5)
    at HttpClient.post (E:\learn\projects\blog-frontend-vue\src\utils\request.ts:289:22)
    at refreshAccessToken (E:\learn\projects\blog-frontend-vue\src\stores\auth.ts:405:24)
    at Proxy.initAuth (E:\learn\projects\blog-frontend-vue\src\stores\auth.ts:519:13)
    at E:\learn\projects\blog-frontend-vue\src\test\properties\auth.property.test.ts:133:11
    at AsyncProperty.run (file:///E:/learn/projects/blog-frontend-vue/node_modules/fast-check/lib/esm/check/property/AsyncProperty.generic.js:46:28)
    at asyncRunIt (file:///E:/learn/projects/blog-frontend-vue/node_modules/fast-check/lib/esm/check/runner/Runner.js:33:21)
    at E:\learn\projects\blog-frontend-vue\src\test\properties\auth.property.test.ts:114:5
    at runTest (file:///E:/learn/projects/blog-frontend-vue/node_modules/@vitest/runner/dist/index.js:781:11) {
  isAxiosError: true,
  code: 'ERR_NETWORK',
  config: {
    transitional: {
      silentJSONParsing: true,
      forcedJSONParsing: true,
      clarifyTimeoutError: false
    },
    adapter: [ 'xhr', 'http', 'fetch' ],
    transformRequest: [ [Function: transformRequest] ],
    transformResponse: [ [Function: transformResponse] ],
    timeout: 10000,
    xsrfCookieName: 'XSRF-TOKEN',
    xsrfHeaderName: 'X-XSRF-TOKEN',
    maxContentLength: -1,
    maxBodyLength: -1,
    env: { FormData: [Function], Blob: [class Blob] },
    validateStatus: [Function: validateStatus],
    headers: Object [AxiosHeaders] {
      Accept: 'application/json',
      'Content-Type': 'application/json',
      'skip-auth': 'true',
      'X-Request-ID': 'req_1770361857306_e2pv9qoez',
      'X-Timestamp': '1770361857306'
    },
    baseURL: 'http://localhost:8000/api/v1',
    method: 'post',
    url: '/auth/refresh',
    data: '{"refreshToken":"/&6;G1LNq2~~|;c}7\\"Ng|6({BO"}',
    allowAbsoluteUrls: true
  },
  request: XMLHttpRequest {},
  event: ProgressEvent { isTrusted: [Getter] }
}

[90mstdout[2m | src/test/properties/auth.property.test.ts[2m > [22m[2m璁よ瘉灞炴€ф祴璇?[2m > [22m[2mProperty 1.1: Token Expiration Consistency[22m[39m
[HTTP Request] POST /auth/refresh {
  headers: Object [AxiosHeaders] {
    Accept: [32m'application/json'[39m,
    [32m'Content-Type'[39m: [32m'application/json'[39m,
    [32m'skip-auth'[39m: [32m'true'[39m,
    [32m'X-Request-ID'[39m: [32m'req_1770361857326_2ws2sp68a'[39m,
    [32m'X-Timestamp'[39m: [32m'1770361857326'[39m
  },
  data: { refreshToken: [32m'M$by],"w1aUJ}-60_kcQf+[8(.S,lOcR/a6(7a'[39m },
  params: [90mundefined[39m
}

stderr | src/test/properties/auth.property.test.ts > 璁よ瘉灞炴€ф祴璇?[2m > Property 1.1: Token Expiration Consistency
Error: AggregateError
    at Object.dispatchError (E:\learn\projects\blog-frontend-vue\node_modules\jsdom\lib\jsdom\living\xhr\xhr-utils.js:63:19)
    at EventEmitter.<anonymous> (E:\learn\projects\blog-frontend-vue\node_modules\jsdom\lib\jsdom\living\xhr\XMLHttpRequest-impl.js:655:18)
    at EventEmitter.emit (node:events:520:35)
    at Request.<anonymous> (E:\learn\projects\blog-frontend-vue\node_modules\jsdom\lib\jsdom\living\xhr\xhr-utils.js:404:14)
    at Request.emit (node:events:508:28)
    at ClientRequest.<anonymous> (E:\learn\projects\blog-frontend-vue\node_modules\jsdom\lib\jsdom\living\helpers\http-request.js:127:14)
    at ClientRequest.emit (node:events:508:28)
    at emitErrorEvent (node:_http_client:107:11)
    at Socket.socketErrorListener (node:_http_client:574:5)
    at Socket.emit (node:events:508:28) undefined
[HTTP Response Error] {
  url: '/auth/refresh',
  status: undefined,
  data: undefined,
  message: 'Network Error'
}
Token refresh failed: AxiosError: Network Error
    at XMLHttpRequest.handleError (file:///E:/learn/projects/blog-frontend-vue/node_modules/axios/lib/adapters/xhr.js:112:20)
    at XMLHttpRequest.invokeTheCallbackFunction (E:\learn\projects\blog-frontend-vue\node_modules\jsdom\lib\jsdom\living\generated\EventHandlerNonNull.js:14:28)
    at XMLHttpRequest.<anonymous> (E:\learn\projects\blog-frontend-vue\node_modules\jsdom\lib\jsdom\living\helpers\create-event-accessor.js:35:32)
    at innerInvokeEventListeners (E:\learn\projects\blog-frontend-vue\node_modules\jsdom\lib\jsdom\living\events\EventTarget-impl.js:350:25)
    at invokeEventListeners (E:\learn\projects\blog-frontend-vue\node_modules\jsdom\lib\jsdom\living\events\EventTarget-impl.js:286:3)
    at XMLHttpRequestImpl._dispatch (E:\learn\projects\blog-frontend-vue\node_modules\jsdom\lib\jsdom\living\events\EventTarget-impl.js:233:9)
    at fireAnEvent (E:\learn\projects\blog-frontend-vue\node_modules\jsdom\lib\jsdom\living\helpers\events.js:18:36)
    at requestErrorSteps (E:\learn\projects\blog-frontend-vue\node_modules\jsdom\lib\jsdom\living\xhr\xhr-utils.js:131:3)
    at Object.dispatchError (E:\learn\projects\blog-frontend-vue\node_modules\jsdom\lib\jsdom\living\xhr\xhr-utils.js:60:3)
    at EventEmitter.<anonymous> (E:\learn\projects\blog-frontend-vue\node_modules\jsdom\lib\jsdom\living\xhr\XMLHttpRequest-impl.js:655:18)
    at Axios.request (file:///E:/learn/projects/blog-frontend-vue/node_modules/axios/lib/core/Axios.js:45:41)
    at processTicksAndRejections (node:internal/process/task_queues:105:5)
    at HttpClient.post (E:\learn\projects\blog-frontend-vue\src\utils\request.ts:289:22)
    at refreshAccessToken (E:\learn\projects\blog-frontend-vue\src\stores\auth.ts:405:24)
    at Proxy.initAuth (E:\learn\projects\blog-frontend-vue\src\stores\auth.ts:519:13)
    at E:\learn\projects\blog-frontend-vue\src\test\properties\auth.property.test.ts:133:11
    at AsyncProperty.run (file:///E:/learn/projects/blog-frontend-vue/node_modules/fast-check/lib/esm/check/property/AsyncProperty.generic.js:46:28)
    at asyncRunIt (file:///E:/learn/projects/blog-frontend-vue/node_modules/fast-check/lib/esm/check/runner/Runner.js:33:21)
    at E:\learn\projects\blog-frontend-vue\src\test\properties\auth.property.test.ts:114:5
    at runTest (file:///E:/learn/projects/blog-frontend-vue/node_modules/@vitest/runner/dist/index.js:781:11) {
  isAxiosError: true,
  code: 'ERR_NETWORK',
  config: {
    transitional: {
      silentJSONParsing: true,
      forcedJSONParsing: true,
      clarifyTimeoutError: false
    },
    adapter: [ 'xhr', 'http', 'fetch' ],
    transformRequest: [ [Function: transformRequest] ],
    transformResponse: [ [Function: transformResponse] ],
    timeout: 10000,
    xsrfCookieName: 'XSRF-TOKEN',
    xsrfHeaderName: 'X-XSRF-TOKEN',
    maxContentLength: -1,
    maxBodyLength: -1,
    env: { FormData: [Function], Blob: [class Blob] },
    validateStatus: [Function: validateStatus],
    headers: Object [AxiosHeaders] {
      Accept: 'application/json',
      'Content-Type': 'application/json',
      'skip-auth': 'true',
      'X-Request-ID': 'req_1770361857326_2ws2sp68a',
      'X-Timestamp': '1770361857326'
    },
    baseURL: 'http://localhost:8000/api/v1',
    method: 'post',
    url: '/auth/refresh',
    data: '{"refreshToken":"M$by],\\"w1aUJ}-60_kcQf+[8(.S,lOcR/a6(7a"}',
    allowAbsoluteUrls: true
  },
  request: XMLHttpRequest {},
  event: ProgressEvent { isTrusted: [Getter] }
}
Auto refresh token failed: AxiosError: Network Error
    at XMLHttpRequest.handleError (file:///E:/learn/projects/blog-frontend-vue/node_modules/axios/lib/adapters/xhr.js:112:20)
    at XMLHttpRequest.invokeTheCallbackFunction (E:\learn\projects\blog-frontend-vue\node_modules\jsdom\lib\jsdom\living\generated\EventHandlerNonNull.js:14:28)
    at XMLHttpRequest.<anonymous> (E:\learn\projects\blog-frontend-vue\node_modules\jsdom\lib\jsdom\living\helpers\create-event-accessor.js:35:32)
    at innerInvokeEventListeners (E:\learn\projects\blog-frontend-vue\node_modules\jsdom\lib\jsdom\living\events\EventTarget-impl.js:350:25)
    at invokeEventListeners (E:\learn\projects\blog-frontend-vue\node_modules\jsdom\lib\jsdom\living\events\EventTarget-impl.js:286:3)
    at XMLHttpRequestImpl._dispatch (E:\learn\projects\blog-frontend-vue\node_modules\jsdom\lib\jsdom\living\events\EventTarget-impl.js:233:9)
    at fireAnEvent (E:\learn\projects\blog-frontend-vue\node_modules\jsdom\lib\jsdom\living\helpers\events.js:18:36)
    at requestErrorSteps (E:\learn\projects\blog-frontend-vue\node_modules\jsdom\lib\jsdom\living\xhr\xhr-utils.js:131:3)
    at Object.dispatchError (E:\learn\projects\blog-frontend-vue\node_modules\jsdom\lib\jsdom\living\xhr\xhr-utils.js:60:3)
    at EventEmitter.<anonymous> (E:\learn\projects\blog-frontend-vue\node_modules\jsdom\lib\jsdom\living\xhr\XMLHttpRequest-impl.js:655:18)
    at Axios.request (file:///E:/learn/projects/blog-frontend-vue/node_modules/axios/lib/core/Axios.js:45:41)
    at processTicksAndRejections (node:internal/process/task_queues:105:5)
    at HttpClient.post (E:\learn\projects\blog-frontend-vue\src\utils\request.ts:289:22)
    at refreshAccessToken (E:\learn\projects\blog-frontend-vue\src\stores\auth.ts:405:24)
    at Proxy.initAuth (E:\learn\projects\blog-frontend-vue\src\stores\auth.ts:519:13)
    at E:\learn\projects\blog-frontend-vue\src\test\properties\auth.property.test.ts:133:11
    at AsyncProperty.run (file:///E:/learn/projects/blog-frontend-vue/node_modules/fast-check/lib/esm/check/property/AsyncProperty.generic.js:46:28)
    at asyncRunIt (file:///E:/learn/projects/blog-frontend-vue/node_modules/fast-check/lib/esm/check/runner/Runner.js:33:21)
    at E:\learn\projects\blog-frontend-vue\src\test\properties\auth.property.test.ts:114:5
    at runTest (file:///E:/learn/projects/blog-frontend-vue/node_modules/@vitest/runner/dist/index.js:781:11) {
  isAxiosError: true,
  code: 'ERR_NETWORK',
  config: {
    transitional: {
      silentJSONParsing: true,
      forcedJSONParsing: true,
      clarifyTimeoutError: false
    },
    adapter: [ 'xhr', 'http', 'fetch' ],
    transformRequest: [ [Function: transformRequest] ],
    transformResponse: [ [Function: transformResponse] ],
    timeout: 10000,
    xsrfCookieName: 'XSRF-TOKEN',
    xsrfHeaderName: 'X-XSRF-TOKEN',
    maxContentLength: -1,
    maxBodyLength: -1,
    env: { FormData: [Function], Blob: [class Blob] },
    validateStatus: [Function: validateStatus],
    headers: Object [AxiosHeaders] {
      Accept: 'application/json',
      'Content-Type': 'application/json',
      'skip-auth': 'true',
      'X-Request-ID': 'req_1770361857326_2ws2sp68a',
      'X-Timestamp': '1770361857326'
    },
    baseURL: 'http://localhost:8000/api/v1',
    method: 'post',
    url: '/auth/refresh',
    data: '{"refreshToken":"M$by],\\"w1aUJ}-60_kcQf+[8(.S,lOcR/a6(7a"}',
    allowAbsoluteUrls: true
  },
  request: XMLHttpRequest {},
  event: ProgressEvent { isTrusted: [Getter] }
}

[90mstdout[2m | src/test/properties/auth.property.test.ts[2m > [22m[2m璁よ瘉灞炴€ф祴璇?[2m > [22m[2mProperty 1.1: Token Expiration Consistency[22m[39m
[HTTP Request] POST /auth/refresh {
  headers: Object [AxiosHeaders] {
    Accept: [32m'application/json'[39m,
    [32m'Content-Type'[39m: [32m'application/json'[39m,
    [32m'skip-auth'[39m: [32m'true'[39m,
    [32m'X-Request-ID'[39m: [32m'req_1770361857354_hzttk761o'[39m,
    [32m'X-Timestamp'[39m: [32m'1770361857354'[39m
  },
  data: { refreshToken: [32m':RP y+!3=A]!F5&!+2{=&$xAlB!.K##pU#Kp I'[39m },
  params: [90mundefined[39m
}

stderr | src/test/properties/auth.property.test.ts > 璁よ瘉灞炴€ф祴璇?[2m > Property 1.1: Token Expiration Consistency
Error: AggregateError
    at Object.dispatchError (E:\learn\projects\blog-frontend-vue\node_modules\jsdom\lib\jsdom\living\xhr\xhr-utils.js:63:19)
    at EventEmitter.<anonymous> (E:\learn\projects\blog-frontend-vue\node_modules\jsdom\lib\jsdom\living\xhr\XMLHttpRequest-impl.js:655:18)
    at EventEmitter.emit (node:events:520:35)
    at Request.<anonymous> (E:\learn\projects\blog-frontend-vue\node_modules\jsdom\lib\jsdom\living\xhr\xhr-utils.js:404:14)
    at Request.emit (node:events:508:28)
    at ClientRequest.<anonymous> (E:\learn\projects\blog-frontend-vue\node_modules\jsdom\lib\jsdom\living\helpers\http-request.js:127:14)
    at ClientRequest.emit (node:events:508:28)
    at emitErrorEvent (node:_http_client:107:11)
    at Socket.socketErrorListener (node:_http_client:574:5)
    at Socket.emit (node:events:508:28) undefined
[HTTP Response Error] {
  url: '/auth/refresh',
  status: undefined,
  data: undefined,
  message: 'Network Error'
}
Token refresh failed: AxiosError: Network Error
    at XMLHttpRequest.handleError (file:///E:/learn/projects/blog-frontend-vue/node_modules/axios/lib/adapters/xhr.js:112:20)
    at XMLHttpRequest.invokeTheCallbackFunction (E:\learn\projects\blog-frontend-vue\node_modules\jsdom\lib\jsdom\living\generated\EventHandlerNonNull.js:14:28)
    at XMLHttpRequest.<anonymous> (E:\learn\projects\blog-frontend-vue\node_modules\jsdom\lib\jsdom\living\helpers\create-event-accessor.js:35:32)
    at innerInvokeEventListeners (E:\learn\projects\blog-frontend-vue\node_modules\jsdom\lib\jsdom\living\events\EventTarget-impl.js:350:25)
    at invokeEventListeners (E:\learn\projects\blog-frontend-vue\node_modules\jsdom\lib\jsdom\living\events\EventTarget-impl.js:286:3)
    at XMLHttpRequestImpl._dispatch (E:\learn\projects\blog-frontend-vue\node_modules\jsdom\lib\jsdom\living\events\EventTarget-impl.js:233:9)
    at fireAnEvent (E:\learn\projects\blog-frontend-vue\node_modules\jsdom\lib\jsdom\living\helpers\events.js:18:36)
    at requestErrorSteps (E:\learn\projects\blog-frontend-vue\node_modules\jsdom\lib\jsdom\living\xhr\xhr-utils.js:131:3)
    at Object.dispatchError (E:\learn\projects\blog-frontend-vue\node_modules\jsdom\lib\jsdom\living\xhr\xhr-utils.js:60:3)
    at EventEmitter.<anonymous> (E:\learn\projects\blog-frontend-vue\node_modules\jsdom\lib\jsdom\living\xhr\XMLHttpRequest-impl.js:655:18)
    at Axios.request (file:///E:/learn/projects/blog-frontend-vue/node_modules/axios/lib/core/Axios.js:45:41)
    at processTicksAndRejections (node:internal/process/task_queues:105:5)
    at HttpClient.post (E:\learn\projects\blog-frontend-vue\src\utils\request.ts:289:22)
    at refreshAccessToken (E:\learn\projects\blog-frontend-vue\src\stores\auth.ts:405:24)
    at Proxy.initAuth (E:\learn\projects\blog-frontend-vue\src\stores\auth.ts:519:13)
    at E:\learn\projects\blog-frontend-vue\src\test\properties\auth.property.test.ts:133:11
    at AsyncProperty.run (file:///E:/learn/projects/blog-frontend-vue/node_modules/fast-check/lib/esm/check/property/AsyncProperty.generic.js:46:28)
    at asyncRunIt (file:///E:/learn/projects/blog-frontend-vue/node_modules/fast-check/lib/esm/check/runner/Runner.js:33:21)
    at E:\learn\projects\blog-frontend-vue\src\test\properties\auth.property.test.ts:114:5
    at runTest (file:///E:/learn/projects/blog-frontend-vue/node_modules/@vitest/runner/dist/index.js:781:11) {
  isAxiosError: true,
  code: 'ERR_NETWORK',
  config: {
    transitional: {
      silentJSONParsing: true,
      forcedJSONParsing: true,
      clarifyTimeoutError: false
    },
    adapter: [ 'xhr', 'http', 'fetch' ],
    transformRequest: [ [Function: transformRequest] ],
    transformResponse: [ [Function: transformResponse] ],
    timeout: 10000,
    xsrfCookieName: 'XSRF-TOKEN',
    xsrfHeaderName: 'X-XSRF-TOKEN',
    maxContentLength: -1,
    maxBodyLength: -1,
    env: { FormData: [Function], Blob: [class Blob] },
    validateStatus: [Function: validateStatus],
    headers: Object [AxiosHeaders] {
      Accept: 'application/json',
      'Content-Type': 'application/json',
      'skip-auth': 'true',
      'X-Request-ID': 'req_1770361857354_hzttk761o',
      'X-Timestamp': '1770361857354'
    },
    baseURL: 'http://localhost:8000/api/v1',
    method: 'post',
    url: '/auth/refresh',
    data: '{"refreshToken":":RP y+!3=A]!F5&!+2{=&$xAlB!.K##pU#Kp I"}',
    allowAbsoluteUrls: true
  },
  request: XMLHttpRequest {},
  event: ProgressEvent { isTrusted: [Getter] }
}
Auto refresh token failed: AxiosError: Network Error
    at XMLHttpRequest.handleError (file:///E:/learn/projects/blog-frontend-vue/node_modules/axios/lib/adapters/xhr.js:112:20)
    at XMLHttpRequest.invokeTheCallbackFunction (E:\learn\projects\blog-frontend-vue\node_modules\jsdom\lib\jsdom\living\generated\EventHandlerNonNull.js:14:28)
    at XMLHttpRequest.<anonymous> (E:\learn\projects\blog-frontend-vue\node_modules\jsdom\lib\jsdom\living\helpers\create-event-accessor.js:35:32)
    at innerInvokeEventListeners (E:\learn\projects\blog-frontend-vue\node_modules\jsdom\lib\jsdom\living\events\EventTarget-impl.js:350:25)
    at invokeEventListeners (E:\learn\projects\blog-frontend-vue\node_modules\jsdom\lib\jsdom\living\events\EventTarget-impl.js:286:3)
    at XMLHttpRequestImpl._dispatch (E:\learn\projects\blog-frontend-vue\node_modules\jsdom\lib\jsdom\living\events\EventTarget-impl.js:233:9)
    at fireAnEvent (E:\learn\projects\blog-frontend-vue\node_modules\jsdom\lib\jsdom\living\helpers\events.js:18:36)
    at requestErrorSteps (E:\learn\projects\blog-frontend-vue\node_modules\jsdom\lib\jsdom\living\xhr\xhr-utils.js:131:3)
    at Object.dispatchError (E:\learn\projects\blog-frontend-vue\node_modules\jsdom\lib\jsdom\living\xhr\xhr-utils.js:60:3)
    at EventEmitter.<anonymous> (E:\learn\projects\blog-frontend-vue\node_modules\jsdom\lib\jsdom\living\xhr\XMLHttpRequest-impl.js:655:18)
    at Axios.request (file:///E:/learn/projects/blog-frontend-vue/node_modules/axios/lib/core/Axios.js:45:41)
    at processTicksAndRejections (node:internal/process/task_queues:105:5)
    at HttpClient.post (E:\learn\projects\blog-frontend-vue\src\utils\request.ts:289:22)
    at refreshAccessToken (E:\learn\projects\blog-frontend-vue\src\stores\auth.ts:405:24)
    at Proxy.initAuth (E:\learn\projects\blog-frontend-vue\src\stores\auth.ts:519:13)
    at E:\learn\projects\blog-frontend-vue\src\test\properties\auth.property.test.ts:133:11
    at AsyncProperty.run (file:///E:/learn/projects/blog-frontend-vue/node_modules/fast-check/lib/esm/check/property/AsyncProperty.generic.js:46:28)
    at asyncRunIt (file:///E:/learn/projects/blog-frontend-vue/node_modules/fast-check/lib/esm/check/runner/Runner.js:33:21)
    at E:\learn\projects\blog-frontend-vue\src\test\properties\auth.property.test.ts:114:5
    at runTest (file:///E:/learn/projects/blog-frontend-vue/node_modules/@vitest/runner/dist/index.js:781:11) {
  isAxiosError: true,
  code: 'ERR_NETWORK',
  config: {
    transitional: {
      silentJSONParsing: true,
      forcedJSONParsing: true,
      clarifyTimeoutError: false
    },
    adapter: [ 'xhr', 'http', 'fetch' ],
    transformRequest: [ [Function: transformRequest] ],
    transformResponse: [ [Function: transformResponse] ],
    timeout: 10000,
    xsrfCookieName: 'XSRF-TOKEN',
    xsrfHeaderName: 'X-XSRF-TOKEN',
    maxContentLength: -1,
    maxBodyLength: -1,
    env: { FormData: [Function], Blob: [class Blob] },
    validateStatus: [Function: validateStatus],
    headers: Object [AxiosHeaders] {
      Accept: 'application/json',
      'Content-Type': 'application/json',
      'skip-auth': 'true',
      'X-Request-ID': 'req_1770361857354_hzttk761o',
      'X-Timestamp': '1770361857354'
    },
    baseURL: 'http://localhost:8000/api/v1',
    method: 'post',
    url: '/auth/refresh',
    data: '{"refreshToken":":RP y+!3=A]!F5&!+2{=&$xAlB!.K##pU#Kp I"}',
    allowAbsoluteUrls: true
  },
  request: XMLHttpRequest {},
  event: ProgressEvent { isTrusted: [Getter] }
}

[90mstdout[2m | src/test/properties/auth.property.test.ts[2m > [22m[2m璁よ瘉灞炴€ф祴璇?[2m > [22m[2mProperty 1.1: Token Expiration Consistency[22m[39m
[HTTP Request] POST /auth/refresh {
  headers: Object [AxiosHeaders] {
    Accept: [32m'application/json'[39m,
    [32m'Content-Type'[39m: [32m'application/json'[39m,
    [32m'skip-auth'[39m: [32m'true'[39m,
    [32m'X-Request-ID'[39m: [32m'req_1770361857362_cmp2a5aze'[39m,
    [32m'X-Timestamp'[39m: [32m'1770361857362'[39m
  },
  data: { refreshToken: [32m'propertyIsEnumerable{'[39m },
  params: [90mundefined[39m
}

stderr | src/test/properties/auth.property.test.ts > 璁よ瘉灞炴€ф祴璇?[2m > Property 1.1: Token Expiration Consistency
Error: AggregateError
    at Object.dispatchError (E:\learn\projects\blog-frontend-vue\node_modules\jsdom\lib\jsdom\living\xhr\xhr-utils.js:63:19)
    at EventEmitter.<anonymous> (E:\learn\projects\blog-frontend-vue\node_modules\jsdom\lib\jsdom\living\xhr\XMLHttpRequest-impl.js:655:18)
    at EventEmitter.emit (node:events:520:35)
    at Request.<anonymous> (E:\learn\projects\blog-frontend-vue\node_modules\jsdom\lib\jsdom\living\xhr\xhr-utils.js:404:14)
    at Request.emit (node:events:508:28)
    at ClientRequest.<anonymous> (E:\learn\projects\blog-frontend-vue\node_modules\jsdom\lib\jsdom\living\helpers\http-request.js:127:14)
    at ClientRequest.emit (node:events:508:28)
    at emitErrorEvent (node:_http_client:107:11)
    at Socket.socketErrorListener (node:_http_client:574:5)
    at Socket.emit (node:events:508:28) undefined
[HTTP Response Error] {
  url: '/auth/refresh',
  status: undefined,
  data: undefined,
  message: 'Network Error'
}
Token refresh failed: AxiosError: Network Error
    at XMLHttpRequest.handleError (file:///E:/learn/projects/blog-frontend-vue/node_modules/axios/lib/adapters/xhr.js:112:20)
    at XMLHttpRequest.invokeTheCallbackFunction (E:\learn\projects\blog-frontend-vue\node_modules\jsdom\lib\jsdom\living\generated\EventHandlerNonNull.js:14:28)
    at XMLHttpRequest.<anonymous> (E:\learn\projects\blog-frontend-vue\node_modules\jsdom\lib\jsdom\living\helpers\create-event-accessor.js:35:32)
    at innerInvokeEventListeners (E:\learn\projects\blog-frontend-vue\node_modules\jsdom\lib\jsdom\living\events\EventTarget-impl.js:350:25)
    at invokeEventListeners (E:\learn\projects\blog-frontend-vue\node_modules\jsdom\lib\jsdom\living\events\EventTarget-impl.js:286:3)
    at XMLHttpRequestImpl._dispatch (E:\learn\projects\blog-frontend-vue\node_modules\jsdom\lib\jsdom\living\events\EventTarget-impl.js:233:9)
    at fireAnEvent (E:\learn\projects\blog-frontend-vue\node_modules\jsdom\lib\jsdom\living\helpers\events.js:18:36)
    at requestErrorSteps (E:\learn\projects\blog-frontend-vue\node_modules\jsdom\lib\jsdom\living\xhr\xhr-utils.js:131:3)
    at Object.dispatchError (E:\learn\projects\blog-frontend-vue\node_modules\jsdom\lib\jsdom\living\xhr\xhr-utils.js:60:3)
    at EventEmitter.<anonymous> (E:\learn\projects\blog-frontend-vue\node_modules\jsdom\lib\jsdom\living\xhr\XMLHttpRequest-impl.js:655:18)
    at Axios.request (file:///E:/learn/projects/blog-frontend-vue/node_modules/axios/lib/core/Axios.js:45:41)
    at processTicksAndRejections (node:internal/process/task_queues:105:5)
    at HttpClient.post (E:\learn\projects\blog-frontend-vue\src\utils\request.ts:289:22)
    at refreshAccessToken (E:\learn\projects\blog-frontend-vue\src\stores\auth.ts:405:24)
    at Proxy.initAuth (E:\learn\projects\blog-frontend-vue\src\stores\auth.ts:519:13)
    at E:\learn\projects\blog-frontend-vue\src\test\properties\auth.property.test.ts:133:11
    at AsyncProperty.run (file:///E:/learn/projects/blog-frontend-vue/node_modules/fast-check/lib/esm/check/property/AsyncProperty.generic.js:46:28)
    at asyncRunIt (file:///E:/learn/projects/blog-frontend-vue/node_modules/fast-check/lib/esm/check/runner/Runner.js:33:21)
    at E:\learn\projects\blog-frontend-vue\src\test\properties\auth.property.test.ts:114:5
    at runTest (file:///E:/learn/projects/blog-frontend-vue/node_modules/@vitest/runner/dist/index.js:781:11) {
  isAxiosError: true,
  code: 'ERR_NETWORK',
  config: {
    transitional: {
      silentJSONParsing: true,
      forcedJSONParsing: true,
      clarifyTimeoutError: false
    },
    adapter: [ 'xhr', 'http', 'fetch' ],
    transformRequest: [ [Function: transformRequest] ],
    transformResponse: [ [Function: transformResponse] ],
    timeout: 10000,
    xsrfCookieName: 'XSRF-TOKEN',
    xsrfHeaderName: 'X-XSRF-TOKEN',
    maxContentLength: -1,
    maxBodyLength: -1,
    env: { FormData: [Function], Blob: [class Blob] },
    validateStatus: [Function: validateStatus],
    headers: Object [AxiosHeaders] {
      Accept: 'application/json',
      'Content-Type': 'application/json',
      'skip-auth': 'true',
      'X-Request-ID': 'req_1770361857362_cmp2a5aze',
      'X-Timestamp': '1770361857362'
    },
    baseURL: 'http://localhost:8000/api/v1',
    method: 'post',
    url: '/auth/refresh',
    data: '{"refreshToken":"propertyIsEnumerable{"}',
    allowAbsoluteUrls: true
  },
  request: XMLHttpRequest {},
  event: ProgressEvent { isTrusted: [Getter] }
}
Auto refresh token failed: AxiosError: Network Error
    at XMLHttpRequest.handleError (file:///E:/learn/projects/blog-frontend-vue/node_modules/axios/lib/adapters/xhr.js:112:20)
    at XMLHttpRequest.invokeTheCallbackFunction (E:\learn\projects\blog-frontend-vue\node_modules\jsdom\lib\jsdom\living\generated\EventHandlerNonNull.js:14:28)
    at XMLHttpRequest.<anonymous> (E:\learn\projects\blog-frontend-vue\node_modules\jsdom\lib\jsdom\living\helpers\create-event-accessor.js:35:32)
    at innerInvokeEventListeners (E:\learn\projects\blog-frontend-vue\node_modules\jsdom\lib\jsdom\living\events\EventTarget-impl.js:350:25)
    at invokeEventListeners (E:\learn\projects\blog-frontend-vue\node_modules\jsdom\lib\jsdom\living\events\EventTarget-impl.js:286:3)
    at XMLHttpRequestImpl._dispatch (E:\learn\projects\blog-frontend-vue\node_modules\jsdom\lib\jsdom\living\events\EventTarget-impl.js:233:9)
    at fireAnEvent (E:\learn\projects\blog-frontend-vue\node_modules\jsdom\lib\jsdom\living\helpers\events.js:18:36)
    at requestErrorSteps (E:\learn\projects\blog-frontend-vue\node_modules\jsdom\lib\jsdom\living\xhr\xhr-utils.js:131:3)
    at Object.dispatchError (E:\learn\projects\blog-frontend-vue\node_modules\jsdom\lib\jsdom\living\xhr\xhr-utils.js:60:3)
    at EventEmitter.<anonymous> (E:\learn\projects\blog-frontend-vue\node_modules\jsdom\lib\jsdom\living\xhr\XMLHttpRequest-impl.js:655:18)
    at Axios.request (file:///E:/learn/projects/blog-frontend-vue/node_modules/axios/lib/core/Axios.js:45:41)
    at processTicksAndRejections (node:internal/process/task_queues:105:5)
    at HttpClient.post (E:\learn\projects\blog-frontend-vue\src\utils\request.ts:289:22)
    at refreshAccessToken (E:\learn\projects\blog-frontend-vue\src\stores\auth.ts:405:24)
    at Proxy.initAuth (E:\learn\projects\blog-frontend-vue\src\stores\auth.ts:519:13)
    at E:\learn\projects\blog-frontend-vue\src\test\properties\auth.property.test.ts:133:11
    at AsyncProperty.run (file:///E:/learn/projects/blog-frontend-vue/node_modules/fast-check/lib/esm/check/property/AsyncProperty.generic.js:46:28)
    at asyncRunIt (file:///E:/learn/projects/blog-frontend-vue/node_modules/fast-check/lib/esm/check/runner/Runner.js:33:21)
    at E:\learn\projects\blog-frontend-vue\src\test\properties\auth.property.test.ts:114:5
    at runTest (file:///E:/learn/projects/blog-frontend-vue/node_modules/@vitest/runner/dist/index.js:781:11) {
  isAxiosError: true,
  code: 'ERR_NETWORK',
  config: {
    transitional: {
      silentJSONParsing: true,
      forcedJSONParsing: true,
      clarifyTimeoutError: false
    },
    adapter: [ 'xhr', 'http', 'fetch' ],
    transformRequest: [ [Function: transformRequest] ],
    transformResponse: [ [Function: transformResponse] ],
    timeout: 10000,
    xsrfCookieName: 'XSRF-TOKEN',
    xsrfHeaderName: 'X-XSRF-TOKEN',
    maxContentLength: -1,
    maxBodyLength: -1,
    env: { FormData: [Function], Blob: [class Blob] },
    validateStatus: [Function: validateStatus],
    headers: Object [AxiosHeaders] {
      Accept: 'application/json',
      'Content-Type': 'application/json',
      'skip-auth': 'true',
      'X-Request-ID': 'req_1770361857362_cmp2a5aze',
      'X-Timestamp': '1770361857362'
    },
    baseURL: 'http://localhost:8000/api/v1',
    method: 'post',
    url: '/auth/refresh',
    data: '{"refreshToken":"propertyIsEnumerable{"}',
    allowAbsoluteUrls: true
  },
  request: XMLHttpRequest {},
  event: ProgressEvent { isTrusted: [Getter] }
}

[90mstdout[2m | src/test/properties/auth.property.test.ts[2m > [22m[2m璁よ瘉灞炴€ф祴璇?[2m > [22m[2mProperty 1.1: Token Expiration Consistency[22m[39m
[HTTP Request] POST /auth/refresh {
  headers: Object [AxiosHeaders] {
    Accept: [32m'application/json'[39m,
    [32m'Content-Type'[39m: [32m'application/json'[39m,
    [32m'skip-auth'[39m: [32m'true'[39m,
    [32m'X-Request-ID'[39m: [32m'req_1770361857383_xkwk8w59k'[39m,
    [32m'X-Timestamp'[39m: [32m'1770361857383'[39m
  },
  data: { refreshToken: [32m'y&!}&ia&j^jX&@}-G"!K dRI{j~ $'[39m },
  params: [90mundefined[39m
}

stderr | src/test/properties/auth.property.test.ts > 璁よ瘉灞炴€ф祴璇?[2m > Property 1.1: Token Expiration Consistency
Error: AggregateError
    at Object.dispatchError (E:\learn\projects\blog-frontend-vue\node_modules\jsdom\lib\jsdom\living\xhr\xhr-utils.js:63:19)
    at EventEmitter.<anonymous> (E:\learn\projects\blog-frontend-vue\node_modules\jsdom\lib\jsdom\living\xhr\XMLHttpRequest-impl.js:655:18)
    at EventEmitter.emit (node:events:520:35)
    at Request.<anonymous> (E:\learn\projects\blog-frontend-vue\node_modules\jsdom\lib\jsdom\living\xhr\xhr-utils.js:404:14)
    at Request.emit (node:events:508:28)
    at ClientRequest.<anonymous> (E:\learn\projects\blog-frontend-vue\node_modules\jsdom\lib\jsdom\living\helpers\http-request.js:127:14)
    at ClientRequest.emit (node:events:508:28)
    at emitErrorEvent (node:_http_client:107:11)
    at Socket.socketErrorListener (node:_http_client:574:5)
    at Socket.emit (node:events:508:28) undefined
[HTTP Response Error] {
  url: '/auth/refresh',
  status: undefined,
  data: undefined,
  message: 'Network Error'
}
Token refresh failed: AxiosError: Network Error
    at XMLHttpRequest.handleError (file:///E:/learn/projects/blog-frontend-vue/node_modules/axios/lib/adapters/xhr.js:112:20)
    at XMLHttpRequest.invokeTheCallbackFunction (E:\learn\projects\blog-frontend-vue\node_modules\jsdom\lib\jsdom\living\generated\EventHandlerNonNull.js:14:28)
    at XMLHttpRequest.<anonymous> (E:\learn\projects\blog-frontend-vue\node_modules\jsdom\lib\jsdom\living\helpers\create-event-accessor.js:35:32)
    at innerInvokeEventListeners (E:\learn\projects\blog-frontend-vue\node_modules\jsdom\lib\jsdom\living\events\EventTarget-impl.js:350:25)
    at invokeEventListeners (E:\learn\projects\blog-frontend-vue\node_modules\jsdom\lib\jsdom\living\events\EventTarget-impl.js:286:3)
    at XMLHttpRequestImpl._dispatch (E:\learn\projects\blog-frontend-vue\node_modules\jsdom\lib\jsdom\living\events\EventTarget-impl.js:233:9)
    at fireAnEvent (E:\learn\projects\blog-frontend-vue\node_modules\jsdom\lib\jsdom\living\helpers\events.js:18:36)
    at requestErrorSteps (E:\learn\projects\blog-frontend-vue\node_modules\jsdom\lib\jsdom\living\xhr\xhr-utils.js:131:3)
    at Object.dispatchError (E:\learn\projects\blog-frontend-vue\node_modules\jsdom\lib\jsdom\living\xhr\xhr-utils.js:60:3)
    at EventEmitter.<anonymous> (E:\learn\projects\blog-frontend-vue\node_modules\jsdom\lib\jsdom\living\xhr\XMLHttpRequest-impl.js:655:18)
    at Axios.request (file:///E:/learn/projects/blog-frontend-vue/node_modules/axios/lib/core/Axios.js:45:41)
    at processTicksAndRejections (node:internal/process/task_queues:105:5)
    at HttpClient.post (E:\learn\projects\blog-frontend-vue\src\utils\request.ts:289:22)
    at refreshAccessToken (E:\learn\projects\blog-frontend-vue\src\stores\auth.ts:405:24)
    at Proxy.initAuth (E:\learn\projects\blog-frontend-vue\src\stores\auth.ts:519:13)
    at E:\learn\projects\blog-frontend-vue\src\test\properties\auth.property.test.ts:133:11
    at AsyncProperty.run (file:///E:/learn/projects/blog-frontend-vue/node_modules/fast-check/lib/esm/check/property/AsyncProperty.generic.js:46:28)
    at asyncRunIt (file:///E:/learn/projects/blog-frontend-vue/node_modules/fast-check/lib/esm/check/runner/Runner.js:33:21)
    at E:\learn\projects\blog-frontend-vue\src\test\properties\auth.property.test.ts:114:5
    at runTest (file:///E:/learn/projects/blog-frontend-vue/node_modules/@vitest/runner/dist/index.js:781:11) {
  isAxiosError: true,
  code: 'ERR_NETWORK',
  config: {
    transitional: {
      silentJSONParsing: true,
      forcedJSONParsing: true,
      clarifyTimeoutError: false
    },
    adapter: [ 'xhr', 'http', 'fetch' ],
    transformRequest: [ [Function: transformRequest] ],
    transformResponse: [ [Function: transformResponse] ],
    timeout: 10000,
    xsrfCookieName: 'XSRF-TOKEN',
    xsrfHeaderName: 'X-XSRF-TOKEN',
    maxContentLength: -1,
    maxBodyLength: -1,
    env: { FormData: [Function], Blob: [class Blob] },
    validateStatus: [Function: validateStatus],
    headers: Object [AxiosHeaders] {
      Accept: 'application/json',
      'Content-Type': 'application/json',
      'skip-auth': 'true',
      'X-Request-ID': 'req_1770361857383_xkwk8w59k',
      'X-Timestamp': '1770361857383'
    },
    baseURL: 'http://localhost:8000/api/v1',
    method: 'post',
    url: '/auth/refresh',
    data: '{"refreshToken":"y&!}&ia&j^jX&@}-G\\"!K dRI{j~ $"}',
    allowAbsoluteUrls: true
  },
  request: XMLHttpRequest {},
  event: ProgressEvent { isTrusted: [Getter] }
}
Auto refresh token failed: AxiosError: Network Error
    at XMLHttpRequest.handleError (file:///E:/learn/projects/blog-frontend-vue/node_modules/axios/lib/adapters/xhr.js:112:20)
    at XMLHttpRequest.invokeTheCallbackFunction (E:\learn\projects\blog-frontend-vue\node_modules\jsdom\lib\jsdom\living\generated\EventHandlerNonNull.js:14:28)
    at XMLHttpRequest.<anonymous> (E:\learn\projects\blog-frontend-vue\node_modules\jsdom\lib\jsdom\living\helpers\create-event-accessor.js:35:32)
    at innerInvokeEventListeners (E:\learn\projects\blog-frontend-vue\node_modules\jsdom\lib\jsdom\living\events\EventTarget-impl.js:350:25)
    at invokeEventListeners (E:\learn\projects\blog-frontend-vue\node_modules\jsdom\lib\jsdom\living\events\EventTarget-impl.js:286:3)
    at XMLHttpRequestImpl._dispatch (E:\learn\projects\blog-frontend-vue\node_modules\jsdom\lib\jsdom\living\events\EventTarget-impl.js:233:9)
    at fireAnEvent (E:\learn\projects\blog-frontend-vue\node_modules\jsdom\lib\jsdom\living\helpers\events.js:18:36)
    at requestErrorSteps (E:\learn\projects\blog-frontend-vue\node_modules\jsdom\lib\jsdom\living\xhr\xhr-utils.js:131:3)
    at Object.dispatchError (E:\learn\projects\blog-frontend-vue\node_modules\jsdom\lib\jsdom\living\xhr\xhr-utils.js:60:3)
    at EventEmitter.<anonymous> (E:\learn\projects\blog-frontend-vue\node_modules\jsdom\lib\jsdom\living\xhr\XMLHttpRequest-impl.js:655:18)
    at Axios.request (file:///E:/learn/projects/blog-frontend-vue/node_modules/axios/lib/core/Axios.js:45:41)
    at processTicksAndRejections (node:internal/process/task_queues:105:5)
    at HttpClient.post (E:\learn\projects\blog-frontend-vue\src\utils\request.ts:289:22)
    at refreshAccessToken (E:\learn\projects\blog-frontend-vue\src\stores\auth.ts:405:24)
    at Proxy.initAuth (E:\learn\projects\blog-frontend-vue\src\stores\auth.ts:519:13)
    at E:\learn\projects\blog-frontend-vue\src\test\properties\auth.property.test.ts:133:11
    at AsyncProperty.run (file:///E:/learn/projects/blog-frontend-vue/node_modules/fast-check/lib/esm/check/property/AsyncProperty.generic.js:46:28)
    at asyncRunIt (file:///E:/learn/projects/blog-frontend-vue/node_modules/fast-check/lib/esm/check/runner/Runner.js:33:21)
    at E:\learn\projects\blog-frontend-vue\src\test\properties\auth.property.test.ts:114:5
    at runTest (file:///E:/learn/projects/blog-frontend-vue/node_modules/@vitest/runner/dist/index.js:781:11) {
  isAxiosError: true,
  code: 'ERR_NETWORK',
  config: {
    transitional: {
      silentJSONParsing: true,
      forcedJSONParsing: true,
      clarifyTimeoutError: false
    },
    adapter: [ 'xhr', 'http', 'fetch' ],
    transformRequest: [ [Function: transformRequest] ],
    transformResponse: [ [Function: transformResponse] ],
    timeout: 10000,
    xsrfCookieName: 'XSRF-TOKEN',
    xsrfHeaderName: 'X-XSRF-TOKEN',
    maxContentLength: -1,
    maxBodyLength: -1,
    env: { FormData: [Function], Blob: [class Blob] },
    validateStatus: [Function: validateStatus],
    headers: Object [AxiosHeaders] {
      Accept: 'application/json',
      'Content-Type': 'application/json',
      'skip-auth': 'true',
      'X-Request-ID': 'req_1770361857383_xkwk8w59k',
      'X-Timestamp': '1770361857383'
    },
    baseURL: 'http://localhost:8000/api/v1',
    method: 'post',
    url: '/auth/refresh',
    data: '{"refreshToken":"y&!}&ia&j^jX&@}-G\\"!K dRI{j~ $"}',
    allowAbsoluteUrls: true
  },
  request: XMLHttpRequest {},
  event: ProgressEvent { isTrusted: [Getter] }
}

[90mstdout[2m | src/test/properties/auth.property.test.ts[2m > [22m[2m璁よ瘉灞炴€ф祴璇?[2m > [22m[2mProperty 1.1: Token Expiration Consistency[22m[39m
[HTTP Request] POST /auth/refresh {
  headers: Object [AxiosHeaders] {
    Accept: [32m'application/json'[39m,
    [32m'Content-Type'[39m: [32m'application/json'[39m,
    [32m'skip-auth'[39m: [32m'true'[39m,
    [32m'X-Request-ID'[39m: [32m'req_1770361857407_byxraggwl'[39m,
    [32m'X-Timestamp'[39m: [32m'1770361857408'[39m
  },
  data: { refreshToken: [32m'8]|Gxd#0_&;(!((2F.:JsCg}'[39m },
  params: [90mundefined[39m
}

stderr | src/test/properties/auth.property.test.ts > 璁よ瘉灞炴€ф祴璇?[2m > Property 1.1: Token Expiration Consistency
Error: AggregateError
    at Object.dispatchError (E:\learn\projects\blog-frontend-vue\node_modules\jsdom\lib\jsdom\living\xhr\xhr-utils.js:63:19)
    at EventEmitter.<anonymous> (E:\learn\projects\blog-frontend-vue\node_modules\jsdom\lib\jsdom\living\xhr\XMLHttpRequest-impl.js:655:18)
    at EventEmitter.emit (node:events:520:35)
    at Request.<anonymous> (E:\learn\projects\blog-frontend-vue\node_modules\jsdom\lib\jsdom\living\xhr\xhr-utils.js:404:14)
    at Request.emit (node:events:508:28)
    at ClientRequest.<anonymous> (E:\learn\projects\blog-frontend-vue\node_modules\jsdom\lib\jsdom\living\helpers\http-request.js:127:14)
    at ClientRequest.emit (node:events:508:28)
    at emitErrorEvent (node:_http_client:107:11)
    at Socket.socketErrorListener (node:_http_client:574:5)
    at Socket.emit (node:events:508:28) undefined
[HTTP Response Error] {
  url: '/auth/refresh',
  status: undefined,
  data: undefined,
  message: 'Network Error'
}
Token refresh failed: AxiosError: Network Error
    at XMLHttpRequest.handleError (file:///E:/learn/projects/blog-frontend-vue/node_modules/axios/lib/adapters/xhr.js:112:20)
    at XMLHttpRequest.invokeTheCallbackFunction (E:\learn\projects\blog-frontend-vue\node_modules\jsdom\lib\jsdom\living\generated\EventHandlerNonNull.js:14:28)
    at XMLHttpRequest.<anonymous> (E:\learn\projects\blog-frontend-vue\node_modules\jsdom\lib\jsdom\living\helpers\create-event-accessor.js:35:32)
    at innerInvokeEventListeners (E:\learn\projects\blog-frontend-vue\node_modules\jsdom\lib\jsdom\living\events\EventTarget-impl.js:350:25)
    at invokeEventListeners (E:\learn\projects\blog-frontend-vue\node_modules\jsdom\lib\jsdom\living\events\EventTarget-impl.js:286:3)
    at XMLHttpRequestImpl._dispatch (E:\learn\projects\blog-frontend-vue\node_modules\jsdom\lib\jsdom\living\events\EventTarget-impl.js:233:9)
    at fireAnEvent (E:\learn\projects\blog-frontend-vue\node_modules\jsdom\lib\jsdom\living\helpers\events.js:18:36)
    at requestErrorSteps (E:\learn\projects\blog-frontend-vue\node_modules\jsdom\lib\jsdom\living\xhr\xhr-utils.js:131:3)
    at Object.dispatchError (E:\learn\projects\blog-frontend-vue\node_modules\jsdom\lib\jsdom\living\xhr\xhr-utils.js:60:3)
    at EventEmitter.<anonymous> (E:\learn\projects\blog-frontend-vue\node_modules\jsdom\lib\jsdom\living\xhr\XMLHttpRequest-impl.js:655:18)
    at Axios.request (file:///E:/learn/projects/blog-frontend-vue/node_modules/axios/lib/core/Axios.js:45:41)
    at processTicksAndRejections (node:internal/process/task_queues:105:5)
    at HttpClient.post (E:\learn\projects\blog-frontend-vue\src\utils\request.ts:289:22)
    at refreshAccessToken (E:\learn\projects\blog-frontend-vue\src\stores\auth.ts:405:24)
    at Proxy.initAuth (E:\learn\projects\blog-frontend-vue\src\stores\auth.ts:519:13)
    at E:\learn\projects\blog-frontend-vue\src\test\properties\auth.property.test.ts:133:11
    at AsyncProperty.run (file:///E:/learn/projects/blog-frontend-vue/node_modules/fast-check/lib/esm/check/property/AsyncProperty.generic.js:46:28)
    at asyncRunIt (file:///E:/learn/projects/blog-frontend-vue/node_modules/fast-check/lib/esm/check/runner/Runner.js:33:21)
    at E:\learn\projects\blog-frontend-vue\src\test\properties\auth.property.test.ts:114:5
    at runTest (file:///E:/learn/projects/blog-frontend-vue/node_modules/@vitest/runner/dist/index.js:781:11) {
  isAxiosError: true,
  code: 'ERR_NETWORK',
  config: {
    transitional: {
      silentJSONParsing: true,
      forcedJSONParsing: true,
      clarifyTimeoutError: false
    },
    adapter: [ 'xhr', 'http', 'fetch' ],
    transformRequest: [ [Function: transformRequest] ],
    transformResponse: [ [Function: transformResponse] ],
    timeout: 10000,
    xsrfCookieName: 'XSRF-TOKEN',
    xsrfHeaderName: 'X-XSRF-TOKEN',
    maxContentLength: -1,
    maxBodyLength: -1,
    env: { FormData: [Function], Blob: [class Blob] },
    validateStatus: [Function: validateStatus],
    headers: Object [AxiosHeaders] {
      Accept: 'application/json',
      'Content-Type': 'application/json',
      'skip-auth': 'true',
      'X-Request-ID': 'req_1770361857407_byxraggwl',
      'X-Timestamp': '1770361857408'
    },
    baseURL: 'http://localhost:8000/api/v1',
    method: 'post',
    url: '/auth/refresh',
    data: '{"refreshToken":"8]|Gxd#0_&;(!((2F.:JsCg}"}',
    allowAbsoluteUrls: true
  },
  request: XMLHttpRequest {},
  event: ProgressEvent { isTrusted: [Getter] }
}
Auto refresh token failed: AxiosError: Network Error
    at XMLHttpRequest.handleError (file:///E:/learn/projects/blog-frontend-vue/node_modules/axios/lib/adapters/xhr.js:112:20)
    at XMLHttpRequest.invokeTheCallbackFunction (E:\learn\projects\blog-frontend-vue\node_modules\jsdom\lib\jsdom\living\generated\EventHandlerNonNull.js:14:28)
    at XMLHttpRequest.<anonymous> (E:\learn\projects\blog-frontend-vue\node_modules\jsdom\lib\jsdom\living\helpers\create-event-accessor.js:35:32)
    at innerInvokeEventListeners (E:\learn\projects\blog-frontend-vue\node_modules\jsdom\lib\jsdom\living\events\EventTarget-impl.js:350:25)
    at invokeEventListeners (E:\learn\projects\blog-frontend-vue\node_modules\jsdom\lib\jsdom\living\events\EventTarget-impl.js:286:3)
    at XMLHttpRequestImpl._dispatch (E:\learn\projects\blog-frontend-vue\node_modules\jsdom\lib\jsdom\living\events\EventTarget-impl.js:233:9)
    at fireAnEvent (E:\learn\projects\blog-frontend-vue\node_modules\jsdom\lib\jsdom\living\helpers\events.js:18:36)
    at requestErrorSteps (E:\learn\projects\blog-frontend-vue\node_modules\jsdom\lib\jsdom\living\xhr\xhr-utils.js:131:3)
    at Object.dispatchError (E:\learn\projects\blog-frontend-vue\node_modules\jsdom\lib\jsdom\living\xhr\xhr-utils.js:60:3)
    at EventEmitter.<anonymous> (E:\learn\projects\blog-frontend-vue\node_modules\jsdom\lib\jsdom\living\xhr\XMLHttpRequest-impl.js:655:18)
    at Axios.request (file:///E:/learn/projects/blog-frontend-vue/node_modules/axios/lib/core/Axios.js:45:41)
    at processTicksAndRejections (node:internal/process/task_queues:105:5)
    at HttpClient.post (E:\learn\projects\blog-frontend-vue\src\utils\request.ts:289:22)
    at refreshAccessToken (E:\learn\projects\blog-frontend-vue\src\stores\auth.ts:405:24)
    at Proxy.initAuth (E:\learn\projects\blog-frontend-vue\src\stores\auth.ts:519:13)
    at E:\learn\projects\blog-frontend-vue\src\test\properties\auth.property.test.ts:133:11
    at AsyncProperty.run (file:///E:/learn/projects/blog-frontend-vue/node_modules/fast-check/lib/esm/check/property/AsyncProperty.generic.js:46:28)
    at asyncRunIt (file:///E:/learn/projects/blog-frontend-vue/node_modules/fast-check/lib/esm/check/runner/Runner.js:33:21)
    at E:\learn\projects\blog-frontend-vue\src\test\properties\auth.property.test.ts:114:5
    at runTest (file:///E:/learn/projects/blog-frontend-vue/node_modules/@vitest/runner/dist/index.js:781:11) {
  isAxiosError: true,
  code: 'ERR_NETWORK',
  config: {
    transitional: {
      silentJSONParsing: true,
      forcedJSONParsing: true,
      clarifyTimeoutError: false
    },
    adapter: [ 'xhr', 'http', 'fetch' ],
    transformRequest: [ [Function: transformRequest] ],
    transformResponse: [ [Function: transformResponse] ],
    timeout: 10000,
    xsrfCookieName: 'XSRF-TOKEN',
    xsrfHeaderName: 'X-XSRF-TOKEN',
    maxContentLength: -1,
    maxBodyLength: -1,
    env: { FormData: [Function], Blob: [class Blob] },
    validateStatus: [Function: validateStatus],
    headers: Object [AxiosHeaders] {
      Accept: 'application/json',
      'Content-Type': 'application/json',
      'skip-auth': 'true',
      'X-Request-ID': 'req_1770361857407_byxraggwl',
      'X-Timestamp': '1770361857408'
    },
    baseURL: 'http://localhost:8000/api/v1',
    method: 'post',
    url: '/auth/refresh',
    data: '{"refreshToken":"8]|Gxd#0_&;(!((2F.:JsCg}"}',
    allowAbsoluteUrls: true
  },
  request: XMLHttpRequest {},
  event: ProgressEvent { isTrusted: [Getter] }
}

[90mstdout[2m | src/test/properties/auth.property.test.ts[2m > [22m[2m璁よ瘉灞炴€ф祴璇?[2m > [22m[2mProperty 1.1: Token Expiration Consistency[22m[39m
[HTTP Request] POST /auth/refresh {
  headers: Object [AxiosHeaders] {
    Accept: [32m'application/json'[39m,
    [32m'Content-Type'[39m: [32m'application/json'[39m,
    [32m'skip-auth'[39m: [32m'true'[39m,
    [32m'X-Request-ID'[39m: [32m'req_1770361857415_bwy16siop'[39m,
    [32m'X-Timestamp'[39m: [32m'1770361857415'[39m
  },
  data: { refreshToken: [32m'vded]-hL^}D#rf2j;f:RhH+ k2OU#D6"AEygT?[bz?'[39m },
  params: [90mundefined[39m
}

stderr | src/test/properties/auth.property.test.ts > 璁よ瘉灞炴€ф祴璇?[2m > Property 1.1: Token Expiration Consistency
Error: AggregateError
    at Object.dispatchError (E:\learn\projects\blog-frontend-vue\node_modules\jsdom\lib\jsdom\living\xhr\xhr-utils.js:63:19)
    at EventEmitter.<anonymous> (E:\learn\projects\blog-frontend-vue\node_modules\jsdom\lib\jsdom\living\xhr\XMLHttpRequest-impl.js:655:18)
    at EventEmitter.emit (node:events:520:35)
    at Request.<anonymous> (E:\learn\projects\blog-frontend-vue\node_modules\jsdom\lib\jsdom\living\xhr\xhr-utils.js:404:14)
    at Request.emit (node:events:508:28)
    at ClientRequest.<anonymous> (E:\learn\projects\blog-frontend-vue\node_modules\jsdom\lib\jsdom\living\helpers\http-request.js:127:14)
    at ClientRequest.emit (node:events:508:28)
    at emitErrorEvent (node:_http_client:107:11)
    at Socket.socketErrorListener (node:_http_client:574:5)
    at Socket.emit (node:events:508:28) undefined
[HTTP Response Error] {
  url: '/auth/refresh',
  status: undefined,
  data: undefined,
  message: 'Network Error'
}
Token refresh failed: AxiosError: Network Error
    at XMLHttpRequest.handleError (file:///E:/learn/projects/blog-frontend-vue/node_modules/axios/lib/adapters/xhr.js:112:20)
    at XMLHttpRequest.invokeTheCallbackFunction (E:\learn\projects\blog-frontend-vue\node_modules\jsdom\lib\jsdom\living\generated\EventHandlerNonNull.js:14:28)
    at XMLHttpRequest.<anonymous> (E:\learn\projects\blog-frontend-vue\node_modules\jsdom\lib\jsdom\living\helpers\create-event-accessor.js:35:32)
    at innerInvokeEventListeners (E:\learn\projects\blog-frontend-vue\node_modules\jsdom\lib\jsdom\living\events\EventTarget-impl.js:350:25)
    at invokeEventListeners (E:\learn\projects\blog-frontend-vue\node_modules\jsdom\lib\jsdom\living\events\EventTarget-impl.js:286:3)
    at XMLHttpRequestImpl._dispatch (E:\learn\projects\blog-frontend-vue\node_modules\jsdom\lib\jsdom\living\events\EventTarget-impl.js:233:9)
    at fireAnEvent (E:\learn\projects\blog-frontend-vue\node_modules\jsdom\lib\jsdom\living\helpers\events.js:18:36)
    at requestErrorSteps (E:\learn\projects\blog-frontend-vue\node_modules\jsdom\lib\jsdom\living\xhr\xhr-utils.js:131:3)
    at Object.dispatchError (E:\learn\projects\blog-frontend-vue\node_modules\jsdom\lib\jsdom\living\xhr\xhr-utils.js:60:3)
    at EventEmitter.<anonymous> (E:\learn\projects\blog-frontend-vue\node_modules\jsdom\lib\jsdom\living\xhr\XMLHttpRequest-impl.js:655:18)
    at Axios.request (file:///E:/learn/projects/blog-frontend-vue/node_modules/axios/lib/core/Axios.js:45:41)
    at processTicksAndRejections (node:internal/process/task_queues:105:5)
    at HttpClient.post (E:\learn\projects\blog-frontend-vue\src\utils\request.ts:289:22)
    at refreshAccessToken (E:\learn\projects\blog-frontend-vue\src\stores\auth.ts:405:24)
    at Proxy.initAuth (E:\learn\projects\blog-frontend-vue\src\stores\auth.ts:519:13)
    at E:\learn\projects\blog-frontend-vue\src\test\properties\auth.property.test.ts:133:11
    at AsyncProperty.run (file:///E:/learn/projects/blog-frontend-vue/node_modules/fast-check/lib/esm/check/property/AsyncProperty.generic.js:46:28)
    at asyncRunIt (file:///E:/learn/projects/blog-frontend-vue/node_modules/fast-check/lib/esm/check/runner/Runner.js:33:21)
    at E:\learn\projects\blog-frontend-vue\src\test\properties\auth.property.test.ts:114:5
    at runTest (file:///E:/learn/projects/blog-frontend-vue/node_modules/@vitest/runner/dist/index.js:781:11) {
  isAxiosError: true,
  code: 'ERR_NETWORK',
  config: {
    transitional: {
      silentJSONParsing: true,
      forcedJSONParsing: true,
      clarifyTimeoutError: false
    },
    adapter: [ 'xhr', 'http', 'fetch' ],
    transformRequest: [ [Function: transformRequest] ],
    transformResponse: [ [Function: transformResponse] ],
    timeout: 10000,
    xsrfCookieName: 'XSRF-TOKEN',
    xsrfHeaderName: 'X-XSRF-TOKEN',
    maxContentLength: -1,
    maxBodyLength: -1,
    env: { FormData: [Function], Blob: [class Blob] },
    validateStatus: [Function: validateStatus],
    headers: Object [AxiosHeaders] {
      Accept: 'application/json',
      'Content-Type': 'application/json',
      'skip-auth': 'true',
      'X-Request-ID': 'req_1770361857415_bwy16siop',
      'X-Timestamp': '1770361857415'
    },
    baseURL: 'http://localhost:8000/api/v1',
    method: 'post',
    url: '/auth/refresh',
    data: '{"refreshToken":"vded]-hL^}D#rf2j;f:RhH+ k2OU#D6\\"AEygT?[bz?"}',
    allowAbsoluteUrls: true
  },
  request: XMLHttpRequest {},
  event: ProgressEvent { isTrusted: [Getter] }
}
Auto refresh token failed: AxiosError: Network Error
    at XMLHttpRequest.handleError (file:///E:/learn/projects/blog-frontend-vue/node_modules/axios/lib/adapters/xhr.js:112:20)
    at XMLHttpRequest.invokeTheCallbackFunction (E:\learn\projects\blog-frontend-vue\node_modules\jsdom\lib\jsdom\living\generated\EventHandlerNonNull.js:14:28)
    at XMLHttpRequest.<anonymous> (E:\learn\projects\blog-frontend-vue\node_modules\jsdom\lib\jsdom\living\helpers\create-event-accessor.js:35:32)
    at innerInvokeEventListeners (E:\learn\projects\blog-frontend-vue\node_modules\jsdom\lib\jsdom\living\events\EventTarget-impl.js:350:25)
    at invokeEventListeners (E:\learn\projects\blog-frontend-vue\node_modules\jsdom\lib\jsdom\living\events\EventTarget-impl.js:286:3)
    at XMLHttpRequestImpl._dispatch (E:\learn\projects\blog-frontend-vue\node_modules\jsdom\lib\jsdom\living\events\EventTarget-impl.js:233:9)
    at fireAnEvent (E:\learn\projects\blog-frontend-vue\node_modules\jsdom\lib\jsdom\living\helpers\events.js:18:36)
    at requestErrorSteps (E:\learn\projects\blog-frontend-vue\node_modules\jsdom\lib\jsdom\living\xhr\xhr-utils.js:131:3)
    at Object.dispatchError (E:\learn\projects\blog-frontend-vue\node_modules\jsdom\lib\jsdom\living\xhr\xhr-utils.js:60:3)
    at EventEmitter.<anonymous> (E:\learn\projects\blog-frontend-vue\node_modules\jsdom\lib\jsdom\living\xhr\XMLHttpRequest-impl.js:655:18)
    at Axios.request (file:///E:/learn/projects/blog-frontend-vue/node_modules/axios/lib/core/Axios.js:45:41)
    at processTicksAndRejections (node:internal/process/task_queues:105:5)
    at HttpClient.post (E:\learn\projects\blog-frontend-vue\src\utils\request.ts:289:22)
    at refreshAccessToken (E:\learn\projects\blog-frontend-vue\src\stores\auth.ts:405:24)
    at Proxy.initAuth (E:\learn\projects\blog-frontend-vue\src\stores\auth.ts:519:13)
    at E:\learn\projects\blog-frontend-vue\src\test\properties\auth.property.test.ts:133:11
    at AsyncProperty.run (file:///E:/learn/projects/blog-frontend-vue/node_modules/fast-check/lib/esm/check/property/AsyncProperty.generic.js:46:28)
    at asyncRunIt (file:///E:/learn/projects/blog-frontend-vue/node_modules/fast-check/lib/esm/check/runner/Runner.js:33:21)
    at E:\learn\projects\blog-frontend-vue\src\test\properties\auth.property.test.ts:114:5
    at runTest (file:///E:/learn/projects/blog-frontend-vue/node_modules/@vitest/runner/dist/index.js:781:11) {
  isAxiosError: true,
  code: 'ERR_NETWORK',
  config: {
    transitional: {
      silentJSONParsing: true,
      forcedJSONParsing: true,
      clarifyTimeoutError: false
    },
    adapter: [ 'xhr', 'http', 'fetch' ],
    transformRequest: [ [Function: transformRequest] ],
    transformResponse: [ [Function: transformResponse] ],
    timeout: 10000,
    xsrfCookieName: 'XSRF-TOKEN',
    xsrfHeaderName: 'X-XSRF-TOKEN',
    maxContentLength: -1,
    maxBodyLength: -1,
    env: { FormData: [Function], Blob: [class Blob] },
    validateStatus: [Function: validateStatus],
    headers: Object [AxiosHeaders] {
      Accept: 'application/json',
      'Content-Type': 'application/json',
      'skip-auth': 'true',
      'X-Request-ID': 'req_1770361857415_bwy16siop',
      'X-Timestamp': '1770361857415'
    },
    baseURL: 'http://localhost:8000/api/v1',
    method: 'post',
    url: '/auth/refresh',
    data: '{"refreshToken":"vded]-hL^}D#rf2j;f:RhH+ k2OU#D6\\"AEygT?[bz?"}',
    allowAbsoluteUrls: true
  },
  request: XMLHttpRequest {},
  event: ProgressEvent { isTrusted: [Getter] }
}

[90mstdout[2m | src/test/properties/auth.property.test.ts[2m > [22m[2m璁よ瘉灞炴€ф祴璇?[2m > [22m[2mProperty 1.1: Token Expiration Consistency[22m[39m
[HTTP Request] POST /auth/refresh {
  headers: Object [AxiosHeaders] {
    Accept: [32m'application/json'[39m,
    [32m'Content-Type'[39m: [32m'application/json'[39m,
    [32m'skip-auth'[39m: [32m'true'[39m,
    [32m'X-Request-ID'[39m: [32m'req_1770361857433_vmqoi83wg'[39m,
    [32m'X-Timestamp'[39m: [32m'1770361857433'[39m
  },
  data: {
    refreshToken: [32m'\\5>dn!=%p*7R{[CM#]vLRc-UpKQ~A[tzTY6&aZy!@ABPB3|bFY'[39m
  },
  params: [90mundefined[39m
}

stderr | src/test/properties/auth.property.test.ts > 璁よ瘉灞炴€ф祴璇?[2m > Property 1.1: Token Expiration Consistency
Error: AggregateError
    at Object.dispatchError (E:\learn\projects\blog-frontend-vue\node_modules\jsdom\lib\jsdom\living\xhr\xhr-utils.js:63:19)
    at EventEmitter.<anonymous> (E:\learn\projects\blog-frontend-vue\node_modules\jsdom\lib\jsdom\living\xhr\XMLHttpRequest-impl.js:655:18)
    at EventEmitter.emit (node:events:520:35)
    at Request.<anonymous> (E:\learn\projects\blog-frontend-vue\node_modules\jsdom\lib\jsdom\living\xhr\xhr-utils.js:404:14)
    at Request.emit (node:events:508:28)
    at ClientRequest.<anonymous> (E:\learn\projects\blog-frontend-vue\node_modules\jsdom\lib\jsdom\living\helpers\http-request.js:127:14)
    at ClientRequest.emit (node:events:508:28)
    at emitErrorEvent (node:_http_client:107:11)
    at Socket.socketErrorListener (node:_http_client:574:5)
    at Socket.emit (node:events:508:28) undefined
[HTTP Response Error] {
  url: '/auth/refresh',
  status: undefined,
  data: undefined,
  message: 'Network Error'
}
Token refresh failed: AxiosError: Network Error
    at XMLHttpRequest.handleError (file:///E:/learn/projects/blog-frontend-vue/node_modules/axios/lib/adapters/xhr.js:112:20)
    at XMLHttpRequest.invokeTheCallbackFunction (E:\learn\projects\blog-frontend-vue\node_modules\jsdom\lib\jsdom\living\generated\EventHandlerNonNull.js:14:28)
    at XMLHttpRequest.<anonymous> (E:\learn\projects\blog-frontend-vue\node_modules\jsdom\lib\jsdom\living\helpers\create-event-accessor.js:35:32)
    at innerInvokeEventListeners (E:\learn\projects\blog-frontend-vue\node_modules\jsdom\lib\jsdom\living\events\EventTarget-impl.js:350:25)
    at invokeEventListeners (E:\learn\projects\blog-frontend-vue\node_modules\jsdom\lib\jsdom\living\events\EventTarget-impl.js:286:3)
    at XMLHttpRequestImpl._dispatch (E:\learn\projects\blog-frontend-vue\node_modules\jsdom\lib\jsdom\living\events\EventTarget-impl.js:233:9)
    at fireAnEvent (E:\learn\projects\blog-frontend-vue\node_modules\jsdom\lib\jsdom\living\helpers\events.js:18:36)
    at requestErrorSteps (E:\learn\projects\blog-frontend-vue\node_modules\jsdom\lib\jsdom\living\xhr\xhr-utils.js:131:3)
    at Object.dispatchError (E:\learn\projects\blog-frontend-vue\node_modules\jsdom\lib\jsdom\living\xhr\xhr-utils.js:60:3)
    at EventEmitter.<anonymous> (E:\learn\projects\blog-frontend-vue\node_modules\jsdom\lib\jsdom\living\xhr\XMLHttpRequest-impl.js:655:18)
    at Axios.request (file:///E:/learn/projects/blog-frontend-vue/node_modules/axios/lib/core/Axios.js:45:41)
    at processTicksAndRejections (node:internal/process/task_queues:105:5)
    at HttpClient.post (E:\learn\projects\blog-frontend-vue\src\utils\request.ts:289:22)
    at refreshAccessToken (E:\learn\projects\blog-frontend-vue\src\stores\auth.ts:405:24)
    at Proxy.initAuth (E:\learn\projects\blog-frontend-vue\src\stores\auth.ts:519:13)
    at E:\learn\projects\blog-frontend-vue\src\test\properties\auth.property.test.ts:133:11
    at AsyncProperty.run (file:///E:/learn/projects/blog-frontend-vue/node_modules/fast-check/lib/esm/check/property/AsyncProperty.generic.js:46:28)
    at asyncRunIt (file:///E:/learn/projects/blog-frontend-vue/node_modules/fast-check/lib/esm/check/runner/Runner.js:33:21)
    at E:\learn\projects\blog-frontend-vue\src\test\properties\auth.property.test.ts:114:5
    at runTest (file:///E:/learn/projects/blog-frontend-vue/node_modules/@vitest/runner/dist/index.js:781:11) {
  isAxiosError: true,
  code: 'ERR_NETWORK',
  config: {
    transitional: {
      silentJSONParsing: true,
      forcedJSONParsing: true,
      clarifyTimeoutError: false
    },
    adapter: [ 'xhr', 'http', 'fetch' ],
    transformRequest: [ [Function: transformRequest] ],
    transformResponse: [ [Function: transformResponse] ],
    timeout: 10000,
    xsrfCookieName: 'XSRF-TOKEN',
    xsrfHeaderName: 'X-XSRF-TOKEN',
    maxContentLength: -1,
    maxBodyLength: -1,
    env: { FormData: [Function], Blob: [class Blob] },
    validateStatus: [Function: validateStatus],
    headers: Object [AxiosHeaders] {
      Accept: 'application/json',
      'Content-Type': 'application/json',
      'skip-auth': 'true',
      'X-Request-ID': 'req_1770361857433_vmqoi83wg',
      'X-Timestamp': '1770361857433'
    },
    baseURL: 'http://localhost:8000/api/v1',
    method: 'post',
    url: '/auth/refresh',
    data: '{"refreshToken":"\\\\5>dn!=%p*7R{[CM#]vLRc-UpKQ~A[tzTY6&aZy!@ABPB3|bFY"}',
    allowAbsoluteUrls: true
  },
  request: XMLHttpRequest {},
  event: ProgressEvent { isTrusted: [Getter] }
}
Auto refresh token failed: AxiosError: Network Error
    at XMLHttpRequest.handleError (file:///E:/learn/projects/blog-frontend-vue/node_modules/axios/lib/adapters/xhr.js:112:20)
    at XMLHttpRequest.invokeTheCallbackFunction (E:\learn\projects\blog-frontend-vue\node_modules\jsdom\lib\jsdom\living\generated\EventHandlerNonNull.js:14:28)
    at XMLHttpRequest.<anonymous> (E:\learn\projects\blog-frontend-vue\node_modules\jsdom\lib\jsdom\living\helpers\create-event-accessor.js:35:32)
    at innerInvokeEventListeners (E:\learn\projects\blog-frontend-vue\node_modules\jsdom\lib\jsdom\living\events\EventTarget-impl.js:350:25)
    at invokeEventListeners (E:\learn\projects\blog-frontend-vue\node_modules\jsdom\lib\jsdom\living\events\EventTarget-impl.js:286:3)
    at XMLHttpRequestImpl._dispatch (E:\learn\projects\blog-frontend-vue\node_modules\jsdom\lib\jsdom\living\events\EventTarget-impl.js:233:9)
    at fireAnEvent (E:\learn\projects\blog-frontend-vue\node_modules\jsdom\lib\jsdom\living\helpers\events.js:18:36)
    at requestErrorSteps (E:\learn\projects\blog-frontend-vue\node_modules\jsdom\lib\jsdom\living\xhr\xhr-utils.js:131:3)
    at Object.dispatchError (E:\learn\projects\blog-frontend-vue\node_modules\jsdom\lib\jsdom\living\xhr\xhr-utils.js:60:3)
    at EventEmitter.<anonymous> (E:\learn\projects\blog-frontend-vue\node_modules\jsdom\lib\jsdom\living\xhr\XMLHttpRequest-impl.js:655:18)
    at Axios.request (file:///E:/learn/projects/blog-frontend-vue/node_modules/axios/lib/core/Axios.js:45:41)
    at processTicksAndRejections (node:internal/process/task_queues:105:5)
    at HttpClient.post (E:\learn\projects\blog-frontend-vue\src\utils\request.ts:289:22)
    at refreshAccessToken (E:\learn\projects\blog-frontend-vue\src\stores\auth.ts:405:24)
    at Proxy.initAuth (E:\learn\projects\blog-frontend-vue\src\stores\auth.ts:519:13)
    at E:\learn\projects\blog-frontend-vue\src\test\properties\auth.property.test.ts:133:11
    at AsyncProperty.run (file:///E:/learn/projects/blog-frontend-vue/node_modules/fast-check/lib/esm/check/property/AsyncProperty.generic.js:46:28)
    at asyncRunIt (file:///E:/learn/projects/blog-frontend-vue/node_modules/fast-check/lib/esm/check/runner/Runner.js:33:21)
    at E:\learn\projects\blog-frontend-vue\src\test\properties\auth.property.test.ts:114:5
    at runTest (file:///E:/learn/projects/blog-frontend-vue/node_modules/@vitest/runner/dist/index.js:781:11) {
  isAxiosError: true,
  code: 'ERR_NETWORK',
  config: {
    transitional: {
      silentJSONParsing: true,
      forcedJSONParsing: true,
      clarifyTimeoutError: false
    },
    adapter: [ 'xhr', 'http', 'fetch' ],
    transformRequest: [ [Function: transformRequest] ],
    transformResponse: [ [Function: transformResponse] ],
    timeout: 10000,
    xsrfCookieName: 'XSRF-TOKEN',
    xsrfHeaderName: 'X-XSRF-TOKEN',
    maxContentLength: -1,
    maxBodyLength: -1,
    env: { FormData: [Function], Blob: [class Blob] },
    validateStatus: [Function: validateStatus],
    headers: Object [AxiosHeaders] {
      Accept: 'application/json',
      'Content-Type': 'application/json',
      'skip-auth': 'true',
      'X-Request-ID': 'req_1770361857433_vmqoi83wg',
      'X-Timestamp': '1770361857433'
    },
    baseURL: 'http://localhost:8000/api/v1',
    method: 'post',
    url: '/auth/refresh',
    data: '{"refreshToken":"\\\\5>dn!=%p*7R{[CM#]vLRc-UpKQ~A[tzTY6&aZy!@ABPB3|bFY"}',
    allowAbsoluteUrls: true
  },
  request: XMLHttpRequest {},
  event: ProgressEvent { isTrusted: [Getter] }
}

[90mstdout[2m | src/test/properties/auth.property.test.ts[2m > [22m[2m璁よ瘉灞炴€ф祴璇?[2m > [22m[2mProperty 1.1: Token Expiration Consistency[22m[39m
[HTTP Request] POST /auth/refresh {
  headers: Object [AxiosHeaders] {
    Accept: [32m'application/json'[39m,
    [32m'Content-Type'[39m: [32m'application/json'[39m,
    [32m'skip-auth'[39m: [32m'true'[39m,
    [32m'X-Request-ID'[39m: [32m'req_1770361857463_5inu3sda3'[39m,
    [32m'X-Timestamp'[39m: [32m'1770361857463'[39m
  },
  data: { refreshToken: [32m'$propertyIsEnumerablepropertyIsEnumerablepro'[39m },
  params: [90mundefined[39m
}

stderr | src/test/properties/auth.property.test.ts > 璁よ瘉灞炴€ф祴璇?[2m > Property 1.1: Token Expiration Consistency
Error: AggregateError
    at Object.dispatchError (E:\learn\projects\blog-frontend-vue\node_modules\jsdom\lib\jsdom\living\xhr\xhr-utils.js:63:19)
    at EventEmitter.<anonymous> (E:\learn\projects\blog-frontend-vue\node_modules\jsdom\lib\jsdom\living\xhr\XMLHttpRequest-impl.js:655:18)
    at EventEmitter.emit (node:events:520:35)
    at Request.<anonymous> (E:\learn\projects\blog-frontend-vue\node_modules\jsdom\lib\jsdom\living\xhr\xhr-utils.js:404:14)
    at Request.emit (node:events:508:28)
    at ClientRequest.<anonymous> (E:\learn\projects\blog-frontend-vue\node_modules\jsdom\lib\jsdom\living\helpers\http-request.js:127:14)
    at ClientRequest.emit (node:events:508:28)
    at emitErrorEvent (node:_http_client:107:11)
    at Socket.socketErrorListener (node:_http_client:574:5)
    at Socket.emit (node:events:508:28) undefined
[HTTP Response Error] {
  url: '/auth/refresh',
  status: undefined,
  data: undefined,
  message: 'Network Error'
}
Token refresh failed: AxiosError: Network Error
    at XMLHttpRequest.handleError (file:///E:/learn/projects/blog-frontend-vue/node_modules/axios/lib/adapters/xhr.js:112:20)
    at XMLHttpRequest.invokeTheCallbackFunction (E:\learn\projects\blog-frontend-vue\node_modules\jsdom\lib\jsdom\living\generated\EventHandlerNonNull.js:14:28)
    at XMLHttpRequest.<anonymous> (E:\learn\projects\blog-frontend-vue\node_modules\jsdom\lib\jsdom\living\helpers\create-event-accessor.js:35:32)
    at innerInvokeEventListeners (E:\learn\projects\blog-frontend-vue\node_modules\jsdom\lib\jsdom\living\events\EventTarget-impl.js:350:25)
    at invokeEventListeners (E:\learn\projects\blog-frontend-vue\node_modules\jsdom\lib\jsdom\living\events\EventTarget-impl.js:286:3)
    at XMLHttpRequestImpl._dispatch (E:\learn\projects\blog-frontend-vue\node_modules\jsdom\lib\jsdom\living\events\EventTarget-impl.js:233:9)
    at fireAnEvent (E:\learn\projects\blog-frontend-vue\node_modules\jsdom\lib\jsdom\living\helpers\events.js:18:36)
    at requestErrorSteps (E:\learn\projects\blog-frontend-vue\node_modules\jsdom\lib\jsdom\living\xhr\xhr-utils.js:131:3)
    at Object.dispatchError (E:\learn\projects\blog-frontend-vue\node_modules\jsdom\lib\jsdom\living\xhr\xhr-utils.js:60:3)
    at EventEmitter.<anonymous> (E:\learn\projects\blog-frontend-vue\node_modules\jsdom\lib\jsdom\living\xhr\XMLHttpRequest-impl.js:655:18)
    at Axios.request (file:///E:/learn/projects/blog-frontend-vue/node_modules/axios/lib/core/Axios.js:45:41)
    at processTicksAndRejections (node:internal/process/task_queues:105:5)
    at HttpClient.post (E:\learn\projects\blog-frontend-vue\src\utils\request.ts:289:22)
    at refreshAccessToken (E:\learn\projects\blog-frontend-vue\src\stores\auth.ts:405:24)
    at Proxy.initAuth (E:\learn\projects\blog-frontend-vue\src\stores\auth.ts:519:13)
    at E:\learn\projects\blog-frontend-vue\src\test\properties\auth.property.test.ts:133:11
    at AsyncProperty.run (file:///E:/learn/projects/blog-frontend-vue/node_modules/fast-check/lib/esm/check/property/AsyncProperty.generic.js:46:28)
    at asyncRunIt (file:///E:/learn/projects/blog-frontend-vue/node_modules/fast-check/lib/esm/check/runner/Runner.js:33:21)
    at E:\learn\projects\blog-frontend-vue\src\test\properties\auth.property.test.ts:114:5
    at runTest (file:///E:/learn/projects/blog-frontend-vue/node_modules/@vitest/runner/dist/index.js:781:11) {
  isAxiosError: true,
  code: 'ERR_NETWORK',
  config: {
    transitional: {
      silentJSONParsing: true,
      forcedJSONParsing: true,
      clarifyTimeoutError: false
    },
    adapter: [ 'xhr', 'http', 'fetch' ],
    transformRequest: [ [Function: transformRequest] ],
    transformResponse: [ [Function: transformResponse] ],
    timeout: 10000,
    xsrfCookieName: 'XSRF-TOKEN',
    xsrfHeaderName: 'X-XSRF-TOKEN',
    maxContentLength: -1,
    maxBodyLength: -1,
    env: { FormData: [Function], Blob: [class Blob] },
    validateStatus: [Function: validateStatus],
    headers: Object [AxiosHeaders] {
      Accept: 'application/json',
      'Content-Type': 'application/json',
      'skip-auth': 'true',
      'X-Request-ID': 'req_1770361857463_5inu3sda3',
      'X-Timestamp': '1770361857463'
    },
    baseURL: 'http://localhost:8000/api/v1',
    method: 'post',
    url: '/auth/refresh',
    data: '{"refreshToken":"$propertyIsEnumerablepropertyIsEnumerablepro"}',
    allowAbsoluteUrls: true
  },
  request: XMLHttpRequest {},
  event: ProgressEvent { isTrusted: [Getter] }
}
Auto refresh token failed: AxiosError: Network Error
    at XMLHttpRequest.handleError (file:///E:/learn/projects/blog-frontend-vue/node_modules/axios/lib/adapters/xhr.js:112:20)
    at XMLHttpRequest.invokeTheCallbackFunction (E:\learn\projects\blog-frontend-vue\node_modules\jsdom\lib\jsdom\living\generated\EventHandlerNonNull.js:14:28)
    at XMLHttpRequest.<anonymous> (E:\learn\projects\blog-frontend-vue\node_modules\jsdom\lib\jsdom\living\helpers\create-event-accessor.js:35:32)
    at innerInvokeEventListeners (E:\learn\projects\blog-frontend-vue\node_modules\jsdom\lib\jsdom\living\events\EventTarget-impl.js:350:25)
    at invokeEventListeners (E:\learn\projects\blog-frontend-vue\node_modules\jsdom\lib\jsdom\living\events\EventTarget-impl.js:286:3)
    at XMLHttpRequestImpl._dispatch (E:\learn\projects\blog-frontend-vue\node_modules\jsdom\lib\jsdom\living\events\EventTarget-impl.js:233:9)
    at fireAnEvent (E:\learn\projects\blog-frontend-vue\node_modules\jsdom\lib\jsdom\living\helpers\events.js:18:36)
    at requestErrorSteps (E:\learn\projects\blog-frontend-vue\node_modules\jsdom\lib\jsdom\living\xhr\xhr-utils.js:131:3)
    at Object.dispatchError (E:\learn\projects\blog-frontend-vue\node_modules\jsdom\lib\jsdom\living\xhr\xhr-utils.js:60:3)
    at EventEmitter.<anonymous> (E:\learn\projects\blog-frontend-vue\node_modules\jsdom\lib\jsdom\living\xhr\XMLHttpRequest-impl.js:655:18)
    at Axios.request (file:///E:/learn/projects/blog-frontend-vue/node_modules/axios/lib/core/Axios.js:45:41)
    at processTicksAndRejections (node:internal/process/task_queues:105:5)
    at HttpClient.post (E:\learn\projects\blog-frontend-vue\src\utils\request.ts:289:22)
    at refreshAccessToken (E:\learn\projects\blog-frontend-vue\src\stores\auth.ts:405:24)
    at Proxy.initAuth (E:\learn\projects\blog-frontend-vue\src\stores\auth.ts:519:13)
    at E:\learn\projects\blog-frontend-vue\src\test\properties\auth.property.test.ts:133:11
    at AsyncProperty.run (file:///E:/learn/projects/blog-frontend-vue/node_modules/fast-check/lib/esm/check/property/AsyncProperty.generic.js:46:28)
    at asyncRunIt (file:///E:/learn/projects/blog-frontend-vue/node_modules/fast-check/lib/esm/check/runner/Runner.js:33:21)
    at E:\learn\projects\blog-frontend-vue\src\test\properties\auth.property.test.ts:114:5
    at runTest (file:///E:/learn/projects/blog-frontend-vue/node_modules/@vitest/runner/dist/index.js:781:11) {
  isAxiosError: true,
  code: 'ERR_NETWORK',
  config: {
    transitional: {
      silentJSONParsing: true,
      forcedJSONParsing: true,
      clarifyTimeoutError: false
    },
    adapter: [ 'xhr', 'http', 'fetch' ],
    transformRequest: [ [Function: transformRequest] ],
    transformResponse: [ [Function: transformResponse] ],
    timeout: 10000,
    xsrfCookieName: 'XSRF-TOKEN',
    xsrfHeaderName: 'X-XSRF-TOKEN',
    maxContentLength: -1,
    maxBodyLength: -1,
    env: { FormData: [Function], Blob: [class Blob] },
    validateStatus: [Function: validateStatus],
    headers: Object [AxiosHeaders] {
      Accept: 'application/json',
      'Content-Type': 'application/json',
      'skip-auth': 'true',
      'X-Request-ID': 'req_1770361857463_5inu3sda3',
      'X-Timestamp': '1770361857463'
    },
    baseURL: 'http://localhost:8000/api/v1',
    method: 'post',
    url: '/auth/refresh',
    data: '{"refreshToken":"$propertyIsEnumerablepropertyIsEnumerablepro"}',
    allowAbsoluteUrls: true
  },
  request: XMLHttpRequest {},
  event: ProgressEvent { isTrusted: [Getter] }
}

[90mstdout[2m | src/test/properties/auth.property.test.ts[2m > [22m[2m璁よ瘉灞炴€ф祴璇?[2m > [22m[2mProperty 1.1: Token Expiration Consistency[22m[39m
[HTTP Request] POST /auth/refresh {
  headers: Object [AxiosHeaders] {
    Accept: [32m'application/json'[39m,
    [32m'Content-Type'[39m: [32m'application/json'[39m,
    [32m'skip-auth'[39m: [32m'true'[39m,
    [32m'X-Request-ID'[39m: [32m'req_1770361857472_4aagp8m14'[39m,
    [32m'X-Timestamp'[39m: [32m'1770361857472'[39m
  },
  data: { refreshToken: [32m'!~&SYqn!>s/Z-)Ltw|4RpT/-I*y$/'[39m },
  params: [90mundefined[39m
}

stderr | src/test/properties/auth.property.test.ts > 璁よ瘉灞炴€ф祴璇?[2m > Property 1.1: Token Expiration Consistency
Error: AggregateError
    at Object.dispatchError (E:\learn\projects\blog-frontend-vue\node_modules\jsdom\lib\jsdom\living\xhr\xhr-utils.js:63:19)
    at EventEmitter.<anonymous> (E:\learn\projects\blog-frontend-vue\node_modules\jsdom\lib\jsdom\living\xhr\XMLHttpRequest-impl.js:655:18)
    at EventEmitter.emit (node:events:520:35)
    at Request.<anonymous> (E:\learn\projects\blog-frontend-vue\node_modules\jsdom\lib\jsdom\living\xhr\xhr-utils.js:404:14)
    at Request.emit (node:events:508:28)
    at ClientRequest.<anonymous> (E:\learn\projects\blog-frontend-vue\node_modules\jsdom\lib\jsdom\living\helpers\http-request.js:127:14)
    at ClientRequest.emit (node:events:508:28)
    at emitErrorEvent (node:_http_client:107:11)
    at Socket.socketErrorListener (node:_http_client:574:5)
    at Socket.emit (node:events:508:28) undefined
[HTTP Response Error] {
  url: '/auth/refresh',
  status: undefined,
  data: undefined,
  message: 'Network Error'
}
Token refresh failed: AxiosError: Network Error
    at XMLHttpRequest.handleError (file:///E:/learn/projects/blog-frontend-vue/node_modules/axios/lib/adapters/xhr.js:112:20)
    at XMLHttpRequest.invokeTheCallbackFunction (E:\learn\projects\blog-frontend-vue\node_modules\jsdom\lib\jsdom\living\generated\EventHandlerNonNull.js:14:28)
    at XMLHttpRequest.<anonymous> (E:\learn\projects\blog-frontend-vue\node_modules\jsdom\lib\jsdom\living\helpers\create-event-accessor.js:35:32)
    at innerInvokeEventListeners (E:\learn\projects\blog-frontend-vue\node_modules\jsdom\lib\jsdom\living\events\EventTarget-impl.js:350:25)
    at invokeEventListeners (E:\learn\projects\blog-frontend-vue\node_modules\jsdom\lib\jsdom\living\events\EventTarget-impl.js:286:3)
    at XMLHttpRequestImpl._dispatch (E:\learn\projects\blog-frontend-vue\node_modules\jsdom\lib\jsdom\living\events\EventTarget-impl.js:233:9)
    at fireAnEvent (E:\learn\projects\blog-frontend-vue\node_modules\jsdom\lib\jsdom\living\helpers\events.js:18:36)
    at requestErrorSteps (E:\learn\projects\blog-frontend-vue\node_modules\jsdom\lib\jsdom\living\xhr\xhr-utils.js:131:3)
    at Object.dispatchError (E:\learn\projects\blog-frontend-vue\node_modules\jsdom\lib\jsdom\living\xhr\xhr-utils.js:60:3)
    at EventEmitter.<anonymous> (E:\learn\projects\blog-frontend-vue\node_modules\jsdom\lib\jsdom\living\xhr\XMLHttpRequest-impl.js:655:18)
    at Axios.request (file:///E:/learn/projects/blog-frontend-vue/node_modules/axios/lib/core/Axios.js:45:41)
    at processTicksAndRejections (node:internal/process/task_queues:105:5)
    at HttpClient.post (E:\learn\projects\blog-frontend-vue\src\utils\request.ts:289:22)
    at refreshAccessToken (E:\learn\projects\blog-frontend-vue\src\stores\auth.ts:405:24)
    at Proxy.initAuth (E:\learn\projects\blog-frontend-vue\src\stores\auth.ts:519:13)
    at E:\learn\projects\blog-frontend-vue\src\test\properties\auth.property.test.ts:133:11
    at AsyncProperty.run (file:///E:/learn/projects/blog-frontend-vue/node_modules/fast-check/lib/esm/check/property/AsyncProperty.generic.js:46:28)
    at asyncRunIt (file:///E:/learn/projects/blog-frontend-vue/node_modules/fast-check/lib/esm/check/runner/Runner.js:33:21)
    at E:\learn\projects\blog-frontend-vue\src\test\properties\auth.property.test.ts:114:5
    at runTest (file:///E:/learn/projects/blog-frontend-vue/node_modules/@vitest/runner/dist/index.js:781:11) {
  isAxiosError: true,
  code: 'ERR_NETWORK',
  config: {
    transitional: {
      silentJSONParsing: true,
      forcedJSONParsing: true,
      clarifyTimeoutError: false
    },
    adapter: [ 'xhr', 'http', 'fetch' ],
    transformRequest: [ [Function: transformRequest] ],
    transformResponse: [ [Function: transformResponse] ],
    timeout: 10000,
    xsrfCookieName: 'XSRF-TOKEN',
    xsrfHeaderName: 'X-XSRF-TOKEN',
    maxContentLength: -1,
    maxBodyLength: -1,
    env: { FormData: [Function], Blob: [class Blob] },
    validateStatus: [Function: validateStatus],
    headers: Object [AxiosHeaders] {
      Accept: 'application/json',
      'Content-Type': 'application/json',
      'skip-auth': 'true',
      'X-Request-ID': 'req_1770361857472_4aagp8m14',
      'X-Timestamp': '1770361857472'
    },
    baseURL: 'http://localhost:8000/api/v1',
    method: 'post',
    url: '/auth/refresh',
    data: '{"refreshToken":"!~&SYqn!>s/Z-)Ltw|4RpT/-I*y$/"}',
    allowAbsoluteUrls: true
  },
  request: XMLHttpRequest {},
  event: ProgressEvent { isTrusted: [Getter] }
}
Auto refresh token failed: AxiosError: Network Error
    at XMLHttpRequest.handleError (file:///E:/learn/projects/blog-frontend-vue/node_modules/axios/lib/adapters/xhr.js:112:20)
    at XMLHttpRequest.invokeTheCallbackFunction (E:\learn\projects\blog-frontend-vue\node_modules\jsdom\lib\jsdom\living\generated\EventHandlerNonNull.js:14:28)
    at XMLHttpRequest.<anonymous> (E:\learn\projects\blog-frontend-vue\node_modules\jsdom\lib\jsdom\living\helpers\create-event-accessor.js:35:32)
    at innerInvokeEventListeners (E:\learn\projects\blog-frontend-vue\node_modules\jsdom\lib\jsdom\living\events\EventTarget-impl.js:350:25)
    at invokeEventListeners (E:\learn\projects\blog-frontend-vue\node_modules\jsdom\lib\jsdom\living\events\EventTarget-impl.js:286:3)
    at XMLHttpRequestImpl._dispatch (E:\learn\projects\blog-frontend-vue\node_modules\jsdom\lib\jsdom\living\events\EventTarget-impl.js:233:9)
    at fireAnEvent (E:\learn\projects\blog-frontend-vue\node_modules\jsdom\lib\jsdom\living\helpers\events.js:18:36)
    at requestErrorSteps (E:\learn\projects\blog-frontend-vue\node_modules\jsdom\lib\jsdom\living\xhr\xhr-utils.js:131:3)
    at Object.dispatchError (E:\learn\projects\blog-frontend-vue\node_modules\jsdom\lib\jsdom\living\xhr\xhr-utils.js:60:3)
    at EventEmitter.<anonymous> (E:\learn\projects\blog-frontend-vue\node_modules\jsdom\lib\jsdom\living\xhr\XMLHttpRequest-impl.js:655:18)
    at Axios.request (file:///E:/learn/projects/blog-frontend-vue/node_modules/axios/lib/core/Axios.js:45:41)
    at processTicksAndRejections (node:internal/process/task_queues:105:5)
    at HttpClient.post (E:\learn\projects\blog-frontend-vue\src\utils\request.ts:289:22)
    at refreshAccessToken (E:\learn\projects\blog-frontend-vue\src\stores\auth.ts:405:24)
    at Proxy.initAuth (E:\learn\projects\blog-frontend-vue\src\stores\auth.ts:519:13)
    at E:\learn\projects\blog-frontend-vue\src\test\properties\auth.property.test.ts:133:11
    at AsyncProperty.run (file:///E:/learn/projects/blog-frontend-vue/node_modules/fast-check/lib/esm/check/property/AsyncProperty.generic.js:46:28)
    at asyncRunIt (file:///E:/learn/projects/blog-frontend-vue/node_modules/fast-check/lib/esm/check/runner/Runner.js:33:21)
    at E:\learn\projects\blog-frontend-vue\src\test\properties\auth.property.test.ts:114:5
    at runTest (file:///E:/learn/projects/blog-frontend-vue/node_modules/@vitest/runner/dist/index.js:781:11) {
  isAxiosError: true,
  code: 'ERR_NETWORK',
  config: {
    transitional: {
      silentJSONParsing: true,
      forcedJSONParsing: true,
      clarifyTimeoutError: false
    },
    adapter: [ 'xhr', 'http', 'fetch' ],
    transformRequest: [ [Function: transformRequest] ],
    transformResponse: [ [Function: transformResponse] ],
    timeout: 10000,
    xsrfCookieName: 'XSRF-TOKEN',
    xsrfHeaderName: 'X-XSRF-TOKEN',
    maxContentLength: -1,
    maxBodyLength: -1,
    env: { FormData: [Function], Blob: [class Blob] },
    validateStatus: [Function: validateStatus],
    headers: Object [AxiosHeaders] {
      Accept: 'application/json',
      'Content-Type': 'application/json',
      'skip-auth': 'true',
      'X-Request-ID': 'req_1770361857472_4aagp8m14',
      'X-Timestamp': '1770361857472'
    },
    baseURL: 'http://localhost:8000/api/v1',
    method: 'post',
    url: '/auth/refresh',
    data: '{"refreshToken":"!~&SYqn!>s/Z-)Ltw|4RpT/-I*y$/"}',
    allowAbsoluteUrls: true
  },
  request: XMLHttpRequest {},
  event: ProgressEvent { isTrusted: [Getter] }
}

[90mstdout[2m | src/test/properties/auth.property.test.ts[2m > [22m[2m璁よ瘉灞炴€ф祴璇?[2m > [22m[2mProperty 1.1: Token Expiration Consistency[22m[39m
[HTTP Request] POST /auth/refresh {
  headers: Object [AxiosHeaders] {
    Accept: [32m'application/json'[39m,
    [32m'Content-Type'[39m: [32m'application/json'[39m,
    [32m'skip-auth'[39m: [32m'true'[39m,
    [32m'X-Request-ID'[39m: [32m'req_1770361857489_o6j2lc585'[39m,
    [32m'X-Timestamp'[39m: [32m'1770361857489'[39m
  },
  data: { refreshToken: [32m'}~z]I% WIIdd%!&CU8x="T'[39m },
  params: [90mundefined[39m
}

stderr | src/test/properties/auth.property.test.ts > 璁よ瘉灞炴€ф祴璇?[2m > Property 1.1: Token Expiration Consistency
Error: AggregateError
    at Object.dispatchError (E:\learn\projects\blog-frontend-vue\node_modules\jsdom\lib\jsdom\living\xhr\xhr-utils.js:63:19)
    at EventEmitter.<anonymous> (E:\learn\projects\blog-frontend-vue\node_modules\jsdom\lib\jsdom\living\xhr\XMLHttpRequest-impl.js:655:18)
    at EventEmitter.emit (node:events:520:35)
    at Request.<anonymous> (E:\learn\projects\blog-frontend-vue\node_modules\jsdom\lib\jsdom\living\xhr\xhr-utils.js:404:14)
    at Request.emit (node:events:508:28)
    at ClientRequest.<anonymous> (E:\learn\projects\blog-frontend-vue\node_modules\jsdom\lib\jsdom\living\helpers\http-request.js:127:14)
    at ClientRequest.emit (node:events:508:28)
    at emitErrorEvent (node:_http_client:107:11)
    at Socket.socketErrorListener (node:_http_client:574:5)
    at Socket.emit (node:events:508:28) undefined
[HTTP Response Error] {
  url: '/auth/refresh',
  status: undefined,
  data: undefined,
  message: 'Network Error'
}
Token refresh failed: AxiosError: Network Error
    at XMLHttpRequest.handleError (file:///E:/learn/projects/blog-frontend-vue/node_modules/axios/lib/adapters/xhr.js:112:20)
    at XMLHttpRequest.invokeTheCallbackFunction (E:\learn\projects\blog-frontend-vue\node_modules\jsdom\lib\jsdom\living\generated\EventHandlerNonNull.js:14:28)
    at XMLHttpRequest.<anonymous> (E:\learn\projects\blog-frontend-vue\node_modules\jsdom\lib\jsdom\living\helpers\create-event-accessor.js:35:32)
    at innerInvokeEventListeners (E:\learn\projects\blog-frontend-vue\node_modules\jsdom\lib\jsdom\living\events\EventTarget-impl.js:350:25)
    at invokeEventListeners (E:\learn\projects\blog-frontend-vue\node_modules\jsdom\lib\jsdom\living\events\EventTarget-impl.js:286:3)
    at XMLHttpRequestImpl._dispatch (E:\learn\projects\blog-frontend-vue\node_modules\jsdom\lib\jsdom\living\events\EventTarget-impl.js:233:9)
    at fireAnEvent (E:\learn\projects\blog-frontend-vue\node_modules\jsdom\lib\jsdom\living\helpers\events.js:18:36)
    at requestErrorSteps (E:\learn\projects\blog-frontend-vue\node_modules\jsdom\lib\jsdom\living\xhr\xhr-utils.js:131:3)
    at Object.dispatchError (E:\learn\projects\blog-frontend-vue\node_modules\jsdom\lib\jsdom\living\xhr\xhr-utils.js:60:3)
    at EventEmitter.<anonymous> (E:\learn\projects\blog-frontend-vue\node_modules\jsdom\lib\jsdom\living\xhr\XMLHttpRequest-impl.js:655:18)
    at Axios.request (file:///E:/learn/projects/blog-frontend-vue/node_modules/axios/lib/core/Axios.js:45:41)
    at processTicksAndRejections (node:internal/process/task_queues:105:5)
    at HttpClient.post (E:\learn\projects\blog-frontend-vue\src\utils\request.ts:289:22)
    at refreshAccessToken (E:\learn\projects\blog-frontend-vue\src\stores\auth.ts:405:24)
    at Proxy.initAuth (E:\learn\projects\blog-frontend-vue\src\stores\auth.ts:519:13)
    at E:\learn\projects\blog-frontend-vue\src\test\properties\auth.property.test.ts:133:11
    at AsyncProperty.run (file:///E:/learn/projects/blog-frontend-vue/node_modules/fast-check/lib/esm/check/property/AsyncProperty.generic.js:46:28)
    at asyncRunIt (file:///E:/learn/projects/blog-frontend-vue/node_modules/fast-check/lib/esm/check/runner/Runner.js:33:21)
    at E:\learn\projects\blog-frontend-vue\src\test\properties\auth.property.test.ts:114:5
    at runTest (file:///E:/learn/projects/blog-frontend-vue/node_modules/@vitest/runner/dist/index.js:781:11) {
  isAxiosError: true,
  code: 'ERR_NETWORK',
  config: {
    transitional: {
      silentJSONParsing: true,
      forcedJSONParsing: true,
      clarifyTimeoutError: false
    },
    adapter: [ 'xhr', 'http', 'fetch' ],
    transformRequest: [ [Function: transformRequest] ],
    transformResponse: [ [Function: transformResponse] ],
    timeout: 10000,
    xsrfCookieName: 'XSRF-TOKEN',
    xsrfHeaderName: 'X-XSRF-TOKEN',
    maxContentLength: -1,
    maxBodyLength: -1,
    env: { FormData: [Function], Blob: [class Blob] },
    validateStatus: [Function: validateStatus],
    headers: Object [AxiosHeaders] {
      Accept: 'application/json',
      'Content-Type': 'application/json',
      'skip-auth': 'true',
      'X-Request-ID': 'req_1770361857489_o6j2lc585',
      'X-Timestamp': '1770361857489'
    },
    baseURL: 'http://localhost:8000/api/v1',
    method: 'post',
    url: '/auth/refresh',
    data: '{"refreshToken":"}~z]I% WIIdd%!&CU8x=\\"T"}',
    allowAbsoluteUrls: true
  },
  request: XMLHttpRequest {},
  event: ProgressEvent { isTrusted: [Getter] }
}
Auto refresh token failed: AxiosError: Network Error
    at XMLHttpRequest.handleError (file:///E:/learn/projects/blog-frontend-vue/node_modules/axios/lib/adapters/xhr.js:112:20)
    at XMLHttpRequest.invokeTheCallbackFunction (E:\learn\projects\blog-frontend-vue\node_modules\jsdom\lib\jsdom\living\generated\EventHandlerNonNull.js:14:28)
    at XMLHttpRequest.<anonymous> (E:\learn\projects\blog-frontend-vue\node_modules\jsdom\lib\jsdom\living\helpers\create-event-accessor.js:35:32)
    at innerInvokeEventListeners (E:\learn\projects\blog-frontend-vue\node_modules\jsdom\lib\jsdom\living\events\EventTarget-impl.js:350:25)
    at invokeEventListeners (E:\learn\projects\blog-frontend-vue\node_modules\jsdom\lib\jsdom\living\events\EventTarget-impl.js:286:3)
    at XMLHttpRequestImpl._dispatch (E:\learn\projects\blog-frontend-vue\node_modules\jsdom\lib\jsdom\living\events\EventTarget-impl.js:233:9)
    at fireAnEvent (E:\learn\projects\blog-frontend-vue\node_modules\jsdom\lib\jsdom\living\helpers\events.js:18:36)
    at requestErrorSteps (E:\learn\projects\blog-frontend-vue\node_modules\jsdom\lib\jsdom\living\xhr\xhr-utils.js:131:3)
    at Object.dispatchError (E:\learn\projects\blog-frontend-vue\node_modules\jsdom\lib\jsdom\living\xhr\xhr-utils.js:60:3)
    at EventEmitter.<anonymous> (E:\learn\projects\blog-frontend-vue\node_modules\jsdom\lib\jsdom\living\xhr\XMLHttpRequest-impl.js:655:18)
    at Axios.request (file:///E:/learn/projects/blog-frontend-vue/node_modules/axios/lib/core/Axios.js:45:41)
    at processTicksAndRejections (node:internal/process/task_queues:105:5)
    at HttpClient.post (E:\learn\projects\blog-frontend-vue\src\utils\request.ts:289:22)
    at refreshAccessToken (E:\learn\projects\blog-frontend-vue\src\stores\auth.ts:405:24)
    at Proxy.initAuth (E:\learn\projects\blog-frontend-vue\src\stores\auth.ts:519:13)
    at E:\learn\projects\blog-frontend-vue\src\test\properties\auth.property.test.ts:133:11
    at AsyncProperty.run (file:///E:/learn/projects/blog-frontend-vue/node_modules/fast-check/lib/esm/check/property/AsyncProperty.generic.js:46:28)
    at asyncRunIt (file:///E:/learn/projects/blog-frontend-vue/node_modules/fast-check/lib/esm/check/runner/Runner.js:33:21)
    at E:\learn\projects\blog-frontend-vue\src\test\properties\auth.property.test.ts:114:5
    at runTest (file:///E:/learn/projects/blog-frontend-vue/node_modules/@vitest/runner/dist/index.js:781:11) {
  isAxiosError: true,
  code: 'ERR_NETWORK',
  config: {
    transitional: {
      silentJSONParsing: true,
      forcedJSONParsing: true,
      clarifyTimeoutError: false
    },
    adapter: [ 'xhr', 'http', 'fetch' ],
    transformRequest: [ [Function: transformRequest] ],
    transformResponse: [ [Function: transformResponse] ],
    timeout: 10000,
    xsrfCookieName: 'XSRF-TOKEN',
    xsrfHeaderName: 'X-XSRF-TOKEN',
    maxContentLength: -1,
    maxBodyLength: -1,
    env: { FormData: [Function], Blob: [class Blob] },
    validateStatus: [Function: validateStatus],
    headers: Object [AxiosHeaders] {
      Accept: 'application/json',
      'Content-Type': 'application/json',
      'skip-auth': 'true',
      'X-Request-ID': 'req_1770361857489_o6j2lc585',
      'X-Timestamp': '1770361857489'
    },
    baseURL: 'http://localhost:8000/api/v1',
    method: 'post',
    url: '/auth/refresh',
    data: '{"refreshToken":"}~z]I% WIIdd%!&CU8x=\\"T"}',
    allowAbsoluteUrls: true
  },
  request: XMLHttpRequest {},
  event: ProgressEvent { isTrusted: [Getter] }
}

[90mstdout[2m | src/test/properties/auth.property.test.ts[2m > [22m[2m璁よ瘉灞炴€ф祴璇?[2m > [22m[2mProperty 1.1: Token Expiration Consistency[22m[39m
[HTTP Request] POST /auth/refresh {
  headers: Object [AxiosHeaders] {
    Accept: [32m'application/json'[39m,
    [32m'Content-Type'[39m: [32m'application/json'[39m,
    [32m'skip-auth'[39m: [32m'true'[39m,
    [32m'X-Request-ID'[39m: [32m'req_1770361857512_yzuf7mefw'[39m,
    [32m'X-Timestamp'[39m: [32m'1770361857512'[39m
  },
  data: {
    refreshToken: [32m'TYc|R_:^@1_G/]"*"-A.C2Q6(4qZ6F=9n+^p%Z3(DO:CWpZxgj'[39m
  },
  params: [90mundefined[39m
}

stderr | src/test/properties/auth.property.test.ts > 璁よ瘉灞炴€ф祴璇?[2m > Property 1.1: Token Expiration Consistency
Error: AggregateError
    at Object.dispatchError (E:\learn\projects\blog-frontend-vue\node_modules\jsdom\lib\jsdom\living\xhr\xhr-utils.js:63:19)
    at EventEmitter.<anonymous> (E:\learn\projects\blog-frontend-vue\node_modules\jsdom\lib\jsdom\living\xhr\XMLHttpRequest-impl.js:655:18)
    at EventEmitter.emit (node:events:520:35)
    at Request.<anonymous> (E:\learn\projects\blog-frontend-vue\node_modules\jsdom\lib\jsdom\living\xhr\xhr-utils.js:404:14)
    at Request.emit (node:events:508:28)
    at ClientRequest.<anonymous> (E:\learn\projects\blog-frontend-vue\node_modules\jsdom\lib\jsdom\living\helpers\http-request.js:127:14)
    at ClientRequest.emit (node:events:508:28)
    at emitErrorEvent (node:_http_client:107:11)
    at Socket.socketErrorListener (node:_http_client:574:5)
    at Socket.emit (node:events:508:28) undefined
[HTTP Response Error] {
  url: '/auth/refresh',
  status: undefined,
  data: undefined,
  message: 'Network Error'
}
Token refresh failed: AxiosError: Network Error
    at XMLHttpRequest.handleError (file:///E:/learn/projects/blog-frontend-vue/node_modules/axios/lib/adapters/xhr.js:112:20)
    at XMLHttpRequest.invokeTheCallbackFunction (E:\learn\projects\blog-frontend-vue\node_modules\jsdom\lib\jsdom\living\generated\EventHandlerNonNull.js:14:28)
    at XMLHttpRequest.<anonymous> (E:\learn\projects\blog-frontend-vue\node_modules\jsdom\lib\jsdom\living\helpers\create-event-accessor.js:35:32)
    at innerInvokeEventListeners (E:\learn\projects\blog-frontend-vue\node_modules\jsdom\lib\jsdom\living\events\EventTarget-impl.js:350:25)
    at invokeEventListeners (E:\learn\projects\blog-frontend-vue\node_modules\jsdom\lib\jsdom\living\events\EventTarget-impl.js:286:3)
    at XMLHttpRequestImpl._dispatch (E:\learn\projects\blog-frontend-vue\node_modules\jsdom\lib\jsdom\living\events\EventTarget-impl.js:233:9)
    at fireAnEvent (E:\learn\projects\blog-frontend-vue\node_modules\jsdom\lib\jsdom\living\helpers\events.js:18:36)
    at requestErrorSteps (E:\learn\projects\blog-frontend-vue\node_modules\jsdom\lib\jsdom\living\xhr\xhr-utils.js:131:3)
    at Object.dispatchError (E:\learn\projects\blog-frontend-vue\node_modules\jsdom\lib\jsdom\living\xhr\xhr-utils.js:60:3)
    at EventEmitter.<anonymous> (E:\learn\projects\blog-frontend-vue\node_modules\jsdom\lib\jsdom\living\xhr\XMLHttpRequest-impl.js:655:18)
    at Axios.request (file:///E:/learn/projects/blog-frontend-vue/node_modules/axios/lib/core/Axios.js:45:41)
    at processTicksAndRejections (node:internal/process/task_queues:105:5)
    at HttpClient.post (E:\learn\projects\blog-frontend-vue\src\utils\request.ts:289:22)
    at refreshAccessToken (E:\learn\projects\blog-frontend-vue\src\stores\auth.ts:405:24)
    at Proxy.initAuth (E:\learn\projects\blog-frontend-vue\src\stores\auth.ts:519:13)
    at E:\learn\projects\blog-frontend-vue\src\test\properties\auth.property.test.ts:133:11
    at AsyncProperty.run (file:///E:/learn/projects/blog-frontend-vue/node_modules/fast-check/lib/esm/check/property/AsyncProperty.generic.js:46:28)
    at asyncRunIt (file:///E:/learn/projects/blog-frontend-vue/node_modules/fast-check/lib/esm/check/runner/Runner.js:33:21)
    at E:\learn\projects\blog-frontend-vue\src\test\properties\auth.property.test.ts:114:5
    at runTest (file:///E:/learn/projects/blog-frontend-vue/node_modules/@vitest/runner/dist/index.js:781:11) {
  isAxiosError: true,
  code: 'ERR_NETWORK',
  config: {
    transitional: {
      silentJSONParsing: true,
      forcedJSONParsing: true,
      clarifyTimeoutError: false
    },
    adapter: [ 'xhr', 'http', 'fetch' ],
    transformRequest: [ [Function: transformRequest] ],
    transformResponse: [ [Function: transformResponse] ],
    timeout: 10000,
    xsrfCookieName: 'XSRF-TOKEN',
    xsrfHeaderName: 'X-XSRF-TOKEN',
    maxContentLength: -1,
    maxBodyLength: -1,
    env: { FormData: [Function], Blob: [class Blob] },
    validateStatus: [Function: validateStatus],
    headers: Object [AxiosHeaders] {
      Accept: 'application/json',
      'Content-Type': 'application/json',
      'skip-auth': 'true',
      'X-Request-ID': 'req_1770361857512_yzuf7mefw',
      'X-Timestamp': '1770361857512'
    },
    baseURL: 'http://localhost:8000/api/v1',
    method: 'post',
    url: '/auth/refresh',
    data: '{"refreshToken":"TYc|R_:^@1_G/]\\"*\\"-A.C2Q6(4qZ6F=9n+^p%Z3(DO:CWpZxgj"}',
    allowAbsoluteUrls: true
  },
  request: XMLHttpRequest {},
  event: ProgressEvent { isTrusted: [Getter] }
}
Auto refresh token failed: AxiosError: Network Error
    at XMLHttpRequest.handleError (file:///E:/learn/projects/blog-frontend-vue/node_modules/axios/lib/adapters/xhr.js:112:20)
    at XMLHttpRequest.invokeTheCallbackFunction (E:\learn\projects\blog-frontend-vue\node_modules\jsdom\lib\jsdom\living\generated\EventHandlerNonNull.js:14:28)
    at XMLHttpRequest.<anonymous> (E:\learn\projects\blog-frontend-vue\node_modules\jsdom\lib\jsdom\living\helpers\create-event-accessor.js:35:32)
    at innerInvokeEventListeners (E:\learn\projects\blog-frontend-vue\node_modules\jsdom\lib\jsdom\living\events\EventTarget-impl.js:350:25)
    at invokeEventListeners (E:\learn\projects\blog-frontend-vue\node_modules\jsdom\lib\jsdom\living\events\EventTarget-impl.js:286:3)
    at XMLHttpRequestImpl._dispatch (E:\learn\projects\blog-frontend-vue\node_modules\jsdom\lib\jsdom\living\events\EventTarget-impl.js:233:9)
    at fireAnEvent (E:\learn\projects\blog-frontend-vue\node_modules\jsdom\lib\jsdom\living\helpers\events.js:18:36)
    at requestErrorSteps (E:\learn\projects\blog-frontend-vue\node_modules\jsdom\lib\jsdom\living\xhr\xhr-utils.js:131:3)
    at Object.dispatchError (E:\learn\projects\blog-frontend-vue\node_modules\jsdom\lib\jsdom\living\xhr\xhr-utils.js:60:3)
    at EventEmitter.<anonymous> (E:\learn\projects\blog-frontend-vue\node_modules\jsdom\lib\jsdom\living\xhr\XMLHttpRequest-impl.js:655:18)
    at Axios.request (file:///E:/learn/projects/blog-frontend-vue/node_modules/axios/lib/core/Axios.js:45:41)
    at processTicksAndRejections (node:internal/process/task_queues:105:5)
    at HttpClient.post (E:\learn\projects\blog-frontend-vue\src\utils\request.ts:289:22)
    at refreshAccessToken (E:\learn\projects\blog-frontend-vue\src\stores\auth.ts:405:24)
    at Proxy.initAuth (E:\learn\projects\blog-frontend-vue\src\stores\auth.ts:519:13)
    at E:\learn\projects\blog-frontend-vue\src\test\properties\auth.property.test.ts:133:11
    at AsyncProperty.run (file:///E:/learn/projects/blog-frontend-vue/node_modules/fast-check/lib/esm/check/property/AsyncProperty.generic.js:46:28)
    at asyncRunIt (file:///E:/learn/projects/blog-frontend-vue/node_modules/fast-check/lib/esm/check/runner/Runner.js:33:21)
    at E:\learn\projects\blog-frontend-vue\src\test\properties\auth.property.test.ts:114:5
    at runTest (file:///E:/learn/projects/blog-frontend-vue/node_modules/@vitest/runner/dist/index.js:781:11) {
  isAxiosError: true,
  code: 'ERR_NETWORK',
  config: {
    transitional: {
      silentJSONParsing: true,
      forcedJSONParsing: true,
      clarifyTimeoutError: false
    },
    adapter: [ 'xhr', 'http', 'fetch' ],
    transformRequest: [ [Function: transformRequest] ],
    transformResponse: [ [Function: transformResponse] ],
    timeout: 10000,
    xsrfCookieName: 'XSRF-TOKEN',
    xsrfHeaderName: 'X-XSRF-TOKEN',
    maxContentLength: -1,
    maxBodyLength: -1,
    env: { FormData: [Function], Blob: [class Blob] },
    validateStatus: [Function: validateStatus],
    headers: Object [AxiosHeaders] {
      Accept: 'application/json',
      'Content-Type': 'application/json',
      'skip-auth': 'true',
      'X-Request-ID': 'req_1770361857512_yzuf7mefw',
      'X-Timestamp': '1770361857512'
    },
    baseURL: 'http://localhost:8000/api/v1',
    method: 'post',
    url: '/auth/refresh',
    data: '{"refreshToken":"TYc|R_:^@1_G/]\\"*\\"-A.C2Q6(4qZ6F=9n+^p%Z3(DO:CWpZxgj"}',
    allowAbsoluteUrls: true
  },
  request: XMLHttpRequest {},
  event: ProgressEvent { isTrusted: [Getter] }
}

[90mstdout[2m | src/test/properties/auth.property.test.ts[2m > [22m[2m璁よ瘉灞炴€ф祴璇?[2m > [22m[2mProperty 1.1: Token Expiration Consistency[22m[39m
[HTTP Request] POST /auth/refresh {
  headers: Object [AxiosHeaders] {
    Accept: [32m'application/json'[39m,
    [32m'Content-Type'[39m: [32m'application/json'[39m,
    [32m'skip-auth'[39m: [32m'true'[39m,
    [32m'X-Request-ID'[39m: [32m'req_1770361857519_vmh732zf2'[39m,
    [32m'X-Timestamp'[39m: [32m'1770361857519'[39m
  },
  data: { refreshToken: [32m'merApropertyIsEnumerablew#propertyIsE'[39m },
  params: [90mundefined[39m
}

stderr | src/test/properties/auth.property.test.ts > 璁よ瘉灞炴€ф祴璇?[2m > Property 1.1: Token Expiration Consistency
Error: AggregateError
    at Object.dispatchError (E:\learn\projects\blog-frontend-vue\node_modules\jsdom\lib\jsdom\living\xhr\xhr-utils.js:63:19)
    at EventEmitter.<anonymous> (E:\learn\projects\blog-frontend-vue\node_modules\jsdom\lib\jsdom\living\xhr\XMLHttpRequest-impl.js:655:18)
    at EventEmitter.emit (node:events:520:35)
    at Request.<anonymous> (E:\learn\projects\blog-frontend-vue\node_modules\jsdom\lib\jsdom\living\xhr\xhr-utils.js:404:14)
    at Request.emit (node:events:508:28)
    at ClientRequest.<anonymous> (E:\learn\projects\blog-frontend-vue\node_modules\jsdom\lib\jsdom\living\helpers\http-request.js:127:14)
    at ClientRequest.emit (node:events:508:28)
    at emitErrorEvent (node:_http_client:107:11)
    at Socket.socketErrorListener (node:_http_client:574:5)
    at Socket.emit (node:events:508:28) undefined
[HTTP Response Error] {
  url: '/auth/refresh',
  status: undefined,
  data: undefined,
  message: 'Network Error'
}
Token refresh failed: AxiosError: Network Error
    at XMLHttpRequest.handleError (file:///E:/learn/projects/blog-frontend-vue/node_modules/axios/lib/adapters/xhr.js:112:20)
    at XMLHttpRequest.invokeTheCallbackFunction (E:\learn\projects\blog-frontend-vue\node_modules\jsdom\lib\jsdom\living\generated\EventHandlerNonNull.js:14:28)
    at XMLHttpRequest.<anonymous> (E:\learn\projects\blog-frontend-vue\node_modules\jsdom\lib\jsdom\living\helpers\create-event-accessor.js:35:32)
    at innerInvokeEventListeners (E:\learn\projects\blog-frontend-vue\node_modules\jsdom\lib\jsdom\living\events\EventTarget-impl.js:350:25)
    at invokeEventListeners (E:\learn\projects\blog-frontend-vue\node_modules\jsdom\lib\jsdom\living\events\EventTarget-impl.js:286:3)
    at XMLHttpRequestImpl._dispatch (E:\learn\projects\blog-frontend-vue\node_modules\jsdom\lib\jsdom\living\events\EventTarget-impl.js:233:9)
    at fireAnEvent (E:\learn\projects\blog-frontend-vue\node_modules\jsdom\lib\jsdom\living\helpers\events.js:18:36)
    at requestErrorSteps (E:\learn\projects\blog-frontend-vue\node_modules\jsdom\lib\jsdom\living\xhr\xhr-utils.js:131:3)
    at Object.dispatchError (E:\learn\projects\blog-frontend-vue\node_modules\jsdom\lib\jsdom\living\xhr\xhr-utils.js:60:3)
    at EventEmitter.<anonymous> (E:\learn\projects\blog-frontend-vue\node_modules\jsdom\lib\jsdom\living\xhr\XMLHttpRequest-impl.js:655:18)
    at Axios.request (file:///E:/learn/projects/blog-frontend-vue/node_modules/axios/lib/core/Axios.js:45:41)
    at processTicksAndRejections (node:internal/process/task_queues:105:5)
    at HttpClient.post (E:\learn\projects\blog-frontend-vue\src\utils\request.ts:289:22)
    at refreshAccessToken (E:\learn\projects\blog-frontend-vue\src\stores\auth.ts:405:24)
    at Proxy.initAuth (E:\learn\projects\blog-frontend-vue\src\stores\auth.ts:519:13)
    at E:\learn\projects\blog-frontend-vue\src\test\properties\auth.property.test.ts:133:11
    at AsyncProperty.run (file:///E:/learn/projects/blog-frontend-vue/node_modules/fast-check/lib/esm/check/property/AsyncProperty.generic.js:46:28)
    at asyncRunIt (file:///E:/learn/projects/blog-frontend-vue/node_modules/fast-check/lib/esm/check/runner/Runner.js:33:21)
    at E:\learn\projects\blog-frontend-vue\src\test\properties\auth.property.test.ts:114:5
    at runTest (file:///E:/learn/projects/blog-frontend-vue/node_modules/@vitest/runner/dist/index.js:781:11) {
  isAxiosError: true,
  code: 'ERR_NETWORK',
  config: {
    transitional: {
      silentJSONParsing: true,
      forcedJSONParsing: true,
      clarifyTimeoutError: false
    },
    adapter: [ 'xhr', 'http', 'fetch' ],
    transformRequest: [ [Function: transformRequest] ],
    transformResponse: [ [Function: transformResponse] ],
    timeout: 10000,
    xsrfCookieName: 'XSRF-TOKEN',
    xsrfHeaderName: 'X-XSRF-TOKEN',
    maxContentLength: -1,
    maxBodyLength: -1,
    env: { FormData: [Function], Blob: [class Blob] },
    validateStatus: [Function: validateStatus],
    headers: Object [AxiosHeaders] {
      Accept: 'application/json',
      'Content-Type': 'application/json',
      'skip-auth': 'true',
      'X-Request-ID': 'req_1770361857519_vmh732zf2',
      'X-Timestamp': '1770361857519'
    },
    baseURL: 'http://localhost:8000/api/v1',
    method: 'post',
    url: '/auth/refresh',
    data: '{"refreshToken":"merApropertyIsEnumerablew#propertyIsE"}',
    allowAbsoluteUrls: true
  },
  request: XMLHttpRequest {},
  event: ProgressEvent { isTrusted: [Getter] }
}
Auto refresh token failed: AxiosError: Network Error
    at XMLHttpRequest.handleError (file:///E:/learn/projects/blog-frontend-vue/node_modules/axios/lib/adapters/xhr.js:112:20)
    at XMLHttpRequest.invokeTheCallbackFunction (E:\learn\projects\blog-frontend-vue\node_modules\jsdom\lib\jsdom\living\generated\EventHandlerNonNull.js:14:28)
    at XMLHttpRequest.<anonymous> (E:\learn\projects\blog-frontend-vue\node_modules\jsdom\lib\jsdom\living\helpers\create-event-accessor.js:35:32)
    at innerInvokeEventListeners (E:\learn\projects\blog-frontend-vue\node_modules\jsdom\lib\jsdom\living\events\EventTarget-impl.js:350:25)
    at invokeEventListeners (E:\learn\projects\blog-frontend-vue\node_modules\jsdom\lib\jsdom\living\events\EventTarget-impl.js:286:3)
    at XMLHttpRequestImpl._dispatch (E:\learn\projects\blog-frontend-vue\node_modules\jsdom\lib\jsdom\living\events\EventTarget-impl.js:233:9)
    at fireAnEvent (E:\learn\projects\blog-frontend-vue\node_modules\jsdom\lib\jsdom\living\helpers\events.js:18:36)
    at requestErrorSteps (E:\learn\projects\blog-frontend-vue\node_modules\jsdom\lib\jsdom\living\xhr\xhr-utils.js:131:3)
    at Object.dispatchError (E:\learn\projects\blog-frontend-vue\node_modules\jsdom\lib\jsdom\living\xhr\xhr-utils.js:60:3)
    at EventEmitter.<anonymous> (E:\learn\projects\blog-frontend-vue\node_modules\jsdom\lib\jsdom\living\xhr\XMLHttpRequest-impl.js:655:18)
    at Axios.request (file:///E:/learn/projects/blog-frontend-vue/node_modules/axios/lib/core/Axios.js:45:41)
    at processTicksAndRejections (node:internal/process/task_queues:105:5)
    at HttpClient.post (E:\learn\projects\blog-frontend-vue\src\utils\request.ts:289:22)
    at refreshAccessToken (E:\learn\projects\blog-frontend-vue\src\stores\auth.ts:405:24)
    at Proxy.initAuth (E:\learn\projects\blog-frontend-vue\src\stores\auth.ts:519:13)
    at E:\learn\projects\blog-frontend-vue\src\test\properties\auth.property.test.ts:133:11
    at AsyncProperty.run (file:///E:/learn/projects/blog-frontend-vue/node_modules/fast-check/lib/esm/check/property/AsyncProperty.generic.js:46:28)
    at asyncRunIt (file:///E:/learn/projects/blog-frontend-vue/node_modules/fast-check/lib/esm/check/runner/Runner.js:33:21)
    at E:\learn\projects\blog-frontend-vue\src\test\properties\auth.property.test.ts:114:5
    at runTest (file:///E:/learn/projects/blog-frontend-vue/node_modules/@vitest/runner/dist/index.js:781:11) {
  isAxiosError: true,
  code: 'ERR_NETWORK',
  config: {
    transitional: {
      silentJSONParsing: true,
      forcedJSONParsing: true,
      clarifyTimeoutError: false
    },
    adapter: [ 'xhr', 'http', 'fetch' ],
    transformRequest: [ [Function: transformRequest] ],
    transformResponse: [ [Function: transformResponse] ],
    timeout: 10000,
    xsrfCookieName: 'XSRF-TOKEN',
    xsrfHeaderName: 'X-XSRF-TOKEN',
    maxContentLength: -1,
    maxBodyLength: -1,
    env: { FormData: [Function], Blob: [class Blob] },
    validateStatus: [Function: validateStatus],
    headers: Object [AxiosHeaders] {
      Accept: 'application/json',
      'Content-Type': 'application/json',
      'skip-auth': 'true',
      'X-Request-ID': 'req_1770361857519_vmh732zf2',
      'X-Timestamp': '1770361857519'
    },
    baseURL: 'http://localhost:8000/api/v1',
    method: 'post',
    url: '/auth/refresh',
    data: '{"refreshToken":"merApropertyIsEnumerablew#propertyIsE"}',
    allowAbsoluteUrls: true
  },
  request: XMLHttpRequest {},
  event: ProgressEvent { isTrusted: [Getter] }
}

[90mstdout[2m | src/test/properties/auth.property.test.ts[2m > [22m[2m璁よ瘉灞炴€ф祴璇?[2m > [22m[2mProperty 1.1: Token Expiration Consistency[22m[39m
[HTTP Request] POST /auth/refresh {
  headers: Object [AxiosHeaders] {
    Accept: [32m'application/json'[39m,
    [32m'Content-Type'[39m: [32m'application/json'[39m,
    [32m'skip-auth'[39m: [32m'true'[39m,
    [32m'X-Request-ID'[39m: [32m'req_1770361857534_u4tjoa82n'[39m,
    [32m'X-Timestamp'[39m: [32m'1770361857534'[39m
  },
  data: { refreshToken: [32m'@T{8b!nfU^J]4KE<[-m~jhkG6b*_64uCv,'[39m },
  params: [90mundefined[39m
}

stderr | src/test/properties/auth.property.test.ts > 璁よ瘉灞炴€ф祴璇?[2m > Property 1.1: Token Expiration Consistency
Error: AggregateError
    at Object.dispatchError (E:\learn\projects\blog-frontend-vue\node_modules\jsdom\lib\jsdom\living\xhr\xhr-utils.js:63:19)
    at EventEmitter.<anonymous> (E:\learn\projects\blog-frontend-vue\node_modules\jsdom\lib\jsdom\living\xhr\XMLHttpRequest-impl.js:655:18)
    at EventEmitter.emit (node:events:520:35)
    at Request.<anonymous> (E:\learn\projects\blog-frontend-vue\node_modules\jsdom\lib\jsdom\living\xhr\xhr-utils.js:404:14)
    at Request.emit (node:events:508:28)
    at ClientRequest.<anonymous> (E:\learn\projects\blog-frontend-vue\node_modules\jsdom\lib\jsdom\living\helpers\http-request.js:127:14)
    at ClientRequest.emit (node:events:508:28)
    at emitErrorEvent (node:_http_client:107:11)
    at Socket.socketErrorListener (node:_http_client:574:5)
    at Socket.emit (node:events:508:28) undefined
[HTTP Response Error] {
  url: '/auth/refresh',
  status: undefined,
  data: undefined,
  message: 'Network Error'
}
Token refresh failed: AxiosError: Network Error
    at XMLHttpRequest.handleError (file:///E:/learn/projects/blog-frontend-vue/node_modules/axios/lib/adapters/xhr.js:112:20)
    at XMLHttpRequest.invokeTheCallbackFunction (E:\learn\projects\blog-frontend-vue\node_modules\jsdom\lib\jsdom\living\generated\EventHandlerNonNull.js:14:28)
    at XMLHttpRequest.<anonymous> (E:\learn\projects\blog-frontend-vue\node_modules\jsdom\lib\jsdom\living\helpers\create-event-accessor.js:35:32)
    at innerInvokeEventListeners (E:\learn\projects\blog-frontend-vue\node_modules\jsdom\lib\jsdom\living\events\EventTarget-impl.js:350:25)
    at invokeEventListeners (E:\learn\projects\blog-frontend-vue\node_modules\jsdom\lib\jsdom\living\events\EventTarget-impl.js:286:3)
    at XMLHttpRequestImpl._dispatch (E:\learn\projects\blog-frontend-vue\node_modules\jsdom\lib\jsdom\living\events\EventTarget-impl.js:233:9)
    at fireAnEvent (E:\learn\projects\blog-frontend-vue\node_modules\jsdom\lib\jsdom\living\helpers\events.js:18:36)
    at requestErrorSteps (E:\learn\projects\blog-frontend-vue\node_modules\jsdom\lib\jsdom\living\xhr\xhr-utils.js:131:3)
    at Object.dispatchError (E:\learn\projects\blog-frontend-vue\node_modules\jsdom\lib\jsdom\living\xhr\xhr-utils.js:60:3)
    at EventEmitter.<anonymous> (E:\learn\projects\blog-frontend-vue\node_modules\jsdom\lib\jsdom\living\xhr\XMLHttpRequest-impl.js:655:18)
    at Axios.request (file:///E:/learn/projects/blog-frontend-vue/node_modules/axios/lib/core/Axios.js:45:41)
    at processTicksAndRejections (node:internal/process/task_queues:105:5)
    at HttpClient.post (E:\learn\projects\blog-frontend-vue\src\utils\request.ts:289:22)
    at refreshAccessToken (E:\learn\projects\blog-frontend-vue\src\stores\auth.ts:405:24)
    at Proxy.initAuth (E:\learn\projects\blog-frontend-vue\src\stores\auth.ts:519:13)
    at E:\learn\projects\blog-frontend-vue\src\test\properties\auth.property.test.ts:133:11
    at AsyncProperty.run (file:///E:/learn/projects/blog-frontend-vue/node_modules/fast-check/lib/esm/check/property/AsyncProperty.generic.js:46:28)
    at asyncRunIt (file:///E:/learn/projects/blog-frontend-vue/node_modules/fast-check/lib/esm/check/runner/Runner.js:33:21)
    at E:\learn\projects\blog-frontend-vue\src\test\properties\auth.property.test.ts:114:5
    at runTest (file:///E:/learn/projects/blog-frontend-vue/node_modules/@vitest/runner/dist/index.js:781:11) {
  isAxiosError: true,
  code: 'ERR_NETWORK',
  config: {
    transitional: {
      silentJSONParsing: true,
      forcedJSONParsing: true,
      clarifyTimeoutError: false
    },
    adapter: [ 'xhr', 'http', 'fetch' ],
    transformRequest: [ [Function: transformRequest] ],
    transformResponse: [ [Function: transformResponse] ],
    timeout: 10000,
    xsrfCookieName: 'XSRF-TOKEN',
    xsrfHeaderName: 'X-XSRF-TOKEN',
    maxContentLength: -1,
    maxBodyLength: -1,
    env: { FormData: [Function], Blob: [class Blob] },
    validateStatus: [Function: validateStatus],
    headers: Object [AxiosHeaders] {
      Accept: 'application/json',
      'Content-Type': 'application/json',
      'skip-auth': 'true',
      'X-Request-ID': 'req_1770361857534_u4tjoa82n',
      'X-Timestamp': '1770361857534'
    },
    baseURL: 'http://localhost:8000/api/v1',
    method: 'post',
    url: '/auth/refresh',
    data: '{"refreshToken":"@T{8b!nfU^J]4KE<[-m~jhkG6b*_64uCv,"}',
    allowAbsoluteUrls: true
  },
  request: XMLHttpRequest {},
  event: ProgressEvent { isTrusted: [Getter] }
}
Auto refresh token failed: AxiosError: Network Error
    at XMLHttpRequest.handleError (file:///E:/learn/projects/blog-frontend-vue/node_modules/axios/lib/adapters/xhr.js:112:20)
    at XMLHttpRequest.invokeTheCallbackFunction (E:\learn\projects\blog-frontend-vue\node_modules\jsdom\lib\jsdom\living\generated\EventHandlerNonNull.js:14:28)
    at XMLHttpRequest.<anonymous> (E:\learn\projects\blog-frontend-vue\node_modules\jsdom\lib\jsdom\living\helpers\create-event-accessor.js:35:32)
    at innerInvokeEventListeners (E:\learn\projects\blog-frontend-vue\node_modules\jsdom\lib\jsdom\living\events\EventTarget-impl.js:350:25)
    at invokeEventListeners (E:\learn\projects\blog-frontend-vue\node_modules\jsdom\lib\jsdom\living\events\EventTarget-impl.js:286:3)
    at XMLHttpRequestImpl._dispatch (E:\learn\projects\blog-frontend-vue\node_modules\jsdom\lib\jsdom\living\events\EventTarget-impl.js:233:9)
    at fireAnEvent (E:\learn\projects\blog-frontend-vue\node_modules\jsdom\lib\jsdom\living\helpers\events.js:18:36)
    at requestErrorSteps (E:\learn\projects\blog-frontend-vue\node_modules\jsdom\lib\jsdom\living\xhr\xhr-utils.js:131:3)
    at Object.dispatchError (E:\learn\projects\blog-frontend-vue\node_modules\jsdom\lib\jsdom\living\xhr\xhr-utils.js:60:3)
    at EventEmitter.<anonymous> (E:\learn\projects\blog-frontend-vue\node_modules\jsdom\lib\jsdom\living\xhr\XMLHttpRequest-impl.js:655:18)
    at Axios.request (file:///E:/learn/projects/blog-frontend-vue/node_modules/axios/lib/core/Axios.js:45:41)
    at processTicksAndRejections (node:internal/process/task_queues:105:5)
    at HttpClient.post (E:\learn\projects\blog-frontend-vue\src\utils\request.ts:289:22)
    at refreshAccessToken (E:\learn\projects\blog-frontend-vue\src\stores\auth.ts:405:24)
    at Proxy.initAuth (E:\learn\projects\blog-frontend-vue\src\stores\auth.ts:519:13)
    at E:\learn\projects\blog-frontend-vue\src\test\properties\auth.property.test.ts:133:11
    at AsyncProperty.run (file:///E:/learn/projects/blog-frontend-vue/node_modules/fast-check/lib/esm/check/property/AsyncProperty.generic.js:46:28)
    at asyncRunIt (file:///E:/learn/projects/blog-frontend-vue/node_modules/fast-check/lib/esm/check/runner/Runner.js:33:21)
    at E:\learn\projects\blog-frontend-vue\src\test\properties\auth.property.test.ts:114:5
    at runTest (file:///E:/learn/projects/blog-frontend-vue/node_modules/@vitest/runner/dist/index.js:781:11) {
  isAxiosError: true,
  code: 'ERR_NETWORK',
  config: {
    transitional: {
      silentJSONParsing: true,
      forcedJSONParsing: true,
      clarifyTimeoutError: false
    },
    adapter: [ 'xhr', 'http', 'fetch' ],
    transformRequest: [ [Function: transformRequest] ],
    transformResponse: [ [Function: transformResponse] ],
    timeout: 10000,
    xsrfCookieName: 'XSRF-TOKEN',
    xsrfHeaderName: 'X-XSRF-TOKEN',
    maxContentLength: -1,
    maxBodyLength: -1,
    env: { FormData: [Function], Blob: [class Blob] },
    validateStatus: [Function: validateStatus],
    headers: Object [AxiosHeaders] {
      Accept: 'application/json',
      'Content-Type': 'application/json',
      'skip-auth': 'true',
      'X-Request-ID': 'req_1770361857534_u4tjoa82n',
      'X-Timestamp': '1770361857534'
    },
    baseURL: 'http://localhost:8000/api/v1',
    method: 'post',
    url: '/auth/refresh',
    data: '{"refreshToken":"@T{8b!nfU^J]4KE<[-m~jhkG6b*_64uCv,"}',
    allowAbsoluteUrls: true
  },
  request: XMLHttpRequest {},
  event: ProgressEvent { isTrusted: [Getter] }
}

[90mstdout[2m | src/test/properties/auth.property.test.ts[2m > [22m[2m璁よ瘉灞炴€ф祴璇?[2m > [22m[2mProperty 1.1: Token Expiration Consistency[22m[39m
[HTTP Request] POST /auth/refresh {
  headers: Object [AxiosHeaders] {
    Accept: [32m'application/json'[39m,
    [32m'Content-Type'[39m: [32m'application/json'[39m,
    [32m'skip-auth'[39m: [32m'true'[39m,
    [32m'X-Request-ID'[39m: [32m'req_1770361857543_p7iau2mhy'[39m,
    [32m'X-Timestamp'[39m: [32m'1770361857543'[39m
  },
  data: { refreshToken: [32m'aAXfnvw(3UOj:A%%n/UmArL{uNcro3\\nb'[39m },
  params: [90mundefined[39m
}

stderr | src/test/properties/auth.property.test.ts > 璁よ瘉灞炴€ф祴璇?[2m > Property 1.1: Token Expiration Consistency
Error: AggregateError
    at Object.dispatchError (E:\learn\projects\blog-frontend-vue\node_modules\jsdom\lib\jsdom\living\xhr\xhr-utils.js:63:19)
    at EventEmitter.<anonymous> (E:\learn\projects\blog-frontend-vue\node_modules\jsdom\lib\jsdom\living\xhr\XMLHttpRequest-impl.js:655:18)
    at EventEmitter.emit (node:events:520:35)
    at Request.<anonymous> (E:\learn\projects\blog-frontend-vue\node_modules\jsdom\lib\jsdom\living\xhr\xhr-utils.js:404:14)
    at Request.emit (node:events:508:28)
    at ClientRequest.<anonymous> (E:\learn\projects\blog-frontend-vue\node_modules\jsdom\lib\jsdom\living\helpers\http-request.js:127:14)
    at ClientRequest.emit (node:events:508:28)
    at emitErrorEvent (node:_http_client:107:11)
    at Socket.socketErrorListener (node:_http_client:574:5)
    at Socket.emit (node:events:508:28) undefined
[HTTP Response Error] {
  url: '/auth/refresh',
  status: undefined,
  data: undefined,
  message: 'Network Error'
}
Token refresh failed: AxiosError: Network Error
    at XMLHttpRequest.handleError (file:///E:/learn/projects/blog-frontend-vue/node_modules/axios/lib/adapters/xhr.js:112:20)
    at XMLHttpRequest.invokeTheCallbackFunction (E:\learn\projects\blog-frontend-vue\node_modules\jsdom\lib\jsdom\living\generated\EventHandlerNonNull.js:14:28)
    at XMLHttpRequest.<anonymous> (E:\learn\projects\blog-frontend-vue\node_modules\jsdom\lib\jsdom\living\helpers\create-event-accessor.js:35:32)
    at innerInvokeEventListeners (E:\learn\projects\blog-frontend-vue\node_modules\jsdom\lib\jsdom\living\events\EventTarget-impl.js:350:25)
    at invokeEventListeners (E:\learn\projects\blog-frontend-vue\node_modules\jsdom\lib\jsdom\living\events\EventTarget-impl.js:286:3)
    at XMLHttpRequestImpl._dispatch (E:\learn\projects\blog-frontend-vue\node_modules\jsdom\lib\jsdom\living\events\EventTarget-impl.js:233:9)
    at fireAnEvent (E:\learn\projects\blog-frontend-vue\node_modules\jsdom\lib\jsdom\living\helpers\events.js:18:36)
    at requestErrorSteps (E:\learn\projects\blog-frontend-vue\node_modules\jsdom\lib\jsdom\living\xhr\xhr-utils.js:131:3)
    at Object.dispatchError (E:\learn\projects\blog-frontend-vue\node_modules\jsdom\lib\jsdom\living\xhr\xhr-utils.js:60:3)
    at EventEmitter.<anonymous> (E:\learn\projects\blog-frontend-vue\node_modules\jsdom\lib\jsdom\living\xhr\XMLHttpRequest-impl.js:655:18)
    at Axios.request (file:///E:/learn/projects/blog-frontend-vue/node_modules/axios/lib/core/Axios.js:45:41)
    at processTicksAndRejections (node:internal/process/task_queues:105:5)
    at HttpClient.post (E:\learn\projects\blog-frontend-vue\src\utils\request.ts:289:22)
    at refreshAccessToken (E:\learn\projects\blog-frontend-vue\src\stores\auth.ts:405:24)
    at Proxy.initAuth (E:\learn\projects\blog-frontend-vue\src\stores\auth.ts:519:13)
    at E:\learn\projects\blog-frontend-vue\src\test\properties\auth.property.test.ts:133:11
    at AsyncProperty.run (file:///E:/learn/projects/blog-frontend-vue/node_modules/fast-check/lib/esm/check/property/AsyncProperty.generic.js:46:28)
    at asyncRunIt (file:///E:/learn/projects/blog-frontend-vue/node_modules/fast-check/lib/esm/check/runner/Runner.js:33:21)
    at E:\learn\projects\blog-frontend-vue\src\test\properties\auth.property.test.ts:114:5
    at runTest (file:///E:/learn/projects/blog-frontend-vue/node_modules/@vitest/runner/dist/index.js:781:11) {
  isAxiosError: true,
  code: 'ERR_NETWORK',
  config: {
    transitional: {
      silentJSONParsing: true,
      forcedJSONParsing: true,
      clarifyTimeoutError: false
    },
    adapter: [ 'xhr', 'http', 'fetch' ],
    transformRequest: [ [Function: transformRequest] ],
    transformResponse: [ [Function: transformResponse] ],
    timeout: 10000,
    xsrfCookieName: 'XSRF-TOKEN',
    xsrfHeaderName: 'X-XSRF-TOKEN',
    maxContentLength: -1,
    maxBodyLength: -1,
    env: { FormData: [Function], Blob: [class Blob] },
    validateStatus: [Function: validateStatus],
    headers: Object [AxiosHeaders] {
      Accept: 'application/json',
      'Content-Type': 'application/json',
      'skip-auth': 'true',
      'X-Request-ID': 'req_1770361857543_p7iau2mhy',
      'X-Timestamp': '1770361857543'
    },
    baseURL: 'http://localhost:8000/api/v1',
    method: 'post',
    url: '/auth/refresh',
    data: '{"refreshToken":"aAXfnvw(3UOj:A%%n/UmArL{uNcro3\\\\nb"}',
    allowAbsoluteUrls: true
  },
  request: XMLHttpRequest {},
  event: ProgressEvent { isTrusted: [Getter] }
}
Auto refresh token failed: AxiosError: Network Error
    at XMLHttpRequest.handleError (file:///E:/learn/projects/blog-frontend-vue/node_modules/axios/lib/adapters/xhr.js:112:20)
    at XMLHttpRequest.invokeTheCallbackFunction (E:\learn\projects\blog-frontend-vue\node_modules\jsdom\lib\jsdom\living\generated\EventHandlerNonNull.js:14:28)
    at XMLHttpRequest.<anonymous> (E:\learn\projects\blog-frontend-vue\node_modules\jsdom\lib\jsdom\living\helpers\create-event-accessor.js:35:32)
    at innerInvokeEventListeners (E:\learn\projects\blog-frontend-vue\node_modules\jsdom\lib\jsdom\living\events\EventTarget-impl.js:350:25)
    at invokeEventListeners (E:\learn\projects\blog-frontend-vue\node_modules\jsdom\lib\jsdom\living\events\EventTarget-impl.js:286:3)
    at XMLHttpRequestImpl._dispatch (E:\learn\projects\blog-frontend-vue\node_modules\jsdom\lib\jsdom\living\events\EventTarget-impl.js:233:9)
    at fireAnEvent (E:\learn\projects\blog-frontend-vue\node_modules\jsdom\lib\jsdom\living\helpers\events.js:18:36)
    at requestErrorSteps (E:\learn\projects\blog-frontend-vue\node_modules\jsdom\lib\jsdom\living\xhr\xhr-utils.js:131:3)
    at Object.dispatchError (E:\learn\projects\blog-frontend-vue\node_modules\jsdom\lib\jsdom\living\xhr\xhr-utils.js:60:3)
    at EventEmitter.<anonymous> (E:\learn\projects\blog-frontend-vue\node_modules\jsdom\lib\jsdom\living\xhr\XMLHttpRequest-impl.js:655:18)
    at Axios.request (file:///E:/learn/projects/blog-frontend-vue/node_modules/axios/lib/core/Axios.js:45:41)
    at processTicksAndRejections (node:internal/process/task_queues:105:5)
    at HttpClient.post (E:\learn\projects\blog-frontend-vue\src\utils\request.ts:289:22)
    at refreshAccessToken (E:\learn\projects\blog-frontend-vue\src\stores\auth.ts:405:24)
    at Proxy.initAuth (E:\learn\projects\blog-frontend-vue\src\stores\auth.ts:519:13)
    at E:\learn\projects\blog-frontend-vue\src\test\properties\auth.property.test.ts:133:11
    at AsyncProperty.run (file:///E:/learn/projects/blog-frontend-vue/node_modules/fast-check/lib/esm/check/property/AsyncProperty.generic.js:46:28)
    at asyncRunIt (file:///E:/learn/projects/blog-frontend-vue/node_modules/fast-check/lib/esm/check/runner/Runner.js:33:21)
    at E:\learn\projects\blog-frontend-vue\src\test\properties\auth.property.test.ts:114:5
    at runTest (file:///E:/learn/projects/blog-frontend-vue/node_modules/@vitest/runner/dist/index.js:781:11) {
  isAxiosError: true,
  code: 'ERR_NETWORK',
  config: {
    transitional: {
      silentJSONParsing: true,
      forcedJSONParsing: true,
      clarifyTimeoutError: false
    },
    adapter: [ 'xhr', 'http', 'fetch' ],
    transformRequest: [ [Function: transformRequest] ],
    transformResponse: [ [Function: transformResponse] ],
    timeout: 10000,
    xsrfCookieName: 'XSRF-TOKEN',
    xsrfHeaderName: 'X-XSRF-TOKEN',
    maxContentLength: -1,
    maxBodyLength: -1,
    env: { FormData: [Function], Blob: [class Blob] },
    validateStatus: [Function: validateStatus],
    headers: Object [AxiosHeaders] {
      Accept: 'application/json',
      'Content-Type': 'application/json',
      'skip-auth': 'true',
      'X-Request-ID': 'req_1770361857543_p7iau2mhy',
      'X-Timestamp': '1770361857543'
    },
    baseURL: 'http://localhost:8000/api/v1',
    method: 'post',
    url: '/auth/refresh',
    data: '{"refreshToken":"aAXfnvw(3UOj:A%%n/UmArL{uNcro3\\\\nb"}',
    allowAbsoluteUrls: true
  },
  request: XMLHttpRequest {},
  event: ProgressEvent { isTrusted: [Getter] }
}

[90mstdout[2m | src/test/properties/auth.property.test.ts[2m > [22m[2m璁よ瘉灞炴€ф祴璇?[2m > [22m[2mProperty 1.1: Token Expiration Consistency[22m[39m
[HTTP Request] POST /auth/refresh {
  headers: Object [AxiosHeaders] {
    Accept: [32m'application/json'[39m,
    [32m'Content-Type'[39m: [32m'application/json'[39m,
    [32m'skip-auth'[39m: [32m'true'[39m,
    [32m'X-Request-ID'[39m: [32m'req_1770361857561_dskx2ll7d'[39m,
    [32m'X-Timestamp'[39m: [32m'1770361857561'[39m
  },
  data: { refreshToken: [32m`ev%4Kzwi#$'!ly!^{"3 !]xc%cCwDl&%&`[39m },
  params: [90mundefined[39m
}

stderr | src/test/properties/auth.property.test.ts > 璁よ瘉灞炴€ф祴璇?[2m > Property 1.1: Token Expiration Consistency
Error: AggregateError
    at Object.dispatchError (E:\learn\projects\blog-frontend-vue\node_modules\jsdom\lib\jsdom\living\xhr\xhr-utils.js:63:19)
    at EventEmitter.<anonymous> (E:\learn\projects\blog-frontend-vue\node_modules\jsdom\lib\jsdom\living\xhr\XMLHttpRequest-impl.js:655:18)
    at EventEmitter.emit (node:events:520:35)
    at Request.<anonymous> (E:\learn\projects\blog-frontend-vue\node_modules\jsdom\lib\jsdom\living\xhr\xhr-utils.js:404:14)
    at Request.emit (node:events:508:28)
    at ClientRequest.<anonymous> (E:\learn\projects\blog-frontend-vue\node_modules\jsdom\lib\jsdom\living\helpers\http-request.js:127:14)
    at ClientRequest.emit (node:events:508:28)
    at emitErrorEvent (node:_http_client:107:11)
    at Socket.socketErrorListener (node:_http_client:574:5)
    at Socket.emit (node:events:508:28) undefined
[HTTP Response Error] {
  url: '/auth/refresh',
  status: undefined,
  data: undefined,
  message: 'Network Error'
}
Token refresh failed: AxiosError: Network Error
    at XMLHttpRequest.handleError (file:///E:/learn/projects/blog-frontend-vue/node_modules/axios/lib/adapters/xhr.js:112:20)
    at XMLHttpRequest.invokeTheCallbackFunction (E:\learn\projects\blog-frontend-vue\node_modules\jsdom\lib\jsdom\living\generated\EventHandlerNonNull.js:14:28)
    at XMLHttpRequest.<anonymous> (E:\learn\projects\blog-frontend-vue\node_modules\jsdom\lib\jsdom\living\helpers\create-event-accessor.js:35:32)
    at innerInvokeEventListeners (E:\learn\projects\blog-frontend-vue\node_modules\jsdom\lib\jsdom\living\events\EventTarget-impl.js:350:25)
    at invokeEventListeners (E:\learn\projects\blog-frontend-vue\node_modules\jsdom\lib\jsdom\living\events\EventTarget-impl.js:286:3)
    at XMLHttpRequestImpl._dispatch (E:\learn\projects\blog-frontend-vue\node_modules\jsdom\lib\jsdom\living\events\EventTarget-impl.js:233:9)
    at fireAnEvent (E:\learn\projects\blog-frontend-vue\node_modules\jsdom\lib\jsdom\living\helpers\events.js:18:36)
    at requestErrorSteps (E:\learn\projects\blog-frontend-vue\node_modules\jsdom\lib\jsdom\living\xhr\xhr-utils.js:131:3)
    at Object.dispatchError (E:\learn\projects\blog-frontend-vue\node_modules\jsdom\lib\jsdom\living\xhr\xhr-utils.js:60:3)
    at EventEmitter.<anonymous> (E:\learn\projects\blog-frontend-vue\node_modules\jsdom\lib\jsdom\living\xhr\XMLHttpRequest-impl.js:655:18)
    at Axios.request (file:///E:/learn/projects/blog-frontend-vue/node_modules/axios/lib/core/Axios.js:45:41)
    at processTicksAndRejections (node:internal/process/task_queues:105:5)
    at HttpClient.post (E:\learn\projects\blog-frontend-vue\src\utils\request.ts:289:22)
    at refreshAccessToken (E:\learn\projects\blog-frontend-vue\src\stores\auth.ts:405:24)
    at Proxy.initAuth (E:\learn\projects\blog-frontend-vue\src\stores\auth.ts:519:13)
    at E:\learn\projects\blog-frontend-vue\src\test\properties\auth.property.test.ts:133:11
    at AsyncProperty.run (file:///E:/learn/projects/blog-frontend-vue/node_modules/fast-check/lib/esm/check/property/AsyncProperty.generic.js:46:28)
    at asyncRunIt (file:///E:/learn/projects/blog-frontend-vue/node_modules/fast-check/lib/esm/check/runner/Runner.js:33:21)
    at E:\learn\projects\blog-frontend-vue\src\test\properties\auth.property.test.ts:114:5
    at runTest (file:///E:/learn/projects/blog-frontend-vue/node_modules/@vitest/runner/dist/index.js:781:11) {
  isAxiosError: true,
  code: 'ERR_NETWORK',
  config: {
    transitional: {
      silentJSONParsing: true,
      forcedJSONParsing: true,
      clarifyTimeoutError: false
    },
    adapter: [ 'xhr', 'http', 'fetch' ],
    transformRequest: [ [Function: transformRequest] ],
    transformResponse: [ [Function: transformResponse] ],
    timeout: 10000,
    xsrfCookieName: 'XSRF-TOKEN',
    xsrfHeaderName: 'X-XSRF-TOKEN',
    maxContentLength: -1,
    maxBodyLength: -1,
    env: { FormData: [Function], Blob: [class Blob] },
    validateStatus: [Function: validateStatus],
    headers: Object [AxiosHeaders] {
      Accept: 'application/json',
      'Content-Type': 'application/json',
      'skip-auth': 'true',
      'X-Request-ID': 'req_1770361857561_dskx2ll7d',
      'X-Timestamp': '1770361857561'
    },
    baseURL: 'http://localhost:8000/api/v1',
    method: 'post',
    url: '/auth/refresh',
    data: `{"refreshToken":"ev%4Kzwi#$'!ly!^{\\"3 !]xc%cCwDl&%&"}`,
    allowAbsoluteUrls: true
  },
  request: XMLHttpRequest {},
  event: ProgressEvent { isTrusted: [Getter] }
}
Auto refresh token failed: AxiosError: Network Error
    at XMLHttpRequest.handleError (file:///E:/learn/projects/blog-frontend-vue/node_modules/axios/lib/adapters/xhr.js:112:20)
    at XMLHttpRequest.invokeTheCallbackFunction (E:\learn\projects\blog-frontend-vue\node_modules\jsdom\lib\jsdom\living\generated\EventHandlerNonNull.js:14:28)
    at XMLHttpRequest.<anonymous> (E:\learn\projects\blog-frontend-vue\node_modules\jsdom\lib\jsdom\living\helpers\create-event-accessor.js:35:32)
    at innerInvokeEventListeners (E:\learn\projects\blog-frontend-vue\node_modules\jsdom\lib\jsdom\living\events\EventTarget-impl.js:350:25)
    at invokeEventListeners (E:\learn\projects\blog-frontend-vue\node_modules\jsdom\lib\jsdom\living\events\EventTarget-impl.js:286:3)
    at XMLHttpRequestImpl._dispatch (E:\learn\projects\blog-frontend-vue\node_modules\jsdom\lib\jsdom\living\events\EventTarget-impl.js:233:9)
    at fireAnEvent (E:\learn\projects\blog-frontend-vue\node_modules\jsdom\lib\jsdom\living\helpers\events.js:18:36)
    at requestErrorSteps (E:\learn\projects\blog-frontend-vue\node_modules\jsdom\lib\jsdom\living\xhr\xhr-utils.js:131:3)
    at Object.dispatchError (E:\learn\projects\blog-frontend-vue\node_modules\jsdom\lib\jsdom\living\xhr\xhr-utils.js:60:3)
    at EventEmitter.<anonymous> (E:\learn\projects\blog-frontend-vue\node_modules\jsdom\lib\jsdom\living\xhr\XMLHttpRequest-impl.js:655:18)
    at Axios.request (file:///E:/learn/projects/blog-frontend-vue/node_modules/axios/lib/core/Axios.js:45:41)
    at processTicksAndRejections (node:internal/process/task_queues:105:5)
    at HttpClient.post (E:\learn\projects\blog-frontend-vue\src\utils\request.ts:289:22)
    at refreshAccessToken (E:\learn\projects\blog-frontend-vue\src\stores\auth.ts:405:24)
    at Proxy.initAuth (E:\learn\projects\blog-frontend-vue\src\stores\auth.ts:519:13)
    at E:\learn\projects\blog-frontend-vue\src\test\properties\auth.property.test.ts:133:11
    at AsyncProperty.run (file:///E:/learn/projects/blog-frontend-vue/node_modules/fast-check/lib/esm/check/property/AsyncProperty.generic.js:46:28)
    at asyncRunIt (file:///E:/learn/projects/blog-frontend-vue/node_modules/fast-check/lib/esm/check/runner/Runner.js:33:21)
    at E:\learn\projects\blog-frontend-vue\src\test\properties\auth.property.test.ts:114:5
    at runTest (file:///E:/learn/projects/blog-frontend-vue/node_modules/@vitest/runner/dist/index.js:781:11) {
  isAxiosError: true,
  code: 'ERR_NETWORK',
  config: {
    transitional: {
      silentJSONParsing: true,
      forcedJSONParsing: true,
      clarifyTimeoutError: false
    },
    adapter: [ 'xhr', 'http', 'fetch' ],
    transformRequest: [ [Function: transformRequest] ],
    transformResponse: [ [Function: transformResponse] ],
    timeout: 10000,
    xsrfCookieName: 'XSRF-TOKEN',
    xsrfHeaderName: 'X-XSRF-TOKEN',
    maxContentLength: -1,
    maxBodyLength: -1,
    env: { FormData: [Function], Blob: [class Blob] },
    validateStatus: [Function: validateStatus],
[90mstdout[2m | src/test/properties/auth.property.test.ts[2m > [22m[2m璁よ瘉灞炴€ф祴璇?[2m > [22m[2mProperty 1.1: Token Expiration Consistency[22m[39m
[HTTP Request] POST /auth/refresh {
  headers: Object [AxiosHeaders] {
    Accept: [32m'application/json'[39m,
    [32m'Content-Type'[39m: [32m'application/json'[39m,
    headers: Object [AxiosHeaders] {
    [32m'skip-auth'[39m: [32m'true'[39m,
      Accept: 'application/json',
    [32m'X-Request-ID'[39m: [32m'req_1770361857584_obct8b3st'[39m,
    [32m'X-Timestamp'[39m: [32m'1770361857584'[39m
      'Content-Type': 'application/json',
  },
  data: { refreshToken: [32m`NTJ?D)0nVg(/'D"8J#U=7:k&5V\\!WfXuL`[39m },
  params: [90mundefined[39m
}
      'skip-auth': 'true',

      'X-Request-ID': 'req_1770361857561_dskx2ll7d',
      'X-Timestamp': '1770361857561'
    },
    baseURL: 'http://localhost:8000/api/v1',
    method: 'post',
    url: '/auth/refresh',
    data: `{"refreshToken":"ev%4Kzwi#$'!ly!^{\\"3 !]xc%cCwDl&%&"}`,
    allowAbsoluteUrls: true
  },
  request: XMLHttpRequest {},
  event: ProgressEvent { isTrusted: [Getter] }
}

stderr | src/test/properties/auth.property.test.ts > 璁よ瘉灞炴€ф祴璇?[2m > Property 1.1: Token Expiration Consistency
Error: AggregateError
    at Object.dispatchError (E:\learn\projects\blog-frontend-vue\node_modules\jsdom\lib\jsdom\living\xhr\xhr-utils.js:63:19)
    at EventEmitter.<anonymous> (E:\learn\projects\blog-frontend-vue\node_modules\jsdom\lib\jsdom\living\xhr\XMLHttpRequest-impl.js:655:18)
    at EventEmitter.emit (node:events:520:35)
    at Request.<anonymous> (E:\learn\projects\blog-frontend-vue\node_modules\jsdom\lib\jsdom\living\xhr\xhr-utils.js:404:14)
    at Request.emit (node:events:508:28)
    at ClientRequest.<anonymous> (E:\learn\projects\blog-frontend-vue\node_modules\jsdom\lib\jsdom\living\helpers\http-request.js:127:14)
    at ClientRequest.emit (node:events:508:28)
    at emitErrorEvent (node:_http_client:107:11)
    at Socket.socketErrorListener (node:_http_client:574:5)
    at Socket.emit (node:events:508:28) undefined
[HTTP Response Error] {
  url: '/auth/refresh',
  status: undefined,
  data: undefined,
  message: 'Network Error'
}
Token refresh failed: AxiosError: Network Error
    at XMLHttpRequest.handleError (file:///E:/learn/projects/blog-frontend-vue/node_modules/axios/lib/adapters/xhr.js:112:20)
    at XMLHttpRequest.invokeTheCallbackFunction (E:\learn\projects\blog-frontend-vue\node_modules\jsdom\lib\jsdom\living\generated\EventHandlerNonNull.js:14:28)
    at XMLHttpRequest.<anonymous> (E:\learn\projects\blog-frontend-vue\node_modules\jsdom\lib\jsdom\living\helpers\create-event-accessor.js:35:32)
    at innerInvokeEventListeners (E:\learn\projects\blog-frontend-vue\node_modules\jsdom\lib\jsdom\living\events\EventTarget-impl.js:350:25)
    at invokeEventListeners (E:\learn\projects\blog-frontend-vue\node_modules\jsdom\lib\jsdom\living\events\EventTarget-impl.js:286:3)
    at XMLHttpRequestImpl._dispatch (E:\learn\projects\blog-frontend-vue\node_modules\jsdom\lib\jsdom\living\events\EventTarget-impl.js:233:9)
    at fireAnEvent (E:\learn\projects\blog-frontend-vue\node_modules\jsdom\lib\jsdom\living\helpers\events.js:18:36)
    at requestErrorSteps (E:\learn\projects\blog-frontend-vue\node_modules\jsdom\lib\jsdom\living\xhr\xhr-utils.js:131:3)
    at Object.dispatchError (E:\learn\projects\blog-frontend-vue\node_modules\jsdom\lib\jsdom\living\xhr\xhr-utils.js:60:3)
    at EventEmitter.<anonymous> (E:\learn\projects\blog-frontend-vue\node_modules\jsdom\lib\jsdom\living\xhr\XMLHttpRequest-impl.js:655:18)
    at Axios.request (file:///E:/learn/projects/blog-frontend-vue/node_modules/axios/lib/core/Axios.js:45:41)
    at processTicksAndRejections (node:internal/process/task_queues:105:5)
    at HttpClient.post (E:\learn\projects\blog-frontend-vue\src\utils\request.ts:289:22)
    at refreshAccessToken (E:\learn\projects\blog-frontend-vue\src\stores\auth.ts:405:24)
    at Proxy.initAuth (E:\learn\projects\blog-frontend-vue\src\stores\auth.ts:519:13)
    at E:\learn\projects\blog-frontend-vue\src\test\properties\auth.property.test.ts:133:11
    at AsyncProperty.run (file:///E:/learn/projects/blog-frontend-vue/node_modules/fast-check/lib/esm/check/property/AsyncProperty.generic.js:46:28)
    at asyncRunIt (file:///E:/learn/projects/blog-frontend-vue/node_modules/fast-check/lib/esm/check/runner/Runner.js:33:21)
    at E:\learn\projects\blog-frontend-vue\src\test\properties\auth.property.test.ts:114:5
    at runTest (file:///E:/learn/projects/blog-frontend-vue/node_modules/@vitest/runner/dist/index.js:781:11) {
  isAxiosError: true,
  code: 'ERR_NETWORK',
  config: {
    transitional: {
      silentJSONParsing: true,
      forcedJSONParsing: true,
      clarifyTimeoutError: false
    },
    adapter: [ 'xhr', 'http', 'fetch' ],
    transformRequest: [ [Function: transformRequest] ],
    transformResponse: [ [Function: transformResponse] ],
    timeout: 10000,
    xsrfCookieName: 'XSRF-TOKEN',
    xsrfHeaderName: 'X-XSRF-TOKEN',
    maxContentLength: -1,
    maxBodyLength: -1,
    env: { FormData: [Function], Blob: [class Blob] },
    validateStatus: [Function: validateStatus],
    headers: Object [AxiosHeaders] {
      Accept: 'application/json',
      'Content-Type': 'application/json',
      'skip-auth': 'true',
      'X-Request-ID': 'req_1770361857584_obct8b3st',
      'X-Timestamp': '1770361857584'
    },
    baseURL: 'http://localhost:8000/api/v1',
    method: 'post',
    url: '/auth/refresh',
    data: `{"refreshToken":"NTJ?D)0nVg(/'D\\"8J#U=7:k&5V\\\\!WfXuL"}`,
    allowAbsoluteUrls: true
  },
  request: XMLHttpRequest {},
  event: ProgressEvent { isTrusted: [Getter] }
}
Auto refresh token failed: AxiosError: Network Error
    at XMLHttpRequest.handleError (file:///E:/learn/projects/blog-frontend-vue/node_modules/axios/lib/adapters/xhr.js:112:20)
    at XMLHttpRequest.invokeTheCallbackFunction (E:\learn\projects\blog-frontend-vue\node_modules\jsdom\lib\jsdom\living\generated\EventHandlerNonNull.js:14:28)
    at XMLHttpRequest.<anonymous> (E:\learn\projects\blog-frontend-vue\node_modules\jsdom\lib\jsdom\living\helpers\create-event-accessor.js:35:32)
    at innerInvokeEventListeners (E:\learn\projects\blog-frontend-vue\node_modules\jsdom\lib\jsdom\living\events\EventTarget-impl.js:350:25)
    at invokeEventListeners (E:\learn\projects\blog-frontend-vue\node_modules\jsdom\lib\jsdom\living\events\EventTarget-impl.js:286:3)
    at XMLHttpRequestImpl._dispatch (E:\learn\projects\blog-frontend-vue\node_modules\jsdom\lib\jsdom\living\events\EventTarget-impl.js:233:9)
    at fireAnEvent (E:\learn\projects\blog-frontend-vue\node_modules\jsdom\lib\jsdom\living\helpers\events.js:18:36)
    at requestErrorSteps (E:\learn\projects\blog-frontend-vue\node_modules\jsdom\lib\jsdom\living\xhr\xhr-utils.js:131:3)
    at Object.dispatchError (E:\learn\projects\blog-frontend-vue\node_modules\jsdom\lib\jsdom\living\xhr\xhr-utils.js:60:3)
    at EventEmitter.<anonymous> (E:\learn\projects\blog-frontend-vue\node_modules\jsdom\lib\jsdom\living\xhr\XMLHttpRequest-impl.js:655:18)
    at Axios.request (file:///E:/learn/projects/blog-frontend-vue/node_modules/axios/lib/core/Axios.js:45:41)
    at processTicksAndRejections (node:internal/process/task_queues:105:5)
    at HttpClient.post (E:\learn\projects\blog-frontend-vue\src\utils\request.ts:289:22)
    at refreshAccessToken (E:\learn\projects\blog-frontend-vue\src\stores\auth.ts:405:24)
    at Proxy.initAuth (E:\learn\projects\blog-frontend-vue\src\stores\auth.ts:519:13)
    at E:\learn\projects\blog-frontend-vue\src\test\properties\auth.property.test.ts:133:11
    at AsyncProperty.run (file:///E:/learn/projects/blog-frontend-vue/node_modules/fast-check/lib/esm/check/property/AsyncProperty.generic.js:46:28)
    at asyncRunIt (file:///E:/learn/projects/blog-frontend-vue/node_modules/fast-check/lib/esm/check/runner/Runner.js:33:21)
    at E:\learn\projects\blog-frontend-vue\src\test\properties\auth.property.test.ts:114:5
    at runTest (file:///E:/learn/projects/blog-frontend-vue/node_modules/@vitest/runner/dist/index.js:781:11) {
  isAxiosError: true,
  code: 'ERR_NETWORK',
  config: {
    transitional: {
      silentJSONParsing: true,
      forcedJSONParsing: true,
      clarifyTimeoutError: false
    },
    adapter: [ 'xhr', 'http', 'fetch' ],
    transformRequest: [ [Function: transformRequest] ],
    transformResponse: [ [Function: transformResponse] ],
    timeout: 10000,
    xsrfCookieName: 'XSRF-TOKEN',
    xsrfHeaderName: 'X-XSRF-TOKEN',
    maxContentLength: -1,
    maxBodyLength: -1,
    env: { FormData: [Function], Blob: [class Blob] },
    validateStatus: [Function: validateStatus],
    headers: Object [AxiosHeaders] {
      Accept: 'application/json',
      'Content-Type': 'application/json',
      'skip-auth': 'true',
      'X-Request-ID': 'req_1770361857584_obct8b3st',
      'X-Timestamp': '1770361857584'
    },
    baseURL: 'http://localhost:8000/api/v1',
    method: 'post',
    url: '/auth/refresh',
    data: `{"refreshToken":"NTJ?D)0nVg(/'D\\"8J#U=7:k&5V\\\\!WfXuL"}`,
    allowAbsoluteUrls: true
  },
  request: XMLHttpRequest {},
  event: ProgressEvent { isTrusted: [Getter] }
}

[90mstdout[2m | src/test/properties/auth.property.test.ts[2m > [22m[2m璁よ瘉灞炴€ф祴璇?[2m > [22m[2mProperty 1.1: Token Expiration Consistency[22m[39m
[HTTP Request] POST /auth/refresh {
  headers: Object [AxiosHeaders] {
    Accept: [32m'application/json'[39m,
    [32m'Content-Type'[39m: [32m'application/json'[39m,
    [32m'skip-auth'[39m: [32m'true'[39m,
    [32m'X-Request-ID'[39m: [32m'req_1770361857595_3jneyinoi'[39m,
    [32m'X-Timestamp'[39m: [32m'1770361857595'[39m
  },
  data: { refreshToken: [32m'"propertyIsEnumerable:propertyIsEnumera'[39m },
  params: [90mundefined[39m
}

stderr | src/test/properties/auth.property.test.ts > 璁よ瘉灞炴€ф祴璇?[2m > Property 1.1: Token Expiration Consistency
Error: AggregateError
    at Object.dispatchError (E:\learn\projects\blog-frontend-vue\node_modules\jsdom\lib\jsdom\living\xhr\xhr-utils.js:63:19)
    at EventEmitter.<anonymous> (E:\learn\projects\blog-frontend-vue\node_modules\jsdom\lib\jsdom\living\xhr\XMLHttpRequest-impl.js:655:18)
    at EventEmitter.emit (node:events:520:35)
    at Request.<anonymous> (E:\learn\projects\blog-frontend-vue\node_modules\jsdom\lib\jsdom\living\xhr\xhr-utils.js:404:14)
    at Request.emit (node:events:508:28)
    at ClientRequest.<anonymous> (E:\learn\projects\blog-frontend-vue\node_modules\jsdom\lib\jsdom\living\helpers\http-request.js:127:14)
    at ClientRequest.emit (node:events:508:28)
    at emitErrorEvent (node:_http_client:107:11)
    at Socket.socketErrorListener (node:_http_client:574:5)
    at Socket.emit (node:events:508:28) undefined
[HTTP Response Error] {
  url: '/auth/refresh',
  status: undefined,
  data: undefined,
  message: 'Network Error'
}
Token refresh failed: AxiosError: Network Error
    at XMLHttpRequest.handleError (file:///E:/learn/projects/blog-frontend-vue/node_modules/axios/lib/adapters/xhr.js:112:20)
    at XMLHttpRequest.invokeTheCallbackFunction (E:\learn\projects\blog-frontend-vue\node_modules\jsdom\lib\jsdom\living\generated\EventHandlerNonNull.js:14:28)
    at XMLHttpRequest.<anonymous> (E:\learn\projects\blog-frontend-vue\node_modules\jsdom\lib\jsdom\living\helpers\create-event-accessor.js:35:32)
    at innerInvokeEventListeners (E:\learn\projects\blog-frontend-vue\node_modules\jsdom\lib\jsdom\living\events\EventTarget-impl.js:350:25)
    at invokeEventListeners (E:\learn\projects\blog-frontend-vue\node_modules\jsdom\lib\jsdom\living\events\EventTarget-impl.js:286:3)
    at XMLHttpRequestImpl._dispatch (E:\learn\projects\blog-frontend-vue\node_modules\jsdom\lib\jsdom\living\events\EventTarget-impl.js:233:9)
    at fireAnEvent (E:\learn\projects\blog-frontend-vue\node_modules\jsdom\lib\jsdom\living\helpers\events.js:18:36)
    at requestErrorSteps (E:\learn\projects\blog-frontend-vue\node_modules\jsdom\lib\jsdom\living\xhr\xhr-utils.js:131:3)
    at Object.dispatchError (E:\learn\projects\blog-frontend-vue\node_modules\jsdom\lib\jsdom\living\xhr\xhr-utils.js:60:3)
    at EventEmitter.<anonymous> (E:\learn\projects\blog-frontend-vue\node_modules\jsdom\lib\jsdom\living\xhr\XMLHttpRequest-impl.js:655:18)
    at Axios.request (file:///E:/learn/projects/blog-frontend-vue/node_modules/axios/lib/core/Axios.js:45:41)
    at processTicksAndRejections (node:internal/process/task_queues:105:5)
    at HttpClient.post (E:\learn\projects\blog-frontend-vue\src\utils\request.ts:289:22)
    at refreshAccessToken (E:\learn\projects\blog-frontend-vue\src\stores\auth.ts:405:24)
    at Proxy.initAuth (E:\learn\projects\blog-frontend-vue\src\stores\auth.ts:519:13)
    at E:\learn\projects\blog-frontend-vue\src\test\properties\auth.property.test.ts:133:11
    at AsyncProperty.run (file:///E:/learn/projects/blog-frontend-vue/node_modules/fast-check/lib/esm/check/property/AsyncProperty.generic.js:46:28)
    at asyncRunIt (file:///E:/learn/projects/blog-frontend-vue/node_modules/fast-check/lib/esm/check/runner/Runner.js:33:21)
    at E:\learn\projects\blog-frontend-vue\src\test\properties\auth.property.test.ts:114:5
    at runTest (file:///E:/learn/projects/blog-frontend-vue/node_modules/@vitest/runner/dist/index.js:781:11) {
  isAxiosError: true,
  code: 'ERR_NETWORK',
  config: {
    transitional: {
      silentJSONParsing: true,
      forcedJSONParsing: true,
      clarifyTimeoutError: false
    },
    adapter: [ 'xhr', 'http', 'fetch' ],
    transformRequest: [ [Function: transformRequest] ],
    transformResponse: [ [Function: transformResponse] ],
    timeout: 10000,
    xsrfCookieName: 'XSRF-TOKEN',
    xsrfHeaderName: 'X-XSRF-TOKEN',
    maxContentLength: -1,
    maxBodyLength: -1,
    env: { FormData: [Function], Blob: [class Blob] },
    validateStatus: [Function: validateStatus],
    headers: Object [AxiosHeaders] {
      Accept: 'application/json',
      'Content-Type': 'application/json',
      'skip-auth': 'true',
      'X-Request-ID': 'req_1770361857595_3jneyinoi',
      'X-Timestamp': '1770361857595'
    },
    baseURL: 'http://localhost:8000/api/v1',
    method: 'post',
    url: '/auth/refresh',
    data: '{"refreshToken":"\\"propertyIsEnumerable:propertyIsEnumera"}',
    allowAbsoluteUrls: true
  },
  request: XMLHttpRequest {},
  event: ProgressEvent { isTrusted: [Getter] }
}
Auto refresh token failed: AxiosError: Network Error
    at XMLHttpRequest.handleError (file:///E:/learn/projects/blog-frontend-vue/node_modules/axios/lib/adapters/xhr.js:112:20)
    at XMLHttpRequest.invokeTheCallbackFunction (E:\learn\projects\blog-frontend-vue\node_modules\jsdom\lib\jsdom\living\generated\EventHandlerNonNull.js:14:28)
    at XMLHttpRequest.<anonymous> (E:\learn\projects\blog-frontend-vue\node_modules\jsdom\lib\jsdom\living\helpers\create-event-accessor.js:35:32)
    at innerInvokeEventListeners (E:\learn\projects\blog-frontend-vue\node_modules\jsdom\lib\jsdom\living\events\EventTarget-impl.js:350:25)
    at invokeEventListeners (E:\learn\projects\blog-frontend-vue\node_modules\jsdom\lib\jsdom\living\events\EventTarget-impl.js:286:3)
    at XMLHttpRequestImpl._dispatch (E:\learn\projects\blog-frontend-vue\node_modules\jsdom\lib\jsdom\living\events\EventTarget-impl.js:233:9)
    at fireAnEvent (E:\learn\projects\blog-frontend-vue\node_modules\jsdom\lib\jsdom\living\helpers\events.js:18:36)
    at requestErrorSteps (E:\learn\projects\blog-frontend-vue\node_modules\jsdom\lib\jsdom\living\xhr\xhr-utils.js:131:3)
    at Object.dispatchError (E:\learn\projects\blog-frontend-vue\node_modules\jsdom\lib\jsdom\living\xhr\xhr-utils.js:60:3)
    at EventEmitter.<anonymous> (E:\learn\projects\blog-frontend-vue\node_modules\jsdom\lib\jsdom\living\xhr\XMLHttpRequest-impl.js:655:18)
    at Axios.request (file:///E:/learn/projects/blog-frontend-vue/node_modules/axios/lib/core/Axios.js:45:41)
    at processTicksAndRejections (node:internal/process/task_queues:105:5)
    at HttpClient.post (E:\learn\projects\blog-frontend-vue\src\utils\request.ts:289:22)
    at refreshAccessToken (E:\learn\projects\blog-frontend-vue\src\stores\auth.ts:405:24)
    at Proxy.initAuth (E:\learn\projects\blog-frontend-vue\src\stores\auth.ts:519:13)
    at E:\learn\projects\blog-frontend-vue\src\test\properties\auth.property.test.ts:133:11
    at AsyncProperty.run (file:///E:/learn/projects/blog-frontend-vue/node_modules/fast-check/lib/esm/check/property/AsyncProperty.generic.js:46:28)
    at asyncRunIt (file:///E:/learn/projects/blog-frontend-vue/node_modules/fast-check/lib/esm/check/runner/Runner.js:33:21)
    at E:\learn\projects\blog-frontend-vue\src\test\properties\auth.property.test.ts:114:5
    at runTest (file:///E:/learn/projects/blog-frontend-vue/node_modules/@vitest/runner/dist/index.js:781:11) {
  isAxiosError: true,
  code: 'ERR_NETWORK',
  config: {
    transitional: {
      silentJSONParsing: true,
      forcedJSONParsing: true,
      clarifyTimeoutError: false
    },
    adapter: [ 'xhr', 'http', 'fetch' ],
    transformRequest: [ [Function: transformRequest] ],
    transformResponse: [ [Function: transformResponse] ],
    timeout: 10000,
    xsrfCookieName: 'XSRF-TOKEN',
    xsrfHeaderName: 'X-XSRF-TOKEN',
    maxContentLength: -1,
    maxBodyLength: -1,
    env: { FormData: [Function], Blob: [class Blob] },
    validateStatus: [Function: validateStatus],
    headers: Object [AxiosHeaders] {
      Accept: 'application/json',
      'Content-Type': 'application/json',
      'skip-auth': 'true',
      'X-Request-ID': 'req_1770361857595_3jneyinoi',
      'X-Timestamp': '1770361857595'
    },
    baseURL: 'http://localhost:8000/api/v1',
    method: 'post',
    url: '/auth/refresh',
    data: '{"refreshToken":"\\"propertyIsEnumerable:propertyIsEnumera"}',
    allowAbsoluteUrls: true
  },
  request: XMLHttpRequest {},
  event: ProgressEvent { isTrusted: [Getter] }
}

[90mstdout[2m | src/test/properties/auth.property.test.ts[2m > [22m[2m璁よ瘉灞炴€ф祴璇?[2m > [22m[2mProperty 1.1: Token Expiration Consistency[22m[39m
[HTTP Request] POST /auth/refresh {
  headers: Object [AxiosHeaders] {
    Accept: [32m'application/json'[39m,
    [32m'Content-Type'[39m: [32m'application/json'[39m,
    [32m'skip-auth'[39m: [32m'true'[39m,
    [32m'X-Request-ID'[39m: [32m'req_1770361857609_de61s5r72'[39m,
    [32m'X-Timestamp'[39m: [32m'1770361857609'[39m
  },
  data: { refreshToken: [32m'Ck15`>FIX[9ufZtUArMaHttz]72#|P`ys4`Q+^{y(w_iL6'[39m },
  params: [90mundefined[39m
}

stderr | src/test/properties/auth.property.test.ts > 璁よ瘉灞炴€ф祴璇?[2m > Property 1.1: Token Expiration Consistency
Error: AggregateError
    at Object.dispatchError (E:\learn\projects\blog-frontend-vue\node_modules\jsdom\lib\jsdom\living\xhr\xhr-utils.js:63:19)
    at EventEmitter.<anonymous> (E:\learn\projects\blog-frontend-vue\node_modules\jsdom\lib\jsdom\living\xhr\XMLHttpRequest-impl.js:655:18)
    at EventEmitter.emit (node:events:520:35)
    at Request.<anonymous> (E:\learn\projects\blog-frontend-vue\node_modules\jsdom\lib\jsdom\living\xhr\xhr-utils.js:404:14)
    at Request.emit (node:events:508:28)
    at ClientRequest.<anonymous> (E:\learn\projects\blog-frontend-vue\node_modules\jsdom\lib\jsdom\living\helpers\http-request.js:127:14)
    at ClientRequest.emit (node:events:508:28)
    at emitErrorEvent (node:_http_client:107:11)
    at Socket.socketErrorListener (node:_http_client:574:5)
    at Socket.emit (node:events:508:28) undefined
[HTTP Response Error] {
  url: '/auth/refresh',
  status: undefined,
  data: undefined,
  message: 'Network Error'
}
Token refresh failed: AxiosError: Network Error
    at XMLHttpRequest.handleError (file:///E:/learn/projects/blog-frontend-vue/node_modules/axios/lib/adapters/xhr.js:112:20)
    at XMLHttpRequest.invokeTheCallbackFunction (E:\learn\projects\blog-frontend-vue\node_modules\jsdom\lib\jsdom\living\generated\EventHandlerNonNull.js:14:28)
    at XMLHttpRequest.<anonymous> (E:\learn\projects\blog-frontend-vue\node_modules\jsdom\lib\jsdom\living\helpers\create-event-accessor.js:35:32)
    at innerInvokeEventListeners (E:\learn\projects\blog-frontend-vue\node_modules\jsdom\lib\jsdom\living\events\EventTarget-impl.js:350:25)
    at invokeEventListeners (E:\learn\projects\blog-frontend-vue\node_modules\jsdom\lib\jsdom\living\events\EventTarget-impl.js:286:3)
    at XMLHttpRequestImpl._dispatch (E:\learn\projects\blog-frontend-vue\node_modules\jsdom\lib\jsdom\living\events\EventTarget-impl.js:233:9)
    at fireAnEvent (E:\learn\projects\blog-frontend-vue\node_modules\jsdom\lib\jsdom\living\helpers\events.js:18:36)
    at requestErrorSteps (E:\learn\projects\blog-frontend-vue\node_modules\jsdom\lib\jsdom\living\xhr\xhr-utils.js:131:3)
    at Object.dispatchError (E:\learn\projects\blog-frontend-vue\node_modules\jsdom\lib\jsdom\living\xhr\xhr-utils.js:60:3)
    at EventEmitter.<anonymous> (E:\learn\projects\blog-frontend-vue\node_modules\jsdom\lib\jsdom\living\xhr\XMLHttpRequest-impl.js:655:18)
    at Axios.request (file:///E:/learn/projects/blog-frontend-vue/node_modules/axios/lib/core/Axios.js:45:41)
    at processTicksAndRejections (node:internal/process/task_queues:105:5)
    at HttpClient.post (E:\learn\projects\blog-frontend-vue\src\utils\request.ts:289:22)
    at refreshAccessToken (E:\learn\projects\blog-frontend-vue\src\stores\auth.ts:405:24)
    at Proxy.initAuth (E:\learn\projects\blog-frontend-vue\src\stores\auth.ts:519:13)
    at E:\learn\projects\blog-frontend-vue\src\test\properties\auth.property.test.ts:133:11
    at AsyncProperty.run (file:///E:/learn/projects/blog-frontend-vue/node_modules/fast-check/lib/esm/check/property/AsyncProperty.generic.js:46:28)
    at asyncRunIt (file:///E:/learn/projects/blog-frontend-vue/node_modules/fast-check/lib/esm/check/runner/Runner.js:33:21)
    at E:\learn\projects\blog-frontend-vue\src\test\properties\auth.property.test.ts:114:5
    at runTest (file:///E:/learn/projects/blog-frontend-vue/node_modules/@vitest/runner/dist/index.js:781:11) {
  isAxiosError: true,
  code: 'ERR_NETWORK',
  config: {
    transitional: {
      silentJSONParsing: true,
      forcedJSONParsing: true,
      clarifyTimeoutError: false
    },
    adapter: [ 'xhr', 'http', 'fetch' ],
    transformRequest: [ [Function: transformRequest] ],
    transformResponse: [ [Function: transformResponse] ],
    timeout: 10000,
    xsrfCookieName: 'XSRF-TOKEN',
    xsrfHeaderName: 'X-XSRF-TOKEN',
    maxContentLength: -1,
    maxBodyLength: -1,
    env: { FormData: [Function], Blob: [class Blob] },
    validateStatus: [Function: validateStatus],
    headers: Object [AxiosHeaders] {
      Accept: 'application/json',
      'Content-Type': 'application/json',
      'skip-auth': 'true',
      'X-Request-ID': 'req_1770361857609_de61s5r72',
      'X-Timestamp': '1770361857609'
    },
    baseURL: 'http://localhost:8000/api/v1',
    method: 'post',
    url: '/auth/refresh',
    data: '{"refreshToken":"Ck15`>FIX[9ufZtUArMaHttz]72#|P`ys4`Q+^{y(w_iL6"}',
    allowAbsoluteUrls: true
  },
  request: XMLHttpRequest {},
  event: ProgressEvent { isTrusted: [Getter] }
}
Auto refresh token failed: AxiosError: Network Error
    at XMLHttpRequest.handleError (file:///E:/learn/projects/blog-frontend-vue/node_modules/axios/lib/adapters/xhr.js:112:20)
    at XMLHttpRequest.invokeTheCallbackFunction (E:\learn\projects\blog-frontend-vue\node_modules\jsdom\lib\jsdom\living\generated\EventHandlerNonNull.js:14:28)
    at XMLHttpRequest.<anonymous> (E:\learn\projects\blog-frontend-vue\node_modules\jsdom\lib\jsdom\living\helpers\create-event-accessor.js:35:32)
    at innerInvokeEventListeners (E:\learn\projects\blog-frontend-vue\node_modules\jsdom\lib\jsdom\living\events\EventTarget-impl.js:350:25)
    at invokeEventListeners (E:\learn\projects\blog-frontend-vue\node_modules\jsdom\lib\jsdom\living\events\EventTarget-impl.js:286:3)
    at XMLHttpRequestImpl._dispatch (E:\learn\projects\blog-frontend-vue\node_modules\jsdom\lib\jsdom\living\events\EventTarget-impl.js:233:9)
    at fireAnEvent (E:\learn\projects\blog-frontend-vue\node_modules\jsdom\lib\jsdom\living\helpers\events.js:18:36)
    at requestErrorSteps (E:\learn\projects\blog-frontend-vue\node_modules\jsdom\lib\jsdom\living\xhr\xhr-utils.js:131:3)
    at Object.dispatchError (E:\learn\projects\blog-frontend-vue\node_modules\jsdom\lib\jsdom\living\xhr\xhr-utils.js:60:3)
    at EventEmitter.<anonymous> (E:\learn\projects\blog-frontend-vue\node_modules\jsdom\lib\jsdom\living\xhr\XMLHttpRequest-impl.js:655:18)
    at Axios.request (file:///E:/learn/projects/blog-frontend-vue/node_modules/axios/lib/core/Axios.js:45:41)
    at processTicksAndRejections (node:internal/process/task_queues:105:5)
    at HttpClient.post (E:\learn\projects\blog-frontend-vue\src\utils\request.ts:289:22)
    at refreshAccessToken (E:\learn\projects\blog-frontend-vue\src\stores\auth.ts:405:24)
    at Proxy.initAuth (E:\learn\projects\blog-frontend-vue\src\stores\auth.ts:519:13)
    at E:\learn\projects\blog-frontend-vue\src\test\properties\auth.property.test.ts:133:11
    at AsyncProperty.run (file:///E:/learn/projects/blog-frontend-vue/node_modules/fast-check/lib/esm/check/property/AsyncProperty.generic.js:46:28)
    at asyncRunIt (file:///E:/learn/projects/blog-frontend-vue/node_modules/fast-check/lib/esm/check/runner/Runner.js:33:21)
    at E:\learn\projects\blog-frontend-vue\src\test\properties\auth.property.test.ts:114:5
    at runTest (file:///E:/learn/projects/blog-frontend-vue/node_modules/@vitest/runner/dist/index.js:781:11) {
  isAxiosError: true,
  code: 'ERR_NETWORK',
  config: {
    transitional: {
      silentJSONParsing: true,
      forcedJSONParsing: true,
      clarifyTimeoutError: false
    },
    adapter: [ 'xhr', 'http', 'fetch' ],
    transformRequest: [ [Function: transformRequest] ],
    transformResponse: [ [Function: transformResponse] ],
    timeout: 10000,
    xsrfCookieName: 'XSRF-TOKEN',
    xsrfHeaderName: 'X-XSRF-TOKEN',
    maxContentLength: -1,
    maxBodyLength: -1,
    env: { FormData: [Function], Blob: [class Blob] },
    validateStatus: [Function: validateStatus],
    headers: Object [AxiosHeaders] {
      Accept: 'application/json',
      'Content-Type': 'application/json',
      'skip-auth': 'true',
      'X-Request-ID': 'req_1770361857609_de61s5r72',
      'X-Timestamp': '1770361857609'
    },
    baseURL: 'http://localhost:8000/api/v1',
    method: 'post',
    url: '/auth/refresh',
    data: '{"refreshToken":"Ck15`>FIX[9ufZtUArMaHttz]72#|P`ys4`Q+^{y(w_iL6"}',
    allowAbsoluteUrls: true
  },
  request: XMLHttpRequest {},
  event: ProgressEvent { isTrusted: [Getter] }
}

[90mstdout[2m | src/test/properties/auth.property.test.ts[2m > [22m[2m璁よ瘉灞炴€ф祴璇?[2m > [22m[2mProperty 1.1: Token Expiration Consistency[22m[39m
[HTTP Request] POST /auth/refresh {
  headers: Object [AxiosHeaders] {
    Accept: [32m'application/json'[39m,
    [32m'Content-Type'[39m: [32m'application/json'[39m,
    [32m'skip-auth'[39m: [32m'true'[39m,
    [32m'X-Request-ID'[39m: [32m'req_1770361857616_htest9vcm'[39m,
    [32m'X-Timestamp'[39m: [32m'1770361857616'[39m
  },
  data: { refreshToken: [32m';#b4zh3YSxs~KH s<|/xAj#&W^QY0"DJ$%X&[#w^@x0'[39m },
  params: [90mundefined[39m
}

stderr | src/test/properties/auth.property.test.ts > 璁よ瘉灞炴€ф祴璇?[2m > Property 1.1: Token Expiration Consistency
Error: AggregateError
    at Object.dispatchError (E:\learn\projects\blog-frontend-vue\node_modules\jsdom\lib\jsdom\living\xhr\xhr-utils.js:63:19)
    at EventEmitter.<anonymous> (E:\learn\projects\blog-frontend-vue\node_modules\jsdom\lib\jsdom\living\xhr\XMLHttpRequest-impl.js:655:18)
    at EventEmitter.emit (node:events:520:35)
    at Request.<anonymous> (E:\learn\projects\blog-frontend-vue\node_modules\jsdom\lib\jsdom\living\xhr\xhr-utils.js:404:14)
    at Request.emit (node:events:508:28)
    at ClientRequest.<anonymous> (E:\learn\projects\blog-frontend-vue\node_modules\jsdom\lib\jsdom\living\helpers\http-request.js:127:14)
    at ClientRequest.emit (node:events:508:28)
    at emitErrorEvent (node:_http_client:107:11)
    at Socket.socketErrorListener (node:_http_client:574:5)
    at Socket.emit (node:events:508:28) undefined
[HTTP Response Error] {
  url: '/auth/refresh',
  status: undefined,
  data: undefined,
  message: 'Network Error'
}
Token refresh failed: AxiosError: Network Error
    at XMLHttpRequest.handleError (file:///E:/learn/projects/blog-frontend-vue/node_modules/axios/lib/adapters/xhr.js:112:20)
    at XMLHttpRequest.invokeTheCallbackFunction (E:\learn\projects\blog-frontend-vue\node_modules\jsdom\lib\jsdom\living\generated\EventHandlerNonNull.js:14:28)
    at XMLHttpRequest.<anonymous> (E:\learn\projects\blog-frontend-vue\node_modules\jsdom\lib\jsdom\living\helpers\create-event-accessor.js:35:32)
    at innerInvokeEventListeners (E:\learn\projects\blog-frontend-vue\node_modules\jsdom\lib\jsdom\living\events\EventTarget-impl.js:350:25)
    at invokeEventListeners (E:\learn\projects\blog-frontend-vue\node_modules\jsdom\lib\jsdom\living\events\EventTarget-impl.js:286:3)
    at XMLHttpRequestImpl._dispatch (E:\learn\projects\blog-frontend-vue\node_modules\jsdom\lib\jsdom\living\events\EventTarget-impl.js:233:9)
    at fireAnEvent (E:\learn\projects\blog-frontend-vue\node_modules\jsdom\lib\jsdom\living\helpers\events.js:18:36)
    at requestErrorSteps (E:\learn\projects\blog-frontend-vue\node_modules\jsdom\lib\jsdom\living\xhr\xhr-utils.js:131:3)
    at Object.dispatchError (E:\learn\projects\blog-frontend-vue\node_modules\jsdom\lib\jsdom\living\xhr\xhr-utils.js:60:3)
    at EventEmitter.<anonymous> (E:\learn\projects\blog-frontend-vue\node_modules\jsdom\lib\jsdom\living\xhr\XMLHttpRequest-impl.js:655:18)
    at Axios.request (file:///E:/learn/projects/blog-frontend-vue/node_modules/axios/lib/core/Axios.js:45:41)
    at processTicksAndRejections (node:internal/process/task_queues:105:5)
    at HttpClient.post (E:\learn\projects\blog-frontend-vue\src\utils\request.ts:289:22)
    at refreshAccessToken (E:\learn\projects\blog-frontend-vue\src\stores\auth.ts:405:24)
    at Proxy.initAuth (E:\learn\projects\blog-frontend-vue\src\stores\auth.ts:519:13)
    at E:\learn\projects\blog-frontend-vue\src\test\properties\auth.property.test.ts:133:11
    at AsyncProperty.run (file:///E:/learn/projects/blog-frontend-vue/node_modules/fast-check/lib/esm/check/property/AsyncProperty.generic.js:46:28)
    at asyncRunIt (file:///E:/learn/projects/blog-frontend-vue/node_modules/fast-check/lib/esm/check/runner/Runner.js:33:21)
    at E:\learn\projects\blog-frontend-vue\src\test\properties\auth.property.test.ts:114:5
    at runTest (file:///E:/learn/projects/blog-frontend-vue/node_modules/@vitest/runner/dist/index.js:781:11) {
  isAxiosError: true,
  code: 'ERR_NETWORK',
  config: {
    transitional: {
      silentJSONParsing: true,
      forcedJSONParsing: true,
      clarifyTimeoutError: false
    },
    adapter: [ 'xhr', 'http', 'fetch' ],
    transformRequest: [ [Function: transformRequest] ],
    transformResponse: [ [Function: transformResponse] ],
    timeout: 10000,
    xsrfCookieName: 'XSRF-TOKEN',
    xsrfHeaderName: 'X-XSRF-TOKEN',
    maxContentLength: -1,
    maxBodyLength: -1,
    env: { FormData: [Function], Blob: [class Blob] },
    validateStatus: [Function: validateStatus],
    headers: Object [AxiosHeaders] {
      Accept: 'application/json',
      'Content-Type': 'application/json',
      'skip-auth': 'true',
      'X-Request-ID': 'req_1770361857616_htest9vcm',
      'X-Timestamp': '1770361857616'
    },
    baseURL: 'http://localhost:8000/api/v1',
    method: 'post',
    url: '/auth/refresh',
    data: '{"refreshToken":";#b4zh3YSxs~KH s<|/xAj#&W^QY0\\"DJ$%X&[#w^@x0"}',
    allowAbsoluteUrls: true
  },
  request: XMLHttpRequest {},
  event: ProgressEvent { isTrusted: [Getter] }
}
Auto refresh token failed: AxiosError: Network Error
    at XMLHttpRequest.handleError (file:///E:/learn/projects/blog-frontend-vue/node_modules/axios/lib/adapters/xhr.js:112:20)
    at XMLHttpRequest.invokeTheCallbackFunction (E:\learn\projects\blog-frontend-vue\node_modules\jsdom\lib\jsdom\living\generated\EventHandlerNonNull.js:14:28)
    at XMLHttpRequest.<anonymous> (E:\learn\projects\blog-frontend-vue\node_modules\jsdom\lib\jsdom\living\helpers\create-event-accessor.js:35:32)
    at innerInvokeEventListeners (E:\learn\projects\blog-frontend-vue\node_modules\jsdom\lib\jsdom\living\events\EventTarget-impl.js:350:25)
    at invokeEventListeners (E:\learn\projects\blog-frontend-vue\node_modules\jsdom\lib\jsdom\living\events\EventTarget-impl.js:286:3)
    at XMLHttpRequestImpl._dispatch (E:\learn\projects\blog-frontend-vue\node_modules\jsdom\lib\jsdom\living\events\EventTarget-impl.js:233:9)
    at fireAnEvent (E:\learn\projects\blog-frontend-vue\node_modules\jsdom\lib\jsdom\living\helpers\events.js:18:36)
    at requestErrorSteps (E:\learn\projects\blog-frontend-vue\node_modules\jsdom\lib\jsdom\living\xhr\xhr-utils.js:131:3)
    at Object.dispatchError (E:\learn\projects\blog-frontend-vue\node_modules\jsdom\lib\jsdom\living\xhr\xhr-utils.js:60:3)
    at EventEmitter.<anonymous> (E:\learn\projects\blog-frontend-vue\node_modules\jsdom\lib\jsdom\living\xhr\XMLHttpRequest-impl.js:655:18)
    at Axios.request (file:///E:/learn/projects/blog-frontend-vue/node_modules/axios/lib/core/Axios.js:45:41)
    at processTicksAndRejections (node:internal/process/task_queues:105:5)
    at HttpClient.post (E:\learn\projects\blog-frontend-vue\src\utils\request.ts:289:22)
    at refreshAccessToken (E:\learn\projects\blog-frontend-vue\src\stores\auth.ts:405:24)
    at Proxy.initAuth (E:\learn\projects\blog-frontend-vue\src\stores\auth.ts:519:13)
    at E:\learn\projects\blog-frontend-vue\src\test\properties\auth.property.test.ts:133:11
    at AsyncProperty.run (file:///E:/learn/projects/blog-frontend-vue/node_modules/fast-check/lib/esm/check/property/AsyncProperty.generic.js:46:28)
    at asyncRunIt (file:///E:/learn/projects/blog-frontend-vue/node_modules/fast-check/lib/esm/check/runner/Runner.js:33:21)
    at E:\learn\projects\blog-frontend-vue\src\test\properties\auth.property.test.ts:114:5
    at runTest (file:///E:/learn/projects/blog-frontend-vue/node_modules/@vitest/runner/dist/index.js:781:11) {
  isAxiosError: true,
  code: 'ERR_NETWORK',
  config: {
    transitional: {
      silentJSONParsing: true,
      forcedJSONParsing: true,
      clarifyTimeoutError: false
    },
    adapter: [ 'xhr', 'http', 'fetch' ],
    transformRequest: [ [Function: transformRequest] ],
    transformResponse: [ [Function: transformResponse] ],
    timeout: 10000,
    xsrfCookieName: 'XSRF-TOKEN',
    xsrfHeaderName: 'X-XSRF-TOKEN',
    maxContentLength: -1,
    maxBodyLength: -1,
    env: { FormData: [Function], Blob: [class Blob] },
    validateStatus: [Function: validateStatus],
    headers: Object [AxiosHeaders] {
      Accept: 'application/json',
      'Content-Type': 'application/json',
      'skip-auth': 'true',
      'X-Request-ID': 'req_1770361857616_htest9vcm',
      'X-Timestamp': '1770361857616'
    },
    baseURL: 'http://localhost:8000/api/v1',
    method: 'post',
    url: '/auth/refresh',
    data: '{"refreshToken":";#b4zh3YSxs~KH s<|/xAj#&W^QY0\\"DJ$%X&[#w^@x0"}',
    allowAbsoluteUrls: true
  },
  request: XMLHttpRequest {},
  event: ProgressEvent { isTrusted: [Getter] }
}

[90mstdout[2m | src/test/properties/auth.property.test.ts[2m > [22m[2m璁よ瘉灞炴€ф祴璇?[2m > [22m[2mProperty 1.1: Token Expiration Consistency[22m[39m
[HTTP Request] GET /auth/me {
  headers: Object [AxiosHeaders] {
    Accept: [32m'application/json'[39m,
    [32m'Content-Type'[39m: [32m'application/json'[39m,
    [32m'X-Request-ID'[39m: [32m'req_1770361857633_jsyzi8kmr'[39m,
    [32m'X-Timestamp'[39m: [32m'1770361857633'[39m,
    Authorization: [32m'Bearer $E8y<%\\p"|[!$zM"Kf"g"C'[39m
  },
  data: [90mundefined[39m,
  params: [90mundefined[39m
}

stderr | src/test/properties/auth.property.test.ts > 璁よ瘉灞炴€ф祴璇?[2m > Property 1.1: Token Expiration Consistency
Error: AggregateError
    at Object.dispatchError (E:\learn\projects\blog-frontend-vue\node_modules\jsdom\lib\jsdom\living\xhr\xhr-utils.js:63:19)
    at EventEmitter.<anonymous> (E:\learn\projects\blog-frontend-vue\node_modules\jsdom\lib\jsdom\living\xhr\XMLHttpRequest-impl.js:655:18)
    at EventEmitter.emit (node:events:520:35)
    at Request.<anonymous> (E:\learn\projects\blog-frontend-vue\node_modules\jsdom\lib\jsdom\living\xhr\xhr-utils.js:404:14)
    at Request.emit (node:events:508:28)
    at ClientRequest.<anonymous> (E:\learn\projects\blog-frontend-vue\node_modules\jsdom\lib\jsdom\living\helpers\http-request.js:127:14)
    at ClientRequest.emit (node:events:508:28)
    at emitErrorEvent (node:_http_client:107:11)
    at Socket.socketErrorListener (node:_http_client:574:5)
    at Socket.emit (node:events:508:28) undefined
[HTTP Response Error] {
  url: '/auth/me',
  status: undefined,
  data: undefined,
  message: 'Network Error'
}
Fetch current user failed: AxiosError: Network Error
    at XMLHttpRequest.handleError (file:///E:/learn/projects/blog-frontend-vue/node_modules/axios/lib/adapters/xhr.js:112:20)
    at XMLHttpRequest.invokeTheCallbackFunction (E:\learn\projects\blog-frontend-vue\node_modules\jsdom\lib\jsdom\living\generated\EventHandlerNonNull.js:14:28)
    at XMLHttpRequest.<anonymous> (E:\learn\projects\blog-frontend-vue\node_modules\jsdom\lib\jsdom\living\helpers\create-event-accessor.js:35:32)
    at innerInvokeEventListeners (E:\learn\projects\blog-frontend-vue\node_modules\jsdom\lib\jsdom\living\events\EventTarget-impl.js:350:25)
    at invokeEventListeners (E:\learn\projects\blog-frontend-vue\node_modules\jsdom\lib\jsdom\living\events\EventTarget-impl.js:286:3)
    at XMLHttpRequestImpl._dispatch (E:\learn\projects\blog-frontend-vue\node_modules\jsdom\lib\jsdom\living\events\EventTarget-impl.js:233:9)
    at fireAnEvent (E:\learn\projects\blog-frontend-vue\node_modules\jsdom\lib\jsdom\living\helpers\events.js:18:36)
    at requestErrorSteps (E:\learn\projects\blog-frontend-vue\node_modules\jsdom\lib\jsdom\living\xhr\xhr-utils.js:131:3)
    at Object.dispatchError (E:\learn\projects\blog-frontend-vue\node_modules\jsdom\lib\jsdom\living\xhr\xhr-utils.js:60:3)
    at EventEmitter.<anonymous> (E:\learn\projects\blog-frontend-vue\node_modules\jsdom\lib\jsdom\living\xhr\XMLHttpRequest-impl.js:655:18)
    at Axios.request (file:///E:/learn/projects/blog-frontend-vue/node_modules/axios/lib/core/Axios.js:45:41)
    at processTicksAndRejections (node:internal/process/task_queues:105:5)
    at HttpClient.get (E:\learn\projects\blog-frontend-vue\src\utils\request.ts:274:22)
    at fetchCurrentUser (E:\learn\projects\blog-frontend-vue\src\stores\auth.ts:433:24)
    at Proxy.initAuth (E:\learn\projects\blog-frontend-vue\src\stores\auth.ts:534:13)
    at E:\learn\projects\blog-frontend-vue\src\test\properties\auth.property.test.ts:133:11
    at AsyncProperty.run (file:///E:/learn/projects/blog-frontend-vue/node_modules/fast-check/lib/esm/check/property/AsyncProperty.generic.js:46:28)
    at asyncRunIt (file:///E:/learn/projects/blog-frontend-vue/node_modules/fast-check/lib/esm/check/runner/Runner.js:33:21)
    at E:\learn\projects\blog-frontend-vue\src\test\properties\auth.property.test.ts:114:5
    at runTest (file:///E:/learn/projects/blog-frontend-vue/node_modules/@vitest/runner/dist/index.js:781:11) {
  isAxiosError: true,
  code: 'ERR_NETWORK',
  config: {
    transitional: {
      silentJSONParsing: true,
      forcedJSONParsing: true,
      clarifyTimeoutError: false
    },
    adapter: [ 'xhr', 'http', 'fetch' ],
    transformRequest: [ [Function: transformRequest] ],
    transformResponse: [ [Function: transformResponse] ],
    timeout: 10000,
    xsrfCookieName: 'XSRF-TOKEN',
    xsrfHeaderName: 'X-XSRF-TOKEN',
    maxContentLength: -1,
    maxBodyLength: -1,
    env: { FormData: [Function], Blob: [class Blob] },
    validateStatus: [Function: validateStatus],
    headers: Object [AxiosHeaders] {
      Accept: 'application/json',
      'Content-Type': 'application/json',
      'X-Request-ID': 'req_1770361857633_jsyzi8kmr',
      'X-Timestamp': '1770361857633',
      Authorization: 'Bearer $E8y<%\\p"|[!$zM"Kf"g"C'
    },
    baseURL: 'http://localhost:8000/api/v1',
    method: 'get',
    url: '/auth/me',
    allowAbsoluteUrls: true,
    data: undefined
  },
  request: XMLHttpRequest {},
  event: ProgressEvent { isTrusted: [Getter] }
}
Auto fetch user failed: AxiosError: Network Error
    at XMLHttpRequest.handleError (file:///E:/learn/projects/blog-frontend-vue/node_modules/axios/lib/adapters/xhr.js:112:20)
    at XMLHttpRequest.invokeTheCallbackFunction (E:\learn\projects\blog-frontend-vue\node_modules\jsdom\lib\jsdom\living\generated\EventHandlerNonNull.js:14:28)
    at XMLHttpRequest.<anonymous> (E:\learn\projects\blog-frontend-vue\node_modules\jsdom\lib\jsdom\living\helpers\create-event-accessor.js:35:32)
    at innerInvokeEventListeners (E:\learn\projects\blog-frontend-vue\node_modules\jsdom\lib\jsdom\living\events\EventTarget-impl.js:350:25)
    at invokeEventListeners (E:\learn\projects\blog-frontend-vue\node_modules\jsdom\lib\jsdom\living\events\EventTarget-impl.js:286:3)
    at XMLHttpRequestImpl._dispatch (E:\learn\projects\blog-frontend-vue\node_modules\jsdom\lib\jsdom\living\events\EventTarget-impl.js:233:9)
    at fireAnEvent (E:\learn\projects\blog-frontend-vue\node_modules\jsdom\lib\jsdom\living\helpers\events.js:18:36)
    at requestErrorSteps (E:\learn\projects\blog-frontend-vue\node_modules\jsdom\lib\jsdom\living\xhr\xhr-utils.js:131:3)
    at Object.dispatchError (E:\learn\projects\blog-frontend-vue\node_modules\jsdom\lib\jsdom\living\xhr\xhr-utils.js:60:3)
    at EventEmitter.<anonymous> (E:\learn\projects\blog-frontend-vue\node_modules\jsdom\lib\jsdom\living\xhr\XMLHttpRequest-impl.js:655:18)
    at Axios.request (file:///E:/learn/projects/blog-frontend-vue/node_modules/axios/lib/core/Axios.js:45:41)
    at processTicksAndRejections (node:internal/process/task_queues:105:5)
    at HttpClient.get (E:\learn\projects\blog-frontend-vue\src\utils\request.ts:274:22)
    at fetchCurrentUser (E:\learn\projects\blog-frontend-vue\src\stores\auth.ts:433:24)
    at Proxy.initAuth (E:\learn\projects\blog-frontend-vue\src\stores\auth.ts:534:13)
    at E:\learn\projects\blog-frontend-vue\src\test\properties\auth.property.test.ts:133:11
    at AsyncProperty.run (file:///E:/learn/projects/blog-frontend-vue/node_modules/fast-check/lib/esm/check/property/AsyncProperty.generic.js:46:28)
    at asyncRunIt (file:///E:/learn/projects/blog-frontend-vue/node_modules/fast-check/lib/esm/check/runner/Runner.js:33:21)
    at E:\learn\projects\blog-frontend-vue\src\test\properties\auth.property.test.ts:114:5
    at runTest (file:///E:/learn/projects/blog-frontend-vue/node_modules/@vitest/runner/dist/index.js:781:11) {
  isAxiosError: true,
  code: 'ERR_NETWORK',
  config: {
    transitional: {
      silentJSONParsing: true,
      forcedJSONParsing: true,
      clarifyTimeoutError: false
    },
    adapter: [ 'xhr', 'http', 'fetch' ],
    transformRequest: [ [Function: transformRequest] ],
    transformResponse: [ [Function: transformResponse] ],
    timeout: 10000,
    xsrfCookieName: 'XSRF-TOKEN',
    xsrfHeaderName: 'X-XSRF-TOKEN',
    maxContentLength: -1,
    maxBodyLength: -1,
    env: { FormData: [Function], Blob: [class Blob] },
    validateStatus: [Function: validateStatus],
    headers: Object [AxiosHeaders] {
      Accept: 'application/json',
      'Content-Type': 'application/json',
      'X-Request-ID': 'req_1770361857633_jsyzi8kmr',
      'X-Timestamp': '1770361857633',
      Authorization: 'Bearer $E8y<%\\p"|[!$zM"Kf"g"C'
    },
    baseURL: 'http://localhost:8000/api/v1',
    method: 'get',
    url: '/auth/me',
    allowAbsoluteUrls: true,
    data: undefined
  },
  request: XMLHttpRequest {},
  event: ProgressEvent { isTrusted: [Getter] }
}

[90mstdout[2m | src/test/properties/auth.property.test.ts[2m > [22m[2m璁よ瘉灞炴€ф祴璇?[2m > [22m[2mProperty 1.1: Token Expiration Consistency[22m[39m
[HTTP Request] POST /auth/refresh {
  headers: Object [AxiosHeaders] {
    Accept: [32m'application/json'[39m,
    [32m'Content-Type'[39m: [32m'application/json'[39m,
    [32m'skip-auth'[39m: [32m'true'[39m,
    [32m'X-Request-ID'[39m: [32m'req_1770361857651_ryuwleosu'[39m,
    [32m'X-Timestamp'[39m: [32m'1770361857651'[39m
  },
  data: { refreshToken: [32m"G|4b $~JU>$++#p6d<k'"[39m },
  params: [90mundefined[39m
}

stderr | src/test/properties/auth.property.test.ts > 璁よ瘉灞炴€ф祴璇?[2m > Property 1.1: Token Expiration Consistency
Error: AggregateError
    at Object.dispatchError (E:\learn\projects\blog-frontend-vue\node_modules\jsdom\lib\jsdom\living\xhr\xhr-utils.js:63:19)
    at EventEmitter.<anonymous> (E:\learn\projects\blog-frontend-vue\node_modules\jsdom\lib\jsdom\living\xhr\XMLHttpRequest-impl.js:655:18)
    at EventEmitter.emit (node:events:520:35)
    at Request.<anonymous> (E:\learn\projects\blog-frontend-vue\node_modules\jsdom\lib\jsdom\living\xhr\xhr-utils.js:404:14)
    at Request.emit (node:events:508:28)
    at ClientRequest.<anonymous> (E:\learn\projects\blog-frontend-vue\node_modules\jsdom\lib\jsdom\living\helpers\http-request.js:127:14)
    at ClientRequest.emit (node:events:508:28)
    at emitErrorEvent (node:_http_client:107:11)
    at Socket.socketErrorListener (node:_http_client:574:5)
    at Socket.emit (node:events:508:28) undefined
[HTTP Response Error] {
  url: '/auth/refresh',
  status: undefined,
  data: undefined,
  message: 'Network Error'
}
Token refresh failed: AxiosError: Network Error
    at XMLHttpRequest.handleError (file:///E:/learn/projects/blog-frontend-vue/node_modules/axios/lib/adapters/xhr.js:112:20)
    at XMLHttpRequest.invokeTheCallbackFunction (E:\learn\projects\blog-frontend-vue\node_modules\jsdom\lib\jsdom\living\generated\EventHandlerNonNull.js:14:28)
    at XMLHttpRequest.<anonymous> (E:\learn\projects\blog-frontend-vue\node_modules\jsdom\lib\jsdom\living\helpers\create-event-accessor.js:35:32)
    at innerInvokeEventListeners (E:\learn\projects\blog-frontend-vue\node_modules\jsdom\lib\jsdom\living\events\EventTarget-impl.js:350:25)
    at invokeEventListeners (E:\learn\projects\blog-frontend-vue\node_modules\jsdom\lib\jsdom\living\events\EventTarget-impl.js:286:3)
    at XMLHttpRequestImpl._dispatch (E:\learn\projects\blog-frontend-vue\node_modules\jsdom\lib\jsdom\living\events\EventTarget-impl.js:233:9)
    at fireAnEvent (E:\learn\projects\blog-frontend-vue\node_modules\jsdom\lib\jsdom\living\helpers\events.js:18:36)
    at requestErrorSteps (E:\learn\projects\blog-frontend-vue\node_modules\jsdom\lib\jsdom\living\xhr\xhr-utils.js:131:3)
    at Object.dispatchError (E:\learn\projects\blog-frontend-vue\node_modules\jsdom\lib\jsdom\living\xhr\xhr-utils.js:60:3)
    at EventEmitter.<anonymous> (E:\learn\projects\blog-frontend-vue\node_modules\jsdom\lib\jsdom\living\xhr\XMLHttpRequest-impl.js:655:18)
    at Axios.request (file:///E:/learn/projects/blog-frontend-vue/node_modules/axios/lib/core/Axios.js:45:41)
    at processTicksAndRejections (node:internal/process/task_queues:105:5)
    at HttpClient.post (E:\learn\projects\blog-frontend-vue\src\utils\request.ts:289:22)
    at refreshAccessToken (E:\learn\projects\blog-frontend-vue\src\stores\auth.ts:405:24)
    at Proxy.initAuth (E:\learn\projects\blog-frontend-vue\src\stores\auth.ts:519:13)
    at E:\learn\projects\blog-frontend-vue\src\test\properties\auth.property.test.ts:133:11
    at AsyncProperty.run (file:///E:/learn/projects/blog-frontend-vue/node_modules/fast-check/lib/esm/check/property/AsyncProperty.generic.js:46:28)
    at asyncRunIt (file:///E:/learn/projects/blog-frontend-vue/node_modules/fast-check/lib/esm/check/runner/Runner.js:33:21)
    at E:\learn\projects\blog-frontend-vue\src\test\properties\auth.property.test.ts:114:5
    at runTest (file:///E:/learn/projects/blog-frontend-vue/node_modules/@vitest/runner/dist/index.js:781:11) {
  isAxiosError: true,
  code: 'ERR_NETWORK',
  config: {
    transitional: {
      silentJSONParsing: true,
      forcedJSONParsing: true,
      clarifyTimeoutError: false
    },
    adapter: [ 'xhr', 'http', 'fetch' ],
    transformRequest: [ [Function: transformRequest] ],
    transformResponse: [ [Function: transformResponse] ],
    timeout: 10000,
    xsrfCookieName: 'XSRF-TOKEN',
    xsrfHeaderName: 'X-XSRF-TOKEN',
    maxContentLength: -1,
    maxBodyLength: -1,
    env: { FormData: [Function], Blob: [class Blob] },
    validateStatus: [Function: validateStatus],
    headers: Object [AxiosHeaders] {
      Accept: 'application/json',
      'Content-Type': 'application/json',
      'skip-auth': 'true',
      'X-Request-ID': 'req_1770361857651_ryuwleosu',
      'X-Timestamp': '1770361857651'
    },
    baseURL: 'http://localhost:8000/api/v1',
    method: 'post',
    url: '/auth/refresh',
    data: `{"refreshToken":"G|4b $~JU>$++#p6d<k'"}`,
    allowAbsoluteUrls: true
  },
  request: XMLHttpRequest {},
  event: ProgressEvent { isTrusted: [Getter] }
}
Auto refresh token failed: AxiosError: Network Error
    at XMLHttpRequest.handleError (file:///E:/learn/projects/blog-frontend-vue/node_modules/axios/lib/adapters/xhr.js:112:20)
    at XMLHttpRequest.invokeTheCallbackFunction (E:\learn\projects\blog-frontend-vue\node_modules\jsdom\lib\jsdom\living\generated\EventHandlerNonNull.js:14:28)
    at XMLHttpRequest.<anonymous> (E:\learn\projects\blog-frontend-vue\node_modules\jsdom\lib\jsdom\living\helpers\create-event-accessor.js:35:32)
    at innerInvokeEventListeners (E:\learn\projects\blog-frontend-vue\node_modules\jsdom\lib\jsdom\living\events\EventTarget-impl.js:350:25)
    at invokeEventListeners (E:\learn\projects\blog-frontend-vue\node_modules\jsdom\lib\jsdom\living\events\EventTarget-impl.js:286:3)
    at XMLHttpRequestImpl._dispatch (E:\learn\projects\blog-frontend-vue\node_modules\jsdom\lib\jsdom\living\events\EventTarget-impl.js:233:9)
    at fireAnEvent (E:\learn\projects\blog-frontend-vue\node_modules\jsdom\lib\jsdom\living\helpers\events.js:18:36)
    at requestErrorSteps (E:\learn\projects\blog-frontend-vue\node_modules\jsdom\lib\jsdom\living\xhr\xhr-utils.js:131:3)
    at Object.dispatchError (E:\learn\projects\blog-frontend-vue\node_modules\jsdom\lib\jsdom\living\xhr\xhr-utils.js:60:3)
    at EventEmitter.<anonymous> (E:\learn\projects\blog-frontend-vue\node_modules\jsdom\lib\jsdom\living\xhr\XMLHttpRequest-impl.js:655:18)
    at Axios.request (file:///E:/learn/projects/blog-frontend-vue/node_modules/axios/lib/core/Axios.js:45:41)
    at processTicksAndRejections (node:internal/process/task_queues:105:5)
    at HttpClient.post (E:\learn\projects\blog-frontend-vue\src\utils\request.ts:289:22)
    at refreshAccessToken (E:\learn\projects\blog-frontend-vue\src\stores\auth.ts:405:24)
    at Proxy.initAuth (E:\learn\projects\blog-frontend-vue\src\stores\auth.ts:519:13)
    at E:\learn\projects\blog-frontend-vue\src\test\properties\auth.property.test.ts:133:11
    at AsyncProperty.run (file:///E:/learn/projects/blog-frontend-vue/node_modules/fast-check/lib/esm/check/property/AsyncProperty.generic.js:46:28)
    at asyncRunIt (file:///E:/learn/projects/blog-frontend-vue/node_modules/fast-check/lib/esm/check/runner/Runner.js:33:21)
    at E:\learn\projects\blog-frontend-vue\src\test\properties\auth.property.test.ts:114:5
    at runTest (file:///E:/learn/projects/blog-frontend-vue/node_modules/@vitest/runner/dist/index.js:781:11) {
  isAxiosError: true,
  code: 'ERR_NETWORK',
  config: {
    transitional: {
      silentJSONParsing: true,
      forcedJSONParsing: true,
      clarifyTimeoutError: false
    },
    adapter: [ 'xhr', 'http', 'fetch' ],
    transformRequest: [ [Function: transformRequest] ],
    transformResponse: [ [Function: transformResponse] ],
    timeout: 10000,
    xsrfCookieName: 'XSRF-TOKEN',
    xsrfHeaderName: 'X-XSRF-TOKEN',
    maxContentLength: -1,
    maxBodyLength: -1,
    env: { FormData: [Function], Blob: [class Blob] },
    validateStatus: [Function: validateStatus],
    headers: Object [AxiosHeaders] {
      Accept: 'application/json',
      'Content-Type': 'application/json',
      'skip-auth': 'true',
      'X-Request-ID': 'req_1770361857651_ryuwleosu',
      'X-Timestamp': '1770361857651'
    },
    baseURL: 'http://localhost:8000/api/v1',
    method: 'post',
    url: '/auth/refresh',
    data: `{"refreshToken":"G|4b $~JU>$++#p6d<k'"}`,
    allowAbsoluteUrls: true
  },
  request: XMLHttpRequest {},
  event: ProgressEvent { isTrusted: [Getter] }
}

[90mstdout[2m | src/test/properties/auth.property.test.ts[2m > [22m[2m璁よ瘉灞炴€ф祴璇?[2m > [22m[2mProperty 1.1: Token Expiration Consistency[22m[39m
[HTTP Request] POST /auth/refresh {
  headers: Object [AxiosHeaders] {
    Accept: [32m'application/json'[39m,
    [32m'Content-Type'[39m: [32m'application/json'[39m,
    [32m'skip-auth'[39m: [32m'true'[39m,
    [32m'X-Request-ID'[39m: [32m'req_1770361857659_rn5jk0xbh'[39m,
    [32m'X-Timestamp'[39m: [32m'1770361857659'[39m
  },
  data: { refreshToken: [32m'q#Cu1I>jpb@W{JQC~x:h* #q,[7bBGi LD:'[39m },
  params: [90mundefined[39m
}

stderr | src/test/properties/auth.property.test.ts > 璁よ瘉灞炴€ф祴璇?[2m > Property 1.1: Token Expiration Consistency
Error: AggregateError
    at Object.dispatchError (E:\learn\projects\blog-frontend-vue\node_modules\jsdom\lib\jsdom\living\xhr\xhr-utils.js:63:19)
    at EventEmitter.<anonymous> (E:\learn\projects\blog-frontend-vue\node_modules\jsdom\lib\jsdom\living\xhr\XMLHttpRequest-impl.js:655:18)
    at EventEmitter.emit (node:events:520:35)
    at Request.<anonymous> (E:\learn\projects\blog-frontend-vue\node_modules\jsdom\lib\jsdom\living\xhr\xhr-utils.js:404:14)
    at Request.emit (node:events:508:28)
    at ClientRequest.<anonymous> (E:\learn\projects\blog-frontend-vue\node_modules\jsdom\lib\jsdom\living\helpers\http-request.js:127:14)
    at ClientRequest.emit (node:events:508:28)
    at emitErrorEvent (node:_http_client:107:11)
    at Socket.socketErrorListener (node:_http_client:574:5)
    at Socket.emit (node:events:508:28) undefined
[HTTP Response Error] {
  url: '/auth/refresh',
  status: undefined,
  data: undefined,
  message: 'Network Error'
}
Token refresh failed: AxiosError: Network Error
    at XMLHttpRequest.handleError (file:///E:/learn/projects/blog-frontend-vue/node_modules/axios/lib/adapters/xhr.js:112:20)
    at XMLHttpRequest.invokeTheCallbackFunction (E:\learn\projects\blog-frontend-vue\node_modules\jsdom\lib\jsdom\living\generated\EventHandlerNonNull.js:14:28)
    at XMLHttpRequest.<anonymous> (E:\learn\projects\blog-frontend-vue\node_modules\jsdom\lib\jsdom\living\helpers\create-event-accessor.js:35:32)
    at innerInvokeEventListeners (E:\learn\projects\blog-frontend-vue\node_modules\jsdom\lib\jsdom\living\events\EventTarget-impl.js:350:25)
    at invokeEventListeners (E:\learn\projects\blog-frontend-vue\node_modules\jsdom\lib\jsdom\living\events\EventTarget-impl.js:286:3)
    at XMLHttpRequestImpl._dispatch (E:\learn\projects\blog-frontend-vue\node_modules\jsdom\lib\jsdom\living\events\EventTarget-impl.js:233:9)
    at fireAnEvent (E:\learn\projects\blog-frontend-vue\node_modules\jsdom\lib\jsdom\living\helpers\events.js:18:36)
    at requestErrorSteps (E:\learn\projects\blog-frontend-vue\node_modules\jsdom\lib\jsdom\living\xhr\xhr-utils.js:131:3)
    at Object.dispatchError (E:\learn\projects\blog-frontend-vue\node_modules\jsdom\lib\jsdom\living\xhr\xhr-utils.js:60:3)
    at EventEmitter.<anonymous> (E:\learn\projects\blog-frontend-vue\node_modules\jsdom\lib\jsdom\living\xhr\XMLHttpRequest-impl.js:655:18)
    at Axios.request (file:///E:/learn/projects/blog-frontend-vue/node_modules/axios/lib/core/Axios.js:45:41)
    at processTicksAndRejections (node:internal/process/task_queues:105:5)
    at HttpClient.post (E:\learn\projects\blog-frontend-vue\src\utils\request.ts:289:22)
    at refreshAccessToken (E:\learn\projects\blog-frontend-vue\src\stores\auth.ts:405:24)
    at Proxy.initAuth (E:\learn\projects\blog-frontend-vue\src\stores\auth.ts:519:13)
    at E:\learn\projects\blog-frontend-vue\src\test\properties\auth.property.test.ts:133:11
    at AsyncProperty.run (file:///E:/learn/projects/blog-frontend-vue/node_modules/fast-check/lib/esm/check/property/AsyncProperty.generic.js:46:28)
    at asyncRunIt (file:///E:/learn/projects/blog-frontend-vue/node_modules/fast-check/lib/esm/check/runner/Runner.js:33:21)
    at E:\learn\projects\blog-frontend-vue\src\test\properties\auth.property.test.ts:114:5
    at runTest (file:///E:/learn/projects/blog-frontend-vue/node_modules/@vitest/runner/dist/index.js:781:11) {
  isAxiosError: true,
  code: 'ERR_NETWORK',
  config: {
    transitional: {
      silentJSONParsing: true,
      forcedJSONParsing: true,
      clarifyTimeoutError: false
    },
    adapter: [ 'xhr', 'http', 'fetch' ],
    transformRequest: [ [Function: transformRequest] ],
    transformResponse: [ [Function: transformResponse] ],
    timeout: 10000,
    xsrfCookieName: 'XSRF-TOKEN',
    xsrfHeaderName: 'X-XSRF-TOKEN',
    maxContentLength: -1,
    maxBodyLength: -1,
    env: { FormData: [Function], Blob: [class Blob] },
    validateStatus: [Function: validateStatus],
    headers: Object [AxiosHeaders] {
      Accept: 'application/json',
      'Content-Type': 'application/json',
      'skip-auth': 'true',
      'X-Request-ID': 'req_1770361857659_rn5jk0xbh',
      'X-Timestamp': '1770361857659'
    },
    baseURL: 'http://localhost:8000/api/v1',
    method: 'post',
    url: '/auth/refresh',
    data: '{"refreshToken":"q#Cu1I>jpb@W{JQC~x:h* #q,[7bBGi LD:"}',
    allowAbsoluteUrls: true
  },
  request: XMLHttpRequest {},
  event: ProgressEvent { isTrusted: [Getter] }
}
Auto refresh token failed: AxiosError: Network Error
    at XMLHttpRequest.handleError (file:///E:/learn/projects/blog-frontend-vue/node_modules/axios/lib/adapters/xhr.js:112:20)
    at XMLHttpRequest.invokeTheCallbackFunction (E:\learn\projects\blog-frontend-vue\node_modules\jsdom\lib\jsdom\living\generated\EventHandlerNonNull.js:14:28)
    at XMLHttpRequest.<anonymous> (E:\learn\projects\blog-frontend-vue\node_modules\jsdom\lib\jsdom\living\helpers\create-event-accessor.js:35:32)
    at innerInvokeEventListeners (E:\learn\projects\blog-frontend-vue\node_modules\jsdom\lib\jsdom\living\events\EventTarget-impl.js:350:25)
    at invokeEventListeners (E:\learn\projects\blog-frontend-vue\node_modules\jsdom\lib\jsdom\living\events\EventTarget-impl.js:286:3)
    at XMLHttpRequestImpl._dispatch (E:\learn\projects\blog-frontend-vue\node_modules\jsdom\lib\jsdom\living\events\EventTarget-impl.js:233:9)
    at fireAnEvent (E:\learn\projects\blog-frontend-vue\node_modules\jsdom\lib\jsdom\living\helpers\events.js:18:36)
    at requestErrorSteps (E:\learn\projects\blog-frontend-vue\node_modules\jsdom\lib\jsdom\living\xhr\xhr-utils.js:131:3)
    at Object.dispatchError (E:\learn\projects\blog-frontend-vue\node_modules\jsdom\lib\jsdom\living\xhr\xhr-utils.js:60:3)
    at EventEmitter.<anonymous> (E:\learn\projects\blog-frontend-vue\node_modules\jsdom\lib\jsdom\living\xhr\XMLHttpRequest-impl.js:655:18)
    at Axios.request (file:///E:/learn/projects/blog-frontend-vue/node_modules/axios/lib/core/Axios.js:45:41)
    at processTicksAndRejections (node:internal/process/task_queues:105:5)
    at HttpClient.post (E:\learn\projects\blog-frontend-vue\src\utils\request.ts:289:22)
    at refreshAccessToken (E:\learn\projects\blog-frontend-vue\src\stores\auth.ts:405:24)
    at Proxy.initAuth (E:\learn\projects\blog-frontend-vue\src\stores\auth.ts:519:13)
    at E:\learn\projects\blog-frontend-vue\src\test\properties\auth.property.test.ts:133:11
    at AsyncProperty.run (file:///E:/learn/projects/blog-frontend-vue/node_modules/fast-check/lib/esm/check/property/AsyncProperty.generic.js:46:28)
    at asyncRunIt (file:///E:/learn/projects/blog-frontend-vue/node_modules/fast-check/lib/esm/check/runner/Runner.js:33:21)
    at E:\learn\projects\blog-frontend-vue\src\test\properties\auth.property.test.ts:114:5
    at runTest (file:///E:/learn/projects/blog-frontend-vue/node_modules/@vitest/runner/dist/index.js:781:11) {
  isAxiosError: true,
  code: 'ERR_NETWORK',
  config: {
    transitional: {
      silentJSONParsing: true,
      forcedJSONParsing: true,
      clarifyTimeoutError: false
    },
    adapter: [ 'xhr', 'http', 'fetch' ],
    transformRequest: [ [Function: transformRequest] ],
    transformResponse: [ [Function: transformResponse] ],
    timeout: 10000,
    xsrfCookieName: 'XSRF-TOKEN',
    xsrfHeaderName: 'X-XSRF-TOKEN',
    maxContentLength: -1,
    maxBodyLength: -1,
    env: { FormData: [Function], Blob: [class Blob] },
    validateStatus: [Function: validateStatus],
    headers: Object [AxiosHeaders] {
      Accept: 'application/json',
      'Content-Type': 'application/json',
      'skip-auth': 'true',
      'X-Request-ID': 'req_1770361857659_rn5jk0xbh',
      'X-Timestamp': '1770361857659'
    },
    baseURL: 'http://localhost:8000/api/v1',
    method: 'post',
    url: '/auth/refresh',
    data: '{"refreshToken":"q#Cu1I>jpb@W{JQC~x:h* #q,[7bBGi LD:"}',
    allowAbsoluteUrls: true
  },
  request: XMLHttpRequest {},
  event: ProgressEvent { isTrusted: [Getter] }
}

[90mstdout[2m | src/test/properties/auth.property.test.ts[2m > [22m[2m璁よ瘉灞炴€ф祴璇?[2m > [22m[2mProperty 1.1: Token Expiration Consistency[22m[39m
[HTTP Request] POST /auth/refresh {
  headers: Object [AxiosHeaders] {
    Accept: [32m'application/json'[39m,
    [32m'Content-Type'[39m: [32m'application/json'[39m,
    [32m'skip-auth'[39m: [32m'true'[39m,
    [32m'X-Request-ID'[39m: [32m'req_1770361857675_ob6903d2i'[39m,
    [32m'X-Timestamp'[39m: [32m'1770361857675'[39m
  },
  data: { refreshToken: [32m'kb}*RF:Lm`Zs Jps:az"\\44'[39m },
  params: [90mundefined[39m
}

stderr | src/test/properties/auth.property.test.ts > 璁よ瘉灞炴€ф祴璇?[2m > Property 1.1: Token Expiration Consistency
Error: AggregateError
    at Object.dispatchError (E:\learn\projects\blog-frontend-vue\node_modules\jsdom\lib\jsdom\living\xhr\xhr-utils.js:63:19)
    at EventEmitter.<anonymous> (E:\learn\projects\blog-frontend-vue\node_modules\jsdom\lib\jsdom\living\xhr\XMLHttpRequest-impl.js:655:18)
    at EventEmitter.emit (node:events:520:35)
    at Request.<anonymous> (E:\learn\projects\blog-frontend-vue\node_modules\jsdom\lib\jsdom\living\xhr\xhr-utils.js:404:14)
    at Request.emit (node:events:508:28)
    at ClientRequest.<anonymous> (E:\learn\projects\blog-frontend-vue\node_modules\jsdom\lib\jsdom\living\helpers\http-request.js:127:14)
    at ClientRequest.emit (node:events:508:28)
    at emitErrorEvent (node:_http_client:107:11)
    at Socket.socketErrorListener (node:_http_client:574:5)
    at Socket.emit (node:events:508:28) undefined
[HTTP Response Error] {
  url: '/auth/refresh',
  status: undefined,
  data: undefined,
  message: 'Network Error'
}
Token refresh failed: AxiosError: Network Error
    at XMLHttpRequest.handleError (file:///E:/learn/projects/blog-frontend-vue/node_modules/axios/lib/adapters/xhr.js:112:20)
    at XMLHttpRequest.invokeTheCallbackFunction (E:\learn\projects\blog-frontend-vue\node_modules\jsdom\lib\jsdom\living\generated\EventHandlerNonNull.js:14:28)
    at XMLHttpRequest.<anonymous> (E:\learn\projects\blog-frontend-vue\node_modules\jsdom\lib\jsdom\living\helpers\create-event-accessor.js:35:32)
    at innerInvokeEventListeners (E:\learn\projects\blog-frontend-vue\node_modules\jsdom\lib\jsdom\living\events\EventTarget-impl.js:350:25)
    at invokeEventListeners (E:\learn\projects\blog-frontend-vue\node_modules\jsdom\lib\jsdom\living\events\EventTarget-impl.js:286:3)
    at XMLHttpRequestImpl._dispatch (E:\learn\projects\blog-frontend-vue\node_modules\jsdom\lib\jsdom\living\events\EventTarget-impl.js:233:9)
    at fireAnEvent (E:\learn\projects\blog-frontend-vue\node_modules\jsdom\lib\jsdom\living\helpers\events.js:18:36)
    at requestErrorSteps (E:\learn\projects\blog-frontend-vue\node_modules\jsdom\lib\jsdom\living\xhr\xhr-utils.js:131:3)
    at Object.dispatchError (E:\learn\projects\blog-frontend-vue\node_modules\jsdom\lib\jsdom\living\xhr\xhr-utils.js:60:3)
    at EventEmitter.<anonymous> (E:\learn\projects\blog-frontend-vue\node_modules\jsdom\lib\jsdom\living\xhr\XMLHttpRequest-impl.js:655:18)
    at Axios.request (file:///E:/learn/projects/blog-frontend-vue/node_modules/axios/lib/core/Axios.js:45:41)
    at processTicksAndRejections (node:internal/process/task_queues:105:5)
    at HttpClient.post (E:\learn\projects\blog-frontend-vue\src\utils\request.ts:289:22)
    at refreshAccessToken (E:\learn\projects\blog-frontend-vue\src\stores\auth.ts:405:24)
    at Proxy.initAuth (E:\learn\projects\blog-frontend-vue\src\stores\auth.ts:519:13)
    at E:\learn\projects\blog-frontend-vue\src\test\properties\auth.property.test.ts:133:11
    at AsyncProperty.run (file:///E:/learn/projects/blog-frontend-vue/node_modules/fast-check/lib/esm/check/property/AsyncProperty.generic.js:46:28)
    at asyncRunIt (file:///E:/learn/projects/blog-frontend-vue/node_modules/fast-check/lib/esm/check/runner/Runner.js:33:21)
    at E:\learn\projects\blog-frontend-vue\src\test\properties\auth.property.test.ts:114:5
    at runTest (file:///E:/learn/projects/blog-frontend-vue/node_modules/@vitest/runner/dist/index.js:781:11) {
  isAxiosError: true,
  code: 'ERR_NETWORK',
  config: {
    transitional: {
      silentJSONParsing: true,
      forcedJSONParsing: true,
      clarifyTimeoutError: false
    },
    adapter: [ 'xhr', 'http', 'fetch' ],
    transformRequest: [ [Function: transformRequest] ],
    transformResponse: [ [Function: transformResponse] ],
    timeout: 10000,
    xsrfCookieName: 'XSRF-TOKEN',
    xsrfHeaderName: 'X-XSRF-TOKEN',
    maxContentLength: -1,
    maxBodyLength: -1,
    env: { FormData: [Function], Blob: [class Blob] },
    validateStatus: [Function: validateStatus],
    headers: Object [AxiosHeaders] {
      Accept: 'application/json',
      'Content-Type': 'application/json',
      'skip-auth': 'true',
      'X-Request-ID': 'req_1770361857675_ob6903d2i',
      'X-Timestamp': '1770361857675'
    },
    baseURL: 'http://localhost:8000/api/v1',
    method: 'post',
    url: '/auth/refresh',
    data: '{"refreshToken":"kb}*RF:Lm`Zs Jps:az\\"\\\\44"}',
    allowAbsoluteUrls: true
  },
  request: XMLHttpRequest {},
  event: ProgressEvent { isTrusted: [Getter] }
}
Auto refresh token failed: AxiosError: Network Error
    at XMLHttpRequest.handleError (file:///E:/learn/projects/blog-frontend-vue/node_modules/axios/lib/adapters/xhr.js:112:20)
    at XMLHttpRequest.invokeTheCallbackFunction (E:\learn\projects\blog-frontend-vue\node_modules\jsdom\lib\jsdom\living\generated\EventHandlerNonNull.js:14:28)
    at XMLHttpRequest.<anonymous> (E:\learn\projects\blog-frontend-vue\node_modules\jsdom\lib\jsdom\living\helpers\create-event-accessor.js:35:32)
    at innerInvokeEventListeners (E:\learn\projects\blog-frontend-vue\node_modules\jsdom\lib\jsdom\living\events\EventTarget-impl.js:350:25)
    at invokeEventListeners (E:\learn\projects\blog-frontend-vue\node_modules\jsdom\lib\jsdom\living\events\EventTarget-impl.js:286:3)
    at XMLHttpRequestImpl._dispatch (E:\learn\projects\blog-frontend-vue\node_modules\jsdom\lib\jsdom\living\events\EventTarget-impl.js:233:9)
    at fireAnEvent (E:\learn\projects\blog-frontend-vue\node_modules\jsdom\lib\jsdom\living\helpers\events.js:18:36)
    at requestErrorSteps (E:\learn\projects\blog-frontend-vue\node_modules\jsdom\lib\jsdom\living\xhr\xhr-utils.js:131:3)
    at Object.dispatchError (E:\learn\projects\blog-frontend-vue\node_modules\jsdom\lib\jsdom\living\xhr\xhr-utils.js:60:3)
    at EventEmitter.<anonymous> (E:\learn\projects\blog-frontend-vue\node_modules\jsdom\lib\jsdom\living\xhr\XMLHttpRequest-impl.js:655:18)
    at Axios.request (file:///E:/learn/projects/blog-frontend-vue/node_modules/axios/lib/core/Axios.js:45:41)
    at processTicksAndRejections (node:internal/process/task_queues:105:5)
    at HttpClient.post (E:\learn\projects\blog-frontend-vue\src\utils\request.ts:289:22)
    at refreshAccessToken (E:\learn\projects\blog-frontend-vue\src\stores\auth.ts:405:24)
    at Proxy.initAuth (E:\learn\projects\blog-frontend-vue\src\stores\auth.ts:519:13)
    at E:\learn\projects\blog-frontend-vue\src\test\properties\auth.property.test.ts:133:11
    at AsyncProperty.run (file:///E:/learn/projects/blog-frontend-vue/node_modules/fast-check/lib/esm/check/property/AsyncProperty.generic.js:46:28)
    at asyncRunIt (file:///E:/learn/projects/blog-frontend-vue/node_modules/fast-check/lib/esm/check/runner/Runner.js:33:21)
    at E:\learn\projects\blog-frontend-vue\src\test\properties\auth.property.test.ts:114:5
    at runTest (file:///E:/learn/projects/blog-frontend-vue/node_modules/@vitest/runner/dist/index.js:781:11) {
  isAxiosError: true,
  code: 'ERR_NETWORK',
  config: {
    transitional: {
      silentJSONParsing: true,
      forcedJSONParsing: true,
      clarifyTimeoutError: false
    },
    adapter: [ 'xhr', 'http', 'fetch' ],
    transformRequest: [ [Function: transformRequest] ],
    transformResponse: [ [Function: transformResponse] ],
    timeout: 10000,
    xsrfCookieName: 'XSRF-TOKEN',
    xsrfHeaderName: 'X-XSRF-TOKEN',
    maxContentLength: -1,
    maxBodyLength: -1,
    env: { FormData: [Function], Blob: [class Blob] },
    validateStatus: [Function: validateStatus],
    headers: Object [AxiosHeaders] {
      Accept: 'application/json',
      'Content-Type': 'application/json',
      'skip-auth': 'true',
      'X-Request-ID': 'req_1770361857675_ob6903d2i',
      'X-Timestamp': '1770361857675'
    },
    baseURL: 'http://localhost:8000/api/v1',
    method: 'post',
    url: '/auth/refresh',
    data: '{"refreshToken":"kb}*RF:Lm`Zs Jps:az\\"\\\\44"}',
    allowAbsoluteUrls: true
  },
  request: XMLHttpRequest {},
  event: ProgressEvent { isTrusted: [Getter] }
}

[90mstdout[2m | src/test/properties/auth.property.test.ts[2m > [22m[2m璁よ瘉灞炴€ф祴璇?[2m > [22m[2mProperty 1.1: Token Expiration Consistency[22m[39m
[HTTP Request] POST /auth/refresh {
  headers: Object [AxiosHeaders] {
    Accept: [32m'application/json'[39m,
    [32m'Content-Type'[39m: [32m'application/json'[39m,
    [32m'skip-auth'[39m: [32m'true'[39m,
    [32m'X-Request-ID'[39m: [32m'req_1770361857693_yy5369jm5'[39m,
    [32m'X-Timestamp'[39m: [32m'1770361857693'[39m
  },
  data: { refreshToken: [32m'z)x-h6!!%xI?<"(N >4<'[39m },
  params: [90mundefined[39m
}

stderr | src/test/properties/auth.property.test.ts > 璁よ瘉灞炴€ф祴璇?[2m > Property 1.1: Token Expiration Consistency
Error: AggregateError
    at Object.dispatchError (E:\learn\projects\blog-frontend-vue\node_modules\jsdom\lib\jsdom\living\xhr\xhr-utils.js:63:19)
    at EventEmitter.<anonymous> (E:\learn\projects\blog-frontend-vue\node_modules\jsdom\lib\jsdom\living\xhr\XMLHttpRequest-impl.js:655:18)
    at EventEmitter.emit (node:events:520:35)
    at Request.<anonymous> (E:\learn\projects\blog-frontend-vue\node_modules\jsdom\lib\jsdom\living\xhr\xhr-utils.js:404:14)
    at Request.emit (node:events:508:28)
    at ClientRequest.<anonymous> (E:\learn\projects\blog-frontend-vue\node_modules\jsdom\lib\jsdom\living\helpers\http-request.js:127:14)
    at ClientRequest.emit (node:events:508:28)
    at emitErrorEvent (node:_http_client:107:11)
    at Socket.socketErrorListener (node:_http_client:574:5)
    at Socket.emit (node:events:508:28) undefined
[HTTP Response Error] {
  url: '/auth/refresh',
  status: undefined,
  data: undefined,
  message: 'Network Error'
}
Token refresh failed: AxiosError: Network Error
    at XMLHttpRequest.handleError (file:///E:/learn/projects/blog-frontend-vue/node_modules/axios/lib/adapters/xhr.js:112:20)
    at XMLHttpRequest.invokeTheCallbackFunction (E:\learn\projects\blog-frontend-vue\node_modules\jsdom\lib\jsdom\living\generated\EventHandlerNonNull.js:14:28)
    at XMLHttpRequest.<anonymous> (E:\learn\projects\blog-frontend-vue\node_modules\jsdom\lib\jsdom\living\helpers\create-event-accessor.js:35:32)
    at innerInvokeEventListeners (E:\learn\projects\blog-frontend-vue\node_modules\jsdom\lib\jsdom\living\events\EventTarget-impl.js:350:25)
    at invokeEventListeners (E:\learn\projects\blog-frontend-vue\node_modules\jsdom\lib\jsdom\living\events\EventTarget-impl.js:286:3)
    at XMLHttpRequestImpl._dispatch (E:\learn\projects\blog-frontend-vue\node_modules\jsdom\lib\jsdom\living\events\EventTarget-impl.js:233:9)
    at fireAnEvent (E:\learn\projects\blog-frontend-vue\node_modules\jsdom\lib\jsdom\living\helpers\events.js:18:36)
    at requestErrorSteps (E:\learn\projects\blog-frontend-vue\node_modules\jsdom\lib\jsdom\living\xhr\xhr-utils.js:131:3)
    at Object.dispatchError (E:\learn\projects\blog-frontend-vue\node_modules\jsdom\lib\jsdom\living\xhr\xhr-utils.js:60:3)
    at EventEmitter.<anonymous> (E:\learn\projects\blog-frontend-vue\node_modules\jsdom\lib\jsdom\living\xhr\XMLHttpRequest-impl.js:655:18)
    at Axios.request (file:///E:/learn/projects/blog-frontend-vue/node_modules/axios/lib/core/Axios.js:45:41)
    at processTicksAndRejections (node:internal/process/task_queues:105:5)
    at HttpClient.post (E:\learn\projects\blog-frontend-vue\src\utils\request.ts:289:22)
    at refreshAccessToken (E:\learn\projects\blog-frontend-vue\src\stores\auth.ts:405:24)
    at Proxy.initAuth (E:\learn\projects\blog-frontend-vue\src\stores\auth.ts:519:13)
    at E:\learn\projects\blog-frontend-vue\src\test\properties\auth.property.test.ts:133:11
    at AsyncProperty.run (file:///E:/learn/projects/blog-frontend-vue/node_modules/fast-check/lib/esm/check/property/AsyncProperty.generic.js:46:28)
    at asyncRunIt (file:///E:/learn/projects/blog-frontend-vue/node_modules/fast-check/lib/esm/check/runner/Runner.js:33:21)
    at E:\learn\projects\blog-frontend-vue\src\test\properties\auth.property.test.ts:114:5
    at runTest (file:///E:/learn/projects/blog-frontend-vue/node_modules/@vitest/runner/dist/index.js:781:11) {
  isAxiosError: true,
  code: 'ERR_NETWORK',
  config: {
    transitional: {
      silentJSONParsing: true,
      forcedJSONParsing: true,
      clarifyTimeoutError: false
    },
    adapter: [ 'xhr', 'http', 'fetch' ],
    transformRequest: [ [Function: transformRequest] ],
    transformResponse: [ [Function: transformResponse] ],
    timeout: 10000,
    xsrfCookieName: 'XSRF-TOKEN',
    xsrfHeaderName: 'X-XSRF-TOKEN',
    maxContentLength: -1,
    maxBodyLength: -1,
    env: { FormData: [Function], Blob: [class Blob] },
    validateStatus: [Function: validateStatus],
    headers: Object [AxiosHeaders] {
      Accept: 'application/json',
      'Content-Type': 'application/json',
      'skip-auth': 'true',
      'X-Request-ID': 'req_1770361857693_yy5369jm5',
      'X-Timestamp': '1770361857693'
    },
    baseURL: 'http://localhost:8000/api/v1',
    method: 'post',
    url: '/auth/refresh',
    data: '{"refreshToken":"z)x-h6!!%xI?<\\"(N >4<"}',
    allowAbsoluteUrls: true
  },
  request: XMLHttpRequest {},
  event: ProgressEvent { isTrusted: [Getter] }
}
Auto refresh token failed: AxiosError: Network Error
    at XMLHttpRequest.handleError (file:///E:/learn/projects/blog-frontend-vue/node_modules/axios/lib/adapters/xhr.js:112:20)
    at XMLHttpRequest.invokeTheCallbackFunction (E:\learn\projects\blog-frontend-vue\node_modules\jsdom\lib\jsdom\living\generated\EventHandlerNonNull.js:14:28)
    at XMLHttpRequest.<anonymous> (E:\learn\projects\blog-frontend-vue\node_modules\jsdom\lib\jsdom\living\helpers\create-event-accessor.js:35:32)
    at innerInvokeEventListeners (E:\learn\projects\blog-frontend-vue\node_modules\jsdom\lib\jsdom\living\events\EventTarget-impl.js:350:25)
    at invokeEventListeners (E:\learn\projects\blog-frontend-vue\node_modules\jsdom\lib\jsdom\living\events\EventTarget-impl.js:286:3)
    at XMLHttpRequestImpl._dispatch (E:\learn\projects\blog-frontend-vue\node_modules\jsdom\lib\jsdom\living\events\EventTarget-impl.js:233:9)
    at fireAnEvent (E:\learn\projects\blog-frontend-vue\node_modules\jsdom\lib\jsdom\living\helpers\events.js:18:36)
    at requestErrorSteps (E:\learn\projects\blog-frontend-vue\node_modules\jsdom\lib\jsdom\living\xhr\xhr-utils.js:131:3)
    at Object.dispatchError (E:\learn\projects\blog-frontend-vue\node_modules\jsdom\lib\jsdom\living\xhr\xhr-utils.js:60:3)
    at EventEmitter.<anonymous> (E:\learn\projects\blog-frontend-vue\node_modules\jsdom\lib\jsdom\living\xhr\XMLHttpRequest-impl.js:655:18)
    at Axios.request (file:///E:/learn/projects/blog-frontend-vue/node_modules/axios/lib/core/Axios.js:45:41)
    at processTicksAndRejections (node:internal/process/task_queues:105:5)
    at HttpClient.post (E:\learn\projects\blog-frontend-vue\src\utils\request.ts:289:22)
    at refreshAccessToken (E:\learn\projects\blog-frontend-vue\src\stores\auth.ts:405:24)
    at Proxy.initAuth (E:\learn\projects\blog-frontend-vue\src\stores\auth.ts:519:13)
    at E:\learn\projects\blog-frontend-vue\src\test\properties\auth.property.test.ts:133:11
    at AsyncProperty.run (file:///E:/learn/projects/blog-frontend-vue/node_modules/fast-check/lib/esm/check/property/AsyncProperty.generic.js:46:28)
    at asyncRunIt (file:///E:/learn/projects/blog-frontend-vue/node_modules/fast-check/lib/esm/check/runner/Runner.js:33:21)
    at E:\learn\projects\blog-frontend-vue\src\test\properties\auth.property.test.ts:114:5
    at runTest (file:///E:/learn/projects/blog-frontend-vue/node_modules/@vitest/runner/dist/index.js:781:11) {
  isAxiosError: true,
  code: 'ERR_NETWORK',
  config: {
    transitional: {
      silentJSONParsing: true,
      forcedJSONParsing: true,
      clarifyTimeoutError: false
    },
    adapter: [ 'xhr', 'http', 'fetch' ],
    transformRequest: [ [Function: transformRequest] ],
    transformResponse: [ [Function: transformResponse] ],
    timeout: 10000,
    xsrfCookieName: 'XSRF-TOKEN',
    xsrfHeaderName: 'X-XSRF-TOKEN',
    maxContentLength: -1,
    maxBodyLength: -1,
    env: { FormData: [Function], Blob: [class Blob] },
    validateStatus: [Function: validateStatus],
    headers: Object [AxiosHeaders] {
      Accept: 'application/json',
      'Content-Type': 'application/json',
      'skip-auth': 'true',
      'X-Request-ID': 'req_1770361857693_yy5369jm5',
      'X-Timestamp': '1770361857693'
    },
    baseURL: 'http://localhost:8000/api/v1',
    method: 'post',
    url: '/auth/refresh',
    data: '{"refreshToken":"z)x-h6!!%xI?<\\"(N >4<"}',
    allowAbsoluteUrls: true
  },
  request: XMLHttpRequest {},
  event: ProgressEvent { isTrusted: [Getter] }
}

[90mstdout[2m | src/test/properties/auth.property.test.ts[2m > [22m[2m璁よ瘉灞炴€ф祴璇?[2m > [22m[2mProperty 1.1: Token Expiration Consistency[22m[39m
[HTTP Request] POST /auth/refresh {
  headers: Object [AxiosHeaders] {
    Accept: [32m'application/json'[39m,
    [32m'Content-Type'[39m: [32m'application/json'[39m,
    [32m'skip-auth'[39m: [32m'true'[39m,
    [32m'X-Request-ID'[39m: [32m'req_1770361857706_o1dpr16fu'[39m,
    [32m'X-Timestamp'[39m: [32m'1770361857706'[39m
  },
  data: { refreshToken: [32m'E9d+m3"Hck@bYpu`bx3\\.r-}IA"$5.w3=Dg{NLgC-im5.'[39m },
  params: [90mundefined[39m
}

stderr | src/test/properties/auth.property.test.ts > 璁よ瘉灞炴€ф祴璇?[2m > Property 1.1: Token Expiration Consistency
Error: AggregateError
    at Object.dispatchError (E:\learn\projects\blog-frontend-vue\node_modules\jsdom\lib\jsdom\living\xhr\xhr-utils.js:63:19)
    at EventEmitter.<anonymous> (E:\learn\projects\blog-frontend-vue\node_modules\jsdom\lib\jsdom\living\xhr\XMLHttpRequest-impl.js:655:18)
    at EventEmitter.emit (node:events:520:35)
    at Request.<anonymous> (E:\learn\projects\blog-frontend-vue\node_modules\jsdom\lib\jsdom\living\xhr\xhr-utils.js:404:14)
    at Request.emit (node:events:508:28)
    at ClientRequest.<anonymous> (E:\learn\projects\blog-frontend-vue\node_modules\jsdom\lib\jsdom\living\helpers\http-request.js:127:14)
    at ClientRequest.emit (node:events:508:28)
    at emitErrorEvent (node:_http_client:107:11)
    at Socket.socketErrorListener (node:_http_client:574:5)
    at Socket.emit (node:events:508:28) undefined
[HTTP Response Error] {
  url: '/auth/refresh',
  status: undefined,
  data: undefined,
  message: 'Network Error'
}
Token refresh failed: AxiosError: Network Error
    at XMLHttpRequest.handleError (file:///E:/learn/projects/blog-frontend-vue/node_modules/axios/lib/adapters/xhr.js:112:20)
    at XMLHttpRequest.invokeTheCallbackFunction (E:\learn\projects\blog-frontend-vue\node_modules\jsdom\lib\jsdom\living\generated\EventHandlerNonNull.js:14:28)
    at XMLHttpRequest.<anonymous> (E:\learn\projects\blog-frontend-vue\node_modules\jsdom\lib\jsdom\living\helpers\create-event-accessor.js:35:32)
    at innerInvokeEventListeners (E:\learn\projects\blog-frontend-vue\node_modules\jsdom\lib\jsdom\living\events\EventTarget-impl.js:350:25)
    at invokeEventListeners (E:\learn\projects\blog-frontend-vue\node_modules\jsdom\lib\jsdom\living\events\EventTarget-impl.js:286:3)
    at XMLHttpRequestImpl._dispatch (E:\learn\projects\blog-frontend-vue\node_modules\jsdom\lib\jsdom\living\events\EventTarget-impl.js:233:9)
    at fireAnEvent (E:\learn\projects\blog-frontend-vue\node_modules\jsdom\lib\jsdom\living\helpers\events.js:18:36)
    at requestErrorSteps (E:\learn\projects\blog-frontend-vue\node_modules\jsdom\lib\jsdom\living\xhr\xhr-utils.js:131:3)
    at Object.dispatchError (E:\learn\projects\blog-frontend-vue\node_modules\jsdom\lib\jsdom\living\xhr\xhr-utils.js:60:3)
    at EventEmitter.<anonymous> (E:\learn\projects\blog-frontend-vue\node_modules\jsdom\lib\jsdom\living\xhr\XMLHttpRequest-impl.js:655:18)
    at Axios.request (file:///E:/learn/projects/blog-frontend-vue/node_modules/axios/lib/core/Axios.js:45:41)
    at processTicksAndRejections (node:internal/process/task_queues:105:5)
    at HttpClient.post (E:\learn\projects\blog-frontend-vue\src\utils\request.ts:289:22)
    at refreshAccessToken (E:\learn\projects\blog-frontend-vue\src\stores\auth.ts:405:24)
    at Proxy.initAuth (E:\learn\projects\blog-frontend-vue\src\stores\auth.ts:519:13)
    at E:\learn\projects\blog-frontend-vue\src\test\properties\auth.property.test.ts:133:11
    at AsyncProperty.run (file:///E:/learn/projects/blog-frontend-vue/node_modules/fast-check/lib/esm/check/property/AsyncProperty.generic.js:46:28)
    at asyncRunIt (file:///E:/learn/projects/blog-frontend-vue/node_modules/fast-check/lib/esm/check/runner/Runner.js:33:21)
    at E:\learn\projects\blog-frontend-vue\src\test\properties\auth.property.test.ts:114:5
    at runTest (file:///E:/learn/projects/blog-frontend-vue/node_modules/@vitest/runner/dist/index.js:781:11) {
  isAxiosError: true,
  code: 'ERR_NETWORK',
  config: {
    transitional: {
      silentJSONParsing: true,
      forcedJSONParsing: true,
      clarifyTimeoutError: false
    },
    adapter: [ 'xhr', 'http', 'fetch' ],
    transformRequest: [ [Function: transformRequest] ],
    transformResponse: [ [Function: transformResponse] ],
    timeout: 10000,
    xsrfCookieName: 'XSRF-TOKEN',
    xsrfHeaderName: 'X-XSRF-TOKEN',
    maxContentLength: -1,
    maxBodyLength: -1,
    env: { FormData: [Function], Blob: [class Blob] },
    validateStatus: [Function: validateStatus],
    headers: Object [AxiosHeaders] {
      Accept: 'application/json',
      'Content-Type': 'application/json',
      'skip-auth': 'true',
      'X-Request-ID': 'req_1770361857706_o1dpr16fu',
      'X-Timestamp': '1770361857706'
    },
    baseURL: 'http://localhost:8000/api/v1',
    method: 'post',
    url: '/auth/refresh',
    data: '{"refreshToken":"E9d+m3\\"Hck@bYpu`bx3\\\\.r-}IA\\"$5.w3=Dg{NLgC-im5."}',
    allowAbsoluteUrls: true
  },
  request: XMLHttpRequest {},
  event: ProgressEvent { isTrusted: [Getter] }
}
Auto refresh token failed: AxiosError: Network Error
    at XMLHttpRequest.handleError (file:///E:/learn/projects/blog-frontend-vue/node_modules/axios/lib/adapters/xhr.js:112:20)
    at XMLHttpRequest.invokeTheCallbackFunction (E:\learn\projects\blog-frontend-vue\node_modules\jsdom\lib\jsdom\living\generated\EventHandlerNonNull.js:14:28)
    at XMLHttpRequest.<anonymous> (E:\learn\projects\blog-frontend-vue\node_modules\jsdom\lib\jsdom\living\helpers\create-event-accessor.js:35:32)
    at innerInvokeEventListeners (E:\learn\projects\blog-frontend-vue\node_modules\jsdom\lib\jsdom\living\events\EventTarget-impl.js:350:25)
    at invokeEventListeners (E:\learn\projects\blog-frontend-vue\node_modules\jsdom\lib\jsdom\living\events\EventTarget-impl.js:286:3)
    at XMLHttpRequestImpl._dispatch (E:\learn\projects\blog-frontend-vue\node_modules\jsdom\lib\jsdom\living\events\EventTarget-impl.js:233:9)
    at fireAnEvent (E:\learn\projects\blog-frontend-vue\node_modules\jsdom\lib\jsdom\living\helpers\events.js:18:36)
    at requestErrorSteps (E:\learn\projects\blog-frontend-vue\node_modules\jsdom\lib\jsdom\living\xhr\xhr-utils.js:131:3)
    at Object.dispatchError (E:\learn\projects\blog-frontend-vue\node_modules\jsdom\lib\jsdom\living\xhr\xhr-utils.js:60:3)
    at EventEmitter.<anonymous> (E:\learn\projects\blog-frontend-vue\node_modules\jsdom\lib\jsdom\living\xhr\XMLHttpRequest-impl.js:655:18)
    at Axios.request (file:///E:/learn/projects/blog-frontend-vue/node_modules/axios/lib/core/Axios.js:45:41)
    at processTicksAndRejections (node:internal/process/task_queues:105:5)
    at HttpClient.post (E:\learn\projects\blog-frontend-vue\src\utils\request.ts:289:22)
    at refreshAccessToken (E:\learn\projects\blog-frontend-vue\src\stores\auth.ts:405:24)
    at Proxy.initAuth (E:\learn\projects\blog-frontend-vue\src\stores\auth.ts:519:13)
    at E:\learn\projects\blog-frontend-vue\src\test\properties\auth.property.test.ts:133:11
    at AsyncProperty.run (file:///E:/learn/projects/blog-frontend-vue/node_modules/fast-check/lib/esm/check/property/AsyncProperty.generic.js:46:28)
    at asyncRunIt (file:///E:/learn/projects/blog-frontend-vue/node_modules/fast-check/lib/esm/check/runner/Runner.js:33:21)
    at E:\learn\projects\blog-frontend-vue\src\test\properties\auth.property.test.ts:114:5
    at runTest (file:///E:/learn/projects/blog-frontend-vue/node_modules/@vitest/runner/dist/index.js:781:11) {
  isAxiosError: true,
  code: 'ERR_NETWORK',
  config: {
    transitional: {
      silentJSONParsing: true,
      forcedJSONParsing: true,
      clarifyTimeoutError: false
    },
    adapter: [ 'xhr', 'http', 'fetch' ],
    transformRequest: [ [Function: transformRequest] ],
    transformResponse: [ [Function: transformResponse] ],
    timeout: 10000,
    xsrfCookieName: 'XSRF-TOKEN',
    xsrfHeaderName: 'X-XSRF-TOKEN',
    maxContentLength: -1,
    maxBodyLength: -1,
    env: { FormData: [Function], Blob: [class Blob] },
    validateStatus: [Function: validateStatus],
    headers: Object [AxiosHeaders] {
      Accept: 'application/json',
      'Content-Type': 'application/json',
      'skip-auth': 'true',
      'X-Request-ID': 'req_1770361857706_o1dpr16fu',
      'X-Timestamp': '1770361857706'
    },
    baseURL: 'http://localhost:8000/api/v1',
    method: 'post',
    url: '/auth/refresh',
    data: '{"refreshToken":"E9d+m3\\"Hck@bYpu`bx3\\\\.r-}IA\\"$5.w3=Dg{NLgC-im5."}',
    allowAbsoluteUrls: true
  },
  request: XMLHttpRequest {},
  event: ProgressEvent { isTrusted: [Getter] }
}

[90mstdout[2m | src/test/properties/auth.property.test.ts[2m > [22m[2m璁よ瘉灞炴€ф祴璇?[2m > [22m[2mProperty 1.1: Token Expiration Consistency[22m[39m
[HTTP Request] POST /auth/refresh {
  headers: Object [AxiosHeaders] {
    Accept: [32m'application/json'[39m,
    [32m'Content-Type'[39m: [32m'application/json'[39m,
    [32m'skip-auth'[39m: [32m'true'[39m,
    [32m'X-Request-ID'[39m: [32m'req_1770361857722_nm4num0me'[39m,
    [32m'X-Timestamp'[39m: [32m'1770361857722'[39m
  },
  data: { refreshToken: [32m`^:Mel|d $|#XW9L*x=Q.s0S"1eQ:Qu8c@X"@!z"5ya'eK`[39m },
  params: [90mundefined[39m
}

stderr | src/test/properties/auth.property.test.ts > 璁よ瘉灞炴€ф祴璇?[2m > Property 1.1: Token Expiration Consistency
Error: AggregateError
    at Object.dispatchError (E:\learn\projects\blog-frontend-vue\node_modules\jsdom\lib\jsdom\living\xhr\xhr-utils.js:63:19)
    at EventEmitter.<anonymous> (E:\learn\projects\blog-frontend-vue\node_modules\jsdom\lib\jsdom\living\xhr\XMLHttpRequest-impl.js:655:18)
    at EventEmitter.emit (node:events:520:35)
    at Request.<anonymous> (E:\learn\projects\blog-frontend-vue\node_modules\jsdom\lib\jsdom\living\xhr\xhr-utils.js:404:14)
    at Request.emit (node:events:508:28)
    at ClientRequest.<anonymous> (E:\learn\projects\blog-frontend-vue\node_modules\jsdom\lib\jsdom\living\helpers\http-request.js:127:14)
    at ClientRequest.emit (node:events:508:28)
    at emitErrorEvent (node:_http_client:107:11)
    at Socket.socketErrorListener (node:_http_client:574:5)
    at Socket.emit (node:events:508:28) undefined
[HTTP Response Error] {
  url: '/auth/refresh',
  status: undefined,
  data: undefined,
  message: 'Network Error'
}
Token refresh failed: AxiosError: Network Error
    at XMLHttpRequest.handleError (file:///E:/learn/projects/blog-frontend-vue/node_modules/axios/lib/adapters/xhr.js:112:20)
    at XMLHttpRequest.invokeTheCallbackFunction (E:\learn\projects\blog-frontend-vue\node_modules\jsdom\lib\jsdom\living\generated\EventHandlerNonNull.js:14:28)
    at XMLHttpRequest.<anonymous> (E:\learn\projects\blog-frontend-vue\node_modules\jsdom\lib\jsdom\living\helpers\create-event-accessor.js:35:32)
    at innerInvokeEventListeners (E:\learn\projects\blog-frontend-vue\node_modules\jsdom\lib\jsdom\living\events\EventTarget-impl.js:350:25)
    at invokeEventListeners (E:\learn\projects\blog-frontend-vue\node_modules\jsdom\lib\jsdom\living\events\EventTarget-impl.js:286:3)
    at XMLHttpRequestImpl._dispatch (E:\learn\projects\blog-frontend-vue\node_modules\jsdom\lib\jsdom\living\events\EventTarget-impl.js:233:9)
    at fireAnEvent (E:\learn\projects\blog-frontend-vue\node_modules\jsdom\lib\jsdom\living\helpers\events.js:18:36)
    at requestErrorSteps (E:\learn\projects\blog-frontend-vue\node_modules\jsdom\lib\jsdom\living\xhr\xhr-utils.js:131:3)
    at Object.dispatchError (E:\learn\projects\blog-frontend-vue\node_modules\jsdom\lib\jsdom\living\xhr\xhr-utils.js:60:3)
    at EventEmitter.<anonymous> (E:\learn\projects\blog-frontend-vue\node_modules\jsdom\lib\jsdom\living\xhr\XMLHttpRequest-impl.js:655:18)
    at Axios.request (file:///E:/learn/projects/blog-frontend-vue/node_modules/axios/lib/core/Axios.js:45:41)
    at processTicksAndRejections (node:internal/process/task_queues:105:5)
    at HttpClient.post (E:\learn\projects\blog-frontend-vue\src\utils\request.ts:289:22)
    at refreshAccessToken (E:\learn\projects\blog-frontend-vue\src\stores\auth.ts:405:24)
    at Proxy.initAuth (E:\learn\projects\blog-frontend-vue\src\stores\auth.ts:519:13)
    at E:\learn\projects\blog-frontend-vue\src\test\properties\auth.property.test.ts:133:11
    at AsyncProperty.run (file:///E:/learn/projects/blog-frontend-vue/node_modules/fast-check/lib/esm/check/property/AsyncProperty.generic.js:46:28)
    at asyncRunIt (file:///E:/learn/projects/blog-frontend-vue/node_modules/fast-check/lib/esm/check/runner/Runner.js:33:21)
    at E:\learn\projects\blog-frontend-vue\src\test\properties\auth.property.test.ts:114:5
    at runTest (file:///E:/learn/projects/blog-frontend-vue/node_modules/@vitest/runner/dist/index.js:781:11) {
  isAxiosError: true,
  code: 'ERR_NETWORK',
  config: {
    transitional: {
      silentJSONParsing: true,
      forcedJSONParsing: true,
      clarifyTimeoutError: false
    },
    adapter: [ 'xhr', 'http', 'fetch' ],
    transformRequest: [ [Function: transformRequest] ],
    transformResponse: [ [Function: transformResponse] ],
    timeout: 10000,
    xsrfCookieName: 'XSRF-TOKEN',
    xsrfHeaderName: 'X-XSRF-TOKEN',
    maxContentLength: -1,
    maxBodyLength: -1,
    env: { FormData: [Function], Blob: [class Blob] },
    validateStatus: [Function: validateStatus],
    headers: Object [AxiosHeaders] {
      Accept: 'application/json',
      'Content-Type': 'application/json',
      'skip-auth': 'true',
      'X-Request-ID': 'req_1770361857722_nm4num0me',
      'X-Timestamp': '1770361857722'
    },
    baseURL: 'http://localhost:8000/api/v1',
    method: 'post',
    url: '/auth/refresh',
    data: `{"refreshToken":"^:Mel|d $|#XW9L*x=Q.s0S\\"1eQ:Qu8c@X\\"@!z\\"5ya'eK"}`,
    allowAbsoluteUrls: true
  },
  request: XMLHttpRequest {},
  event: ProgressEvent { isTrusted: [Getter] }
}
Auto refresh token failed: AxiosError: Network Error
    at XMLHttpRequest.handleError (file:///E:/learn/projects/blog-frontend-vue/node_modules/axios/lib/adapters/xhr.js:112:20)
    at XMLHttpRequest.invokeTheCallbackFunction (E:\learn\projects\blog-frontend-vue\node_modules\jsdom\lib\jsdom\living\generated\EventHandlerNonNull.js:14:28)
    at XMLHttpRequest.<anonymous> (E:\learn\projects\blog-frontend-vue\node_modules\jsdom\lib\jsdom\living\helpers\create-event-accessor.js:35:32)
    at innerInvokeEventListeners (E:\learn\projects\blog-frontend-vue\node_modules\jsdom\lib\jsdom\living\events\EventTarget-impl.js:350:25)
    at invokeEventListeners (E:\learn\projects\blog-frontend-vue\node_modules\jsdom\lib\jsdom\living\events\EventTarget-impl.js:286:3)
    at XMLHttpRequestImpl._dispatch (E:\learn\projects\blog-frontend-vue\node_modules\jsdom\lib\jsdom\living\events\EventTarget-impl.js:233:9)
    at fireAnEvent (E:\learn\projects\blog-frontend-vue\node_modules\jsdom\lib\jsdom\living\helpers\events.js:18:36)
    at requestErrorSteps (E:\learn\projects\blog-frontend-vue\node_modules\jsdom\lib\jsdom\living\xhr\xhr-utils.js:131:3)
    at Object.dispatchError (E:\learn\projects\blog-frontend-vue\node_modules\jsdom\lib\jsdom\living\xhr\xhr-utils.js:60:3)
    at EventEmitter.<anonymous> (E:\learn\projects\blog-frontend-vue\node_modules\jsdom\lib\jsdom\living\xhr\XMLHttpRequest-impl.js:655:18)
    at Axios.request (file:///E:/learn/projects/blog-frontend-vue/node_modules/axios/lib/core/Axios.js:45:41)
    at processTicksAndRejections (node:internal/process/task_queues:105:5)
    at HttpClient.post (E:\learn\projects\blog-frontend-vue\src\utils\request.ts:289:22)
    at refreshAccessToken (E:\learn\projects\blog-frontend-vue\src\stores\auth.ts:405:24)
    at Proxy.initAuth (E:\learn\projects\blog-frontend-vue\src\stores\auth.ts:519:13)
    at E:\learn\projects\blog-frontend-vue\src\test\properties\auth.property.test.ts:133:11
    at AsyncProperty.run (file:///E:/learn/projects/blog-frontend-vue/node_modules/fast-check/lib/esm/check/property/AsyncProperty.generic.js:46:28)
    at asyncRunIt (file:///E:/learn/projects/blog-frontend-vue/node_modules/fast-check/lib/esm/check/runner/Runner.js:33:21)
    at E:\learn\projects\blog-frontend-vue\src\test\properties\auth.property.test.ts:114:5
    at runTest (file:///E:/learn/projects/blog-frontend-vue/node_modules/@vitest/runner/dist/index.js:781:11) {
  isAxiosError: true,
  code: 'ERR_NETWORK',
  config: {
    transitional: {
      silentJSONParsing: true,
      forcedJSONParsing: true,
      clarifyTimeoutError: false
    },
    adapter: [ 'xhr', 'http', 'fetch' ],
    transformRequest: [ [Function: transformRequest] ],
    transformResponse: [ [Function: transformResponse] ],
    timeout: 10000,
    xsrfCookieName: 'XSRF-TOKEN',
    xsrfHeaderName: 'X-XSRF-TOKEN',
    maxContentLength: -1,
    maxBodyLength: -1,
    env: { FormData: [Function], Blob: [class Blob] },
    validateStatus: [Function: validateStatus],
    headers: Object [AxiosHeaders] {
      Accept: 'application/json',
      'Content-Type': 'application/json',
      'skip-auth': 'true',
      'X-Request-ID': 'req_1770361857722_nm4num0me',
      'X-Timestamp': '1770361857722'
    },
    baseURL: 'http://localhost:8000/api/v1',
    method: 'post',
    url: '/auth/refresh',
    data: `{"refreshToken":"^:Mel|d $|#XW9L*x=Q.s0S\\"1eQ:Qu8c@X\\"@!z\\"5ya'eK"}`,
    allowAbsoluteUrls: true
  },
  request: XMLHttpRequest {},
  event: ProgressEvent { isTrusted: [Getter] }
}

[90mstdout[2m | src/test/properties/auth.property.test.ts[2m > [22m[2m璁よ瘉灞炴€ф祴璇?[2m > [22m[2mProperty 1.1: Token Expiration Consistency[22m[39m
[HTTP Request] POST /auth/refresh {
  headers: Object [AxiosHeaders] {
    Accept: [32m'application/json'[39m,
    [32m'Content-Type'[39m: [32m'application/json'[39m,
    [32m'skip-auth'[39m: [32m'true'[39m,
    [32m'X-Request-ID'[39m: [32m'req_1770361857745_kic2d8uvv'[39m,
    [32m'X-Timestamp'[39m: [32m'1770361857745'[39m
  },
  data: { refreshToken: [32m'=Y| V{&=#yzZyx#2+x @&T'[39m },
  params: [90mundefined[39m
}

stderr | src/test/properties/auth.property.test.ts > 璁よ瘉灞炴€ф祴璇?[2m > Property 1.1: Token Expiration Consistency
Error: AggregateError
    at Object.dispatchError (E:\learn\projects\blog-frontend-vue\node_modules\jsdom\lib\jsdom\living\xhr\xhr-utils.js:63:19)
    at EventEmitter.<anonymous> (E:\learn\projects\blog-frontend-vue\node_modules\jsdom\lib\jsdom\living\xhr\XMLHttpRequest-impl.js:655:18)
    at EventEmitter.emit (node:events:520:35)
    at Request.<anonymous> (E:\learn\projects\blog-frontend-vue\node_modules\jsdom\lib\jsdom\living\xhr\xhr-utils.js:404:14)
    at Request.emit (node:events:508:28)
    at ClientRequest.<anonymous> (E:\learn\projects\blog-frontend-vue\node_modules\jsdom\lib\jsdom\living\helpers\http-request.js:127:14)
    at ClientRequest.emit (node:events:508:28)
    at emitErrorEvent (node:_http_client:107:11)
    at Socket.socketErrorListener (node:_http_client:574:5)
    at Socket.emit (node:events:508:28) undefined
[HTTP Response Error] {
  url: '/auth/refresh',
  status: undefined,
  data: undefined,
  message: 'Network Error'
}
Token refresh failed: AxiosError: Network Error
    at XMLHttpRequest.handleError (file:///E:/learn/projects/blog-frontend-vue/node_modules/axios/lib/adapters/xhr.js:112:20)
    at XMLHttpRequest.invokeTheCallbackFunction (E:\learn\projects\blog-frontend-vue\node_modules\jsdom\lib\jsdom\living\generated\EventHandlerNonNull.js:14:28)
    at XMLHttpRequest.<anonymous> (E:\learn\projects\blog-frontend-vue\node_modules\jsdom\lib\jsdom\living\helpers\create-event-accessor.js:35:32)
    at innerInvokeEventListeners (E:\learn\projects\blog-frontend-vue\node_modules\jsdom\lib\jsdom\living\events\EventTarget-impl.js:350:25)
    at invokeEventListeners (E:\learn\projects\blog-frontend-vue\node_modules\jsdom\lib\jsdom\living\events\EventTarget-impl.js:286:3)
    at XMLHttpRequestImpl._dispatch (E:\learn\projects\blog-frontend-vue\node_modules\jsdom\lib\jsdom\living\events\EventTarget-impl.js:233:9)
    at fireAnEvent (E:\learn\projects\blog-frontend-vue\node_modules\jsdom\lib\jsdom\living\helpers\events.js:18:36)
    at requestErrorSteps (E:\learn\projects\blog-frontend-vue\node_modules\jsdom\lib\jsdom\living\xhr\xhr-utils.js:131:3)
    at Object.dispatchError (E:\learn\projects\blog-frontend-vue\node_modules\jsdom\lib\jsdom\living\xhr\xhr-utils.js:60:3)
    at EventEmitter.<anonymous> (E:\learn\projects\blog-frontend-vue\node_modules\jsdom\lib\jsdom\living\xhr\XMLHttpRequest-impl.js:655:18)
    at Axios.request (file:///E:/learn/projects/blog-frontend-vue/node_modules/axios/lib/core/Axios.js:45:41)
    at processTicksAndRejections (node:internal/process/task_queues:105:5)
    at HttpClient.post (E:\learn\projects\blog-frontend-vue\src\utils\request.ts:289:22)
    at refreshAccessToken (E:\learn\projects\blog-frontend-vue\src\stores\auth.ts:405:24)
    at Proxy.initAuth (E:\learn\projects\blog-frontend-vue\src\stores\auth.ts:519:13)
    at E:\learn\projects\blog-frontend-vue\src\test\properties\auth.property.test.ts:133:11
    at AsyncProperty.run (file:///E:/learn/projects/blog-frontend-vue/node_modules/fast-check/lib/esm/check/property/AsyncProperty.generic.js:46:28)
    at asyncRunIt (file:///E:/learn/projects/blog-frontend-vue/node_modules/fast-check/lib/esm/check/runner/Runner.js:33:21)
    at E:\learn\projects\blog-frontend-vue\src\test\properties\auth.property.test.ts:114:5
    at runTest (file:///E:/learn/projects/blog-frontend-vue/node_modules/@vitest/runner/dist/index.js:781:11) {
  isAxiosError: true,
  code: 'ERR_NETWORK',
  config: {
    transitional: {
      silentJSONParsing: true,
      forcedJSONParsing: true,
      clarifyTimeoutError: false
    },
    adapter: [ 'xhr', 'http', 'fetch' ],
    transformRequest: [ [Function: transformRequest] ],
    transformResponse: [ [Function: transformResponse] ],
    timeout: 10000,
    xsrfCookieName: 'XSRF-TOKEN',
    xsrfHeaderName: 'X-XSRF-TOKEN',
    maxContentLength: -1,
    maxBodyLength: -1,
    env: { FormData: [Function], Blob: [class Blob] },
    validateStatus: [Function: validateStatus],
    headers: Object [AxiosHeaders] {
      Accept: 'application/json',
      'Content-Type': 'application/json',
      'skip-auth': 'true',
      'X-Request-ID': 'req_1770361857745_kic2d8uvv',
      'X-Timestamp': '1770361857745'
    },
    baseURL: 'http://localhost:8000/api/v1',
    method: 'post',
    url: '/auth/refresh',
    data: '{"refreshToken":"=Y| V{&=#yzZyx#2+x @&T"}',
    allowAbsoluteUrls: true
  },
  request: XMLHttpRequest {},
  event: ProgressEvent { isTrusted: [Getter] }
}
Auto refresh token failed: AxiosError: Network Error
    at XMLHttpRequest.handleError (file:///E:/learn/projects/blog-frontend-vue/node_modules/axios/lib/adapters/xhr.js:112:20)
    at XMLHttpRequest.invokeTheCallbackFunction (E:\learn\projects\blog-frontend-vue\node_modules\jsdom\lib\jsdom\living\generated\EventHandlerNonNull.js:14:28)
    at XMLHttpRequest.<anonymous> (E:\learn\projects\blog-frontend-vue\node_modules\jsdom\lib\jsdom\living\helpers\create-event-accessor.js:35:32)
    at innerInvokeEventListeners (E:\learn\projects\blog-frontend-vue\node_modules\jsdom\lib\jsdom\living\events\EventTarget-impl.js:350:25)
    at invokeEventListeners (E:\learn\projects\blog-frontend-vue\node_modules\jsdom\lib\jsdom\living\events\EventTarget-impl.js:286:3)
    at XMLHttpRequestImpl._dispatch (E:\learn\projects\blog-frontend-vue\node_modules\jsdom\lib\jsdom\living\events\EventTarget-impl.js:233:9)
    at fireAnEvent (E:\learn\projects\blog-frontend-vue\node_modules\jsdom\lib\jsdom\living\helpers\events.js:18:36)
    at requestErrorSteps (E:\learn\projects\blog-frontend-vue\node_modules\jsdom\lib\jsdom\living\xhr\xhr-utils.js:131:3)
    at Object.dispatchError (E:\learn\projects\blog-frontend-vue\node_modules\jsdom\lib\jsdom\living\xhr\xhr-utils.js:60:3)
    at EventEmitter.<anonymous> (E:\learn\projects\blog-frontend-vue\node_modules\jsdom\lib\jsdom\living\xhr\XMLHttpRequest-impl.js:655:18)
    at Axios.request (file:///E:/learn/projects/blog-frontend-vue/node_modules/axios/lib/core/Axios.js:45:41)
    at processTicksAndRejections (node:internal/process/task_queues:105:5)
    at HttpClient.post (E:\learn\projects\blog-frontend-vue\src\utils\request.ts:289:22)
    at refreshAccessToken (E:\learn\projects\blog-frontend-vue\src\stores\auth.ts:405:24)
    at Proxy.initAuth (E:\learn\projects\blog-frontend-vue\src\stores\auth.ts:519:13)
    at E:\learn\projects\blog-frontend-vue\src\test\properties\auth.property.test.ts:133:11
    at AsyncProperty.run (file:///E:/learn/projects/blog-frontend-vue/node_modules/fast-check/lib/esm/check/property/AsyncProperty.generic.js:46:28)
    at asyncRunIt (file:///E:/learn/projects/blog-frontend-vue/node_modules/fast-check/lib/esm/check/runner/Runner.js:33:21)
    at E:\learn\projects\blog-frontend-vue\src\test\properties\auth.property.test.ts:114:5
    at runTest (file:///E:/learn/projects/blog-frontend-vue/node_modules/@vitest/runner/dist/index.js:781:11) {
  isAxiosError: true,
  code: 'ERR_NETWORK',
  config: {
    transitional: {
      silentJSONParsing: true,
      forcedJSONParsing: true,
      clarifyTimeoutError: false
    },
    adapter: [ 'xhr', 'http', 'fetch' ],
    transformRequest: [ [Function: transformRequest] ],
    transformResponse: [ [Function: transformResponse] ],
    timeout: 10000,
    xsrfCookieName: 'XSRF-TOKEN',
    xsrfHeaderName: 'X-XSRF-TOKEN',
    maxContentLength: -1,
    maxBodyLength: -1,
    env: { FormData: [Function], Blob: [class Blob] },
    validateStatus: [Function: validateStatus],
    headers: Object [AxiosHeaders] {
      Accept: 'application/json',
      'Content-Type': 'application/json',
      'skip-auth': 'true',
      'X-Request-ID': 'req_1770361857745_kic2d8uvv',
      'X-Timestamp': '1770361857745'
    },
    baseURL: 'http://localhost:8000/api/v1',
    method: 'post',
    url: '/auth/refresh',
    data: '{"refreshToken":"=Y| V{&=#yzZyx#2+x @&T"}',
    allowAbsoluteUrls: true
  },
  request: XMLHttpRequest {},
  event: ProgressEvent { isTrusted: [Getter] }
}

[90mstdout[2m | src/test/properties/auth.property.test.ts[2m > [22m[2m璁よ瘉灞炴€ф祴璇?[2m > [22m[2mProperty 1.1: Token Expiration Consistency[22m[39m
[HTTP Request] POST /auth/refresh {
  headers: Object [AxiosHeaders] {
    Accept: [32m'application/json'[39m,
    [32m'Content-Type'[39m: [32m'application/json'[39m,
    [32m'skip-auth'[39m: [32m'true'[39m,
    [32m'X-Request-ID'[39m: [32m'req_1770361857755_eqvl9tod6'[39m,
    [32m'X-Timestamp'[39m: [32m'1770361857755'[39m
  },
  data: { refreshToken: [32m",e(HkEO}.v?t=bZSU 3g5X'~]F!n]B7i:VWCb"[39m },
  params: [90mundefined[39m
}

stderr | src/test/properties/auth.property.test.ts > 璁よ瘉灞炴€ф祴璇?[2m > Property 1.1: Token Expiration Consistency
Error: AggregateError
    at Object.dispatchError (E:\learn\projects\blog-frontend-vue\node_modules\jsdom\lib\jsdom\living\xhr\xhr-utils.js:63:19)
    at EventEmitter.<anonymous> (E:\learn\projects\blog-frontend-vue\node_modules\jsdom\lib\jsdom\living\xhr\XMLHttpRequest-impl.js:655:18)
    at EventEmitter.emit (node:events:520:35)
    at Request.<anonymous> (E:\learn\projects\blog-frontend-vue\node_modules\jsdom\lib\jsdom\living\xhr\xhr-utils.js:404:14)
    at Request.emit (node:events:508:28)
    at ClientRequest.<anonymous> (E:\learn\projects\blog-frontend-vue\node_modules\jsdom\lib\jsdom\living\helpers\http-request.js:127:14)
    at ClientRequest.emit (node:events:508:28)
    at emitErrorEvent (node:_http_client:107:11)
    at Socket.socketErrorListener (node:_http_client:574:5)
    at Socket.emit (node:events:508:28) undefined
[HTTP Response Error] {
  url: '/auth/refresh',
  status: undefined,
  data: undefined,
  message: 'Network Error'
}
Token refresh failed: AxiosError: Network Error
    at XMLHttpRequest.handleError (file:///E:/learn/projects/blog-frontend-vue/node_modules/axios/lib/adapters/xhr.js:112:20)
    at XMLHttpRequest.invokeTheCallbackFunction (E:\learn\projects\blog-frontend-vue\node_modules\jsdom\lib\jsdom\living\generated\EventHandlerNonNull.js:14:28)
    at XMLHttpRequest.<anonymous> (E:\learn\projects\blog-frontend-vue\node_modules\jsdom\lib\jsdom\living\helpers\create-event-accessor.js:35:32)
    at innerInvokeEventListeners (E:\learn\projects\blog-frontend-vue\node_modules\jsdom\lib\jsdom\living\events\EventTarget-impl.js:350:25)
    at invokeEventListeners (E:\learn\projects\blog-frontend-vue\node_modules\jsdom\lib\jsdom\living\events\EventTarget-impl.js:286:3)
    at XMLHttpRequestImpl._dispatch (E:\learn\projects\blog-frontend-vue\node_modules\jsdom\lib\jsdom\living\events\EventTarget-impl.js:233:9)
    at fireAnEvent (E:\learn\projects\blog-frontend-vue\node_modules\jsdom\lib\jsdom\living\helpers\events.js:18:36)
    at requestErrorSteps (E:\learn\projects\blog-frontend-vue\node_modules\jsdom\lib\jsdom\living\xhr\xhr-utils.js:131:3)
    at Object.dispatchError (E:\learn\projects\blog-frontend-vue\node_modules\jsdom\lib\jsdom\living\xhr\xhr-utils.js:60:3)
    at EventEmitter.<anonymous> (E:\learn\projects\blog-frontend-vue\node_modules\jsdom\lib\jsdom\living\xhr\XMLHttpRequest-impl.js:655:18)
    at Axios.request (file:///E:/learn/projects/blog-frontend-vue/node_modules/axios/lib/core/Axios.js:45:41)
    at processTicksAndRejections (node:internal/process/task_queues:105:5)
    at HttpClient.post (E:\learn\projects\blog-frontend-vue\src\utils\request.ts:289:22)
    at refreshAccessToken (E:\learn\projects\blog-frontend-vue\src\stores\auth.ts:405:24)
    at Proxy.initAuth (E:\learn\projects\blog-frontend-vue\src\stores\auth.ts:519:13)
    at E:\learn\projects\blog-frontend-vue\src\test\properties\auth.property.test.ts:133:11
    at AsyncProperty.run (file:///E:/learn/projects/blog-frontend-vue/node_modules/fast-check/lib/esm/check/property/AsyncProperty.generic.js:46:28)
    at asyncRunIt (file:///E:/learn/projects/blog-frontend-vue/node_modules/fast-check/lib/esm/check/runner/Runner.js:33:21)
    at E:\learn\projects\blog-frontend-vue\src\test\properties\auth.property.test.ts:114:5
    at runTest (file:///E:/learn/projects/blog-frontend-vue/node_modules/@vitest/runner/dist/index.js:781:11) {
  isAxiosError: true,
  code: 'ERR_NETWORK',
  config: {
    transitional: {
      silentJSONParsing: true,
      forcedJSONParsing: true,
      clarifyTimeoutError: false
    },
    adapter: [ 'xhr', 'http', 'fetch' ],
    transformRequest: [ [Function: transformRequest] ],
    transformResponse: [ [Function: transformResponse] ],
    timeout: 10000,
    xsrfCookieName: 'XSRF-TOKEN',
    xsrfHeaderName: 'X-XSRF-TOKEN',
    maxContentLength: -1,
    maxBodyLength: -1,
    env: { FormData: [Function], Blob: [class Blob] },
    validateStatus: [Function: validateStatus],
    headers: Object [AxiosHeaders] {
      Accept: 'application/json',
      'Content-Type': 'application/json',
      'skip-auth': 'true',
      'X-Request-ID': 'req_1770361857755_eqvl9tod6',
      'X-Timestamp': '1770361857755'
    },
    baseURL: 'http://localhost:8000/api/v1',
    method: 'post',
    url: '/auth/refresh',
    data: `{"refreshToken":",e(HkEO}.v?t=bZSU 3g5X'~]F!n]B7i:VWCb"}`,
    allowAbsoluteUrls: true
  },
  request: XMLHttpRequest {},
  event: ProgressEvent { isTrusted: [Getter] }
}
Auto refresh token failed: AxiosError: Network Error
    at XMLHttpRequest.handleError (file:///E:/learn/projects/blog-frontend-vue/node_modules/axios/lib/adapters/xhr.js:112:20)
    at XMLHttpRequest.invokeTheCallbackFunction (E:\learn\projects\blog-frontend-vue\node_modules\jsdom\lib\jsdom\living\generated\EventHandlerNonNull.js:14:28)
    at XMLHttpRequest.<anonymous> (E:\learn\projects\blog-frontend-vue\node_modules\jsdom\lib\jsdom\living\helpers\create-event-accessor.js:35:32)
    at innerInvokeEventListeners (E:\learn\projects\blog-frontend-vue\node_modules\jsdom\lib\jsdom\living\events\EventTarget-impl.js:350:25)
    at invokeEventListeners (E:\learn\projects\blog-frontend-vue\node_modules\jsdom\lib\jsdom\living\events\EventTarget-impl.js:286:3)
    at XMLHttpRequestImpl._dispatch (E:\learn\projects\blog-frontend-vue\node_modules\jsdom\lib\jsdom\living\events\EventTarget-impl.js:233:9)
    at fireAnEvent (E:\learn\projects\blog-frontend-vue\node_modules\jsdom\lib\jsdom\living\helpers\events.js:18:36)
    at requestErrorSteps (E:\learn\projects\blog-frontend-vue\node_modules\jsdom\lib\jsdom\living\xhr\xhr-utils.js:131:3)
    at Object.dispatchError (E:\learn\projects\blog-frontend-vue\node_modules\jsdom\lib\jsdom\living\xhr\xhr-utils.js:60:3)
    at EventEmitter.<anonymous> (E:\learn\projects\blog-frontend-vue\node_modules\jsdom\lib\jsdom\living\xhr\XMLHttpRequest-impl.js:655:18)
    at Axios.request (file:///E:/learn/projects/blog-frontend-vue/node_modules/axios/lib/core/Axios.js:45:41)
    at processTicksAndRejections (node:internal/process/task_queues:105:5)
    at HttpClient.post (E:\learn\projects\blog-frontend-vue\src\utils\request.ts:289:22)
    at refreshAccessToken (E:\learn\projects\blog-frontend-vue\src\stores\auth.ts:405:24)
    at Proxy.initAuth (E:\learn\projects\blog-frontend-vue\src\stores\auth.ts:519:13)
    at E:\learn\projects\blog-frontend-vue\src\test\properties\auth.property.test.ts:133:11
    at AsyncProperty.run (file:///E:/learn/projects/blog-frontend-vue/node_modules/fast-check/lib/esm/check/property/AsyncProperty.generic.js:46:28)
    at asyncRunIt (file:///E:/learn/projects/blog-frontend-vue/node_modules/fast-check/lib/esm/check/runner/Runner.js:33:21)
    at E:\learn\projects\blog-frontend-vue\src\test\properties\auth.property.test.ts:114:5
    at runTest (file:///E:/learn/projects/blog-frontend-vue/node_modules/@vitest/runner/dist/index.js:781:11) {
  isAxiosError: true,
  code: 'ERR_NETWORK',
  config: {
    transitional: {
      silentJSONParsing: true,
      forcedJSONParsing: true,
      clarifyTimeoutError: false
    },
    adapter: [ 'xhr', 'http', 'fetch' ],
    transformRequest: [ [Function: transformRequest] ],
    transformResponse: [ [Function: transformResponse] ],
    timeout: 10000,
    xsrfCookieName: 'XSRF-TOKEN',
    xsrfHeaderName: 'X-XSRF-TOKEN',
    maxContentLength: -1,
    maxBodyLength: -1,
    env: { FormData: [Function], Blob: [class Blob] },
    validateStatus: [Function: validateStatus],
    headers: Object [AxiosHeaders] {
      Accept: 'application/json',
      'Content-Type': 'application/json',
      'skip-auth': 'true',
      'X-Request-ID': 'req_1770361857755_eqvl9tod6',
      'X-Timestamp': '1770361857755'
    },
    baseURL: 'http://localhost:8000/api/v1',
    method: 'post',
    url: '/auth/refresh',
    data: `{"refreshToken":",e(HkEO}.v?t=bZSU 3g5X'~]F!n]B7i:VWCb"}`,
    allowAbsoluteUrls: true
  },
  request: XMLHttpRequest {},
  event: ProgressEvent { isTrusted: [Getter] }
}

[90mstdout[2m | src/test/properties/auth.property.test.ts[2m > [22m[2m璁よ瘉灞炴€ф祴璇?[2m > [22m[2mProperty 1.1: Token Expiration Consistency[22m[39m
[HTTP Request] GET /auth/me {
  headers: Object [AxiosHeaders] {
    Accept: [32m'application/json'[39m,
    [32m'Content-Type'[39m: [32m'application/json'[39m,
    [32m'X-Request-ID'[39m: [32m'req_1770361857767_b64eqibua'[39m,
    [32m'X-Timestamp'[39m: [32m'1770361857767'[39m,
    Authorization: [32m'Bearer E0vlg\\XRzR8KHJ]An9pI'[39m
  },
  data: [90mundefined[39m,
  params: [90mundefined[39m
}

stderr | src/test/properties/auth.property.test.ts > 璁よ瘉灞炴€ф祴璇?[2m > Property 1.1: Token Expiration Consistency
Error: AggregateError
    at Object.dispatchError (E:\learn\projects\blog-frontend-vue\node_modules\jsdom\lib\jsdom\living\xhr\xhr-utils.js:63:19)
    at EventEmitter.<anonymous> (E:\learn\projects\blog-frontend-vue\node_modules\jsdom\lib\jsdom\living\xhr\XMLHttpRequest-impl.js:655:18)
    at EventEmitter.emit (node:events:520:35)
    at Request.<anonymous> (E:\learn\projects\blog-frontend-vue\node_modules\jsdom\lib\jsdom\living\xhr\xhr-utils.js:404:14)
    at Request.emit (node:events:508:28)
    at ClientRequest.<anonymous> (E:\learn\projects\blog-frontend-vue\node_modules\jsdom\lib\jsdom\living\helpers\http-request.js:127:14)
    at ClientRequest.emit (node:events:508:28)
    at emitErrorEvent (node:_http_client:107:11)
    at Socket.socketErrorListener (node:_http_client:574:5)
    at Socket.emit (node:events:508:28) undefined
[HTTP Response Error] {
  url: '/auth/me',
  status: undefined,
  data: undefined,
  message: 'Network Error'
}
Fetch current user failed: AxiosError: Network Error
    at XMLHttpRequest.handleError (file:///E:/learn/projects/blog-frontend-vue/node_modules/axios/lib/adapters/xhr.js:112:20)
    at XMLHttpRequest.invokeTheCallbackFunction (E:\learn\projects\blog-frontend-vue\node_modules\jsdom\lib\jsdom\living\generated\EventHandlerNonNull.js:14:28)
    at XMLHttpRequest.<anonymous> (E:\learn\projects\blog-frontend-vue\node_modules\jsdom\lib\jsdom\living\helpers\create-event-accessor.js:35:32)
    at innerInvokeEventListeners (E:\learn\projects\blog-frontend-vue\node_modules\jsdom\lib\jsdom\living\events\EventTarget-impl.js:350:25)
    at invokeEventListeners (E:\learn\projects\blog-frontend-vue\node_modules\jsdom\lib\jsdom\living\events\EventTarget-impl.js:286:3)
    at XMLHttpRequestImpl._dispatch (E:\learn\projects\blog-frontend-vue\node_modules\jsdom\lib\jsdom\living\events\EventTarget-impl.js:233:9)
    at fireAnEvent (E:\learn\projects\blog-frontend-vue\node_modules\jsdom\lib\jsdom\living\helpers\events.js:18:36)
    at requestErrorSteps (E:\learn\projects\blog-frontend-vue\node_modules\jsdom\lib\jsdom\living\xhr\xhr-utils.js:131:3)
    at Object.dispatchError (E:\learn\projects\blog-frontend-vue\node_modules\jsdom\lib\jsdom\living\xhr\xhr-utils.js:60:3)
    at EventEmitter.<anonymous> (E:\learn\projects\blog-frontend-vue\node_modules\jsdom\lib\jsdom\living\xhr\XMLHttpRequest-impl.js:655:18)
    at Axios.request (file:///E:/learn/projects/blog-frontend-vue/node_modules/axios/lib/core/Axios.js:45:41)
    at processTicksAndRejections (node:internal/process/task_queues:105:5)
    at HttpClient.get (E:\learn\projects\blog-frontend-vue\src\utils\request.ts:274:22)
    at fetchCurrentUser (E:\learn\projects\blog-frontend-vue\src\stores\auth.ts:433:24)
    at Proxy.initAuth (E:\learn\projects\blog-frontend-vue\src\stores\auth.ts:534:13)
    at E:\learn\projects\blog-frontend-vue\src\test\properties\auth.property.test.ts:133:11
    at AsyncProperty.run (file:///E:/learn/projects/blog-frontend-vue/node_modules/fast-check/lib/esm/check/property/AsyncProperty.generic.js:46:28)
    at asyncRunIt (file:///E:/learn/projects/blog-frontend-vue/node_modules/fast-check/lib/esm/check/runner/Runner.js:33:21)
    at E:\learn\projects\blog-frontend-vue\src\test\properties\auth.property.test.ts:114:5
    at runTest (file:///E:/learn/projects/blog-frontend-vue/node_modules/@vitest/runner/dist/index.js:781:11) {
  isAxiosError: true,
  code: 'ERR_NETWORK',
  config: {
    transitional: {
      silentJSONParsing: true,
      forcedJSONParsing: true,
      clarifyTimeoutError: false
    },
    adapter: [ 'xhr', 'http', 'fetch' ],
    transformRequest: [ [Function: transformRequest] ],
    transformResponse: [ [Function: transformResponse] ],
    timeout: 10000,
    xsrfCookieName: 'XSRF-TOKEN',
    xsrfHeaderName: 'X-XSRF-TOKEN',
    maxContentLength: -1,
    maxBodyLength: -1,
    env: { FormData: [Function], Blob: [class Blob] },
    validateStatus: [Function: validateStatus],
    headers: Object [AxiosHeaders] {
      Accept: 'application/json',
      'Content-Type': 'application/json',
      'X-Request-ID': 'req_1770361857767_b64eqibua',
      'X-Timestamp': '1770361857767',
      Authorization: 'Bearer E0vlg\\XRzR8KHJ]An9pI'
    },
    baseURL: 'http://localhost:8000/api/v1',
    method: 'get',
    url: '/auth/me',
    allowAbsoluteUrls: true,
    data: undefined
  },
  request: XMLHttpRequest {},
  event: ProgressEvent { isTrusted: [Getter] }
}
Auto fetch user failed: AxiosError: Network Error
    at XMLHttpRequest.handleError (file:///E:/learn/projects/blog-frontend-vue/node_modules/axios/lib/adapters/xhr.js:112:20)
    at XMLHttpRequest.invokeTheCallbackFunction (E:\learn\projects\blog-frontend-vue\node_modules\jsdom\lib\jsdom\living\generated\EventHandlerNonNull.js:14:28)
    at XMLHttpRequest.<anonymous> (E:\learn\projects\blog-frontend-vue\node_modules\jsdom\lib\jsdom\living\helpers\create-event-accessor.js:35:32)
    at innerInvokeEventListeners (E:\learn\projects\blog-frontend-vue\node_modules\jsdom\lib\jsdom\living\events\EventTarget-impl.js:350:25)
    at invokeEventListeners (E:\learn\projects\blog-frontend-vue\node_modules\jsdom\lib\jsdom\living\events\EventTarget-impl.js:286:3)
    at XMLHttpRequestImpl._dispatch (E:\learn\projects\blog-frontend-vue\node_modules\jsdom\lib\jsdom\living\events\EventTarget-impl.js:233:9)
    at fireAnEvent (E:\learn\projects\blog-frontend-vue\node_modules\jsdom\lib\jsdom\living\helpers\events.js:18:36)
    at requestErrorSteps (E:\learn\projects\blog-frontend-vue\node_modules\jsdom\lib\jsdom\living\xhr\xhr-utils.js:131:3)
    at Object.dispatchError (E:\learn\projects\blog-frontend-vue\node_modules\jsdom\lib\jsdom\living\xhr\xhr-utils.js:60:3)
    at EventEmitter.<anonymous> (E:\learn\projects\blog-frontend-vue\node_modules\jsdom\lib\jsdom\living\xhr\XMLHttpRequest-impl.js:655:18)
    at Axios.request (file:///E:/learn/projects/blog-frontend-vue/node_modules/axios/lib/core/Axios.js:45:41)
    at processTicksAndRejections (node:internal/process/task_queues:105:5)
    at HttpClient.get (E:\learn\projects\blog-frontend-vue\src\utils\request.ts:274:22)
    at fetchCurrentUser (E:\learn\projects\blog-frontend-vue\src\stores\auth.ts:433:24)
    at Proxy.initAuth (E:\learn\projects\blog-frontend-vue\src\stores\auth.ts:534:13)
    at E:\learn\projects\blog-frontend-vue\src\test\properties\auth.property.test.ts:133:11
    at AsyncProperty.run (file:///E:/learn/projects/blog-frontend-vue/node_modules/fast-check/lib/esm/check/property/AsyncProperty.generic.js:46:28)
    at asyncRunIt (file:///E:/learn/projects/blog-frontend-vue/node_modules/fast-check/lib/esm/check/runner/Runner.js:33:21)
    at E:\learn\projects\blog-frontend-vue\src\test\properties\auth.property.test.ts:114:5
    at runTest (file:///E:/learn/projects/blog-frontend-vue/node_modules/@vitest/runner/dist/index.js:781:11) {
  isAxiosError: true,
  code: 'ERR_NETWORK',
  config: {
    transitional: {
      silentJSONParsing: true,
      forcedJSONParsing: true,
      clarifyTimeoutError: false
    },
    adapter: [ 'xhr', 'http', 'fetch' ],
    transformRequest: [ [Function: transformRequest] ],
    transformResponse: [ [Function: transformResponse] ],
    timeout: 10000,
    xsrfCookieName: 'XSRF-TOKEN',
    xsrfHeaderName: 'X-XSRF-TOKEN',
    maxContentLength: -1,
    maxBodyLength: -1,
    env: { FormData: [Function], Blob: [class Blob] },
    validateStatus: [Function: validateStatus],
    headers: Object [AxiosHeaders] {
      Accept: 'application/json',
      'Content-Type': 'application/json',
      'X-Request-ID': 'req_1770361857767_b64eqibua',
      'X-Timestamp': '1770361857767',
      Authorization: 'Bearer E0vlg\\XRzR8KHJ]An9pI'
    },
    baseURL: 'http://localhost:8000/api/v1',
    method: 'get',
    url: '/auth/me',
    allowAbsoluteUrls: true,
    data: undefined
  },
  request: XMLHttpRequest {},
  event: ProgressEvent { isTrusted: [Getter] }
}

[90mstdout[2m | src/test/properties/auth.property.test.ts[2m > [22m[2m璁よ瘉灞炴€ф祴璇?[2m > [22m[2mProperty 1.1: Token Expiration Consistency[22m[39m
[HTTP Request] POST /auth/refresh {
  headers: Object [AxiosHeaders] {
    Accept: [32m'application/json'[39m,
    [32m'Content-Type'[39m: [32m'application/json'[39m,
    [32m'skip-auth'[39m: [32m'true'[39m,
    [32m'X-Request-ID'[39m: [32m'req_1770361857776_0n764zbdt'[39m,
    [32m'X-Timestamp'[39m: [32m'1770361857776'[39m
  },
  data: { refreshToken: [32m'@L l|ao%\\O8/]b>[yP9H3f(*6;c\\P3YKKy?q(hjLIk/U#4('[39m },
  params: [90mundefined[39m
}

stderr | src/test/properties/auth.property.test.ts > 璁よ瘉灞炴€ф祴璇?[2m > Property 1.1: Token Expiration Consistency
Error: AggregateError
    at Object.dispatchError (E:\learn\projects\blog-frontend-vue\node_modules\jsdom\lib\jsdom\living\xhr\xhr-utils.js:63:19)
    at EventEmitter.<anonymous> (E:\learn\projects\blog-frontend-vue\node_modules\jsdom\lib\jsdom\living\xhr\XMLHttpRequest-impl.js:655:18)
    at EventEmitter.emit (node:events:520:35)
    at Request.<anonymous> (E:\learn\projects\blog-frontend-vue\node_modules\jsdom\lib\jsdom\living\xhr\xhr-utils.js:404:14)
    at Request.emit (node:events:508:28)
    at ClientRequest.<anonymous> (E:\learn\projects\blog-frontend-vue\node_modules\jsdom\lib\jsdom\living\helpers\http-request.js:127:14)
    at ClientRequest.emit (node:events:508:28)
    at emitErrorEvent (node:_http_client:107:11)
    at Socket.socketErrorListener (node:_http_client:574:5)
    at Socket.emit (node:events:508:28) undefined
[HTTP Response Error] {
  url: '/auth/refresh',
  status: undefined,
  data: undefined,
  message: 'Network Error'
}
Token refresh failed: AxiosError: Network Error
    at XMLHttpRequest.handleError (file:///E:/learn/projects/blog-frontend-vue/node_modules/axios/lib/adapters/xhr.js:112:20)
    at XMLHttpRequest.invokeTheCallbackFunction (E:\learn\projects\blog-frontend-vue\node_modules\jsdom\lib\jsdom\living\generated\EventHandlerNonNull.js:14:28)
    at XMLHttpRequest.<anonymous> (E:\learn\projects\blog-frontend-vue\node_modules\jsdom\lib\jsdom\living\helpers\create-event-accessor.js:35:32)
    at innerInvokeEventListeners (E:\learn\projects\blog-frontend-vue\node_modules\jsdom\lib\jsdom\living\events\EventTarget-impl.js:350:25)
    at invokeEventListeners (E:\learn\projects\blog-frontend-vue\node_modules\jsdom\lib\jsdom\living\events\EventTarget-impl.js:286:3)
    at XMLHttpRequestImpl._dispatch (E:\learn\projects\blog-frontend-vue\node_modules\jsdom\lib\jsdom\living\events\EventTarget-impl.js:233:9)
    at fireAnEvent (E:\learn\projects\blog-frontend-vue\node_modules\jsdom\lib\jsdom\living\helpers\events.js:18:36)
    at requestErrorSteps (E:\learn\projects\blog-frontend-vue\node_modules\jsdom\lib\jsdom\living\xhr\xhr-utils.js:131:3)
    at Object.dispatchError (E:\learn\projects\blog-frontend-vue\node_modules\jsdom\lib\jsdom\living\xhr\xhr-utils.js:60:3)
    at EventEmitter.<anonymous> (E:\learn\projects\blog-frontend-vue\node_modules\jsdom\lib\jsdom\living\xhr\XMLHttpRequest-impl.js:655:18)
    at Axios.request (file:///E:/learn/projects/blog-frontend-vue/node_modules/axios/lib/core/Axios.js:45:41)
    at processTicksAndRejections (node:internal/process/task_queues:105:5)
    at HttpClient.post (E:\learn\projects\blog-frontend-vue\src\utils\request.ts:289:22)
    at refreshAccessToken (E:\learn\projects\blog-frontend-vue\src\stores\auth.ts:405:24)
    at Proxy.initAuth (E:\learn\projects\blog-frontend-vue\src\stores\auth.ts:519:13)
    at E:\learn\projects\blog-frontend-vue\src\test\properties\auth.property.test.ts:133:11
    at AsyncProperty.run (file:///E:/learn/projects/blog-frontend-vue/node_modules/fast-check/lib/esm/check/property/AsyncProperty.generic.js:46:28)
    at asyncRunIt (file:///E:/learn/projects/blog-frontend-vue/node_modules/fast-check/lib/esm/check/runner/Runner.js:33:21)
    at E:\learn\projects\blog-frontend-vue\src\test\properties\auth.property.test.ts:114:5
    at runTest (file:///E:/learn/projects/blog-frontend-vue/node_modules/@vitest/runner/dist/index.js:781:11) {
  isAxiosError: true,
  code: 'ERR_NETWORK',
  config: {
    transitional: {
      silentJSONParsing: true,
      forcedJSONParsing: true,
      clarifyTimeoutError: false
    },
    adapter: [ 'xhr', 'http', 'fetch' ],
    transformRequest: [ [Function: transformRequest] ],
    transformResponse: [ [Function: transformResponse] ],
    timeout: 10000,
    xsrfCookieName: 'XSRF-TOKEN',
    xsrfHeaderName: 'X-XSRF-TOKEN',
    maxContentLength: -1,
    maxBodyLength: -1,
    env: { FormData: [Function], Blob: [class Blob] },
    validateStatus: [Function: validateStatus],
    headers: Object [AxiosHeaders] {
      Accept: 'application/json',
      'Content-Type': 'application/json',
      'skip-auth': 'true',
      'X-Request-ID': 'req_1770361857776_0n764zbdt',
      'X-Timestamp': '1770361857776'
    },
    baseURL: 'http://localhost:8000/api/v1',
    method: 'post',
    url: '/auth/refresh',
    data: '{"refreshToken":"@L l|ao%\\\\O8/]b>[yP9H3f(*6;c\\\\P3YKKy?q(hjLIk/U#4("}',
    allowAbsoluteUrls: true
  },
  request: XMLHttpRequest {},
  event: ProgressEvent { isTrusted: [Getter] }
}
Auto refresh token failed: AxiosError: Network Error
    at XMLHttpRequest.handleError (file:///E:/learn/projects/blog-frontend-vue/node_modules/axios/lib/adapters/xhr.js:112:20)
    at XMLHttpRequest.invokeTheCallbackFunction (E:\learn\projects\blog-frontend-vue\node_modules\jsdom\lib\jsdom\living\generated\EventHandlerNonNull.js:14:28)
    at XMLHttpRequest.<anonymous> (E:\learn\projects\blog-frontend-vue\node_modules\jsdom\lib\jsdom\living\helpers\create-event-accessor.js:35:32)
    at innerInvokeEventListeners (E:\learn\projects\blog-frontend-vue\node_modules\jsdom\lib\jsdom\living\events\EventTarget-impl.js:350:25)
    at invokeEventListeners (E:\learn\projects\blog-frontend-vue\node_modules\jsdom\lib\jsdom\living\events\EventTarget-impl.js:286:3)
    at XMLHttpRequestImpl._dispatch (E:\learn\projects\blog-frontend-vue\node_modules\jsdom\lib\jsdom\living\events\EventTarget-impl.js:233:9)
    at fireAnEvent (E:\learn\projects\blog-frontend-vue\node_modules\jsdom\lib\jsdom\living\helpers\events.js:18:36)
    at requestErrorSteps (E:\learn\projects\blog-frontend-vue\node_modules\jsdom\lib\jsdom\living\xhr\xhr-utils.js:131:3)
    at Object.dispatchError (E:\learn\projects\blog-frontend-vue\node_modules\jsdom\lib\jsdom\living\xhr\xhr-utils.js:60:3)
    at EventEmitter.<anonymous> (E:\learn\projects\blog-frontend-vue\node_modules\jsdom\lib\jsdom\living\xhr\XMLHttpRequest-impl.js:655:18)
    at Axios.request (file:///E:/learn/projects/blog-frontend-vue/node_modules/axios/lib/core/Axios.js:45:41)
    at processTicksAndRejections (node:internal/process/task_queues:105:5)
    at HttpClient.post (E:\learn\projects\blog-frontend-vue\src\utils\request.ts:289:22)
    at refreshAccessToken (E:\learn\projects\blog-frontend-vue\src\stores\auth.ts:405:24)
    at Proxy.initAuth (E:\learn\projects\blog-frontend-vue\src\stores\auth.ts:519:13)
    at E:\learn\projects\blog-frontend-vue\src\test\properties\auth.property.test.ts:133:11
    at AsyncProperty.run (file:///E:/learn/projects/blog-frontend-vue/node_modules/fast-check/lib/esm/check/property/AsyncProperty.generic.js:46:28)
    at asyncRunIt (file:///E:/learn/projects/blog-frontend-vue/node_modules/fast-check/lib/esm/check/runner/Runner.js:33:21)
    at E:\learn\projects\blog-frontend-vue\src\test\properties\auth.property.test.ts:114:5
    at runTest (file:///E:/learn/projects/blog-frontend-vue/node_modules/@vitest/runner/dist/index.js:781:11) {
  isAxiosError: true,
  code: 'ERR_NETWORK',
  config: {
    transitional: {
      silentJSONParsing: true,
      forcedJSONParsing: true,
      clarifyTimeoutError: false
    },
    adapter: [ 'xhr', 'http', 'fetch' ],
    transformRequest: [ [Function: transformRequest] ],
    transformResponse: [ [Function: transformResponse] ],
    timeout: 10000,
    xsrfCookieName: 'XSRF-TOKEN',
    xsrfHeaderName: 'X-XSRF-TOKEN',
    maxContentLength: -1,
    maxBodyLength: -1,
    env: { FormData: [Function], Blob: [class Blob] },
    validateStatus: [Function: validateStatus],
    headers: Object [AxiosHeaders] {
      Accept: 'application/json',
      'Content-Type': 'application/json',
      'skip-auth': 'true',
      'X-Request-ID': 'req_1770361857776_0n764zbdt',
      'X-Timestamp': '1770361857776'
    },
    baseURL: 'http://localhost:8000/api/v1',
    method: 'post',
    url: '/auth/refresh',
    data: '{"refreshToken":"@L l|ao%\\\\O8/]b>[yP9H3f(*6;c\\\\P3YKKy?q(hjLIk/U#4("}',
    allowAbsoluteUrls: true
  },
  request: XMLHttpRequest {},
  event: ProgressEvent { isTrusted: [Getter] }
}

[90mstdout[2m | src/test/properties/auth.property.test.ts[2m > [22m[2m璁よ瘉灞炴€ф祴璇?[2m > [22m[2mProperty 1.1: Token Expiration Consistency[22m[39m
[HTTP Request] POST /auth/refresh {
  headers: Object [AxiosHeaders] {
    Accept: [32m'application/json'[39m,
    [32m'Content-Type'[39m: [32m'application/json'[39m,
    [32m'skip-auth'[39m: [32m'true'[39m,
    [32m'X-Request-ID'[39m: [32m'req_1770361857796_tkv9gv35k'[39m,
    [32m'X-Timestamp'[39m: [32m'1770361857796'[39m
  },
  data: { refreshToken: [32m'uKE7VQH[ [Yh?,&(_q{]2k,>5YB\\n&%ABP*z7+50,x'[39m },
  params: [90mundefined[39m
}

stderr | src/test/properties/auth.property.test.ts > 璁よ瘉灞炴€ф祴璇?[2m > Property 1.1: Token Expiration Consistency
Error: AggregateError
    at Object.dispatchError (E:\learn\projects\blog-frontend-vue\node_modules\jsdom\lib\jsdom\living\xhr\xhr-utils.js:63:19)
    at EventEmitter.<anonymous> (E:\learn\projects\blog-frontend-vue\node_modules\jsdom\lib\jsdom\living\xhr\XMLHttpRequest-impl.js:655:18)
    at EventEmitter.emit (node:events:520:35)
    at Request.<anonymous> (E:\learn\projects\blog-frontend-vue\node_modules\jsdom\lib\jsdom\living\xhr\xhr-utils.js:404:14)
    at Request.emit (node:events:508:28)
    at ClientRequest.<anonymous> (E:\learn\projects\blog-frontend-vue\node_modules\jsdom\lib\jsdom\living\helpers\http-request.js:127:14)
    at ClientRequest.emit (node:events:508:28)
    at emitErrorEvent (node:_http_client:107:11)
    at Socket.socketErrorListener (node:_http_client:574:5)
    at Socket.emit (node:events:508:28) undefined
[HTTP Response Error] {
  url: '/auth/refresh',
  status: undefined,
  data: undefined,
  message: 'Network Error'
}
Token refresh failed: AxiosError: Network Error
    at XMLHttpRequest.handleError (file:///E:/learn/projects/blog-frontend-vue/node_modules/axios/lib/adapters/xhr.js:112:20)
    at XMLHttpRequest.invokeTheCallbackFunction (E:\learn\projects\blog-frontend-vue\node_modules\jsdom\lib\jsdom\living\generated\EventHandlerNonNull.js:14:28)
    at XMLHttpRequest.<anonymous> (E:\learn\projects\blog-frontend-vue\node_modules\jsdom\lib\jsdom\living\helpers\create-event-accessor.js:35:32)
    at innerInvokeEventListeners (E:\learn\projects\blog-frontend-vue\node_modules\jsdom\lib\jsdom\living\events\EventTarget-impl.js:350:25)
    at invokeEventListeners (E:\learn\projects\blog-frontend-vue\node_modules\jsdom\lib\jsdom\living\events\EventTarget-impl.js:286:3)
    at XMLHttpRequestImpl._dispatch (E:\learn\projects\blog-frontend-vue\node_modules\jsdom\lib\jsdom\living\events\EventTarget-impl.js:233:9)
    at fireAnEvent (E:\learn\projects\blog-frontend-vue\node_modules\jsdom\lib\jsdom\living\helpers\events.js:18:36)
    at requestErrorSteps (E:\learn\projects\blog-frontend-vue\node_modules\jsdom\lib\jsdom\living\xhr\xhr-utils.js:131:3)
    at Object.dispatchError (E:\learn\projects\blog-frontend-vue\node_modules\jsdom\lib\jsdom\living\xhr\xhr-utils.js:60:3)
    at EventEmitter.<anonymous> (E:\learn\projects\blog-frontend-vue\node_modules\jsdom\lib\jsdom\living\xhr\XMLHttpRequest-impl.js:655:18)
    at Axios.request (file:///E:/learn/projects/blog-frontend-vue/node_modules/axios/lib/core/Axios.js:45:41)
    at processTicksAndRejections (node:internal/process/task_queues:105:5)
    at HttpClient.post (E:\learn\projects\blog-frontend-vue\src\utils\request.ts:289:22)
    at refreshAccessToken (E:\learn\projects\blog-frontend-vue\src\stores\auth.ts:405:24)
    at Proxy.initAuth (E:\learn\projects\blog-frontend-vue\src\stores\auth.ts:519:13)
    at E:\learn\projects\blog-frontend-vue\src\test\properties\auth.property.test.ts:133:11
    at AsyncProperty.run (file:///E:/learn/projects/blog-frontend-vue/node_modules/fast-check/lib/esm/check/property/AsyncProperty.generic.js:46:28)
    at asyncRunIt (file:///E:/learn/projects/blog-frontend-vue/node_modules/fast-check/lib/esm/check/runner/Runner.js:33:21)
    at E:\learn\projects\blog-frontend-vue\src\test\properties\auth.property.test.ts:114:5
    at runTest (file:///E:/learn/projects/blog-frontend-vue/node_modules/@vitest/runner/dist/index.js:781:11) {
  isAxiosError: true,
  code: 'ERR_NETWORK',
  config: {
    transitional: {
      silentJSONParsing: true,
      forcedJSONParsing: true,
      clarifyTimeoutError: false
    },
    adapter: [ 'xhr', 'http', 'fetch' ],
    transformRequest: [ [Function: transformRequest] ],
    transformResponse: [ [Function: transformResponse] ],
    timeout: 10000,
    xsrfCookieName: 'XSRF-TOKEN',
    xsrfHeaderName: 'X-XSRF-TOKEN',
    maxContentLength: -1,
    maxBodyLength: -1,
    env: { FormData: [Function], Blob: [class Blob] },
    validateStatus: [Function: validateStatus],
    headers: Object [AxiosHeaders] {
      Accept: 'application/json',
      'Content-Type': 'application/json',
      'skip-auth': 'true',
      'X-Request-ID': 'req_1770361857796_tkv9gv35k',
      'X-Timestamp': '1770361857796'
    },
    baseURL: 'http://localhost:8000/api/v1',
    method: 'post',
    url: '/auth/refresh',
    data: '{"refreshToken":"uKE7VQH[ [Yh?,&(_q{]2k,>5YB\\\\n&%ABP*z7+50,x"}',
    allowAbsoluteUrls: true
  },
  request: XMLHttpRequest {},
  event: ProgressEvent { isTrusted: [Getter] }
}
Auto refresh token failed: AxiosError: Network Error
    at XMLHttpRequest.handleError (file:///E:/learn/projects/blog-frontend-vue/node_modules/axios/lib/adapters/xhr.js:112:20)
    at XMLHttpRequest.invokeTheCallbackFunction (E:\learn\projects\blog-frontend-vue\node_modules\jsdom\lib\jsdom\living\generated\EventHandlerNonNull.js:14:28)
    at XMLHttpRequest.<anonymous> (E:\learn\projects\blog-frontend-vue\node_modules\jsdom\lib\jsdom\living\helpers\create-event-accessor.js:35:32)
    at innerInvokeEventListeners (E:\learn\projects\blog-frontend-vue\node_modules\jsdom\lib\jsdom\living\events\EventTarget-impl.js:350:25)
    at invokeEventListeners (E:\learn\projects\blog-frontend-vue\node_modules\jsdom\lib\jsdom\living\events\EventTarget-impl.js:286:3)
    at XMLHttpRequestImpl._dispatch (E:\learn\projects\blog-frontend-vue\node_modules\jsdom\lib\jsdom\living\events\EventTarget-impl.js:233:9)
    at fireAnEvent (E:\learn\projects\blog-frontend-vue\node_modules\jsdom\lib\jsdom\living\helpers\events.js:18:36)
    at requestErrorSteps (E:\learn\projects\blog-frontend-vue\node_modules\jsdom\lib\jsdom\living\xhr\xhr-utils.js:131:3)
    at Object.dispatchError (E:\learn\projects\blog-frontend-vue\node_modules\jsdom\lib\jsdom\living\xhr\xhr-utils.js:60:3)
    at EventEmitter.<anonymous> (E:\learn\projects\blog-frontend-vue\node_modules\jsdom\lib\jsdom\living\xhr\XMLHttpRequest-impl.js:655:18)
    at Axios.request (file:///E:/learn/projects/blog-frontend-vue/node_modules/axios/lib/core/Axios.js:45:41)
    at processTicksAndRejections (node:internal/process/task_queues:105:5)
    at HttpClient.post (E:\learn\projects\blog-frontend-vue\src\utils\request.ts:289:22)
    at refreshAccessToken (E:\learn\projects\blog-frontend-vue\src\stores\auth.ts:405:24)
    at Proxy.initAuth (E:\learn\projects\blog-frontend-vue\src\stores\auth.ts:519:13)
    at E:\learn\projects\blog-frontend-vue\src\test\properties\auth.property.test.ts:133:11
    at AsyncProperty.run (file:///E:/learn/projects/blog-frontend-vue/node_modules/fast-check/lib/esm/check/property/AsyncProperty.generic.js:46:28)
    at asyncRunIt (file:///E:/learn/projects/blog-frontend-vue/node_modules/fast-check/lib/esm/check/runner/Runner.js:33:21)
    at E:\learn\projects\blog-frontend-vue\src\test\properties\auth.property.test.ts:114:5
    at runTest (file:///E:/learn/projects/blog-frontend-vue/node_modules/@vitest/runner/dist/index.js:781:11) {
  isAxiosError: true,
  code: 'ERR_NETWORK',
  config: {
    transitional: {
      silentJSONParsing: true,
      forcedJSONParsing: true,
      clarifyTimeoutError: false
    },
    adapter: [ 'xhr', 'http', 'fetch' ],
    transformRequest: [ [Function: transformRequest] ],
    transformResponse: [ [Function: transformResponse] ],
    timeout: 10000,
    xsrfCookieName: 'XSRF-TOKEN',
    xsrfHeaderName: 'X-XSRF-TOKEN',
    maxContentLength: -1,
    maxBodyLength: -1,
    env: { FormData: [Function], Blob: [class Blob] },
    validateStatus: [Function: validateStatus],
    headers: Object [AxiosHeaders] {
      Accept: 'application/json',
      'Content-Type': 'application/json',
      'skip-auth': 'true',
      'X-Request-ID': 'req_1770361857796_tkv9gv35k',
      'X-Timestamp': '1770361857796'
    },
    baseURL: 'http://localhost:8000/api/v1',
    method: 'post',
    url: '/auth/refresh',
    data: '{"refreshToken":"uKE7VQH[ [Yh?,&(_q{]2k,>5YB\\\\n&%ABP*z7+50,x"}',
    allowAbsoluteUrls: true
  },
  request: XMLHttpRequest {},
  event: ProgressEvent { isTrusted: [Getter] }
}

[90mstdout[2m | src/test/properties/auth.property.test.ts[2m > [22m[2m璁よ瘉灞炴€ф祴璇?[2m > [22m[2mProperty 1.1: Token Expiration Consistency[22m[39m
[HTTP Request] GET /auth/me {
  headers: Object [AxiosHeaders] {
    Accept: [32m'application/json'[39m,
    [32m'Content-Type'[39m: [32m'application/json'[39m,
    [32m'X-Request-ID'[39m: [32m'req_1770361857816_fq9fnz3tg'[39m,
    [32m'X-Timestamp'[39m: [32m'1770361857816'[39m,
    Authorization: [32m`Bearer P0cq9o.i+KJj:nG-n"Xu?gI'*Ruq=dN$G2@KvPVIrCf(1U`[39m
  },
  data: [90mundefined[39m,
  params: [90mundefined[39m
}

stderr | src/test/properties/auth.property.test.ts > 璁よ瘉灞炴€ф祴璇?[2m > Property 1.1: Token Expiration Consistency
Error: AggregateError
    at Object.dispatchError (E:\learn\projects\blog-frontend-vue\node_modules\jsdom\lib\jsdom\living\xhr\xhr-utils.js:63:19)
    at EventEmitter.<anonymous> (E:\learn\projects\blog-frontend-vue\node_modules\jsdom\lib\jsdom\living\xhr\XMLHttpRequest-impl.js:655:18)
    at EventEmitter.emit (node:events:520:35)
    at Request.<anonymous> (E:\learn\projects\blog-frontend-vue\node_modules\jsdom\lib\jsdom\living\xhr\xhr-utils.js:404:14)
    at Request.emit (node:events:508:28)
    at ClientRequest.<anonymous> (E:\learn\projects\blog-frontend-vue\node_modules\jsdom\lib\jsdom\living\helpers\http-request.js:127:14)
    at ClientRequest.emit (node:events:508:28)
    at emitErrorEvent (node:_http_client:107:11)
    at Socket.socketErrorListener (node:_http_client:574:5)
    at Socket.emit (node:events:508:28) undefined
[HTTP Response Error] {
  url: '/auth/me',
  status: undefined,
  data: undefined,
  message: 'Network Error'
}
Fetch current user failed: AxiosError: Network Error
    at XMLHttpRequest.handleError (file:///E:/learn/projects/blog-frontend-vue/node_modules/axios/lib/adapters/xhr.js:112:20)
    at XMLHttpRequest.invokeTheCallbackFunction (E:\learn\projects\blog-frontend-vue\node_modules\jsdom\lib\jsdom\living\generated\EventHandlerNonNull.js:14:28)
    at XMLHttpRequest.<anonymous> (E:\learn\projects\blog-frontend-vue\node_modules\jsdom\lib\jsdom\living\helpers\create-event-accessor.js:35:32)
    at innerInvokeEventListeners (E:\learn\projects\blog-frontend-vue\node_modules\jsdom\lib\jsdom\living\events\EventTarget-impl.js:350:25)
    at invokeEventListeners (E:\learn\projects\blog-frontend-vue\node_modules\jsdom\lib\jsdom\living\events\EventTarget-impl.js:286:3)
    at XMLHttpRequestImpl._dispatch (E:\learn\projects\blog-frontend-vue\node_modules\jsdom\lib\jsdom\living\events\EventTarget-impl.js:233:9)
    at fireAnEvent (E:\learn\projects\blog-frontend-vue\node_modules\jsdom\lib\jsdom\living\helpers\events.js:18:36)
    at requestErrorSteps (E:\learn\projects\blog-frontend-vue\node_modules\jsdom\lib\jsdom\living\xhr\xhr-utils.js:131:3)
    at Object.dispatchError (E:\learn\projects\blog-frontend-vue\node_modules\jsdom\lib\jsdom\living\xhr\xhr-utils.js:60:3)
    at EventEmitter.<anonymous> (E:\learn\projects\blog-frontend-vue\node_modules\jsdom\lib\jsdom\living\xhr\XMLHttpRequest-impl.js:655:18)
    at Axios.request (file:///E:/learn/projects/blog-frontend-vue/node_modules/axios/lib/core/Axios.js:45:41)
    at processTicksAndRejections (node:internal/process/task_queues:105:5)
    at HttpClient.get (E:\learn\projects\blog-frontend-vue\src\utils\request.ts:274:22)
    at fetchCurrentUser (E:\learn\projects\blog-frontend-vue\src\stores\auth.ts:433:24)
    at Proxy.initAuth (E:\learn\projects\blog-frontend-vue\src\stores\auth.ts:534:13)
    at E:\learn\projects\blog-frontend-vue\src\test\properties\auth.property.test.ts:133:11
    at AsyncProperty.run (file:///E:/learn/projects/blog-frontend-vue/node_modules/fast-check/lib/esm/check/property/AsyncProperty.generic.js:46:28)
    at asyncRunIt (file:///E:/learn/projects/blog-frontend-vue/node_modules/fast-check/lib/esm/check/runner/Runner.js:33:21)
    at E:\learn\projects\blog-frontend-vue\src\test\properties\auth.property.test.ts:114:5
    at runTest (file:///E:/learn/projects/blog-frontend-vue/node_modules/@vitest/runner/dist/index.js:781:11) {
  isAxiosError: true,
  code: 'ERR_NETWORK',
  config: {
    transitional: {
      silentJSONParsing: true,
      forcedJSONParsing: true,
      clarifyTimeoutError: false
    },
    adapter: [ 'xhr', 'http', 'fetch' ],
    transformRequest: [ [Function: transformRequest] ],
    transformResponse: [ [Function: transformResponse] ],
    timeout: 10000,
    xsrfCookieName: 'XSRF-TOKEN',
    xsrfHeaderName: 'X-XSRF-TOKEN',
    maxContentLength: -1,
    maxBodyLength: -1,
    env: { FormData: [Function], Blob: [class Blob] },
    validateStatus: [Function: validateStatus],
    headers: Object [AxiosHeaders] {
      Accept: 'application/json',
      'Content-Type': 'application/json',
      'X-Request-ID': 'req_1770361857816_fq9fnz3tg',
      'X-Timestamp': '1770361857816',
      Authorization: `Bearer P0cq9o.i+KJj:nG-n"Xu?gI'*Ruq=dN$G2@KvPVIrCf(1U`
    },
    baseURL: 'http://localhost:8000/api/v1',
    method: 'get',
    url: '/auth/me',
    allowAbsoluteUrls: true,
    data: undefined
  },
  request: XMLHttpRequest {},
  event: ProgressEvent { isTrusted: [Getter] }
}
Auto fetch user failed: AxiosError: Network Error
    at XMLHttpRequest.handleError (file:///E:/learn/projects/blog-frontend-vue/node_modules/axios/lib/adapters/xhr.js:112:20)
    at XMLHttpRequest.invokeTheCallbackFunction (E:\learn\projects\blog-frontend-vue\node_modules\jsdom\lib\jsdom\living\generated\EventHandlerNonNull.js:14:28)
    at XMLHttpRequest.<anonymous> (E:\learn\projects\blog-frontend-vue\node_modules\jsdom\lib\jsdom\living\helpers\create-event-accessor.js:35:32)
    at innerInvokeEventListeners (E:\learn\projects\blog-frontend-vue\node_modules\jsdom\lib\jsdom\living\events\EventTarget-impl.js:350:25)
    at invokeEventListeners (E:\learn\projects\blog-frontend-vue\node_modules\jsdom\lib\jsdom\living\events\EventTarget-impl.js:286:3)
    at XMLHttpRequestImpl._dispatch (E:\learn\projects\blog-frontend-vue\node_modules\jsdom\lib\jsdom\living\events\EventTarget-impl.js:233:9)
    at fireAnEvent (E:\learn\projects\blog-frontend-vue\node_modules\jsdom\lib\jsdom\living\helpers\events.js:18:36)
    at requestErrorSteps (E:\learn\projects\blog-frontend-vue\node_modules\jsdom\lib\jsdom\living\xhr\xhr-utils.js:131:3)
    at Object.dispatchError (E:\learn\projects\blog-frontend-vue\node_modules\jsdom\lib\jsdom\living\xhr\xhr-utils.js:60:3)
    at EventEmitter.<anonymous> (E:\learn\projects\blog-frontend-vue\node_modules\jsdom\lib\jsdom\living\xhr\XMLHttpRequest-impl.js:655:18)
    at Axios.request (file:///E:/learn/projects/blog-frontend-vue/node_modules/axios/lib/core/Axios.js:45:41)
    at processTicksAndRejections (node:internal/process/task_queues:105:5)
    at HttpClient.get (E:\learn\projects\blog-frontend-vue\src\utils\request.ts:274:22)
    at fetchCurrentUser (E:\learn\projects\blog-frontend-vue\src\stores\auth.ts:433:24)
    at Proxy.initAuth (E:\learn\projects\blog-frontend-vue\src\stores\auth.ts:534:13)
    at E:\learn\projects\blog-frontend-vue\src\test\properties\auth.property.test.ts:133:11
    at AsyncProperty.run (file:///E:/learn/projects/blog-frontend-vue/node_modules/fast-check/lib/esm/check/property/AsyncProperty.generic.js:46:28)
    at asyncRunIt (file:///E:/learn/projects/blog-frontend-vue/node_modules/fast-check/lib/esm/check/runner/Runner.js:33:21)
    at E:\learn\projects\blog-frontend-vue\src\test\properties\auth.property.test.ts:114:5
    at runTest (file:///E:/learn/projects/blog-frontend-vue/node_modules/@vitest/runner/dist/index.js:781:11) {
  isAxiosError: true,
  code: 'ERR_NETWORK',
  config: {
    transitional: {
      silentJSONParsing: true,
      forcedJSONParsing: true,
      clarifyTimeoutError: false
    },
    adapter: [ 'xhr', 'http', 'fetch' ],
    transformRequest: [ [Function: transformRequest] ],
    transformResponse: [ [Function: transformResponse] ],
    timeout: 10000,
    xsrfCookieName: 'XSRF-TOKEN',
    xsrfHeaderName: 'X-XSRF-TOKEN',
    maxContentLength: -1,
    maxBodyLength: -1,
    env: { FormData: [Function], Blob: [class Blob] },
    validateStatus: [Function: validateStatus],
    headers: Object [AxiosHeaders] {
      Accept: 'application/json',
      'Content-Type': 'application/json',
      'X-Request-ID': 'req_1770361857816_fq9fnz3tg',
      'X-Timestamp': '1770361857816',
      Authorization: `Bearer P0cq9o.i+KJj:nG-n"Xu?gI'*Ruq=dN$G2@KvPVIrCf(1U`
    },
    baseURL: 'http://localhost:8000/api/v1',
    method: 'get',
    url: '/auth/me',
    allowAbsoluteUrls: true,
    data: undefined
  },
  request: XMLHttpRequest {},
  event: ProgressEvent { isTrusted: [Getter] }
}

[90mstdout[2m | src/test/properties/auth.property.test.ts[2m > [22m[2m璁よ瘉灞炴€ф祴璇?[2m > [22m[2mProperty 1.1: Token Expiration Consistency[22m[39m
[HTTP Request] POST /auth/refresh {
  headers: Object [AxiosHeaders] {
    Accept: [32m'application/json'[39m,
    [32m'Content-Type'[39m: [32m'application/json'[39m,
    [32m'skip-auth'[39m: [32m'true'[39m,
    [32m'X-Request-ID'[39m: [32m'req_1770361857826_4n3gyzjm0'[39m,
    [32m'X-Timestamp'[39m: [32m'1770361857826'[39m
  },
  data: { refreshToken: [32m'K"oFWaF<#!"K3 w!rj{~~&'[39m },
  params: [90mundefined[39m
}

stderr | src/test/properties/auth.property.test.ts > 璁よ瘉灞炴€ф祴璇?[2m > Property 1.1: Token Expiration Consistency
Error: AggregateError
    at Object.dispatchError (E:\learn\projects\blog-frontend-vue\node_modules\jsdom\lib\jsdom\living\xhr\xhr-utils.js:63:19)
    at EventEmitter.<anonymous> (E:\learn\projects\blog-frontend-vue\node_modules\jsdom\lib\jsdom\living\xhr\XMLHttpRequest-impl.js:655:18)
    at EventEmitter.emit (node:events:520:35)
    at Request.<anonymous> (E:\learn\projects\blog-frontend-vue\node_modules\jsdom\lib\jsdom\living\xhr\xhr-utils.js:404:14)
    at Request.emit (node:events:508:28)
    at ClientRequest.<anonymous> (E:\learn\projects\blog-frontend-vue\node_modules\jsdom\lib\jsdom\living\helpers\http-request.js:127:14)
    at ClientRequest.emit (node:events:508:28)
    at emitErrorEvent (node:_http_client:107:11)
    at Socket.socketErrorListener (node:_http_client:574:5)
    at Socket.emit (node:events:508:28) undefined
[HTTP Response Error] {
  url: '/auth/refresh',
  status: undefined,
  data: undefined,
  message: 'Network Error'
}
Token refresh failed: AxiosError: Network Error
    at XMLHttpRequest.handleError (file:///E:/learn/projects/blog-frontend-vue/node_modules/axios/lib/adapters/xhr.js:112:20)
    at XMLHttpRequest.invokeTheCallbackFunction (E:\learn\projects\blog-frontend-vue\node_modules\jsdom\lib\jsdom\living\generated\EventHandlerNonNull.js:14:28)
    at XMLHttpRequest.<anonymous> (E:\learn\projects\blog-frontend-vue\node_modules\jsdom\lib\jsdom\living\helpers\create-event-accessor.js:35:32)
    at innerInvokeEventListeners (E:\learn\projects\blog-frontend-vue\node_modules\jsdom\lib\jsdom\living\events\EventTarget-impl.js:350:25)
    at invokeEventListeners (E:\learn\projects\blog-frontend-vue\node_modules\jsdom\lib\jsdom\living\events\EventTarget-impl.js:286:3)
    at XMLHttpRequestImpl._dispatch (E:\learn\projects\blog-frontend-vue\node_modules\jsdom\lib\jsdom\living\events\EventTarget-impl.js:233:9)
    at fireAnEvent (E:\learn\projects\blog-frontend-vue\node_modules\jsdom\lib\jsdom\living\helpers\events.js:18:36)
    at requestErrorSteps (E:\learn\projects\blog-frontend-vue\node_modules\jsdom\lib\jsdom\living\xhr\xhr-utils.js:131:3)
    at Object.dispatchError (E:\learn\projects\blog-frontend-vue\node_modules\jsdom\lib\jsdom\living\xhr\xhr-utils.js:60:3)
    at EventEmitter.<anonymous> (E:\learn\projects\blog-frontend-vue\node_modules\jsdom\lib\jsdom\living\xhr\XMLHttpRequest-impl.js:655:18)
    at Axios.request (file:///E:/learn/projects/blog-frontend-vue/node_modules/axios/lib/core/Axios.js:45:41)
    at processTicksAndRejections (node:internal/process/task_queues:105:5)
    at HttpClient.post (E:\learn\projects\blog-frontend-vue\src\utils\request.ts:289:22)
    at refreshAccessToken (E:\learn\projects\blog-frontend-vue\src\stores\auth.ts:405:24)
    at Proxy.initAuth (E:\learn\projects\blog-frontend-vue\src\stores\auth.ts:519:13)
    at E:\learn\projects\blog-frontend-vue\src\test\properties\auth.property.test.ts:133:11
    at AsyncProperty.run (file:///E:/learn/projects/blog-frontend-vue/node_modules/fast-check/lib/esm/check/property/AsyncProperty.generic.js:46:28)
    at asyncRunIt (file:///E:/learn/projects/blog-frontend-vue/node_modules/fast-check/lib/esm/check/runner/Runner.js:33:21)
    at E:\learn\projects\blog-frontend-vue\src\test\properties\auth.property.test.ts:114:5
    at runTest (file:///E:/learn/projects/blog-frontend-vue/node_modules/@vitest/runner/dist/index.js:781:11) {
  isAxiosError: true,
  code: 'ERR_NETWORK',
  config: {
    transitional: {
      silentJSONParsing: true,
      forcedJSONParsing: true,
      clarifyTimeoutError: false
    },
    adapter: [ 'xhr', 'http', 'fetch' ],
    transformRequest: [ [Function: transformRequest] ],
    transformResponse: [ [Function: transformResponse] ],
    timeout: 10000,
    xsrfCookieName: 'XSRF-TOKEN',
    xsrfHeaderName: 'X-XSRF-TOKEN',
    maxContentLength: -1,
    maxBodyLength: -1,
    env: { FormData: [Function], Blob: [class Blob] },
    validateStatus: [Function: validateStatus],
    headers: Object [AxiosHeaders] {
      Accept: 'application/json',
      'Content-Type': 'application/json',
      'skip-auth': 'true',
      'X-Request-ID': 'req_1770361857826_4n3gyzjm0',
      'X-Timestamp': '1770361857826'
    },
    baseURL: 'http://localhost:8000/api/v1',
    method: 'post',
    url: '/auth/refresh',
    data: '{"refreshToken":"K\\"oFWaF<#!\\"K3 w!rj{~~&"}',
    allowAbsoluteUrls: true
  },
  request: XMLHttpRequest {},
  event: ProgressEvent { isTrusted: [Getter] }
}
Auto refresh token failed: AxiosError: Network Error
    at XMLHttpRequest.handleError (file:///E:/learn/projects/blog-frontend-vue/node_modules/axios/lib/adapters/xhr.js:112:20)
    at XMLHttpRequest.invokeTheCallbackFunction (E:\learn\projects\blog-frontend-vue\node_modules\jsdom\lib\jsdom\living\generated\EventHandlerNonNull.js:14:28)
    at XMLHttpRequest.<anonymous> (E:\learn\projects\blog-frontend-vue\node_modules\jsdom\lib\jsdom\living\helpers\create-event-accessor.js:35:32)
    at innerInvokeEventListeners (E:\learn\projects\blog-frontend-vue\node_modules\jsdom\lib\jsdom\living\events\EventTarget-impl.js:350:25)
    at invokeEventListeners (E:\learn\projects\blog-frontend-vue\node_modules\jsdom\lib\jsdom\living\events\EventTarget-impl.js:286:3)
    at XMLHttpRequestImpl._dispatch (E:\learn\projects\blog-frontend-vue\node_modules\jsdom\lib\jsdom\living\events\EventTarget-impl.js:233:9)
    at fireAnEvent (E:\learn\projects\blog-frontend-vue\node_modules\jsdom\lib\jsdom\living\helpers\events.js:18:36)
    at requestErrorSteps (E:\learn\projects\blog-frontend-vue\node_modules\jsdom\lib\jsdom\living\xhr\xhr-utils.js:131:3)
    at Object.dispatchError (E:\learn\projects\blog-frontend-vue\node_modules\jsdom\lib\jsdom\living\xhr\xhr-utils.js:60:3)
    at EventEmitter.<anonymous> (E:\learn\projects\blog-frontend-vue\node_modules\jsdom\lib\jsdom\living\xhr\XMLHttpRequest-impl.js:655:18)
    at Axios.request (file:///E:/learn/projects/blog-frontend-vue/node_modules/axios/lib/core/Axios.js:45:41)
    at processTicksAndRejections (node:internal/process/task_queues:105:5)
    at HttpClient.post (E:\learn\projects\blog-frontend-vue\src\utils\request.ts:289:22)
    at refreshAccessToken (E:\learn\projects\blog-frontend-vue\src\stores\auth.ts:405:24)
    at Proxy.initAuth (E:\learn\projects\blog-frontend-vue\src\stores\auth.ts:519:13)
    at E:\learn\projects\blog-frontend-vue\src\test\properties\auth.property.test.ts:133:11
    at AsyncProperty.run (file:///E:/learn/projects/blog-frontend-vue/node_modules/fast-check/lib/esm/check/property/AsyncProperty.generic.js:46:28)
    at asyncRunIt (file:///E:/learn/projects/blog-frontend-vue/node_modules/fast-check/lib/esm/check/runner/Runner.js:33:21)
    at E:\learn\projects\blog-frontend-vue\src\test\properties\auth.property.test.ts:114:5
    at runTest (file:///E:/learn/projects/blog-frontend-vue/node_modules/@vitest/runner/dist/index.js:781:11) {
  isAxiosError: true,
  code: 'ERR_NETWORK',
  config: {
    transitional: {
      silentJSONParsing: true,
      forcedJSONParsing: true,
      clarifyTimeoutError: false
    },
    adapter: [ 'xhr', 'http', 'fetch' ],
    transformRequest: [ [Function: transformRequest] ],
    transformResponse: [ [Function: transformResponse] ],
    timeout: 10000,
    xsrfCookieName: 'XSRF-TOKEN',
    xsrfHeaderName: 'X-XSRF-TOKEN',
    maxContentLength: -1,
    maxBodyLength: -1,
    env: { FormData: [Function], Blob: [class Blob] },
    validateStatus: [Function: validateStatus],
    headers: Object [AxiosHeaders] {
      Accept: 'application/json',
      'Content-Type': 'application/json',
      'skip-auth': 'true',
      'X-Request-ID': 'req_1770361857826_4n3gyzjm0',
      'X-Timestamp': '1770361857826'
    },
    baseURL: 'http://localhost:8000/api/v1',
    method: 'post',
    url: '/auth/refresh',
    data: '{"refreshToken":"K\\"oFWaF<#!\\"K3 w!rj{~~&"}',
    allowAbsoluteUrls: true
  },
  request: XMLHttpRequest {},
  event: ProgressEvent { isTrusted: [Getter] }
}

[90mstdout[2m | src/test/properties/auth.property.test.ts[2m > [22m[2m璁よ瘉灞炴€ф祴璇?[2m > [22m[2mProperty 1.1: Token Expiration Consistency[22m[39m
[HTTP Request] POST /auth/refresh {
  headers: Object [AxiosHeaders] {
    Accept: [32m'application/json'[39m,
    [32m'Content-Type'[39m: [32m'application/json'[39m,
    [32m'skip-auth'[39m: [32m'true'[39m,
    [32m'X-Request-ID'[39m: [32m'req_1770361857844_24hygzkf9'[39m,
    [32m'X-Timestamp'[39m: [32m'1770361857844'[39m
  },
  data: { refreshToken: [32m`5qX12xDfC9f]Uw!C'*|-C'"2:\\`[39m },
  params: [90mundefined[39m
}

stderr | src/test/properties/auth.property.test.ts > 璁よ瘉灞炴€ф祴璇?[2m > Property 1.1: Token Expiration Consistency
Error: AggregateError
    at Object.dispatchError (E:\learn\projects\blog-frontend-vue\node_modules\jsdom\lib\jsdom\living\xhr\xhr-utils.js:63:19)
    at EventEmitter.<anonymous> (E:\learn\projects\blog-frontend-vue\node_modules\jsdom\lib\jsdom\living\xhr\XMLHttpRequest-impl.js:655:18)
    at EventEmitter.emit (node:events:520:35)
    at Request.<anonymous> (E:\learn\projects\blog-frontend-vue\node_modules\jsdom\lib\jsdom\living\xhr\xhr-utils.js:404:14)
    at Request.emit (node:events:508:28)
    at ClientRequest.<anonymous> (E:\learn\projects\blog-frontend-vue\node_modules\jsdom\lib\jsdom\living\helpers\http-request.js:127:14)
    at ClientRequest.emit (node:events:508:28)
    at emitErrorEvent (node:_http_client:107:11)
    at Socket.socketErrorListener (node:_http_client:574:5)
    at Socket.emit (node:events:508:28) undefined
[HTTP Response Error] {
  url: '/auth/refresh',
  status: undefined,
  data: undefined,
  message: 'Network Error'
}
Token refresh failed: AxiosError: Network Error
    at XMLHttpRequest.handleError (file:///E:/learn/projects/blog-frontend-vue/node_modules/axios/lib/adapters/xhr.js:112:20)
    at XMLHttpRequest.invokeTheCallbackFunction (E:\learn\projects\blog-frontend-vue\node_modules\jsdom\lib\jsdom\living\generated\EventHandlerNonNull.js:14:28)
    at XMLHttpRequest.<anonymous> (E:\learn\projects\blog-frontend-vue\node_modules\jsdom\lib\jsdom\living\helpers\create-event-accessor.js:35:32)
    at innerInvokeEventListeners (E:\learn\projects\blog-frontend-vue\node_modules\jsdom\lib\jsdom\living\events\EventTarget-impl.js:350:25)
    at invokeEventListeners (E:\learn\projects\blog-frontend-vue\node_modules\jsdom\lib\jsdom\living\events\EventTarget-impl.js:286:3)
    at XMLHttpRequestImpl._dispatch (E:\learn\projects\blog-frontend-vue\node_modules\jsdom\lib\jsdom\living\events\EventTarget-impl.js:233:9)
    at fireAnEvent (E:\learn\projects\blog-frontend-vue\node_modules\jsdom\lib\jsdom\living\helpers\events.js:18:36)
    at requestErrorSteps (E:\learn\projects\blog-frontend-vue\node_modules\jsdom\lib\jsdom\living\xhr\xhr-utils.js:131:3)
    at Object.dispatchError (E:\learn\projects\blog-frontend-vue\node_modules\jsdom\lib\jsdom\living\xhr\xhr-utils.js:60:3)
    at EventEmitter.<anonymous> (E:\learn\projects\blog-frontend-vue\node_modules\jsdom\lib\jsdom\living\xhr\XMLHttpRequest-impl.js:655:18)
    at Axios.request (file:///E:/learn/projects/blog-frontend-vue/node_modules/axios/lib/core/Axios.js:45:41)
    at processTicksAndRejections (node:internal/process/task_queues:105:5)
    at HttpClient.post (E:\learn\projects\blog-frontend-vue\src\utils\request.ts:289:22)
    at refreshAccessToken (E:\learn\projects\blog-frontend-vue\src\stores\auth.ts:405:24)
    at Proxy.initAuth (E:\learn\projects\blog-frontend-vue\src\stores\auth.ts:519:13)
    at E:\learn\projects\blog-frontend-vue\src\test\properties\auth.property.test.ts:133:11
    at AsyncProperty.run (file:///E:/learn/projects/blog-frontend-vue/node_modules/fast-check/lib/esm/check/property/AsyncProperty.generic.js:46:28)
    at asyncRunIt (file:///E:/learn/projects/blog-frontend-vue/node_modules/fast-check/lib/esm/check/runner/Runner.js:33:21)
    at E:\learn\projects\blog-frontend-vue\src\test\properties\auth.property.test.ts:114:5
    at runTest (file:///E:/learn/projects/blog-frontend-vue/node_modules/@vitest/runner/dist/index.js:781:11) {
  isAxiosError: true,
  code: 'ERR_NETWORK',
  config: {
    transitional: {
      silentJSONParsing: true,
      forcedJSONParsing: true,
      clarifyTimeoutError: false
    },
    adapter: [ 'xhr', 'http', 'fetch' ],
    transformRequest: [ [Function: transformRequest] ],
    transformResponse: [ [Function: transformResponse] ],
    timeout: 10000,
    xsrfCookieName: 'XSRF-TOKEN',
    xsrfHeaderName: 'X-XSRF-TOKEN',
    maxContentLength: -1,
    maxBodyLength: -1,
    env: { FormData: [Function], Blob: [class Blob] },
    validateStatus: [Function: validateStatus],
    headers: Object [AxiosHeaders] {
      Accept: 'application/json',
      'Content-Type': 'application/json',
      'skip-auth': 'true',
      'X-Request-ID': 'req_1770361857844_24hygzkf9',
      'X-Timestamp': '1770361857844'
    },
    baseURL: 'http://localhost:8000/api/v1',
    method: 'post',
    url: '/auth/refresh',
    data: `{"refreshToken":"5qX12xDfC9f]Uw!C'*|-C'\\"2:\\\\"}`,
    allowAbsoluteUrls: true
  },
  request: XMLHttpRequest {},
  event: ProgressEvent { isTrusted: [Getter] }
}
Auto refresh token failed: AxiosError: Network Error
    at XMLHttpRequest.handleError (file:///E:/learn/projects/blog-frontend-vue/node_modules/axios/lib/adapters/xhr.js:112:20)
    at XMLHttpRequest.invokeTheCallbackFunction (E:\learn\projects\blog-frontend-vue\node_modules\jsdom\lib\jsdom\living\generated\EventHandlerNonNull.js:14:28)
    at XMLHttpRequest.<anonymous> (E:\learn\projects\blog-frontend-vue\node_modules\jsdom\lib\jsdom\living\helpers\create-event-accessor.js:35:32)
    at innerInvokeEventListeners (E:\learn\projects\blog-frontend-vue\node_modules\jsdom\lib\jsdom\living\events\EventTarget-impl.js:350:25)
    at invokeEventListeners (E:\learn\projects\blog-frontend-vue\node_modules\jsdom\lib\jsdom\living\events\EventTarget-impl.js:286:3)
    at XMLHttpRequestImpl._dispatch (E:\learn\projects\blog-frontend-vue\node_modules\jsdom\lib\jsdom\living\events\EventTarget-impl.js:233:9)
    at fireAnEvent (E:\learn\projects\blog-frontend-vue\node_modules\jsdom\lib\jsdom\living\helpers\events.js:18:36)
    at requestErrorSteps (E:\learn\projects\blog-frontend-vue\node_modules\jsdom\lib\jsdom\living\xhr\xhr-utils.js:131:3)
    at Object.dispatchError (E:\learn\projects\blog-frontend-vue\node_modules\jsdom\lib\jsdom\living\xhr\xhr-utils.js:60:3)
    at EventEmitter.<anonymous> (E:\learn\projects\blog-frontend-vue\node_modules\jsdom\lib\jsdom\living\xhr\XMLHttpRequest-impl.js:655:18)
    at Axios.request (file:///E:/learn/projects/blog-frontend-vue/node_modules/axios/lib/core/Axios.js:45:41)
    at processTicksAndRejections (node:internal/process/task_queues:105:5)
    at HttpClient.post (E:\learn\projects\blog-frontend-vue\src\utils\request.ts:289:22)
    at refreshAccessToken (E:\learn\projects\blog-frontend-vue\src\stores\auth.ts:405:24)
    at Proxy.initAuth (E:\learn\projects\blog-frontend-vue\src\stores\auth.ts:519:13)
    at E:\learn\projects\blog-frontend-vue\src\test\properties\auth.property.test.ts:133:11
    at AsyncProperty.run (file:///E:/learn/projects/blog-frontend-vue/node_modules/fast-check/lib/esm/check/property/AsyncProperty.generic.js:46:28)
    at asyncRunIt (file:///E:/learn/projects/blog-frontend-vue/node_modules/fast-check/lib/esm/check/runner/Runner.js:33:21)
    at E:\learn\projects\blog-frontend-vue\src\test\properties\auth.property.test.ts:114:5
    at runTest (file:///E:/learn/projects/blog-frontend-vue/node_modules/@vitest/runner/dist/index.js:781:11) {
  isAxiosError: true,
  code: 'ERR_NETWORK',
  config: {
    transitional: {
      silentJSONParsing: true,
      forcedJSONParsing: true,
      clarifyTimeoutError: false
    },
    adapter: [ 'xhr', 'http', 'fetch' ],
    transformRequest: [ [Function: transformRequest] ],
    transformResponse: [ [Function: transformResponse] ],
    timeout: 10000,
    xsrfCookieName: 'XSRF-TOKEN',
    xsrfHeaderName: 'X-XSRF-TOKEN',
    maxContentLength: -1,
    maxBodyLength: -1,
    env: { FormData: [Function], Blob: [class Blob] },
    validateStatus: [Function: validateStatus],
    headers: Object [AxiosHeaders] {
      Accept: 'application/json',
      'Content-Type': 'application/json',
      'skip-auth': 'true',
      'X-Request-ID': 'req_1770361857844_24hygzkf9',
      'X-Timestamp': '1770361857844'
    },
    baseURL: 'http://localhost:8000/api/v1',
    method: 'post',
    url: '/auth/refresh',
    data: `{"refreshToken":"5qX12xDfC9f]Uw!C'*|-C'\\"2:\\\\"}`,
    allowAbsoluteUrls: true
  },
  request: XMLHttpRequest {},
  event: ProgressEvent { isTrusted: [Getter] }
}

[90mstdout[2m | src/test/properties/auth.property.test.ts[2m > [22m[2m璁よ瘉灞炴€ф祴璇?[2m > [22m[2mProperty 1.1: Token Expiration Consistency[22m[39m
[HTTP Request] POST /auth/refresh {
  headers: Object [AxiosHeaders] {
    Accept: [32m'application/json'[39m,
    [32m'Content-Type'[39m: [32m'application/json'[39m,
    [32m'skip-auth'[39m: [32m'true'[39m,
    [32m'X-Request-ID'[39m: [32m'req_1770361857864_oqou1qeoe'[39m,
    [32m'X-Timestamp'[39m: [32m'1770361857864'[39m
  },
  data: { refreshToken: [32m'propertyIsEnumerable9pr'[39m },
  params: [90mundefined[39m
}

stderr | src/test/properties/auth.property.test.ts > 璁よ瘉灞炴€ф祴璇?[2m > Property 1.1: Token Expiration Consistency
Error: AggregateError
    at Object.dispatchError (E:\learn\projects\blog-frontend-vue\node_modules\jsdom\lib\jsdom\living\xhr\xhr-utils.js:63:19)
    at EventEmitter.<anonymous> (E:\learn\projects\blog-frontend-vue\node_modules\jsdom\lib\jsdom\living\xhr\XMLHttpRequest-impl.js:655:18)
    at EventEmitter.emit (node:events:520:35)
    at Request.<anonymous> (E:\learn\projects\blog-frontend-vue\node_modules\jsdom\lib\jsdom\living\xhr\xhr-utils.js:404:14)
    at Request.emit (node:events:508:28)
    at ClientRequest.<anonymous> (E:\learn\projects\blog-frontend-vue\node_modules\jsdom\lib\jsdom\living\helpers\http-request.js:127:14)
    at ClientRequest.emit (node:events:508:28)
    at emitErrorEvent (node:_http_client:107:11)
    at Socket.socketErrorListener (node:_http_client:574:5)
    at Socket.emit (node:events:508:28) undefined
[HTTP Response Error] {
  url: '/auth/refresh',
  status: undefined,
  data: undefined,
  message: 'Network Error'
}
Token refresh failed: AxiosError: Network Error
    at XMLHttpRequest.handleError (file:///E:/learn/projects/blog-frontend-vue/node_modules/axios/lib/adapters/xhr.js:112:20)
    at XMLHttpRequest.invokeTheCallbackFunction (E:\learn\projects\blog-frontend-vue\node_modules\jsdom\lib\jsdom\living\generated\EventHandlerNonNull.js:14:28)
    at XMLHttpRequest.<anonymous> (E:\learn\projects\blog-frontend-vue\node_modules\jsdom\lib\jsdom\living\helpers\create-event-accessor.js:35:32)
    at innerInvokeEventListeners (E:\learn\projects\blog-frontend-vue\node_modules\jsdom\lib\jsdom\living\events\EventTarget-impl.js:350:25)
    at invokeEventListeners (E:\learn\projects\blog-frontend-vue\node_modules\jsdom\lib\jsdom\living\events\EventTarget-impl.js:286:3)
    at XMLHttpRequestImpl._dispatch (E:\learn\projects\blog-frontend-vue\node_modules\jsdom\lib\jsdom\living\events\EventTarget-impl.js:233:9)
    at fireAnEvent (E:\learn\projects\blog-frontend-vue\node_modules\jsdom\lib\jsdom\living\helpers\events.js:18:36)
    at requestErrorSteps (E:\learn\projects\blog-frontend-vue\node_modules\jsdom\lib\jsdom\living\xhr\xhr-utils.js:131:3)
    at Object.dispatchError (E:\learn\projects\blog-frontend-vue\node_modules\jsdom\lib\jsdom\living\xhr\xhr-utils.js:60:3)
    at EventEmitter.<anonymous> (E:\learn\projects\blog-frontend-vue\node_modules\jsdom\lib\jsdom\living\xhr\XMLHttpRequest-impl.js:655:18)
    at Axios.request (file:///E:/learn/projects/blog-frontend-vue/node_modules/axios/lib/core/Axios.js:45:41)
    at processTicksAndRejections (node:internal/process/task_queues:105:5)
    at HttpClient.post (E:\learn\projects\blog-frontend-vue\src\utils\request.ts:289:22)
    at refreshAccessToken (E:\learn\projects\blog-frontend-vue\src\stores\auth.ts:405:24)
    at Proxy.initAuth (E:\learn\projects\blog-frontend-vue\src\stores\auth.ts:519:13)
    at E:\learn\projects\blog-frontend-vue\src\test\properties\auth.property.test.ts:133:11
    at AsyncProperty.run (file:///E:/learn/projects/blog-frontend-vue/node_modules/fast-check/lib/esm/check/property/AsyncProperty.generic.js:46:28)
    at asyncRunIt (file:///E:/learn/projects/blog-frontend-vue/node_modules/fast-check/lib/esm/check/runner/Runner.js:33:21)
    at E:\learn\projects\blog-frontend-vue\src\test\properties\auth.property.test.ts:114:5
    at runTest (file:///E:/learn/projects/blog-frontend-vue/node_modules/@vitest/runner/dist/index.js:781:11) {
  isAxiosError: true,
  code: 'ERR_NETWORK',
  config: {
    transitional: {
      silentJSONParsing: true,
      forcedJSONParsing: true,
      clarifyTimeoutError: false
    },
    adapter: [ 'xhr', 'http', 'fetch' ],
    transformRequest: [ [Function: transformRequest] ],
    transformResponse: [ [Function: transformResponse] ],
    timeout: 10000,
    xsrfCookieName: 'XSRF-TOKEN',
    xsrfHeaderName: 'X-XSRF-TOKEN',
    maxContentLength: -1,
    maxBodyLength: -1,
    env: { FormData: [Function], Blob: [class Blob] },
    validateStatus: [Function: validateStatus],
    headers: Object [AxiosHeaders] {
      Accept: 'application/json',
      'Content-Type': 'application/json',
      'skip-auth': 'true',
      'X-Request-ID': 'req_1770361857864_oqou1qeoe',
      'X-Timestamp': '1770361857864'
    },
    baseURL: 'http://localhost:8000/api/v1',
    method: 'post',
    url: '/auth/refresh',
    data: '{"refreshToken":"propertyIsEnumerable9pr"}',
    allowAbsoluteUrls: true
  },
  request: XMLHttpRequest {},
  event: ProgressEvent { isTrusted: [Getter] }
}
Auto refresh token failed: AxiosError: Network Error
    at XMLHttpRequest.handleError (file:///E:/learn/projects/blog-frontend-vue/node_modules/axios/lib/adapters/xhr.js:112:20)
    at XMLHttpRequest.invokeTheCallbackFunction (E:\learn\projects\blog-frontend-vue\node_modules\jsdom\lib\jsdom\living\generated\EventHandlerNonNull.js:14:28)
    at XMLHttpRequest.<anonymous> (E:\learn\projects\blog-frontend-vue\node_modules\jsdom\lib\jsdom\living\helpers\create-event-accessor.js:35:32)
    at innerInvokeEventListeners (E:\learn\projects\blog-frontend-vue\node_modules\jsdom\lib\jsdom\living\events\EventTarget-impl.js:350:25)
    at invokeEventListeners (E:\learn\projects\blog-frontend-vue\node_modules\jsdom\lib\jsdom\living\events\EventTarget-impl.js:286:3)
    at XMLHttpRequestImpl._dispatch (E:\learn\projects\blog-frontend-vue\node_modules\jsdom\lib\jsdom\living\events\EventTarget-impl.js:233:9)
    at fireAnEvent (E:\learn\projects\blog-frontend-vue\node_modules\jsdom\lib\jsdom\living\helpers\events.js:18:36)
    at requestErrorSteps (E:\learn\projects\blog-frontend-vue\node_modules\jsdom\lib\jsdom\living\xhr\xhr-utils.js:131:3)
    at Object.dispatchError (E:\learn\projects\blog-frontend-vue\node_modules\jsdom\lib\jsdom\living\xhr\xhr-utils.js:60:3)
    at EventEmitter.<anonymous> (E:\learn\projects\blog-frontend-vue\node_modules\jsdom\lib\jsdom\living\xhr\XMLHttpRequest-impl.js:655:18)
    at Axios.request (file:///E:/learn/projects/blog-frontend-vue/node_modules/axios/lib/core/Axios.js:45:41)
    at processTicksAndRejections (node:internal/process/task_queues:105:5)
    at HttpClient.post (E:\learn\projects\blog-frontend-vue\src\utils\request.ts:289:22)
    at refreshAccessToken (E:\learn\projects\blog-frontend-vue\src\stores\auth.ts:405:24)
    at Proxy.initAuth (E:\learn\projects\blog-frontend-vue\src\stores\auth.ts:519:13)
    at E:\learn\projects\blog-frontend-vue\src\test\properties\auth.property.test.ts:133:11
    at AsyncProperty.run (file:///E:/learn/projects/blog-frontend-vue/node_modules/fast-check/lib/esm/check/property/AsyncProperty.generic.js:46:28)
    at asyncRunIt (file:///E:/learn/projects/blog-frontend-vue/node_modules/fast-check/lib/esm/check/runner/Runner.js:33:21)
    at E:\learn\projects\blog-frontend-vue\src\test\properties\auth.property.test.ts:114:5
    at runTest (file:///E:/learn/projects/blog-frontend-vue/node_modules/@vitest/runner/dist/index.js:781:11) {
  isAxiosError: true,
  code: 'ERR_NETWORK',
  config: {
    transitional: {
      silentJSONParsing: true,
      forcedJSONParsing: true,
      clarifyTimeoutError: false
    },
    adapter: [ 'xhr', 'http', 'fetch' ],
    transformRequest: [ [Function: transformRequest] ],
    transformResponse: [ [Function: transformResponse] ],
    timeout: 10000,
    xsrfCookieName: 'XSRF-TOKEN',
    xsrfHeaderName: 'X-XSRF-TOKEN',
    maxContentLength: -1,
    maxBodyLength: -1,
    env: { FormData: [Function], Blob: [class Blob] },
    validateStatus: [Function: validateStatus],
    headers: Object [AxiosHeaders] {
      Accept: 'application/json',
      'Content-Type': 'application/json',
      'skip-auth': 'true',
      'X-Request-ID': 'req_1770361857864_oqou1qeoe',
      'X-Timestamp': '1770361857864'
    },
    baseURL: 'http://localhost:8000/api/v1',
    method: 'post',
    url: '/auth/refresh',
    data: '{"refreshToken":"propertyIsEnumerable9pr"}',
    allowAbsoluteUrls: true
  },
  request: XMLHttpRequest {},
  event: ProgressEvent { isTrusted: [Getter] }
}

[90mstdout[2m | src/test/properties/auth.property.test.ts[2m > [22m[2m璁よ瘉灞炴€ф祴璇?[2m > [22m[2mProperty 1.1: Token Expiration Consistency[22m[39m
[HTTP Request] POST /auth/refresh {
  headers: Object [AxiosHeaders] {
    Accept: [32m'application/json'[39m,
    [32m'Content-Type'[39m: [32m'application/json'[39m,
    [32m'skip-auth'[39m: [32m'true'[39m,
    [32m'X-Request-ID'[39m: [32m'req_1770361857874_vq25fkacx'[39m,
    [32m'X-Timestamp'[39m: [32m'1770361857874'[39m
  },
  data: { refreshToken: [32m'co5)|X/A(6%9#?w/yt9Dn2.v ~l&gqc&,./*'[39m },
  params: [90mundefined[39m
}

stderr | src/test/properties/auth.property.test.ts > 璁よ瘉灞炴€ф祴璇?[2m > Property 1.1: Token Expiration Consistency
Error: AggregateError
    at Object.dispatchError (E:\learn\projects\blog-frontend-vue\node_modules\jsdom\lib\jsdom\living\xhr\xhr-utils.js:63:19)
    at EventEmitter.<anonymous> (E:\learn\projects\blog-frontend-vue\node_modules\jsdom\lib\jsdom\living\xhr\XMLHttpRequest-impl.js:655:18)
    at EventEmitter.emit (node:events:520:35)
    at Request.<anonymous> (E:\learn\projects\blog-frontend-vue\node_modules\jsdom\lib\jsdom\living\xhr\xhr-utils.js:404:14)
    at Request.emit (node:events:508:28)
    at ClientRequest.<anonymous> (E:\learn\projects\blog-frontend-vue\node_modules\jsdom\lib\jsdom\living\helpers\http-request.js:127:14)
    at ClientRequest.emit (node:events:508:28)
    at emitErrorEvent (node:_http_client:107:11)
    at Socket.socketErrorListener (node:_http_client:574:5)
    at Socket.emit (node:events:508:28) undefined
[HTTP Response Error] {
  url: '/auth/refresh',
  status: undefined,
  data: undefined,
  message: 'Network Error'
}
Token refresh failed: AxiosError: Network Error
    at XMLHttpRequest.handleError (file:///E:/learn/projects/blog-frontend-vue/node_modules/axios/lib/adapters/xhr.js:112:20)
    at XMLHttpRequest.invokeTheCallbackFunction (E:\learn\projects\blog-frontend-vue\node_modules\jsdom\lib\jsdom\living\generated\EventHandlerNonNull.js:14:28)
    at XMLHttpRequest.<anonymous> (E:\learn\projects\blog-frontend-vue\node_modules\jsdom\lib\jsdom\living\helpers\create-event-accessor.js:35:32)
    at innerInvokeEventListeners (E:\learn\projects\blog-frontend-vue\node_modules\jsdom\lib\jsdom\living\events\EventTarget-impl.js:350:25)
    at invokeEventListeners (E:\learn\projects\blog-frontend-vue\node_modules\jsdom\lib\jsdom\living\events\EventTarget-impl.js:286:3)
    at XMLHttpRequestImpl._dispatch (E:\learn\projects\blog-frontend-vue\node_modules\jsdom\lib\jsdom\living\events\EventTarget-impl.js:233:9)
    at fireAnEvent (E:\learn\projects\blog-frontend-vue\node_modules\jsdom\lib\jsdom\living\helpers\events.js:18:36)
    at requestErrorSteps (E:\learn\projects\blog-frontend-vue\node_modules\jsdom\lib\jsdom\living\xhr\xhr-utils.js:131:3)
    at Object.dispatchError (E:\learn\projects\blog-frontend-vue\node_modules\jsdom\lib\jsdom\living\xhr\xhr-utils.js:60:3)
    at EventEmitter.<anonymous> (E:\learn\projects\blog-frontend-vue\node_modules\jsdom\lib\jsdom\living\xhr\XMLHttpRequest-impl.js:655:18)
    at Axios.request (file:///E:/learn/projects/blog-frontend-vue/node_modules/axios/lib/core/Axios.js:45:41)
    at processTicksAndRejections (node:internal/process/task_queues:105:5)
    at HttpClient.post (E:\learn\projects\blog-frontend-vue\src\utils\request.ts:289:22)
    at refreshAccessToken (E:\learn\projects\blog-frontend-vue\src\stores\auth.ts:405:24)
    at Proxy.initAuth (E:\learn\projects\blog-frontend-vue\src\stores\auth.ts:519:13)
    at E:\learn\projects\blog-frontend-vue\src\test\properties\auth.property.test.ts:133:11
    at AsyncProperty.run (file:///E:/learn/projects/blog-frontend-vue/node_modules/fast-check/lib/esm/check/property/AsyncProperty.generic.js:46:28)
    at asyncRunIt (file:///E:/learn/projects/blog-frontend-vue/node_modules/fast-check/lib/esm/check/runner/Runner.js:33:21)
    at E:\learn\projects\blog-frontend-vue\src\test\properties\auth.property.test.ts:114:5
    at runTest (file:///E:/learn/projects/blog-frontend-vue/node_modules/@vitest/runner/dist/index.js:781:11) {
  isAxiosError: true,
  code: 'ERR_NETWORK',
  config: {
    transitional: {
      silentJSONParsing: true,
      forcedJSONParsing: true,
      clarifyTimeoutError: false
    },
    adapter: [ 'xhr', 'http', 'fetch' ],
    transformRequest: [ [Function: transformRequest] ],
    transformResponse: [ [Function: transformResponse] ],
    timeout: 10000,
    xsrfCookieName: 'XSRF-TOKEN',
    xsrfHeaderName: 'X-XSRF-TOKEN',
    maxContentLength: -1,
    maxBodyLength: -1,
    env: { FormData: [Function], Blob: [class Blob] },
    validateStatus: [Function: validateStatus],
    headers: Object [AxiosHeaders] {
      Accept: 'application/json',
      'Content-Type': 'application/json',
      'skip-auth': 'true',
      'X-Request-ID': 'req_1770361857874_vq25fkacx',
      'X-Timestamp': '1770361857874'
    },
    baseURL: 'http://localhost:8000/api/v1',
    method: 'post',
    url: '/auth/refresh',
    data: '{"refreshToken":"co5)|X/A(6%9#?w/yt9Dn2.v ~l&gqc&,./*"}',
    allowAbsoluteUrls: true
  },
  request: XMLHttpRequest {},
  event: ProgressEvent { isTrusted: [Getter] }
}
Auto refresh token failed: AxiosError: Network Error
    at XMLHttpRequest.handleError (file:///E:/learn/projects/blog-frontend-vue/node_modules/axios/lib/adapters/xhr.js:112:20)
    at XMLHttpRequest.invokeTheCallbackFunction (E:\learn\projects\blog-frontend-vue\node_modules\jsdom\lib\jsdom\living\generated\EventHandlerNonNull.js:14:28)
    at XMLHttpRequest.<anonymous> (E:\learn\projects\blog-frontend-vue\node_modules\jsdom\lib\jsdom\living\helpers\create-event-accessor.js:35:32)
    at innerInvokeEventListeners (E:\learn\projects\blog-frontend-vue\node_modules\jsdom\lib\jsdom\living\events\EventTarget-impl.js:350:25)
    at invokeEventListeners (E:\learn\projects\blog-frontend-vue\node_modules\jsdom\lib\jsdom\living\events\EventTarget-impl.js:286:3)
    at XMLHttpRequestImpl._dispatch (E:\learn\projects\blog-frontend-vue\node_modules\jsdom\lib\jsdom\living\events\EventTarget-impl.js:233:9)
    at fireAnEvent (E:\learn\projects\blog-frontend-vue\node_modules\jsdom\lib\jsdom\living\helpers\events.js:18:36)
    at requestErrorSteps (E:\learn\projects\blog-frontend-vue\node_modules\jsdom\lib\jsdom\living\xhr\xhr-utils.js:131:3)
    at Object.dispatchError (E:\learn\projects\blog-frontend-vue\node_modules\jsdom\lib\jsdom\living\xhr\xhr-utils.js:60:3)
    at EventEmitter.<anonymous> (E:\learn\projects\blog-frontend-vue\node_modules\jsdom\lib\jsdom\living\xhr\XMLHttpRequest-impl.js:655:18)
    at Axios.request (file:///E:/learn/projects/blog-frontend-vue/node_modules/axios/lib/core/Axios.js:45:41)
    at processTicksAndRejections (node:internal/process/task_queues:105:5)
    at HttpClient.post (E:\learn\projects\blog-frontend-vue\src\utils\request.ts:289:22)
    at refreshAccessToken (E:\learn\projects\blog-frontend-vue\src\stores\auth.ts:405:24)
    at Proxy.initAuth (E:\learn\projects\blog-frontend-vue\src\stores\auth.ts:519:13)
    at E:\learn\projects\blog-frontend-vue\src\test\properties\auth.property.test.ts:133:11
    at AsyncProperty.run (file:///E:/learn/projects/blog-frontend-vue/node_modules/fast-check/lib/esm/check/property/AsyncProperty.generic.js:46:28)
    at asyncRunIt (file:///E:/learn/projects/blog-frontend-vue/node_modules/fast-check/lib/esm/check/runner/Runner.js:33:21)
    at E:\learn\projects\blog-frontend-vue\src\test\properties\auth.property.test.ts:114:5
    at runTest (file:///E:/learn/projects/blog-frontend-vue/node_modules/@vitest/runner/dist/index.js:781:11) {
  isAxiosError: true,
  code: 'ERR_NETWORK',
  config: {
    transitional: {
      silentJSONParsing: true,
      forcedJSONParsing: true,
      clarifyTimeoutError: false
    },
    adapter: [ 'xhr', 'http', 'fetch' ],
    transformRequest: [ [Function: transformRequest] ],
    transformResponse: [ [Function: transformResponse] ],
    timeout: 10000,
    xsrfCookieName: 'XSRF-TOKEN',
    xsrfHeaderName: 'X-XSRF-TOKEN',
    maxContentLength: -1,
    maxBodyLength: -1,
    env: { FormData: [Function], Blob: [class Blob] },
    validateStatus: [Function: validateStatus],
    headers: Object [AxiosHeaders] {
      Accept: 'application/json',
      'Content-Type': 'application/json',
      'skip-auth': 'true',
      'X-Request-ID': 'req_1770361857874_vq25fkacx',
      'X-Timestamp': '1770361857874'
    },
    baseURL: 'http://localhost:8000/api/v1',
    method: 'post',
    url: '/auth/refresh',
    data: '{"refreshToken":"co5)|X/A(6%9#?w/yt9Dn2.v ~l&gqc&,./*"}',
    allowAbsoluteUrls: true
  },
  request: XMLHttpRequest {},
  event: ProgressEvent { isTrusted: [Getter] }
}

[90mstdout[2m | src/test/properties/auth.property.test.ts[2m > [22m[2m璁よ瘉灞炴€ф祴璇?[2m > [22m[2mProperty 1.1: Token Expiration Consistency[22m[39m
[HTTP Request] POST /auth/refresh {
  headers: Object [AxiosHeaders] {
    Accept: [32m'application/json'[39m,
    [32m'Content-Type'[39m: [32m'application/json'[39m,
    [32m'skip-auth'[39m: [32m'true'[39m,
    [32m'X-Request-ID'[39m: [32m'req_1770361857890_4r9ru86ui'[39m,
    [32m'X-Timestamp'[39m: [32m'1770361857890'[39m
  },
  data: { refreshToken: [32m'(B>+o>lP!JG$gFH9BTBQkKKG$<RR:VS'[39m },
  params: [90mundefined[39m
}

stderr | src/test/properties/auth.property.test.ts > 璁よ瘉灞炴€ф祴璇?[2m > Property 1.1: Token Expiration Consistency
Error: AggregateError
    at Object.dispatchError (E:\learn\projects\blog-frontend-vue\node_modules\jsdom\lib\jsdom\living\xhr\xhr-utils.js:63:19)
    at EventEmitter.<anonymous> (E:\learn\projects\blog-frontend-vue\node_modules\jsdom\lib\jsdom\living\xhr\XMLHttpRequest-impl.js:655:18)
    at EventEmitter.emit (node:events:520:35)
    at Request.<anonymous> (E:\learn\projects\blog-frontend-vue\node_modules\jsdom\lib\jsdom\living\xhr\xhr-utils.js:404:14)
    at Request.emit (node:events:508:28)
    at ClientRequest.<anonymous> (E:\learn\projects\blog-frontend-vue\node_modules\jsdom\lib\jsdom\living\helpers\http-request.js:127:14)
    at ClientRequest.emit (node:events:508:28)
    at emitErrorEvent (node:_http_client:107:11)
    at Socket.socketErrorListener (node:_http_client:574:5)
    at Socket.emit (node:events:508:28) undefined
[HTTP Response Error] {
  url: '/auth/refresh',
  status: undefined,
  data: undefined,
  message: 'Network Error'
}
Token refresh failed: AxiosError: Network Error
    at XMLHttpRequest.handleError (file:///E:/learn/projects/blog-frontend-vue/node_modules/axios/lib/adapters/xhr.js:112:20)
    at XMLHttpRequest.invokeTheCallbackFunction (E:\learn\projects\blog-frontend-vue\node_modules\jsdom\lib\jsdom\living\generated\EventHandlerNonNull.js:14:28)
    at XMLHttpRequest.<anonymous> (E:\learn\projects\blog-frontend-vue\node_modules\jsdom\lib\jsdom\living\helpers\create-event-accessor.js:35:32)
    at innerInvokeEventListeners (E:\learn\projects\blog-frontend-vue\node_modules\jsdom\lib\jsdom\living\events\EventTarget-impl.js:350:25)
    at invokeEventListeners (E:\learn\projects\blog-frontend-vue\node_modules\jsdom\lib\jsdom\living\events\EventTarget-impl.js:286:3)
    at XMLHttpRequestImpl._dispatch (E:\learn\projects\blog-frontend-vue\node_modules\jsdom\lib\jsdom\living\events\EventTarget-impl.js:233:9)
    at fireAnEvent (E:\learn\projects\blog-frontend-vue\node_modules\jsdom\lib\jsdom\living\helpers\events.js:18:36)
    at requestErrorSteps (E:\learn\projects\blog-frontend-vue\node_modules\jsdom\lib\jsdom\living\xhr\xhr-utils.js:131:3)
    at Object.dispatchError (E:\learn\projects\blog-frontend-vue\node_modules\jsdom\lib\jsdom\living\xhr\xhr-utils.js:60:3)
    at EventEmitter.<anonymous> (E:\learn\projects\blog-frontend-vue\node_modules\jsdom\lib\jsdom\living\xhr\XMLHttpRequest-impl.js:655:18)
    at Axios.request (file:///E:/learn/projects/blog-frontend-vue/node_modules/axios/lib/core/Axios.js:45:41)
    at processTicksAndRejections (node:internal/process/task_queues:105:5)
    at HttpClient.post (E:\learn\projects\blog-frontend-vue\src\utils\request.ts:289:22)
    at refreshAccessToken (E:\learn\projects\blog-frontend-vue\src\stores\auth.ts:405:24)
    at Proxy.initAuth (E:\learn\projects\blog-frontend-vue\src\stores\auth.ts:519:13)
    at E:\learn\projects\blog-frontend-vue\src\test\properties\auth.property.test.ts:133:11
    at AsyncProperty.run (file:///E:/learn/projects/blog-frontend-vue/node_modules/fast-check/lib/esm/check/property/AsyncProperty.generic.js:46:28)
    at asyncRunIt (file:///E:/learn/projects/blog-frontend-vue/node_modules/fast-check/lib/esm/check/runner/Runner.js:33:21)
    at E:\learn\projects\blog-frontend-vue\src\test\properties\auth.property.test.ts:114:5
    at runTest (file:///E:/learn/projects/blog-frontend-vue/node_modules/@vitest/runner/dist/index.js:781:11) {
  isAxiosError: true,
  code: 'ERR_NETWORK',
  config: {
    transitional: {
      silentJSONParsing: true,
      forcedJSONParsing: true,
      clarifyTimeoutError: false
    },
    adapter: [ 'xhr', 'http', 'fetch' ],
    transformRequest: [ [Function: transformRequest] ],
    transformResponse: [ [Function: transformResponse] ],
    timeout: 10000,
    xsrfCookieName: 'XSRF-TOKEN',
    xsrfHeaderName: 'X-XSRF-TOKEN',
    maxContentLength: -1,
    maxBodyLength: -1,
    env: { FormData: [Function], Blob: [class Blob] },
    validateStatus: [Function: validateStatus],
    headers: Object [AxiosHeaders] {
      Accept: 'application/json',
      'Content-Type': 'application/json',
      'skip-auth': 'true',
      'X-Request-ID': 'req_1770361857890_4r9ru86ui',
      'X-Timestamp': '1770361857890'
    },
    baseURL: 'http://localhost:8000/api/v1',
    method: 'post',
    url: '/auth/refresh',
    data: '{"refreshToken":"(B>+o>lP!JG$gFH9BTBQkKKG$<RR:VS"}',
    allowAbsoluteUrls: true
  },
  request: XMLHttpRequest {},
  event: ProgressEvent { isTrusted: [Getter] }
}
Auto refresh token failed: AxiosError: Network Error
    at XMLHttpRequest.handleError (file:///E:/learn/projects/blog-frontend-vue/node_modules/axios/lib/adapters/xhr.js:112:20)
    at XMLHttpRequest.invokeTheCallbackFunction (E:\learn\projects\blog-frontend-vue\node_modules\jsdom\lib\jsdom\living\generated\EventHandlerNonNull.js:14:28)
    at XMLHttpRequest.<anonymous> (E:\learn\projects\blog-frontend-vue\node_modules\jsdom\lib\jsdom\living\helpers\create-event-accessor.js:35:32)
    at innerInvokeEventListeners (E:\learn\projects\blog-frontend-vue\node_modules\jsdom\lib\jsdom\living\events\EventTarget-impl.js:350:25)
    at invokeEventListeners (E:\learn\projects\blog-frontend-vue\node_modules\jsdom\lib\jsdom\living\events\EventTarget-impl.js:286:3)
    at XMLHttpRequestImpl._dispatch (E:\learn\projects\blog-frontend-vue\node_modules\jsdom\lib\jsdom\living\events\EventTarget-impl.js:233:9)
    at fireAnEvent (E:\learn\projects\blog-frontend-vue\node_modules\jsdom\lib\jsdom\living\helpers\events.js:18:36)
    at requestErrorSteps (E:\learn\projects\blog-frontend-vue\node_modules\jsdom\lib\jsdom\living\xhr\xhr-utils.js:131:3)
    at Object.dispatchError (E:\learn\projects\blog-frontend-vue\node_modules\jsdom\lib\jsdom\living\xhr\xhr-utils.js:60:3)
    at EventEmitter.<anonymous> (E:\learn\projects\blog-frontend-vue\node_modules\jsdom\lib\jsdom\living\xhr\XMLHttpRequest-impl.js:655:18)
    at Axios.request (file:///E:/learn/projects/blog-frontend-vue/node_modules/axios/lib/core/Axios.js:45:41)
    at processTicksAndRejections (node:internal/process/task_queues:105:5)
    at HttpClient.post (E:\learn\projects\blog-frontend-vue\src\utils\request.ts:289:22)
    at refreshAccessToken (E:\learn\projects\blog-frontend-vue\src\stores\auth.ts:405:24)
    at Proxy.initAuth (E:\learn\projects\blog-frontend-vue\src\stores\auth.ts:519:13)
    at E:\learn\projects\blog-frontend-vue\src\test\properties\auth.property.test.ts:133:11
    at AsyncProperty.run (file:///E:/learn/projects/blog-frontend-vue/node_modules/fast-check/lib/esm/check/property/AsyncProperty.generic.js:46:28)
    at asyncRunIt (file:///E:/learn/projects/blog-frontend-vue/node_modules/fast-check/lib/esm/check/runner/Runner.js:33:21)
    at E:\learn\projects\blog-frontend-vue\src\test\properties\auth.property.test.ts:114:5
    at runTest (file:///E:/learn/projects/blog-frontend-vue/node_modules/@vitest/runner/dist/index.js:781:11) {
  isAxiosError: true,
  code: 'ERR_NETWORK',
  config: {
    transitional: {
      silentJSONParsing: true,
      forcedJSONParsing: true,
      clarifyTimeoutError: false
    },
    adapter: [ 'xhr', 'http', 'fetch' ],
    transformRequest: [ [Function: transformRequest] ],
    transformResponse: [ [Function: transformResponse] ],
    timeout: 10000,
    xsrfCookieName: 'XSRF-TOKEN',
    xsrfHeaderName: 'X-XSRF-TOKEN',
    maxContentLength: -1,
    maxBodyLength: -1,
    env: { FormData: [Function], Blob: [class Blob] },
    validateStatus: [Function: validateStatus],
    headers: Object [AxiosHeaders] {
      Accept: 'application/json',
      'Content-Type': 'application/json',
      'skip-auth': 'true',
      'X-Request-ID': 'req_1770361857890_4r9ru86ui',
      'X-Timestamp': '1770361857890'
    },
    baseURL: 'http://localhost:8000/api/v1',
    method: 'post',
    url: '/auth/refresh',
    data: '{"refreshToken":"(B>+o>lP!JG$gFH9BTBQkKKG$<RR:VS"}',
    allowAbsoluteUrls: true
  },
  request: XMLHttpRequest {},
  event: ProgressEvent { isTrusted: [Getter] }
}

[90mstdout[2m | src/test/properties/auth.property.test.ts[2m > [22m[2m璁よ瘉灞炴€ф祴璇?[2m > [22m[2mProperty 1.1: Token Expiration Consistency[22m[39m
[HTTP Request] POST /auth/refresh {
  headers: Object [AxiosHeaders] {
    Accept: [32m'application/json'[39m,
    [32m'Content-Type'[39m: [32m'application/json'[39m,
    [32m'skip-auth'[39m: [32m'true'[39m,
    [32m'X-Request-ID'[39m: [32m'req_1770361857908_lyibs5679'[39m,
    [32m'X-Timestamp'[39m: [32m'1770361857908'[39m
  },
  data: { refreshToken: [32m'&y*a6z }%$|%!=bX%}Ka+'[39m },
  params: [90mundefined[39m
}

stderr | src/test/properties/auth.property.test.ts > 璁よ瘉灞炴€ф祴璇?[2m > Property 1.1: Token Expiration Consistency
Error: AggregateError
    at Object.dispatchError (E:\learn\projects\blog-frontend-vue\node_modules\jsdom\lib\jsdom\living\xhr\xhr-utils.js:63:19)
    at EventEmitter.<anonymous> (E:\learn\projects\blog-frontend-vue\node_modules\jsdom\lib\jsdom\living\xhr\XMLHttpRequest-impl.js:655:18)
    at EventEmitter.emit (node:events:520:35)
    at Request.<anonymous> (E:\learn\projects\blog-frontend-vue\node_modules\jsdom\lib\jsdom\living\xhr\xhr-utils.js:404:14)
    at Request.emit (node:events:508:28)
    at ClientRequest.<anonymous> (E:\learn\projects\blog-frontend-vue\node_modules\jsdom\lib\jsdom\living\helpers\http-request.js:127:14)
    at ClientRequest.emit (node:events:508:28)
    at emitErrorEvent (node:_http_client:107:11)
    at Socket.socketErrorListener (node:_http_client:574:5)
    at Socket.emit (node:events:508:28) undefined
[HTTP Response Error] {
  url: '/auth/refresh',
  status: undefined,
  data: undefined,
  message: 'Network Error'
}
Token refresh failed: AxiosError: Network Error
    at XMLHttpRequest.handleError (file:///E:/learn/projects/blog-frontend-vue/node_modules/axios/lib/adapters/xhr.js:112:20)
    at XMLHttpRequest.invokeTheCallbackFunction (E:\learn\projects\blog-frontend-vue\node_modules\jsdom\lib\jsdom\living\generated\EventHandlerNonNull.js:14:28)
    at XMLHttpRequest.<anonymous> (E:\learn\projects\blog-frontend-vue\node_modules\jsdom\lib\jsdom\living\helpers\create-event-accessor.js:35:32)
    at innerInvokeEventListeners (E:\learn\projects\blog-frontend-vue\node_modules\jsdom\lib\jsdom\living\events\EventTarget-impl.js:350:25)
    at invokeEventListeners (E:\learn\projects\blog-frontend-vue\node_modules\jsdom\lib\jsdom\living\events\EventTarget-impl.js:286:3)
    at XMLHttpRequestImpl._dispatch (E:\learn\projects\blog-frontend-vue\node_modules\jsdom\lib\jsdom\living\events\EventTarget-impl.js:233:9)
    at fireAnEvent (E:\learn\projects\blog-frontend-vue\node_modules\jsdom\lib\jsdom\living\helpers\events.js:18:36)
    at requestErrorSteps (E:\learn\projects\blog-frontend-vue\node_modules\jsdom\lib\jsdom\living\xhr\xhr-utils.js:131:3)
    at Object.dispatchError (E:\learn\projects\blog-frontend-vue\node_modules\jsdom\lib\jsdom\living\xhr\xhr-utils.js:60:3)
    at EventEmitter.<anonymous> (E:\learn\projects\blog-frontend-vue\node_modules\jsdom\lib\jsdom\living\xhr\XMLHttpRequest-impl.js:655:18)
    at Axios.request (file:///E:/learn/projects/blog-frontend-vue/node_modules/axios/lib/core/Axios.js:45:41)
    at processTicksAndRejections (node:internal/process/task_queues:105:5)
    at HttpClient.post (E:\learn\projects\blog-frontend-vue\src\utils\request.ts:289:22)
    at refreshAccessToken (E:\learn\projects\blog-frontend-vue\src\stores\auth.ts:405:24)
    at Proxy.initAuth (E:\learn\projects\blog-frontend-vue\src\stores\auth.ts:519:13)
    at E:\learn\projects\blog-frontend-vue\src\test\properties\auth.property.test.ts:133:11
    at AsyncProperty.run (file:///E:/learn/projects/blog-frontend-vue/node_modules/fast-check/lib/esm/check/property/AsyncProperty.generic.js:46:28)
    at asyncRunIt (file:///E:/learn/projects/blog-frontend-vue/node_modules/fast-check/lib/esm/check/runner/Runner.js:33:21)
    at E:\learn\projects\blog-frontend-vue\src\test\properties\auth.property.test.ts:114:5
    at runTest (file:///E:/learn/projects/blog-frontend-vue/node_modules/@vitest/runner/dist/index.js:781:11) {
  isAxiosError: true,
  code: 'ERR_NETWORK',
  config: {
    transitional: {
      silentJSONParsing: true,
      forcedJSONParsing: true,
      clarifyTimeoutError: false
    },
    adapter: [ 'xhr', 'http', 'fetch' ],
    transformRequest: [ [Function: transformRequest] ],
    transformResponse: [ [Function: transformResponse] ],
    timeout: 10000,
    xsrfCookieName: 'XSRF-TOKEN',
    xsrfHeaderName: 'X-XSRF-TOKEN',
    maxContentLength: -1,
    maxBodyLength: -1,
    env: { FormData: [Function], Blob: [class Blob] },
    validateStatus: [Function: validateStatus],
    headers: Object [AxiosHeaders] {
      Accept: 'application/json',
      'Content-Type': 'application/json',
      'skip-auth': 'true',
      'X-Request-ID': 'req_1770361857908_lyibs5679',
      'X-Timestamp': '1770361857908'
    },
    baseURL: 'http://localhost:8000/api/v1',
    method: 'post',
    url: '/auth/refresh',
    data: '{"refreshToken":"&y*a6z }%$|%!=bX%}Ka+"}',
    allowAbsoluteUrls: true
  },
  request: XMLHttpRequest {},
  event: ProgressEvent { isTrusted: [Getter] }
}
Auto refresh token failed: AxiosError: Network Error
    at XMLHttpRequest.handleError (file:///E:/learn/projects/blog-frontend-vue/node_modules/axios/lib/adapters/xhr.js:112:20)
    at XMLHttpRequest.invokeTheCallbackFunction (E:\learn\projects\blog-frontend-vue\node_modules\jsdom\lib\jsdom\living\generated\EventHandlerNonNull.js:14:28)
    at XMLHttpRequest.<anonymous> (E:\learn\projects\blog-frontend-vue\node_modules\jsdom\lib\jsdom\living\helpers\create-event-accessor.js:35:32)
    at innerInvokeEventListeners (E:\learn\projects\blog-frontend-vue\node_modules\jsdom\lib\jsdom\living\events\EventTarget-impl.js:350:25)
    at invokeEventListeners (E:\learn\projects\blog-frontend-vue\node_modules\jsdom\lib\jsdom\living\events\EventTarget-impl.js:286:3)
    at XMLHttpRequestImpl._dispatch (E:\learn\projects\blog-frontend-vue\node_modules\jsdom\lib\jsdom\living\events\EventTarget-impl.js:233:9)
    at fireAnEvent (E:\learn\projects\blog-frontend-vue\node_modules\jsdom\lib\jsdom\living\helpers\events.js:18:36)
    at requestErrorSteps (E:\learn\projects\blog-frontend-vue\node_modules\jsdom\lib\jsdom\living\xhr\xhr-utils.js:131:3)
    at Object.dispatchError (E:\learn\projects\blog-frontend-vue\node_modules\jsdom\lib\jsdom\living\xhr\xhr-utils.js:60:3)
    at EventEmitter.<anonymous> (E:\learn\projects\blog-frontend-vue\node_modules\jsdom\lib\jsdom\living\xhr\XMLHttpRequest-impl.js:655:18)
    at Axios.request (file:///E:/learn/projects/blog-frontend-vue/node_modules/axios/lib/core/Axios.js:45:41)
    at processTicksAndRejections (node:internal/process/task_queues:105:5)
    at HttpClient.post (E:\learn\projects\blog-frontend-vue\src\utils\request.ts:289:22)
    at refreshAccessToken (E:\learn\projects\blog-frontend-vue\src\stores\auth.ts:405:24)
    at Proxy.initAuth (E:\learn\projects\blog-frontend-vue\src\stores\auth.ts:519:13)
    at E:\learn\projects\blog-frontend-vue\src\test\properties\auth.property.test.ts:133:11
    at AsyncProperty.run (file:///E:/learn/projects/blog-frontend-vue/node_modules/fast-check/lib/esm/check/property/AsyncProperty.generic.js:46:28)
    at asyncRunIt (file:///E:/learn/projects/blog-frontend-vue/node_modules/fast-check/lib/esm/check/runner/Runner.js:33:21)
    at E:\learn\projects\blog-frontend-vue\src\test\properties\auth.property.test.ts:114:5
    at runTest (file:///E:/learn/projects/blog-frontend-vue/node_modules/@vitest/runner/dist/index.js:781:11) {
  isAxiosError: true,
  code: 'ERR_NETWORK',
  config: {
    transitional: {
      silentJSONParsing: true,
      forcedJSONParsing: true,
      clarifyTimeoutError: false
    },
    adapter: [ 'xhr', 'http', 'fetch' ],
    transformRequest: [ [Function: transformRequest] ],
    transformResponse: [ [Function: transformResponse] ],
    timeout: 10000,
    xsrfCookieName: 'XSRF-TOKEN',
    xsrfHeaderName: 'X-XSRF-TOKEN',
    maxContentLength: -1,
    maxBodyLength: -1,
    env: { FormData: [Function], Blob: [class Blob] },
    validateStatus: [Function: validateStatus],
    headers: Object [AxiosHeaders] {
      Accept: 'application/json',
      'Content-Type': 'application/json',
      'skip-auth': 'true',
      'X-Request-ID': 'req_1770361857908_lyibs5679',
      'X-Timestamp': '1770361857908'
    },
    baseURL: 'http://localhost:8000/api/v1',
    method: 'post',
    url: '/auth/refresh',
    data: '{"refreshToken":"&y*a6z }%$|%!=bX%}Ka+"}',
    allowAbsoluteUrls: true
  },
  request: XMLHttpRequest {},
  event: ProgressEvent { isTrusted: [Getter] }
}

[90mstdout[2m | src/test/properties/auth.property.test.ts[2m > [22m[2m璁よ瘉灞炴€ф祴璇?[2m > [22m[2mProperty 1.1: Token Expiration Consistency[22m[39m
[HTTP Request] POST /auth/refresh {
  headers: Object [AxiosHeaders] {
    Accept: [32m'application/json'[39m,
    [32m'Content-Type'[39m: [32m'application/json'[39m,
    [32m'skip-auth'[39m: [32m'true'[39m,
    [32m'X-Request-ID'[39m: [32m'req_1770361857919_qgg9fdkro'[39m,
    [32m'X-Timestamp'[39m: [32m'1770361857919'[39m
  },
  data: { refreshToken: [32m'gCx|E^cHygE]p[Xb%A\\7.b'[39m },
  params: [90mundefined[39m
}

stderr | src/test/properties/auth.property.test.ts > 璁よ瘉灞炴€ф祴璇?[2m > Property 1.1: Token Expiration Consistency
Error: AggregateError
    at Object.dispatchError (E:\learn\projects\blog-frontend-vue\node_modules\jsdom\lib\jsdom\living\xhr\xhr-utils.js:63:19)
    at EventEmitter.<anonymous> (E:\learn\projects\blog-frontend-vue\node_modules\jsdom\lib\jsdom\living\xhr\XMLHttpRequest-impl.js:655:18)
    at EventEmitter.emit (node:events:520:35)
    at Request.<anonymous> (E:\learn\projects\blog-frontend-vue\node_modules\jsdom\lib\jsdom\living\xhr\xhr-utils.js:404:14)
    at Request.emit (node:events:508:28)
    at ClientRequest.<anonymous> (E:\learn\projects\blog-frontend-vue\node_modules\jsdom\lib\jsdom\living\helpers\http-request.js:127:14)
    at ClientRequest.emit (node:events:508:28)
    at emitErrorEvent (node:_http_client:107:11)
    at Socket.socketErrorListener (node:_http_client:574:5)
    at Socket.emit (node:events:508:28) undefined
[HTTP Response Error] {
  url: '/auth/refresh',
  status: undefined,
  data: undefined,
  message: 'Network Error'
}
Token refresh failed: AxiosError: Network Error
    at XMLHttpRequest.handleError (file:///E:/learn/projects/blog-frontend-vue/node_modules/axios/lib/adapters/xhr.js:112:20)
    at XMLHttpRequest.invokeTheCallbackFunction (E:\learn\projects\blog-frontend-vue\node_modules\jsdom\lib\jsdom\living\generated\EventHandlerNonNull.js:14:28)
    at XMLHttpRequest.<anonymous> (E:\learn\projects\blog-frontend-vue\node_modules\jsdom\lib\jsdom\living\helpers\create-event-accessor.js:35:32)
    at innerInvokeEventListeners (E:\learn\projects\blog-frontend-vue\node_modules\jsdom\lib\jsdom\living\events\EventTarget-impl.js:350:25)
    at invokeEventListeners (E:\learn\projects\blog-frontend-vue\node_modules\jsdom\lib\jsdom\living\events\EventTarget-impl.js:286:3)
    at XMLHttpRequestImpl._dispatch (E:\learn\projects\blog-frontend-vue\node_modules\jsdom\lib\jsdom\living\events\EventTarget-impl.js:233:9)
    at fireAnEvent (E:\learn\projects\blog-frontend-vue\node_modules\jsdom\lib\jsdom\living\helpers\events.js:18:36)
    at requestErrorSteps (E:\learn\projects\blog-frontend-vue\node_modules\jsdom\lib\jsdom\living\xhr\xhr-utils.js:131:3)
    at Object.dispatchError (E:\learn\projects\blog-frontend-vue\node_modules\jsdom\lib\jsdom\living\xhr\xhr-utils.js:60:3)
    at EventEmitter.<anonymous> (E:\learn\projects\blog-frontend-vue\node_modules\jsdom\lib\jsdom\living\xhr\XMLHttpRequest-impl.js:655:18)
    at Axios.request (file:///E:/learn/projects/blog-frontend-vue/node_modules/axios/lib/core/Axios.js:45:41)
    at processTicksAndRejections (node:internal/process/task_queues:105:5)
    at HttpClient.post (E:\learn\projects\blog-frontend-vue\src\utils\request.ts:289:22)
    at refreshAccessToken (E:\learn\projects\blog-frontend-vue\src\stores\auth.ts:405:24)
    at Proxy.initAuth (E:\learn\projects\blog-frontend-vue\src\stores\auth.ts:519:13)
    at E:\learn\projects\blog-frontend-vue\src\test\properties\auth.property.test.ts:133:11
    at AsyncProperty.run (file:///E:/learn/projects/blog-frontend-vue/node_modules/fast-check/lib/esm/check/property/AsyncProperty.generic.js:46:28)
    at asyncRunIt (file:///E:/learn/projects/blog-frontend-vue/node_modules/fast-check/lib/esm/check/runner/Runner.js:33:21)
    at E:\learn\projects\blog-frontend-vue\src\test\properties\auth.property.test.ts:114:5
    at runTest (file:///E:/learn/projects/blog-frontend-vue/node_modules/@vitest/runner/dist/index.js:781:11) {
  isAxiosError: true,
  code: 'ERR_NETWORK',
  config: {
    transitional: {
      silentJSONParsing: true,
      forcedJSONParsing: true,
      clarifyTimeoutError: false
    },
    adapter: [ 'xhr', 'http', 'fetch' ],
    transformRequest: [ [Function: transformRequest] ],
    transformResponse: [ [Function: transformResponse] ],
    timeout: 10000,
    xsrfCookieName: 'XSRF-TOKEN',
    xsrfHeaderName: 'X-XSRF-TOKEN',
    maxContentLength: -1,
    maxBodyLength: -1,
    env: { FormData: [Function], Blob: [class Blob] },
    validateStatus: [Function: validateStatus],
    headers: Object [AxiosHeaders] {
      Accept: 'application/json',
      'Content-Type': 'application/json',
      'skip-auth': 'true',
      'X-Request-ID': 'req_1770361857919_qgg9fdkro',
      'X-Timestamp': '1770361857919'
    },
    baseURL: 'http://localhost:8000/api/v1',
    method: 'post',
    url: '/auth/refresh',
    data: '{"refreshToken":"gCx|E^cHygE]p[Xb%A\\\\7.b"}',
    allowAbsoluteUrls: true
  },
  request: XMLHttpRequest {},
  event: ProgressEvent { isTrusted: [Getter] }
}
Auto refresh token failed: AxiosError: Network Error
    at XMLHttpRequest.handleError (file:///E:/learn/projects/blog-frontend-vue/node_modules/axios/lib/adapters/xhr.js:112:20)
    at XMLHttpRequest.invokeTheCallbackFunction (E:\learn\projects\blog-frontend-vue\node_modules\jsdom\lib\jsdom\living\generated\EventHandlerNonNull.js:14:28)
    at XMLHttpRequest.<anonymous> (E:\learn\projects\blog-frontend-vue\node_modules\jsdom\lib\jsdom\living\helpers\create-event-accessor.js:35:32)
    at innerInvokeEventListeners (E:\learn\projects\blog-frontend-vue\node_modules\jsdom\lib\jsdom\living\events\EventTarget-impl.js:350:25)
    at invokeEventListeners (E:\learn\projects\blog-frontend-vue\node_modules\jsdom\lib\jsdom\living\events\EventTarget-impl.js:286:3)
    at XMLHttpRequestImpl._dispatch (E:\learn\projects\blog-frontend-vue\node_modules\jsdom\lib\jsdom\living\events\EventTarget-impl.js:233:9)
    at fireAnEvent (E:\learn\projects\blog-frontend-vue\node_modules\jsdom\lib\jsdom\living\helpers\events.js:18:36)
    at requestErrorSteps (E:\learn\projects\blog-frontend-vue\node_modules\jsdom\lib\jsdom\living\xhr\xhr-utils.js:131:3)
    at Object.dispatchError (E:\learn\projects\blog-frontend-vue\node_modules\jsdom\lib\jsdom\living\xhr\xhr-utils.js:60:3)
    at EventEmitter.<anonymous> (E:\learn\projects\blog-frontend-vue\node_modules\jsdom\lib\jsdom\living\xhr\XMLHttpRequest-impl.js:655:18)
    at Axios.request (file:///E:/learn/projects/blog-frontend-vue/node_modules/axios/lib/core/Axios.js:45:41)
    at processTicksAndRejections (node:internal/process/task_queues:105:5)
    at HttpClient.post (E:\learn\projects\blog-frontend-vue\src\utils\request.ts:289:22)
    at refreshAccessToken (E:\learn\projects\blog-frontend-vue\src\stores\auth.ts:405:24)
    at Proxy.initAuth (E:\learn\projects\blog-frontend-vue\src\stores\auth.ts:519:13)
    at E:\learn\projects\blog-frontend-vue\src\test\properties\auth.property.test.ts:133:11
    at AsyncProperty.run (file:///E:/learn/projects/blog-frontend-vue/node_modules/fast-check/lib/esm/check/property/AsyncProperty.generic.js:46:28)
    at asyncRunIt (file:///E:/learn/projects/blog-frontend-vue/node_modules/fast-check/lib/esm/check/runner/Runner.js:33:21)
    at E:\learn\projects\blog-frontend-vue\src\test\properties\auth.property.test.ts:114:5
    at runTest (file:///E:/learn/projects/blog-frontend-vue/node_modules/@vitest/runner/dist/index.js:781:11) {
  isAxiosError: true,
  code: 'ERR_NETWORK',
  config: {
    transitional: {
      silentJSONParsing: true,
      forcedJSONParsing: true,
      clarifyTimeoutError: false
    },
    adapter: [ 'xhr', 'http', 'fetch' ],
    transformRequest: [ [Function: transformRequest] ],
    transformResponse: [ [Function: transformResponse] ],
    timeout: 10000,
    xsrfCookieName: 'XSRF-TOKEN',
    xsrfHeaderName: 'X-XSRF-TOKEN',
    maxContentLength: -1,
    maxBodyLength: -1,
    env: { FormData: [Function], Blob: [class Blob] },
    validateStatus: [Function: validateStatus],
    headers: Object [AxiosHeaders] {
      Accept: 'application/json',
      'Content-Type': 'application/json',
      'skip-auth': 'true',
      'X-Request-ID': 'req_1770361857919_qgg9fdkro',
      'X-Timestamp': '1770361857919'
    },
    baseURL: 'http://localhost:8000/api/v1',
    method: 'post',
    url: '/auth/refresh',
    data: '{"refreshToken":"gCx|E^cHygE]p[Xb%A\\\\7.b"}',
    allowAbsoluteUrls: true
  },
  request: XMLHttpRequest {},
  event: ProgressEvent { isTrusted: [Getter] }
}

[90mstdout[2m | src/test/properties/auth.property.test.ts[2m > [22m[2m璁よ瘉灞炴€ф祴璇?[2m > [22m[2mProperty 1.1: Token Expiration Consistency[22m[39m
[HTTP Request] POST /auth/refresh {
  headers: Object [AxiosHeaders] {
    Accept: [32m'application/json'[39m,
    [32m'Content-Type'[39m: [32m'application/json'[39m,
    [32m'skip-auth'[39m: [32m'true'[39m,
    [32m'X-Request-ID'[39m: [32m'req_1770361857933_atfsc6mh7'[39m,
    [32m'X-Timestamp'[39m: [32m'1770361857933'[39m
  },
  data: { refreshToken: [32m'~J/Ba?]u&2r&&#/Y I$*$XMtF3,RX<~qw[$347Xj$!'[39m },
  params: [90mundefined[39m
}

stderr | src/test/properties/auth.property.test.ts > 璁よ瘉灞炴€ф祴璇?[2m > Property 1.1: Token Expiration Consistency
Error: AggregateError
    at Object.dispatchError (E:\learn\projects\blog-frontend-vue\node_modules\jsdom\lib\jsdom\living\xhr\xhr-utils.js:63:19)
    at EventEmitter.<anonymous> (E:\learn\projects\blog-frontend-vue\node_modules\jsdom\lib\jsdom\living\xhr\XMLHttpRequest-impl.js:655:18)
    at EventEmitter.emit (node:events:520:35)
    at Request.<anonymous> (E:\learn\projects\blog-frontend-vue\node_modules\jsdom\lib\jsdom\living\xhr\xhr-utils.js:404:14)
    at Request.emit (node:events:508:28)
    at ClientRequest.<anonymous> (E:\learn\projects\blog-frontend-vue\node_modules\jsdom\lib\jsdom\living\helpers\http-request.js:127:14)
    at ClientRequest.emit (node:events:508:28)
    at emitErrorEvent (node:_http_client:107:11)
    at Socket.socketErrorListener (node:_http_client:574:5)
    at Socket.emit (node:events:508:28) undefined
[HTTP Response Error] {
  url: '/auth/refresh',
  status: undefined,
  data: undefined,
  message: 'Network Error'
}
Token refresh failed: AxiosError: Network Error
    at XMLHttpRequest.handleError (file:///E:/learn/projects/blog-frontend-vue/node_modules/axios/lib/adapters/xhr.js:112:20)
    at XMLHttpRequest.invokeTheCallbackFunction (E:\learn\projects\blog-frontend-vue\node_modules\jsdom\lib\jsdom\living\generated\EventHandlerNonNull.js:14:28)
    at XMLHttpRequest.<anonymous> (E:\learn\projects\blog-frontend-vue\node_modules\jsdom\lib\jsdom\living\helpers\create-event-accessor.js:35:32)
    at innerInvokeEventListeners (E:\learn\projects\blog-frontend-vue\node_modules\jsdom\lib\jsdom\living\events\EventTarget-impl.js:350:25)
    at invokeEventListeners (E:\learn\projects\blog-frontend-vue\node_modules\jsdom\lib\jsdom\living\events\EventTarget-impl.js:286:3)
    at XMLHttpRequestImpl._dispatch (E:\learn\projects\blog-frontend-vue\node_modules\jsdom\lib\jsdom\living\events\EventTarget-impl.js:233:9)
    at fireAnEvent (E:\learn\projects\blog-frontend-vue\node_modules\jsdom\lib\jsdom\living\helpers\events.js:18:36)
    at requestErrorSteps (E:\learn\projects\blog-frontend-vue\node_modules\jsdom\lib\jsdom\living\xhr\xhr-utils.js:131:3)
    at Object.dispatchError (E:\learn\projects\blog-frontend-vue\node_modules\jsdom\lib\jsdom\living\xhr\xhr-utils.js:60:3)
    at EventEmitter.<anonymous> (E:\learn\projects\blog-frontend-vue\node_modules\jsdom\lib\jsdom\living\xhr\XMLHttpRequest-impl.js:655:18)
    at Axios.request (file:///E:/learn/projects/blog-frontend-vue/node_modules/axios/lib/core/Axios.js:45:41)
    at processTicksAndRejections (node:internal/process/task_queues:105:5)
    at HttpClient.post (E:\learn\projects\blog-frontend-vue\src\utils\request.ts:289:22)
    at refreshAccessToken (E:\learn\projects\blog-frontend-vue\src\stores\auth.ts:405:24)
    at Proxy.initAuth (E:\learn\projects\blog-frontend-vue\src\stores\auth.ts:519:13)
    at E:\learn\projects\blog-frontend-vue\src\test\properties\auth.property.test.ts:133:11
    at AsyncProperty.run (file:///E:/learn/projects/blog-frontend-vue/node_modules/fast-check/lib/esm/check/property/AsyncProperty.generic.js:46:28)
    at asyncRunIt (file:///E:/learn/projects/blog-frontend-vue/node_modules/fast-check/lib/esm/check/runner/Runner.js:33:21)
    at E:\learn\projects\blog-frontend-vue\src\test\properties\auth.property.test.ts:114:5
    at runTest (file:///E:/learn/projects/blog-frontend-vue/node_modules/@vitest/runner/dist/index.js:781:11) {
  isAxiosError: true,
  code: 'ERR_NETWORK',
  config: {
    transitional: {
      silentJSONParsing: true,
      forcedJSONParsing: true,
      clarifyTimeoutError: false
    },
    adapter: [ 'xhr', 'http', 'fetch' ],
    transformRequest: [ [Function: transformRequest] ],
    transformResponse: [ [Function: transformResponse] ],
    timeout: 10000,
    xsrfCookieName: 'XSRF-TOKEN',
    xsrfHeaderName: 'X-XSRF-TOKEN',
    maxContentLength: -1,
    maxBodyLength: -1,
    env: { FormData: [Function], Blob: [class Blob] },
    validateStatus: [Function: validateStatus],
    headers: Object [AxiosHeaders] {
      Accept: 'application/json',
      'Content-Type': 'application/json',
      'skip-auth': 'true',
      'X-Request-ID': 'req_1770361857933_atfsc6mh7',
      'X-Timestamp': '1770361857933'
    },
    baseURL: 'http://localhost:8000/api/v1',
    method: 'post',
    url: '/auth/refresh',
    data: '{"refreshToken":"~J/Ba?]u&2r&&#/Y I$*$XMtF3,RX<~qw[$347Xj$!"}',
    allowAbsoluteUrls: true
  },
  request: XMLHttpRequest {},
  event: ProgressEvent { isTrusted: [Getter] }
}
Auto refresh token failed: AxiosError: Network Error
    at XMLHttpRequest.handleError (file:///E:/learn/projects/blog-frontend-vue/node_modules/axios/lib/adapters/xhr.js:112:20)
    at XMLHttpRequest.invokeTheCallbackFunction (E:\learn\projects\blog-frontend-vue\node_modules\jsdom\lib\jsdom\living\generated\EventHandlerNonNull.js:14:28)
    at XMLHttpRequest.<anonymous> (E:\learn\projects\blog-frontend-vue\node_modules\jsdom\lib\jsdom\living\helpers\create-event-accessor.js:35:32)
    at innerInvokeEventListeners (E:\learn\projects\blog-frontend-vue\node_modules\jsdom\lib\jsdom\living\events\EventTarget-impl.js:350:25)
    at invokeEventListeners (E:\learn\projects\blog-frontend-vue\node_modules\jsdom\lib\jsdom\living\events\EventTarget-impl.js:286:3)
    at XMLHttpRequestImpl._dispatch (E:\learn\projects\blog-frontend-vue\node_modules\jsdom\lib\jsdom\living\events\EventTarget-impl.js:233:9)
    at fireAnEvent (E:\learn\projects\blog-frontend-vue\node_modules\jsdom\lib\jsdom\living\helpers\events.js:18:36)
    at requestErrorSteps (E:\learn\projects\blog-frontend-vue\node_modules\jsdom\lib\jsdom\living\xhr\xhr-utils.js:131:3)
    at Object.dispatchError (E:\learn\projects\blog-frontend-vue\node_modules\jsdom\lib\jsdom\living\xhr\xhr-utils.js:60:3)
    at EventEmitter.<anonymous> (E:\learn\projects\blog-frontend-vue\node_modules\jsdom\lib\jsdom\living\xhr\XMLHttpRequest-impl.js:655:18)
    at Axios.request (file:///E:/learn/projects/blog-frontend-vue/node_modules/axios/lib/core/Axios.js:45:41)
    at processTicksAndRejections (node:internal/process/task_queues:105:5)
    at HttpClient.post (E:\learn\projects\blog-frontend-vue\src\utils\request.ts:289:22)
    at refreshAccessToken (E:\learn\projects\blog-frontend-vue\src\stores\auth.ts:405:24)
    at Proxy.initAuth (E:\learn\projects\blog-frontend-vue\src\stores\auth.ts:519:13)
    at E:\learn\projects\blog-frontend-vue\src\test\properties\auth.property.test.ts:133:11
    at AsyncProperty.run (file:///E:/learn/projects/blog-frontend-vue/node_modules/fast-check/lib/esm/check/property/AsyncProperty.generic.js:46:28)
    at asyncRunIt (file:///E:/learn/projects/blog-frontend-vue/node_modules/fast-check/lib/esm/check/runner/Runner.js:33:21)
    at E:\learn\projects\blog-frontend-vue\src\test\properties\auth.property.test.ts:114:5
    at runTest (file:///E:/learn/projects/blog-frontend-vue/node_modules/@vitest/runner/dist/index.js:781:11) {
  isAxiosError: true,
  code: 'ERR_NETWORK',
  config: {
    transitional: {
      silentJSONParsing: true,
      forcedJSONParsing: true,
      clarifyTimeoutError: false
    },
    adapter: [ 'xhr', 'http', 'fetch' ],
    transformRequest: [ [Function: transformRequest] ],
    transformResponse: [ [Function: transformResponse] ],
    timeout: 10000,
    xsrfCookieName: 'XSRF-TOKEN',
    xsrfHeaderName: 'X-XSRF-TOKEN',
    maxContentLength: -1,
    maxBodyLength: -1,
    env: { FormData: [Function], Blob: [class Blob] },
    validateStatus: [Function: validateStatus],
    headers: Object [AxiosHeaders] {
      Accept: 'application/json',
      'Content-Type': 'application/json',
      'skip-auth': 'true',
      'X-Request-ID': 'req_1770361857933_atfsc6mh7',
      'X-Timestamp': '1770361857933'
    },
    baseURL: 'http://localhost:8000/api/v1',
    method: 'post',
    url: '/auth/refresh',
    data: '{"refreshToken":"~J/Ba?]u&2r&&#/Y I$*$XMtF3,RX<~qw[$347Xj$!"}',
    allowAbsoluteUrls: true
  },
  request: XMLHttpRequest {},
  event: ProgressEvent { isTrusted: [Getter] }
}

[90mstdout[2m | src/test/properties/auth.property.test.ts[2m > [22m[2m璁よ瘉灞炴€ф祴璇?[2m > [22m[2mProperty 1.1: Token Expiration Consistency[22m[39m
[HTTP Request] POST /auth/refresh {
  headers: Object [AxiosHeaders] {
    Accept: [32m'application/json'[39m,
    [32m'Content-Type'[39m: [32m'application/json'[39m,
    [32m'skip-auth'[39m: [32m'true'[39m,
    [32m'X-Request-ID'[39m: [32m'req_1770361857945_h09g9nbsp'[39m,
    [32m'X-Timestamp'[39m: [32m'1770361857945'[39m
  },
  data: { refreshToken: [32m'vl$propertyIsEnumerable1vprop'[39m },
  params: [90mundefined[39m
}

stderr | src/test/properties/auth.property.test.ts > 璁よ瘉灞炴€ф祴璇?[2m > Property 1.1: Token Expiration Consistency
Error: AggregateError
    at Object.dispatchError (E:\learn\projects\blog-frontend-vue\node_modules\jsdom\lib\jsdom\living\xhr\xhr-utils.js:63:19)
    at EventEmitter.<anonymous> (E:\learn\projects\blog-frontend-vue\node_modules\jsdom\lib\jsdom\living\xhr\XMLHttpRequest-impl.js:655:18)
    at EventEmitter.emit (node:events:520:35)
    at Request.<anonymous> (E:\learn\projects\blog-frontend-vue\node_modules\jsdom\lib\jsdom\living\xhr\xhr-utils.js:404:14)
    at Request.emit (node:events:508:28)
    at ClientRequest.<anonymous> (E:\learn\projects\blog-frontend-vue\node_modules\jsdom\lib\jsdom\living\helpers\http-request.js:127:14)
    at ClientRequest.emit (node:events:508:28)
    at emitErrorEvent (node:_http_client:107:11)
    at Socket.socketErrorListener (node:_http_client:574:5)
    at Socket.emit (node:events:508:28) undefined
[HTTP Response Error] {
  url: '/auth/refresh',
  status: undefined,
  data: undefined,
  message: 'Network Error'
}
Token refresh failed: AxiosError: Network Error
    at XMLHttpRequest.handleError (file:///E:/learn/projects/blog-frontend-vue/node_modules/axios/lib/adapters/xhr.js:112:20)
    at XMLHttpRequest.invokeTheCallbackFunction (E:\learn\projects\blog-frontend-vue\node_modules\jsdom\lib\jsdom\living\generated\EventHandlerNonNull.js:14:28)
    at XMLHttpRequest.<anonymous> (E:\learn\projects\blog-frontend-vue\node_modules\jsdom\lib\jsdom\living\helpers\create-event-accessor.js:35:32)
    at innerInvokeEventListeners (E:\learn\projects\blog-frontend-vue\node_modules\jsdom\lib\jsdom\living\events\EventTarget-impl.js:350:25)
    at invokeEventListeners (E:\learn\projects\blog-frontend-vue\node_modules\jsdom\lib\jsdom\living\events\EventTarget-impl.js:286:3)
    at XMLHttpRequestImpl._dispatch (E:\learn\projects\blog-frontend-vue\node_modules\jsdom\lib\jsdom\living\events\EventTarget-impl.js:233:9)
    at fireAnEvent (E:\learn\projects\blog-frontend-vue\node_modules\jsdom\lib\jsdom\living\helpers\events.js:18:36)
    at requestErrorSteps (E:\learn\projects\blog-frontend-vue\node_modules\jsdom\lib\jsdom\living\xhr\xhr-utils.js:131:3)
    at Object.dispatchError (E:\learn\projects\blog-frontend-vue\node_modules\jsdom\lib\jsdom\living\xhr\xhr-utils.js:60:3)
    at EventEmitter.<anonymous> (E:\learn\projects\blog-frontend-vue\node_modules\jsdom\lib\jsdom\living\xhr\XMLHttpRequest-impl.js:655:18)
    at Axios.request (file:///E:/learn/projects/blog-frontend-vue/node_modules/axios/lib/core/Axios.js:45:41)
    at processTicksAndRejections (node:internal/process/task_queues:105:5)
    at HttpClient.post (E:\learn\projects\blog-frontend-vue\src\utils\request.ts:289:22)
    at refreshAccessToken (E:\learn\projects\blog-frontend-vue\src\stores\auth.ts:405:24)
    at Proxy.initAuth (E:\learn\projects\blog-frontend-vue\src\stores\auth.ts:519:13)
    at E:\learn\projects\blog-frontend-vue\src\test\properties\auth.property.test.ts:133:11
    at AsyncProperty.run (file:///E:/learn/projects/blog-frontend-vue/node_modules/fast-check/lib/esm/check/property/AsyncProperty.generic.js:46:28)
    at asyncRunIt (file:///E:/learn/projects/blog-frontend-vue/node_modules/fast-check/lib/esm/check/runner/Runner.js:33:21)
    at E:\learn\projects\blog-frontend-vue\src\test\properties\auth.property.test.ts:114:5
    at runTest (file:///E:/learn/projects/blog-frontend-vue/node_modules/@vitest/runner/dist/index.js:781:11) {
  isAxiosError: true,
  code: 'ERR_NETWORK',
  config: {
    transitional: {
      silentJSONParsing: true,
      forcedJSONParsing: true,
      clarifyTimeoutError: false
    },
    adapter: [ 'xhr', 'http', 'fetch' ],
    transformRequest: [ [Function: transformRequest] ],
    transformResponse: [ [Function: transformResponse] ],
    timeout: 10000,
    xsrfCookieName: 'XSRF-TOKEN',
    xsrfHeaderName: 'X-XSRF-TOKEN',
    maxContentLength: -1,
    maxBodyLength: -1,
    env: { FormData: [Function], Blob: [class Blob] },
    validateStatus: [Function: validateStatus],
    headers: Object [AxiosHeaders] {
      Accept: 'application/json',
      'Content-Type': 'application/json',
      'skip-auth': 'true',
      'X-Request-ID': 'req_1770361857945_h09g9nbsp',
      'X-Timestamp': '1770361857945'
    },
    baseURL: 'http://localhost:8000/api/v1',
    method: 'post',
    url: '/auth/refresh',
    data: '{"refreshToken":"vl$propertyIsEnumerable1vprop"}',
    allowAbsoluteUrls: true
  },
  request: XMLHttpRequest {},
  event: ProgressEvent { isTrusted: [Getter] }
}
Auto refresh token failed: AxiosError: Network Error
    at XMLHttpRequest.handleError (file:///E:/learn/projects/blog-frontend-vue/node_modules/axios/lib/adapters/xhr.js:112:20)
    at XMLHttpRequest.invokeTheCallbackFunction (E:\learn\projects\blog-frontend-vue\node_modules\jsdom\lib\jsdom\living\generated\EventHandlerNonNull.js:14:28)
    at XMLHttpRequest.<anonymous> (E:\learn\projects\blog-frontend-vue\node_modules\jsdom\lib\jsdom\living\helpers\create-event-accessor.js:35:32)
    at innerInvokeEventListeners (E:\learn\projects\blog-frontend-vue\node_modules\jsdom\lib\jsdom\living\events\EventTarget-impl.js:350:25)
    at invokeEventListeners (E:\learn\projects\blog-frontend-vue\node_modules\jsdom\lib\jsdom\living\events\EventTarget-impl.js:286:3)
    at XMLHttpRequestImpl._dispatch (E:\learn\projects\blog-frontend-vue\node_modules\jsdom\lib\jsdom\living\events\EventTarget-impl.js:233:9)
    at fireAnEvent (E:\learn\projects\blog-frontend-vue\node_modules\jsdom\lib\jsdom\living\helpers\events.js:18:36)
    at requestErrorSteps (E:\learn\projects\blog-frontend-vue\node_modules\jsdom\lib\jsdom\living\xhr\xhr-utils.js:131:3)
    at Object.dispatchError (E:\learn\projects\blog-frontend-vue\node_modules\jsdom\lib\jsdom\living\xhr\xhr-utils.js:60:3)
    at EventEmitter.<anonymous> (E:\learn\projects\blog-frontend-vue\node_modules\jsdom\lib\jsdom\living\xhr\XMLHttpRequest-impl.js:655:18)
    at Axios.request (file:///E:/learn/projects/blog-frontend-vue/node_modules/axios/lib/core/Axios.js:45:41)
    at processTicksAndRejections (node:internal/process/task_queues:105:5)
    at HttpClient.post (E:\learn\projects\blog-frontend-vue\src\utils\request.ts:289:22)
    at refreshAccessToken (E:\learn\projects\blog-frontend-vue\src\stores\auth.ts:405:24)
    at Proxy.initAuth (E:\learn\projects\blog-frontend-vue\src\stores\auth.ts:519:13)
    at E:\learn\projects\blog-frontend-vue\src\test\properties\auth.property.test.ts:133:11
    at AsyncProperty.run (file:///E:/learn/projects/blog-frontend-vue/node_modules/fast-check/lib/esm/check/property/AsyncProperty.generic.js:46:28)
    at asyncRunIt (file:///E:/learn/projects/blog-frontend-vue/node_modules/fast-check/lib/esm/check/runner/Runner.js:33:21)
    at E:\learn\projects\blog-frontend-vue\src\test\properties\auth.property.test.ts:114:5
    at runTest (file:///E:/learn/projects/blog-frontend-vue/node_modules/@vitest/runner/dist/index.js:781:11) {
  isAxiosError: true,
  code: 'ERR_NETWORK',
  config: {
    transitional: {
      silentJSONParsing: true,
      forcedJSONParsing: true,
      clarifyTimeoutError: false
    },
    adapter: [ 'xhr', 'http', 'fetch' ],
    transformRequest: [ [Function: transformRequest] ],
    transformResponse: [ [Function: transformResponse] ],
    timeout: 10000,
    xsrfCookieName: 'XSRF-TOKEN',
    xsrfHeaderName: 'X-XSRF-TOKEN',
    maxContentLength: -1,
    maxBodyLength: -1,
    env: { FormData: [Function], Blob: [class Blob] },
    validateStatus: [Function: validateStatus],
    headers: Object [AxiosHeaders] {
      Accept: 'application/json',
      'Content-Type': 'application/json',
      'skip-auth': 'true',
      'X-Request-ID': 'req_1770361857945_h09g9nbsp',
      'X-Timestamp': '1770361857945'
    },
    baseURL: 'http://localhost:8000/api/v1',
    method: 'post',
    url: '/auth/refresh',
    data: '{"refreshToken":"vl$propertyIsEnumerable1vprop"}',
    allowAbsoluteUrls: true
  },
  request: XMLHttpRequest {},
  event: ProgressEvent { isTrusted: [Getter] }
}

[90mstdout[2m | src/test/properties/auth.property.test.ts[2m > [22m[2m璁よ瘉灞炴€ф祴璇?[2m > [22m[2mProperty 1.1: Token Expiration Consistency[22m[39m
[HTTP Request] POST /auth/refresh {
  headers: Object [AxiosHeaders] {
    Accept: [32m'application/json'[39m,
    [32m'Content-Type'[39m: [32m'application/json'[39m,
    [32m'skip-auth'[39m: [32m'true'[39m,
    [32m'X-Request-ID'[39m: [32m'req_1770361857968_danzyp6fq'[39m,
    [32m'X-Timestamp'[39m: [32m'1770361857968'[39m
  },
  data: { refreshToken: [32m'9?%|A#t3fq);#"{y)#x8!j|Co%{#&!vzd%}?:'[39m },
  params: [90mundefined[39m
}

stderr | src/test/properties/auth.property.test.ts > 璁よ瘉灞炴€ф祴璇?[2m > Property 1.1: Token Expiration Consistency
Error: AggregateError
    at Object.dispatchError (E:\learn\projects\blog-frontend-vue\node_modules\jsdom\lib\jsdom\living\xhr\xhr-utils.js:63:19)
    at EventEmitter.<anonymous> (E:\learn\projects\blog-frontend-vue\node_modules\jsdom\lib\jsdom\living\xhr\XMLHttpRequest-impl.js:655:18)
    at EventEmitter.emit (node:events:520:35)
    at Request.<anonymous> (E:\learn\projects\blog-frontend-vue\node_modules\jsdom\lib\jsdom\living\xhr\xhr-utils.js:404:14)
    at Request.emit (node:events:508:28)
    at ClientRequest.<anonymous> (E:\learn\projects\blog-frontend-vue\node_modules\jsdom\lib\jsdom\living\helpers\http-request.js:127:14)
    at ClientRequest.emit (node:events:508:28)
    at emitErrorEvent (node:_http_client:107:11)
    at Socket.socketErrorListener (node:_http_client:574:5)
    at Socket.emit (node:events:508:28) undefined
[HTTP Response Error] {
  url: '/auth/refresh',
  status: undefined,
  data: undefined,
  message: 'Network Error'
}
Token refresh failed: AxiosError: Network Error
    at XMLHttpRequest.handleError (file:///E:/learn/projects/blog-frontend-vue/node_modules/axios/lib/adapters/xhr.js:112:20)
    at XMLHttpRequest.invokeTheCallbackFunction (E:\learn\projects\blog-frontend-vue\node_modules\jsdom\lib\jsdom\living\generated\EventHandlerNonNull.js:14:28)
    at XMLHttpRequest.<anonymous> (E:\learn\projects\blog-frontend-vue\node_modules\jsdom\lib\jsdom\living\helpers\create-event-accessor.js:35:32)
    at innerInvokeEventListeners (E:\learn\projects\blog-frontend-vue\node_modules\jsdom\lib\jsdom\living\events\EventTarget-impl.js:350:25)
    at invokeEventListeners (E:\learn\projects\blog-frontend-vue\node_modules\jsdom\lib\jsdom\living\events\EventTarget-impl.js:286:3)
    at XMLHttpRequestImpl._dispatch (E:\learn\projects\blog-frontend-vue\node_modules\jsdom\lib\jsdom\living\events\EventTarget-impl.js:233:9)
    at fireAnEvent (E:\learn\projects\blog-frontend-vue\node_modules\jsdom\lib\jsdom\living\helpers\events.js:18:36)
    at requestErrorSteps (E:\learn\projects\blog-frontend-vue\node_modules\jsdom\lib\jsdom\living\xhr\xhr-utils.js:131:3)
    at Object.dispatchError (E:\learn\projects\blog-frontend-vue\node_modules\jsdom\lib\jsdom\living\xhr\xhr-utils.js:60:3)
    at EventEmitter.<anonymous> (E:\learn\projects\blog-frontend-vue\node_modules\jsdom\lib\jsdom\living\xhr\XMLHttpRequest-impl.js:655:18)
    at Axios.request (file:///E:/learn/projects/blog-frontend-vue/node_modules/axios/lib/core/Axios.js:45:41)
    at processTicksAndRejections (node:internal/process/task_queues:105:5)
    at HttpClient.post (E:\learn\projects\blog-frontend-vue\src\utils\request.ts:289:22)
    at refreshAccessToken (E:\learn\projects\blog-frontend-vue\src\stores\auth.ts:405:24)
    at Proxy.initAuth (E:\learn\projects\blog-frontend-vue\src\stores\auth.ts:519:13)
    at E:\learn\projects\blog-frontend-vue\src\test\properties\auth.property.test.ts:133:11
    at AsyncProperty.run (file:///E:/learn/projects/blog-frontend-vue/node_modules/fast-check/lib/esm/check/property/AsyncProperty.generic.js:46:28)
    at asyncRunIt (file:///E:/learn/projects/blog-frontend-vue/node_modules/fast-check/lib/esm/check/runner/Runner.js:33:21)
    at E:\learn\projects\blog-frontend-vue\src\test\properties\auth.property.test.ts:114:5
    at runTest (file:///E:/learn/projects/blog-frontend-vue/node_modules/@vitest/runner/dist/index.js:781:11) {
  isAxiosError: true,
  code: 'ERR_NETWORK',
  config: {
    transitional: {
      silentJSONParsing: true,
      forcedJSONParsing: true,
      clarifyTimeoutError: false
    },
    adapter: [ 'xhr', 'http', 'fetch' ],
    transformRequest: [ [Function: transformRequest] ],
    transformResponse: [ [Function: transformResponse] ],
    timeout: 10000,
    xsrfCookieName: 'XSRF-TOKEN',
    xsrfHeaderName: 'X-XSRF-TOKEN',
    maxContentLength: -1,
    maxBodyLength: -1,
    env: { FormData: [Function], Blob: [class Blob] },
    validateStatus: [Function: validateStatus],
    headers: Object [AxiosHeaders] {
      Accept: 'application/json',
      'Content-Type': 'application/json',
      'skip-auth': 'true',
      'X-Request-ID': 'req_1770361857968_danzyp6fq',
      'X-Timestamp': '1770361857968'
    },
    baseURL: 'http://localhost:8000/api/v1',
    method: 'post',
    url: '/auth/refresh',
    data: '{"refreshToken":"9?%|A#t3fq);#\\"{y)#x8!j|Co%{#&!vzd%}?:"}',
    allowAbsoluteUrls: true
  },
  request: XMLHttpRequest {},
  event: ProgressEvent { isTrusted: [Getter] }
}
Auto refresh token failed: AxiosError: Network Error
    at XMLHttpRequest.handleError (file:///E:/learn/projects/blog-frontend-vue/node_modules/axios/lib/adapters/xhr.js:112:20)
    at XMLHttpRequest.invokeTheCallbackFunction (E:\learn\projects\blog-frontend-vue\node_modules\jsdom\lib\jsdom\living\generated\EventHandlerNonNull.js:14:28)
    at XMLHttpRequest.<anonymous> (E:\learn\projects\blog-frontend-vue\node_modules\jsdom\lib\jsdom\living\helpers\create-event-accessor.js:35:32)
    at innerInvokeEventListeners (E:\learn\projects\blog-frontend-vue\node_modules\jsdom\lib\jsdom\living\events\EventTarget-impl.js:350:25)
    at invokeEventListeners (E:\learn\projects\blog-frontend-vue\node_modules\jsdom\lib\jsdom\living\events\EventTarget-impl.js:286:3)
    at XMLHttpRequestImpl._dispatch (E:\learn\projects\blog-frontend-vue\node_modules\jsdom\lib\jsdom\living\events\EventTarget-impl.js:233:9)
    at fireAnEvent (E:\learn\projects\blog-frontend-vue\node_modules\jsdom\lib\jsdom\living\helpers\events.js:18:36)
    at requestErrorSteps (E:\learn\projects\blog-frontend-vue\node_modules\jsdom\lib\jsdom\living\xhr\xhr-utils.js:131:3)
    at Object.dispatchError (E:\learn\projects\blog-frontend-vue\node_modules\jsdom\lib\jsdom\living\xhr\xhr-utils.js:60:3)
    at EventEmitter.<anonymous> (E:\learn\projects\blog-frontend-vue\node_modules\jsdom\lib\jsdom\living\xhr\XMLHttpRequest-impl.js:655:18)
    at Axios.request (file:///E:/learn/projects/blog-frontend-vue/node_modules/axios/lib/core/Axios.js:45:41)
    at processTicksAndRejections (node:internal/process/task_queues:105:5)
    at HttpClient.post (E:\learn\projects\blog-frontend-vue\src\utils\request.ts:289:22)
    at refreshAccessToken (E:\learn\projects\blog-frontend-vue\src\stores\auth.ts:405:24)
    at Proxy.initAuth (E:\learn\projects\blog-frontend-vue\src\stores\auth.ts:519:13)
    at E:\learn\projects\blog-frontend-vue\src\test\properties\auth.property.test.ts:133:11
    at AsyncProperty.run (file:///E:/learn/projects/blog-frontend-vue/node_modules/fast-check/lib/esm/check/property/AsyncProperty.generic.js:46:28)
    at asyncRunIt (file:///E:/learn/projects/blog-frontend-vue/node_modules/fast-check/lib/esm/check/runner/Runner.js:33:21)
    at E:\learn\projects\blog-frontend-vue\src\test\properties\auth.property.test.ts:114:5
    at runTest (file:///E:/learn/projects/blog-frontend-vue/node_modules/@vitest/runner/dist/index.js:781:11) {
  isAxiosError: true,
  code: 'ERR_NETWORK',
  config: {
    transitional: {
      silentJSONParsing: true,
      forcedJSONParsing: true,
      clarifyTimeoutError: false
    },
    adapter: [ 'xhr', 'http', 'fetch' ],
    transformRequest: [ [Function: transformRequest] ],
    transformResponse: [ [Function: transformResponse] ],
    timeout: 10000,
    xsrfCookieName: 'XSRF-TOKEN',
    xsrfHeaderName: 'X-XSRF-TOKEN',
    maxContentLength: -1,
    maxBodyLength: -1,
    env: { FormData: [Function], Blob: [class Blob] },
    validateStatus: [Function: validateStatus],
    headers: Object [AxiosHeaders] {
      Accept: 'application/json',
      'Content-Type': 'application/json',
      'skip-auth': 'true',
      'X-Request-ID': 'req_1770361857968_danzyp6fq',
      'X-Timestamp': '1770361857968'
    },
    baseURL: 'http://localhost:8000/api/v1',
    method: 'post',
    url: '/auth/refresh',
    data: '{"refreshToken":"9?%|A#t3fq);#\\"{y)#x8!j|Co%{#&!vzd%}?:"}',
    allowAbsoluteUrls: true
  },
  request: XMLHttpRequest {},
  event: ProgressEvent { isTrusted: [Getter] }
}

[90mstdout[2m | src/test/properties/auth.property.test.ts[2m > [22m[2m璁よ瘉灞炴€ф祴璇?[2m > [22m[2mProperty 1.1: Token Expiration Consistency[22m[39m
[HTTP Request] POST /auth/refresh {
  headers: Object [AxiosHeaders] {
    Accept: [32m'application/json'[39m,
    [32m'Content-Type'[39m: [32m'application/json'[39m,
    [32m'skip-auth'[39m: [32m'true'[39m,
    [32m'X-Request-ID'[39m: [32m'req_1770361857985_58aon36h6'[39m,
    [32m'X-Timestamp'[39m: [32m'1770361857985'[39m
  },
  data: { refreshToken: [32m'6Ez`z5u$_)7ELi>}t"PdHKY^r.s?E'[39m },
  params: [90mundefined[39m
}

stderr | src/test/properties/auth.property.test.ts > 璁よ瘉灞炴€ф祴璇?[2m > Property 1.1: Token Expiration Consistency
Error: AggregateError
    at Object.dispatchError (E:\learn\projects\blog-frontend-vue\node_modules\jsdom\lib\jsdom\living\xhr\xhr-utils.js:63:19)
    at EventEmitter.<anonymous> (E:\learn\projects\blog-frontend-vue\node_modules\jsdom\lib\jsdom\living\xhr\XMLHttpRequest-impl.js:655:18)
    at EventEmitter.emit (node:events:520:35)
    at Request.<anonymous> (E:\learn\projects\blog-frontend-vue\node_modules\jsdom\lib\jsdom\living\xhr\xhr-utils.js:404:14)
    at Request.emit (node:events:508:28)
    at ClientRequest.<anonymous> (E:\learn\projects\blog-frontend-vue\node_modules\jsdom\lib\jsdom\living\helpers\http-request.js:127:14)
    at ClientRequest.emit (node:events:508:28)
    at emitErrorEvent (node:_http_client:107:11)
    at Socket.socketErrorListener (node:_http_client:574:5)
    at Socket.emit (node:events:508:28) undefined
[HTTP Response Error] {
  url: '/auth/refresh',
  status: undefined,
  data: undefined,
  message: 'Network Error'
}
Token refresh failed: AxiosError: Network Error
    at XMLHttpRequest.handleError (file:///E:/learn/projects/blog-frontend-vue/node_modules/axios/lib/adapters/xhr.js:112:20)
    at XMLHttpRequest.invokeTheCallbackFunction (E:\learn\projects\blog-frontend-vue\node_modules\jsdom\lib\jsdom\living\generated\EventHandlerNonNull.js:14:28)
    at XMLHttpRequest.<anonymous> (E:\learn\projects\blog-frontend-vue\node_modules\jsdom\lib\jsdom\living\helpers\create-event-accessor.js:35:32)
    at innerInvokeEventListeners (E:\learn\projects\blog-frontend-vue\node_modules\jsdom\lib\jsdom\living\events\EventTarget-impl.js:350:25)
    at invokeEventListeners (E:\learn\projects\blog-frontend-vue\node_modules\jsdom\lib\jsdom\living\events\EventTarget-impl.js:286:3)
    at XMLHttpRequestImpl._dispatch (E:\learn\projects\blog-frontend-vue\node_modules\jsdom\lib\jsdom\living\events\EventTarget-impl.js:233:9)
    at fireAnEvent (E:\learn\projects\blog-frontend-vue\node_modules\jsdom\lib\jsdom\living\helpers\events.js:18:36)
    at requestErrorSteps (E:\learn\projects\blog-frontend-vue\node_modules\jsdom\lib\jsdom\living\xhr\xhr-utils.js:131:3)
    at Object.dispatchError (E:\learn\projects\blog-frontend-vue\node_modules\jsdom\lib\jsdom\living\xhr\xhr-utils.js:60:3)
    at EventEmitter.<anonymous> (E:\learn\projects\blog-frontend-vue\node_modules\jsdom\lib\jsdom\living\xhr\XMLHttpRequest-impl.js:655:18)
    at Axios.request (file:///E:/learn/projects/blog-frontend-vue/node_modules/axios/lib/core/Axios.js:45:41)
    at processTicksAndRejections (node:internal/process/task_queues:105:5)
    at HttpClient.post (E:\learn\projects\blog-frontend-vue\src\utils\request.ts:289:22)
    at refreshAccessToken (E:\learn\projects\blog-frontend-vue\src\stores\auth.ts:405:24)
    at Proxy.initAuth (E:\learn\projects\blog-frontend-vue\src\stores\auth.ts:519:13)
    at E:\learn\projects\blog-frontend-vue\src\test\properties\auth.property.test.ts:133:11
    at AsyncProperty.run (file:///E:/learn/projects/blog-frontend-vue/node_modules/fast-check/lib/esm/check/property/AsyncProperty.generic.js:46:28)
    at asyncRunIt (file:///E:/learn/projects/blog-frontend-vue/node_modules/fast-check/lib/esm/check/runner/Runner.js:33:21)
    at E:\learn\projects\blog-frontend-vue\src\test\properties\auth.property.test.ts:114:5
    at runTest (file:///E:/learn/projects/blog-frontend-vue/node_modules/@vitest/runner/dist/index.js:781:11) {
  isAxiosError: true,
  code: 'ERR_NETWORK',
  config: {
    transitional: {
      silentJSONParsing: true,
      forcedJSONParsing: true,
      clarifyTimeoutError: false
    },
    adapter: [ 'xhr', 'http', 'fetch' ],
    transformRequest: [ [Function: transformRequest] ],
    transformResponse: [ [Function: transformResponse] ],
    timeout: 10000,
    xsrfCookieName: 'XSRF-TOKEN',
    xsrfHeaderName: 'X-XSRF-TOKEN',
    maxContentLength: -1,
    maxBodyLength: -1,
    env: { FormData: [Function], Blob: [class Blob] },
    validateStatus: [Function: validateStatus],
    headers: Object [AxiosHeaders] {
      Accept: 'application/json',
      'Content-Type': 'application/json',
      'skip-auth': 'true',
      'X-Request-ID': 'req_1770361857985_58aon36h6',
      'X-Timestamp': '1770361857985'
    },
    baseURL: 'http://localhost:8000/api/v1',
    method: 'post',
    url: '/auth/refresh',
    data: '{"refreshToken":"6Ez`z5u$_)7ELi>}t\\"PdHKY^r.s?E"}',
    allowAbsoluteUrls: true
  },
  request: XMLHttpRequest {},
  event: ProgressEvent { isTrusted: [Getter] }
}
Auto refresh token failed: AxiosError: Network Error
    at XMLHttpRequest.handleError (file:///E:/learn/projects/blog-frontend-vue/node_modules/axios/lib/adapters/xhr.js:112:20)
    at XMLHttpRequest.invokeTheCallbackFunction (E:\learn\projects\blog-frontend-vue\node_modules\jsdom\lib\jsdom\living\generated\EventHandlerNonNull.js:14:28)
    at XMLHttpRequest.<anonymous> (E:\learn\projects\blog-frontend-vue\node_modules\jsdom\lib\jsdom\living\helpers\create-event-accessor.js:35:32)
    at innerInvokeEventListeners (E:\learn\projects\blog-frontend-vue\node_modules\jsdom\lib\jsdom\living\events\EventTarget-impl.js:350:25)
    at invokeEventListeners (E:\learn\projects\blog-frontend-vue\node_modules\jsdom\lib\jsdom\living\events\EventTarget-impl.js:286:3)
    at XMLHttpRequestImpl._dispatch (E:\learn\projects\blog-frontend-vue\node_modules\jsdom\lib\jsdom\living\events\EventTarget-impl.js:233:9)
    at fireAnEvent (E:\learn\projects\blog-frontend-vue\node_modules\jsdom\lib\jsdom\living\helpers\events.js:18:36)
    at requestErrorSteps (E:\learn\projects\blog-frontend-vue\node_modules\jsdom\lib\jsdom\living\xhr\xhr-utils.js:131:3)
    at Object.dispatchError (E:\learn\projects\blog-frontend-vue\node_modules\jsdom\lib\jsdom\living\xhr\xhr-utils.js:60:3)
    at EventEmitter.<anonymous> (E:\learn\projects\blog-frontend-vue\node_modules\jsdom\lib\jsdom\living\xhr\XMLHttpRequest-impl.js:655:18)
    at Axios.request (file:///E:/learn/projects/blog-frontend-vue/node_modules/axios/lib/core/Axios.js:45:41)
    at processTicksAndRejections (node:internal/process/task_queues:105:5)
    at HttpClient.post (E:\learn\projects\blog-frontend-vue\src\utils\request.ts:289:22)
    at refreshAccessToken (E:\learn\projects\blog-frontend-vue\src\stores\auth.ts:405:24)
    at Proxy.initAuth (E:\learn\projects\blog-frontend-vue\src\stores\auth.ts:519:13)
    at E:\learn\projects\blog-frontend-vue\src\test\properties\auth.property.test.ts:133:11
    at AsyncProperty.run (file:///E:/learn/projects/blog-frontend-vue/node_modules/fast-check/lib/esm/check/property/AsyncProperty.generic.js:46:28)
    at asyncRunIt (file:///E:/learn/projects/blog-frontend-vue/node_modules/fast-check/lib/esm/check/runner/Runner.js:33:21)
    at E:\learn\projects\blog-frontend-vue\src\test\properties\auth.property.test.ts:114:5
    at runTest (file:///E:/learn/projects/blog-frontend-vue/node_modules/@vitest/runner/dist/index.js:781:11) {
  isAxiosError: true,
  code: 'ERR_NETWORK',
  config: {
    transitional: {
      silentJSONParsing: true,
      forcedJSONParsing: true,
      clarifyTimeoutError: false
    },
    adapter: [ 'xhr', 'http', 'fetch' ],
    transformRequest: [ [Function: transformRequest] ],
    transformResponse: [ [Function: transformResponse] ],
    timeout: 10000,
    xsrfCookieName: 'XSRF-TOKEN',
    xsrfHeaderName: 'X-XSRF-TOKEN',
    maxContentLength: -1,
    maxBodyLength: -1,
    env: { FormData: [Function], Blob: [class Blob] },
    validateStatus: [Function: validateStatus],
    headers: Object [AxiosHeaders] {
      Accept: 'application/json',
      'Content-Type': 'application/json',
      'skip-auth': 'true',
      'X-Request-ID': 'req_1770361857985_58aon36h6',
      'X-Timestamp': '1770361857985'
    },
    baseURL: 'http://localhost:8000/api/v1',
    method: 'post',
    url: '/auth/refresh',
    data: '{"refreshToken":"6Ez`z5u$_)7ELi>}t\\"PdHKY^r.s?E"}',
    allowAbsoluteUrls: true
  },
  request: XMLHttpRequest {},
  event: ProgressEvent { isTrusted: [Getter] }
}

[90mstdout[2m | src/test/properties/auth.property.test.ts[2m > [22m[2m璁よ瘉灞炴€ф祴璇?[2m > [22m[2mProperty 1.1: Token Expiration Consistency[22m[39m
[HTTP Request] POST /auth/refresh {
  headers: Object [AxiosHeaders] {
    Accept: [32m'application/json'[39m,
    [32m'Content-Type'[39m: [32m'application/json'[39m,
    [32m'skip-auth'[39m: [32m'true'[39m,
    [32m'X-Request-ID'[39m: [32m'req_1770361857995_z28wd4u3y'[39m,
    [32m'X-Timestamp'[39m: [32m'1770361857995'[39m
  },
  data: { refreshToken: [32m'#_xW`"W00~j~.N#z|zPHTkx.9p'[39m },
  params: [90mundefined[39m
}

stderr | src/test/properties/auth.property.test.ts > 璁よ瘉灞炴€ф祴璇?[2m > Property 1.1: Token Expiration Consistency
Error: AggregateError
    at Object.dispatchError (E:\learn\projects\blog-frontend-vue\node_modules\jsdom\lib\jsdom\living\xhr\xhr-utils.js:63:19)
    at EventEmitter.<anonymous> (E:\learn\projects\blog-frontend-vue\node_modules\jsdom\lib\jsdom\living\xhr\XMLHttpRequest-impl.js:655:18)
    at EventEmitter.emit (node:events:520:35)
    at Request.<anonymous> (E:\learn\projects\blog-frontend-vue\node_modules\jsdom\lib\jsdom\living\xhr\xhr-utils.js:404:14)
    at Request.emit (node:events:508:28)
    at ClientRequest.<anonymous> (E:\learn\projects\blog-frontend-vue\node_modules\jsdom\lib\jsdom\living\helpers\http-request.js:127:14)
    at ClientRequest.emit (node:events:508:28)
    at emitErrorEvent (node:_http_client:107:11)
    at Socket.socketErrorListener (node:_http_client:574:5)
    at Socket.emit (node:events:508:28) undefined
[HTTP Response Error] {
  url: '/auth/refresh',
  status: undefined,
  data: undefined,
  message: 'Network Error'
}
Token refresh failed: AxiosError: Network Error
    at XMLHttpRequest.handleError (file:///E:/learn/projects/blog-frontend-vue/node_modules/axios/lib/adapters/xhr.js:112:20)
    at XMLHttpRequest.invokeTheCallbackFunction (E:\learn\projects\blog-frontend-vue\node_modules\jsdom\lib\jsdom\living\generated\EventHandlerNonNull.js:14:28)
    at XMLHttpRequest.<anonymous> (E:\learn\projects\blog-frontend-vue\node_modules\jsdom\lib\jsdom\living\helpers\create-event-accessor.js:35:32)
    at innerInvokeEventListeners (E:\learn\projects\blog-frontend-vue\node_modules\jsdom\lib\jsdom\living\events\EventTarget-impl.js:350:25)
    at invokeEventListeners (E:\learn\projects\blog-frontend-vue\node_modules\jsdom\lib\jsdom\living\events\EventTarget-impl.js:286:3)
    at XMLHttpRequestImpl._dispatch (E:\learn\projects\blog-frontend-vue\node_modules\jsdom\lib\jsdom\living\events\EventTarget-impl.js:233:9)
    at fireAnEvent (E:\learn\projects\blog-frontend-vue\node_modules\jsdom\lib\jsdom\living\helpers\events.js:18:36)
    at requestErrorSteps (E:\learn\projects\blog-frontend-vue\node_modules\jsdom\lib\jsdom\living\xhr\xhr-utils.js:131:3)
    at Object.dispatchError (E:\learn\projects\blog-frontend-vue\node_modules\jsdom\lib\jsdom\living\xhr\xhr-utils.js:60:3)
    at EventEmitter.<anonymous> (E:\learn\projects\blog-frontend-vue\node_modules\jsdom\lib\jsdom\living\xhr\XMLHttpRequest-impl.js:655:18)
    at Axios.request (file:///E:/learn/projects/blog-frontend-vue/node_modules/axios/lib/core/Axios.js:45:41)
    at processTicksAndRejections (node:internal/process/task_queues:105:5)
    at HttpClient.post (E:\learn\projects\blog-frontend-vue\src\utils\request.ts:289:22)
    at refreshAccessToken (E:\learn\projects\blog-frontend-vue\src\stores\auth.ts:405:24)
    at Proxy.initAuth (E:\learn\projects\blog-frontend-vue\src\stores\auth.ts:519:13)
    at E:\learn\projects\blog-frontend-vue\src\test\properties\auth.property.test.ts:133:11
    at AsyncProperty.run (file:///E:/learn/projects/blog-frontend-vue/node_modules/fast-check/lib/esm/check/property/AsyncProperty.generic.js:46:28)
    at asyncRunIt (file:///E:/learn/projects/blog-frontend-vue/node_modules/fast-check/lib/esm/check/runner/Runner.js:33:21)
    at E:\learn\projects\blog-frontend-vue\src\test\properties\auth.property.test.ts:114:5
    at runTest (file:///E:/learn/projects/blog-frontend-vue/node_modules/@vitest/runner/dist/index.js:781:11) {
  isAxiosError: true,
  code: 'ERR_NETWORK',
  config: {
    transitional: {
      silentJSONParsing: true,
      forcedJSONParsing: true,
      clarifyTimeoutError: false
    },
    adapter: [ 'xhr', 'http', 'fetch' ],
    transformRequest: [ [Function: transformRequest] ],
    transformResponse: [ [Function: transformResponse] ],
    timeout: 10000,
    xsrfCookieName: 'XSRF-TOKEN',
    xsrfHeaderName: 'X-XSRF-TOKEN',
    maxContentLength: -1,
    maxBodyLength: -1,
    env: { FormData: [Function], Blob: [class Blob] },
    validateStatus: [Function: validateStatus],
    headers: Object [AxiosHeaders] {
      Accept: 'application/json',
      'Content-Type': 'application/json',
      'skip-auth': 'true',
      'X-Request-ID': 'req_1770361857995_z28wd4u3y',
      'X-Timestamp': '1770361857995'
    },
    baseURL: 'http://localhost:8000/api/v1',
    method: 'post',
    url: '/auth/refresh',
    data: '{"refreshToken":"#_xW`\\"W00~j~.N#z|zPHTkx.9p"}',
    allowAbsoluteUrls: true
  },
  request: XMLHttpRequest {},
  event: ProgressEvent { isTrusted: [Getter] }
}
Auto refresh token failed: AxiosError: Network Error
    at XMLHttpRequest.handleError (file:///E:/learn/projects/blog-frontend-vue/node_modules/axios/lib/adapters/xhr.js:112:20)
    at XMLHttpRequest.invokeTheCallbackFunction (E:\learn\projects\blog-frontend-vue\node_modules\jsdom\lib\jsdom\living\generated\EventHandlerNonNull.js:14:28)
    at XMLHttpRequest.<anonymous> (E:\learn\projects\blog-frontend-vue\node_modules\jsdom\lib\jsdom\living\helpers\create-event-accessor.js:35:32)
    at innerInvokeEventListeners (E:\learn\projects\blog-frontend-vue\node_modules\jsdom\lib\jsdom\living\events\EventTarget-impl.js:350:25)
    at invokeEventListeners (E:\learn\projects\blog-frontend-vue\node_modules\jsdom\lib\jsdom\living\events\EventTarget-impl.js:286:3)
    at XMLHttpRequestImpl._dispatch (E:\learn\projects\blog-frontend-vue\node_modules\jsdom\lib\jsdom\living\events\EventTarget-impl.js:233:9)
    at fireAnEvent (E:\learn\projects\blog-frontend-vue\node_modules\jsdom\lib\jsdom\living\helpers\events.js:18:36)
    at requestErrorSteps (E:\learn\projects\blog-frontend-vue\node_modules\jsdom\lib\jsdom\living\xhr\xhr-utils.js:131:3)
    at Object.dispatchError (E:\learn\projects\blog-frontend-vue\node_modules\jsdom\lib\jsdom\living\xhr\xhr-utils.js:60:3)
    at EventEmitter.<anonymous> (E:\learn\projects\blog-frontend-vue\node_modules\jsdom\lib\jsdom\living\xhr\XMLHttpRequest-impl.js:655:18)
    at Axios.request (file:///E:/learn/projects/blog-frontend-vue/node_modules/axios/lib/core/Axios.js:45:41)
    at processTicksAndRejections (node:internal/process/task_queues:105:5)
    at HttpClient.post (E:\learn\projects\blog-frontend-vue\src\utils\request.ts:289:22)
    at refreshAccessToken (E:\learn\projects\blog-frontend-vue\src\stores\auth.ts:405:24)
    at Proxy.initAuth (E:\learn\projects\blog-frontend-vue\src\stores\auth.ts:519:13)
    at E:\learn\projects\blog-frontend-vue\src\test\properties\auth.property.test.ts:133:11
    at AsyncProperty.run (file:///E:/learn/projects/blog-frontend-vue/node_modules/fast-check/lib/esm/check/property/AsyncProperty.generic.js:46:28)
    at asyncRunIt (file:///E:/learn/projects/blog-frontend-vue/node_modules/fast-check/lib/esm/check/runner/Runner.js:33:21)
    at E:\learn\projects\blog-frontend-vue\src\test\properties\auth.property.test.ts:114:5
    at runTest (file:///E:/learn/projects/blog-frontend-vue/node_modules/@vitest/runner/dist/index.js:781:11) {
  isAxiosError: true,
  code: 'ERR_NETWORK',
  config: {
    transitional: {
      silentJSONParsing: true,
      forcedJSONParsing: true,
      clarifyTimeoutError: false
    },
    adapter: [ 'xhr', 'http', 'fetch' ],
    transformRequest: [ [Function: transformRequest] ],
    transformResponse: [ [Function: transformResponse] ],
    timeout: 10000,
    xsrfCookieName: 'XSRF-TOKEN',
    xsrfHeaderName: 'X-XSRF-TOKEN',
    maxContentLength: -1,
    maxBodyLength: -1,
    env: { FormData: [Function], Blob: [class Blob] },
    validateStatus: [Function: validateStatus],
    headers: Object [AxiosHeaders] {
      Accept: 'application/json',
      'Content-Type': 'application/json',
      'skip-auth': 'true',
      'X-Request-ID': 'req_1770361857995_z28wd4u3y',
      'X-Timestamp': '1770361857995'
    },
    baseURL: 'http://localhost:8000/api/v1',
    method: 'post',
    url: '/auth/refresh',
    data: '{"refreshToken":"#_xW`\\"W00~j~.N#z|zPHTkx.9p"}',
    allowAbsoluteUrls: true
  },
  request: XMLHttpRequest {},
  event: ProgressEvent { isTrusted: [Getter] }
}

[90mstdout[2m | src/test/properties/auth.property.test.ts[2m > [22m[2m璁よ瘉灞炴€ф祴璇?[2m > [22m[2mProperty 1.1: Token Expiration Consistency[22m[39m
[HTTP Request] POST /auth/refresh {
  headers: Object [AxiosHeaders] {
    Accept: [32m'application/json'[39m,
    [32m'Content-Type'[39m: [32m'application/json'[39m,
    [32m'skip-auth'[39m: [32m'true'[39m,
    [32m'X-Request-ID'[39m: [32m'req_1770361858009_tuaixhid4'[39m,
    [32m'X-Timestamp'[39m: [32m'1770361858009'[39m
  },
  data: { refreshToken: [32m"cTU2V'avrHqsJ[5pWN5.QUGDXN4G2TGzf\\:AZsw^"[39m },
  params: [90mundefined[39m
}

stderr | src/test/properties/auth.property.test.ts > 璁よ瘉灞炴€ф祴璇?[2m > Property 1.1: Token Expiration Consistency
Error: AggregateError
    at Object.dispatchError (E:\learn\projects\blog-frontend-vue\node_modules\jsdom\lib\jsdom\living\xhr\xhr-utils.js:63:19)
    at EventEmitter.<anonymous> (E:\learn\projects\blog-frontend-vue\node_modules\jsdom\lib\jsdom\living\xhr\XMLHttpRequest-impl.js:655:18)
    at EventEmitter.emit (node:events:520:35)
    at Request.<anonymous> (E:\learn\projects\blog-frontend-vue\node_modules\jsdom\lib\jsdom\living\xhr\xhr-utils.js:404:14)
    at Request.emit (node:events:508:28)
    at ClientRequest.<anonymous> (E:\learn\projects\blog-frontend-vue\node_modules\jsdom\lib\jsdom\living\helpers\http-request.js:127:14)
    at ClientRequest.emit (node:events:508:28)
    at emitErrorEvent (node:_http_client:107:11)
    at Socket.socketErrorListener (node:_http_client:574:5)
    at Socket.emit (node:events:508:28) undefined
[HTTP Response Error] {
  url: '/auth/refresh',
  status: undefined,
  data: undefined,
  message: 'Network Error'
}
Token refresh failed: AxiosError: Network Error
    at XMLHttpRequest.handleError (file:///E:/learn/projects/blog-frontend-vue/node_modules/axios/lib/adapters/xhr.js:112:20)
    at XMLHttpRequest.invokeTheCallbackFunction (E:\learn\projects\blog-frontend-vue\node_modules\jsdom\lib\jsdom\living\generated\EventHandlerNonNull.js:14:28)
    at XMLHttpRequest.<anonymous> (E:\learn\projects\blog-frontend-vue\node_modules\jsdom\lib\jsdom\living\helpers\create-event-accessor.js:35:32)
    at innerInvokeEventListeners (E:\learn\projects\blog-frontend-vue\node_modules\jsdom\lib\jsdom\living\events\EventTarget-impl.js:350:25)
    at invokeEventListeners (E:\learn\projects\blog-frontend-vue\node_modules\jsdom\lib\jsdom\living\events\EventTarget-impl.js:286:3)
    at XMLHttpRequestImpl._dispatch (E:\learn\projects\blog-frontend-vue\node_modules\jsdom\lib\jsdom\living\events\EventTarget-impl.js:233:9)
    at fireAnEvent (E:\learn\projects\blog-frontend-vue\node_modules\jsdom\lib\jsdom\living\helpers\events.js:18:36)
    at requestErrorSteps (E:\learn\projects\blog-frontend-vue\node_modules\jsdom\lib\jsdom\living\xhr\xhr-utils.js:131:3)
    at Object.dispatchError (E:\learn\projects\blog-frontend-vue\node_modules\jsdom\lib\jsdom\living\xhr\xhr-utils.js:60:3)
    at EventEmitter.<anonymous> (E:\learn\projects\blog-frontend-vue\node_modules\jsdom\lib\jsdom\living\xhr\XMLHttpRequest-impl.js:655:18)
    at Axios.request (file:///E:/learn/projects/blog-frontend-vue/node_modules/axios/lib/core/Axios.js:45:41)
    at processTicksAndRejections (node:internal/process/task_queues:105:5)
    at HttpClient.post (E:\learn\projects\blog-frontend-vue\src\utils\request.ts:289:22)
    at refreshAccessToken (E:\learn\projects\blog-frontend-vue\src\stores\auth.ts:405:24)
    at Proxy.initAuth (E:\learn\projects\blog-frontend-vue\src\stores\auth.ts:519:13)
    at E:\learn\projects\blog-frontend-vue\src\test\properties\auth.property.test.ts:133:11
    at AsyncProperty.run (file:///E:/learn/projects/blog-frontend-vue/node_modules/fast-check/lib/esm/check/property/AsyncProperty.generic.js:46:28)
    at asyncRunIt (file:///E:/learn/projects/blog-frontend-vue/node_modules/fast-check/lib/esm/check/runner/Runner.js:33:21)
    at E:\learn\projects\blog-frontend-vue\src\test\properties\auth.property.test.ts:114:5
    at runTest (file:///E:/learn/projects/blog-frontend-vue/node_modules/@vitest/runner/dist/index.js:781:11) {
  isAxiosError: true,
  code: 'ERR_NETWORK',
  config: {
    transitional: {
      silentJSONParsing: true,
      forcedJSONParsing: true,
      clarifyTimeoutError: false
    },
    adapter: [ 'xhr', 'http', 'fetch' ],
    transformRequest: [ [Function: transformRequest] ],
    transformResponse: [ [Function: transformResponse] ],
    timeout: 10000,
    xsrfCookieName: 'XSRF-TOKEN',
    xsrfHeaderName: 'X-XSRF-TOKEN',
    maxContentLength: -1,
    maxBodyLength: -1,
    env: { FormData: [Function], Blob: [class Blob] },
    validateStatus: [Function: validateStatus],
    headers: Object [AxiosHeaders] {
      Accept: 'application/json',
      'Content-Type': 'application/json',
      'skip-auth': 'true',
      'X-Request-ID': 'req_1770361858009_tuaixhid4',
      'X-Timestamp': '1770361858009'
    },
    baseURL: 'http://localhost:8000/api/v1',
    method: 'post',
    url: '/auth/refresh',
    data: `{"refreshToken":"cTU2V'avrHqsJ[5pWN5.QUGDXN4G2TGzf\\\\:AZsw^"}`,
    allowAbsoluteUrls: true
  },
  request: XMLHttpRequest {},
  event: ProgressEvent { isTrusted: [Getter] }
}
Auto refresh token failed: AxiosError: Network Error
    at XMLHttpRequest.handleError (file:///E:/learn/projects/blog-frontend-vue/node_modules/axios/lib/adapters/xhr.js:112:20)
    at XMLHttpRequest.invokeTheCallbackFunction (E:\learn\projects\blog-frontend-vue\node_modules\jsdom\lib\jsdom\living\generated\EventHandlerNonNull.js:14:28)
    at XMLHttpRequest.<anonymous> (E:\learn\projects\blog-frontend-vue\node_modules\jsdom\lib\jsdom\living\helpers\create-event-accessor.js:35:32)
    at innerInvokeEventListeners (E:\learn\projects\blog-frontend-vue\node_modules\jsdom\lib\jsdom\living\events\EventTarget-impl.js:350:25)
    at invokeEventListeners (E:\learn\projects\blog-frontend-vue\node_modules\jsdom\lib\jsdom\living\events\EventTarget-impl.js:286:3)
    at XMLHttpRequestImpl._dispatch (E:\learn\projects\blog-frontend-vue\node_modules\jsdom\lib\jsdom\living\events\EventTarget-impl.js:233:9)
    at fireAnEvent (E:\learn\projects\blog-frontend-vue\node_modules\jsdom\lib\jsdom\living\helpers\events.js:18:36)
    at requestErrorSteps (E:\learn\projects\blog-frontend-vue\node_modules\jsdom\lib\jsdom\living\xhr\xhr-utils.js:131:3)
    at Object.dispatchError (E:\learn\projects\blog-frontend-vue\node_modules\jsdom\lib\jsdom\living\xhr\xhr-utils.js:60:3)
    at EventEmitter.<anonymous> (E:\learn\projects\blog-frontend-vue\node_modules\jsdom\lib\jsdom\living\xhr\XMLHttpRequest-impl.js:655:18)
    at Axios.request (file:///E:/learn/projects/blog-frontend-vue/node_modules/axios/lib/core/Axios.js:45:41)
    at processTicksAndRejections (node:internal/process/task_queues:105:5)
    at HttpClient.post (E:\learn\projects\blog-frontend-vue\src\utils\request.ts:289:22)
    at refreshAccessToken (E:\learn\projects\blog-frontend-vue\src\stores\auth.ts:405:24)
    at Proxy.initAuth (E:\learn\projects\blog-frontend-vue\src\stores\auth.ts:519:13)
    at E:\learn\projects\blog-frontend-vue\src\test\properties\auth.property.test.ts:133:11
    at AsyncProperty.run (file:///E:/learn/projects/blog-frontend-vue/node_modules/fast-check/lib/esm/check/property/AsyncProperty.generic.js:46:28)
    at asyncRunIt (file:///E:/learn/projects/blog-frontend-vue/node_modules/fast-check/lib/esm/check/runner/Runner.js:33:21)
    at E:\learn\projects\blog-frontend-vue\src\test\properties\auth.property.test.ts:114:5
    at runTest (file:///E:/learn/projects/blog-frontend-vue/node_modules/@vitest/runner/dist/index.js:781:11) {
  isAxiosError: true,
  code: 'ERR_NETWORK',
  config: {
    transitional: {
      silentJSONParsing: true,
      forcedJSONParsing: true,
      clarifyTimeoutError: false
    },
    adapter: [ 'xhr', 'http', 'fetch' ],
    transformRequest: [ [Function: transformRequest] ],
    transformResponse: [ [Function: transformResponse] ],
    timeout: 10000,
    xsrfCookieName: 'XSRF-TOKEN',
    xsrfHeaderName: 'X-XSRF-TOKEN',
    maxContentLength: -1,
    maxBodyLength: -1,
    env: { FormData: [Function], Blob: [class Blob] },
    validateStatus: [Function: validateStatus],
    headers: Object [AxiosHeaders] {
      Accept: 'application/json',
      'Content-Type': 'application/json',
      'skip-auth': 'true',
      'X-Request-ID': 'req_1770361858009_tuaixhid4',
      'X-Timestamp': '1770361858009'
    },
    baseURL: 'http://localhost:8000/api/v1',
    method: 'post',
    url: '/auth/refresh',
    data: `{"refreshToken":"cTU2V'avrHqsJ[5pWN5.QUGDXN4G2TGzf\\\\:AZsw^"}`,
    allowAbsoluteUrls: true
  },
  request: XMLHttpRequest {},
  event: ProgressEvent { isTrusted: [Getter] }
}

[90mstdout[2m | src/test/properties/auth.property.test.ts[2m > [22m[2m璁よ瘉灞炴€ф祴璇?[2m > [22m[2mProperty 1.1: Token Expiration Consistency[22m[39m
[HTTP Request] POST /auth/refresh {
  headers: Object [AxiosHeaders] {
    Accept: [32m'application/json'[39m,
    [32m'Content-Type'[39m: [32m'application/json'[39m,
    [32m'skip-auth'[39m: [32m'true'[39m,
    [32m'X-Request-ID'[39m: [32m'req_1770361858017_460cieujw'[39m,
    [32m'X-Timestamp'[39m: [32m'1770361858017'[39m
  },
  data: { refreshToken: [32m'/QOJo-)9\\0&YglrQ)eTD;A>'[39m },
  params: [90mundefined[39m
}

stderr | src/test/properties/auth.property.test.ts > 璁よ瘉灞炴€ф祴璇?[2m > Property 1.1: Token Expiration Consistency
Error: AggregateError
    at Object.dispatchError (E:\learn\projects\blog-frontend-vue\node_modules\jsdom\lib\jsdom\living\xhr\xhr-utils.js:63:19)
    at EventEmitter.<anonymous> (E:\learn\projects\blog-frontend-vue\node_modules\jsdom\lib\jsdom\living\xhr\XMLHttpRequest-impl.js:655:18)
    at EventEmitter.emit (node:events:520:35)
    at Request.<anonymous> (E:\learn\projects\blog-frontend-vue\node_modules\jsdom\lib\jsdom\living\xhr\xhr-utils.js:404:14)
    at Request.emit (node:events:508:28)
    at ClientRequest.<anonymous> (E:\learn\projects\blog-frontend-vue\node_modules\jsdom\lib\jsdom\living\helpers\http-request.js:127:14)
    at ClientRequest.emit (node:events:508:28)
    at emitErrorEvent (node:_http_client:107:11)
    at Socket.socketErrorListener (node:_http_client:574:5)
    at Socket.emit (node:events:508:28) undefined
[HTTP Response Error] {
  url: '/auth/refresh',
  status: undefined,
  data: undefined,
  message: 'Network Error'
}
Token refresh failed: AxiosError: Network Error
    at XMLHttpRequest.handleError (file:///E:/learn/projects/blog-frontend-vue/node_modules/axios/lib/adapters/xhr.js:112:20)
    at XMLHttpRequest.invokeTheCallbackFunction (E:\learn\projects\blog-frontend-vue\node_modules\jsdom\lib\jsdom\living\generated\EventHandlerNonNull.js:14:28)
    at XMLHttpRequest.<anonymous> (E:\learn\projects\blog-frontend-vue\node_modules\jsdom\lib\jsdom\living\helpers\create-event-accessor.js:35:32)
    at innerInvokeEventListeners (E:\learn\projects\blog-frontend-vue\node_modules\jsdom\lib\jsdom\living\events\EventTarget-impl.js:350:25)
    at invokeEventListeners (E:\learn\projects\blog-frontend-vue\node_modules\jsdom\lib\jsdom\living\events\EventTarget-impl.js:286:3)
    at XMLHttpRequestImpl._dispatch (E:\learn\projects\blog-frontend-vue\node_modules\jsdom\lib\jsdom\living\events\EventTarget-impl.js:233:9)
    at fireAnEvent (E:\learn\projects\blog-frontend-vue\node_modules\jsdom\lib\jsdom\living\helpers\events.js:18:36)
    at requestErrorSteps (E:\learn\projects\blog-frontend-vue\node_modules\jsdom\lib\jsdom\living\xhr\xhr-utils.js:131:3)
    at Object.dispatchError (E:\learn\projects\blog-frontend-vue\node_modules\jsdom\lib\jsdom\living\xhr\xhr-utils.js:60:3)
    at EventEmitter.<anonymous> (E:\learn\projects\blog-frontend-vue\node_modules\jsdom\lib\jsdom\living\xhr\XMLHttpRequest-impl.js:655:18)
    at Axios.request (file:///E:/learn/projects/blog-frontend-vue/node_modules/axios/lib/core/Axios.js:45:41)
    at processTicksAndRejections (node:internal/process/task_queues:105:5)
    at HttpClient.post (E:\learn\projects\blog-frontend-vue\src\utils\request.ts:289:22)
    at refreshAccessToken (E:\learn\projects\blog-frontend-vue\src\stores\auth.ts:405:24)
    at Proxy.initAuth (E:\learn\projects\blog-frontend-vue\src\stores\auth.ts:519:13)
    at E:\learn\projects\blog-frontend-vue\src\test\properties\auth.property.test.ts:133:11
    at AsyncProperty.run (file:///E:/learn/projects/blog-frontend-vue/node_modules/fast-check/lib/esm/check/property/AsyncProperty.generic.js:46:28)
    at asyncRunIt (file:///E:/learn/projects/blog-frontend-vue/node_modules/fast-check/lib/esm/check/runner/Runner.js:33:21)
    at E:\learn\projects\blog-frontend-vue\src\test\properties\auth.property.test.ts:114:5
    at runTest (file:///E:/learn/projects/blog-frontend-vue/node_modules/@vitest/runner/dist/index.js:781:11) {
  isAxiosError: true,
  code: 'ERR_NETWORK',
  config: {
    transitional: {
      silentJSONParsing: true,
      forcedJSONParsing: true,
      clarifyTimeoutError: false
    },
    adapter: [ 'xhr', 'http', 'fetch' ],
    transformRequest: [ [Function: transformRequest] ],
    transformResponse: [ [Function: transformResponse] ],
    timeout: 10000,
    xsrfCookieName: 'XSRF-TOKEN',
    xsrfHeaderName: 'X-XSRF-TOKEN',
    maxContentLength: -1,
    maxBodyLength: -1,
    env: { FormData: [Function], Blob: [class Blob] },
    validateStatus: [Function: validateStatus],
    headers: Object [AxiosHeaders] {
      Accept: 'application/json',
      'Content-Type': 'application/json',
      'skip-auth': 'true',
      'X-Request-ID': 'req_1770361858017_460cieujw',
      'X-Timestamp': '1770361858017'
    },
    baseURL: 'http://localhost:8000/api/v1',
    method: 'post',
    url: '/auth/refresh',
    data: '{"refreshToken":"/QOJo-)9\\\\0&YglrQ)eTD;A>"}',
    allowAbsoluteUrls: true
  },
  request: XMLHttpRequest {},
  event: ProgressEvent { isTrusted: [Getter] }
}
Auto refresh token failed: AxiosError: Network Error
    at XMLHttpRequest.handleError (file:///E:/learn/projects/blog-frontend-vue/node_modules/axios/lib/adapters/xhr.js:112:20)
    at XMLHttpRequest.invokeTheCallbackFunction (E:\learn\projects\blog-frontend-vue\node_modules\jsdom\lib\jsdom\living\generated\EventHandlerNonNull.js:14:28)
    at XMLHttpRequest.<anonymous> (E:\learn\projects\blog-frontend-vue\node_modules\jsdom\lib\jsdom\living\helpers\create-event-accessor.js:35:32)
    at innerInvokeEventListeners (E:\learn\projects\blog-frontend-vue\node_modules\jsdom\lib\jsdom\living\events\EventTarget-impl.js:350:25)
    at invokeEventListeners (E:\learn\projects\blog-frontend-vue\node_modules\jsdom\lib\jsdom\living\events\EventTarget-impl.js:286:3)
    at XMLHttpRequestImpl._dispatch (E:\learn\projects\blog-frontend-vue\node_modules\jsdom\lib\jsdom\living\events\EventTarget-impl.js:233:9)
    at fireAnEvent (E:\learn\projects\blog-frontend-vue\node_modules\jsdom\lib\jsdom\living\helpers\events.js:18:36)
    at requestErrorSteps (E:\learn\projects\blog-frontend-vue\node_modules\jsdom\lib\jsdom\living\xhr\xhr-utils.js:131:3)
    at Object.dispatchError (E:\learn\projects\blog-frontend-vue\node_modules\jsdom\lib\jsdom\living\xhr\xhr-utils.js:60:3)
    at EventEmitter.<anonymous> (E:\learn\projects\blog-frontend-vue\node_modules\jsdom\lib\jsdom\living\xhr\XMLHttpRequest-impl.js:655:18)
    at Axios.request (file:///E:/learn/projects/blog-frontend-vue/node_modules/axios/lib/core/Axios.js:45:41)
    at processTicksAndRejections (node:internal/process/task_queues:105:5)
    at HttpClient.post (E:\learn\projects\blog-frontend-vue\src\utils\request.ts:289:22)
    at refreshAccessToken (E:\learn\projects\blog-frontend-vue\src\stores\auth.ts:405:24)
    at Proxy.initAuth (E:\learn\projects\blog-frontend-vue\src\stores\auth.ts:519:13)
    at E:\learn\projects\blog-frontend-vue\src\test\properties\auth.property.test.ts:133:11
    at AsyncProperty.run (file:///E:/learn/projects/blog-frontend-vue/node_modules/fast-check/lib/esm/check/property/AsyncProperty.generic.js:46:28)
    at asyncRunIt (file:///E:/learn/projects/blog-frontend-vue/node_modules/fast-check/lib/esm/check/runner/Runner.js:33:21)
    at E:\learn\projects\blog-frontend-vue\src\test\properties\auth.property.test.ts:114:5
    at runTest (file:///E:/learn/projects/blog-frontend-vue/node_modules/@vitest/runner/dist/index.js:781:11) {
  isAxiosError: true,
  code: 'ERR_NETWORK',
  config: {
    transitional: {
      silentJSONParsing: true,
      forcedJSONParsing: true,
      clarifyTimeoutError: false
    },
    adapter: [ 'xhr', 'http', 'fetch' ],
    transformRequest: [ [Function: transformRequest] ],
    transformResponse: [ [Function: transformResponse] ],
    timeout: 10000,
    xsrfCookieName: 'XSRF-TOKEN',
    xsrfHeaderName: 'X-XSRF-TOKEN',
    maxContentLength: -1,
    maxBodyLength: -1,
    env: { FormData: [Function], Blob: [class Blob] },
    validateStatus: [Function: validateStatus],
    headers: Object [AxiosHeaders] {
      Accept: 'application/json',
      'Content-Type': 'application/json',
      'skip-auth': 'true',
      'X-Request-ID': 'req_1770361858017_460cieujw',
      'X-Timestamp': '1770361858017'
    },
    baseURL: 'http://localhost:8000/api/v1',
    method: 'post',
    url: '/auth/refresh',
    data: '{"refreshToken":"/QOJo-)9\\\\0&YglrQ)eTD;A>"}',
    allowAbsoluteUrls: true
  },
  request: XMLHttpRequest {},
  event: ProgressEvent { isTrusted: [Getter] }
}

[90mstdout[2m | src/test/properties/auth.property.test.ts[2m > [22m[2m璁よ瘉灞炴€ф祴璇?[2m > [22m[2mProperty 1.1: Token Expiration Consistency[22m[39m
[HTTP Request] POST /auth/refresh {
  headers: Object [AxiosHeaders] {
    Accept: [32m'application/json'[39m,
    [32m'Content-Type'[39m: [32m'application/json'[39m,
    [32m'skip-auth'[39m: [32m'true'[39m,
    [32m'X-Request-ID'[39m: [32m'req_1770361858033_pxuoxef03'[39m,
    [32m'X-Timestamp'[39m: [32m'1770361858033'[39m
  },
  data: {
    refreshToken: [32m"Hvjj:^^CRzb'tdA/SvgrueU&9''iKY(RDUjnzn>8p9U*m{}\\#&"[39m
  },
  params: [90mundefined[39m
}

stderr | src/test/properties/auth.property.test.ts > 璁よ瘉灞炴€ф祴璇?[2m > Property 1.1: Token Expiration Consistency
Error: AggregateError
    at Object.dispatchError (E:\learn\projects\blog-frontend-vue\node_modules\jsdom\lib\jsdom\living\xhr\xhr-utils.js:63:19)
    at EventEmitter.<anonymous> (E:\learn\projects\blog-frontend-vue\node_modules\jsdom\lib\jsdom\living\xhr\XMLHttpRequest-impl.js:655:18)
    at EventEmitter.emit (node:events:520:35)
    at Request.<anonymous> (E:\learn\projects\blog-frontend-vue\node_modules\jsdom\lib\jsdom\living\xhr\xhr-utils.js:404:14)
    at Request.emit (node:events:508:28)
    at ClientRequest.<anonymous> (E:\learn\projects\blog-frontend-vue\node_modules\jsdom\lib\jsdom\living\helpers\http-request.js:127:14)
    at ClientRequest.emit (node:events:508:28)
    at emitErrorEvent (node:_http_client:107:11)
    at Socket.socketErrorListener (node:_http_client:574:5)
    at Socket.emit (node:events:508:28) undefined
[HTTP Response Error] {
  url: '/auth/refresh',
  status: undefined,
  data: undefined,
  message: 'Network Error'
}
Token refresh failed: AxiosError: Network Error
    at XMLHttpRequest.handleError (file:///E:/learn/projects/blog-frontend-vue/node_modules/axios/lib/adapters/xhr.js:112:20)
    at XMLHttpRequest.invokeTheCallbackFunction (E:\learn\projects\blog-frontend-vue\node_modules\jsdom\lib\jsdom\living\generated\EventHandlerNonNull.js:14:28)
    at XMLHttpRequest.<anonymous> (E:\learn\projects\blog-frontend-vue\node_modules\jsdom\lib\jsdom\living\helpers\create-event-accessor.js:35:32)
    at innerInvokeEventListeners (E:\learn\projects\blog-frontend-vue\node_modules\jsdom\lib\jsdom\living\events\EventTarget-impl.js:350:25)
    at invokeEventListeners (E:\learn\projects\blog-frontend-vue\node_modules\jsdom\lib\jsdom\living\events\EventTarget-impl.js:286:3)
    at XMLHttpRequestImpl._dispatch (E:\learn\projects\blog-frontend-vue\node_modules\jsdom\lib\jsdom\living\events\EventTarget-impl.js:233:9)
    at fireAnEvent (E:\learn\projects\blog-frontend-vue\node_modules\jsdom\lib\jsdom\living\helpers\events.js:18:36)
    at requestErrorSteps (E:\learn\projects\blog-frontend-vue\node_modules\jsdom\lib\jsdom\living\xhr\xhr-utils.js:131:3)
    at Object.dispatchError (E:\learn\projects\blog-frontend-vue\node_modules\jsdom\lib\jsdom\living\xhr\xhr-utils.js:60:3)
    at EventEmitter.<anonymous> (E:\learn\projects\blog-frontend-vue\node_modules\jsdom\lib\jsdom\living\xhr\XMLHttpRequest-impl.js:655:18)
    at Axios.request (file:///E:/learn/projects/blog-frontend-vue/node_modules/axios/lib/core/Axios.js:45:41)
    at processTicksAndRejections (node:internal/process/task_queues:105:5)
    at HttpClient.post (E:\learn\projects\blog-frontend-vue\src\utils\request.ts:289:22)
    at refreshAccessToken (E:\learn\projects\blog-frontend-vue\src\stores\auth.ts:405:24)
    at Proxy.initAuth (E:\learn\projects\blog-frontend-vue\src\stores\auth.ts:519:13)
    at E:\learn\projects\blog-frontend-vue\src\test\properties\auth.property.test.ts:133:11
    at AsyncProperty.run (file:///E:/learn/projects/blog-frontend-vue/node_modules/fast-check/lib/esm/check/property/AsyncProperty.generic.js:46:28)
    at asyncRunIt (file:///E:/learn/projects/blog-frontend-vue/node_modules/fast-check/lib/esm/check/runner/Runner.js:33:21)
    at E:\learn\projects\blog-frontend-vue\src\test\properties\auth.property.test.ts:114:5
    at runTest (file:///E:/learn/projects/blog-frontend-vue/node_modules/@vitest/runner/dist/index.js:781:11) {
  isAxiosError: true,
  code: 'ERR_NETWORK',
  config: {
    transitional: {
      silentJSONParsing: true,
      forcedJSONParsing: true,
      clarifyTimeoutError: false
    },
    adapter: [ 'xhr', 'http', 'fetch' ],
    transformRequest: [ [Function: transformRequest] ],
    transformResponse: [ [Function: transformResponse] ],
    timeout: 10000,
    xsrfCookieName: 'XSRF-TOKEN',
    xsrfHeaderName: 'X-XSRF-TOKEN',
    maxContentLength: -1,
    maxBodyLength: -1,
    env: { FormData: [Function], Blob: [class Blob] },
    validateStatus: [Function: validateStatus],
    headers: Object [AxiosHeaders] {
      Accept: 'application/json',
      'Content-Type': 'application/json',
      'skip-auth': 'true',
      'X-Request-ID': 'req_1770361858033_pxuoxef03',
      'X-Timestamp': '1770361858033'
    },
    baseURL: 'http://localhost:8000/api/v1',
    method: 'post',
    url: '/auth/refresh',
    data: `{"refreshToken":"Hvjj:^^CRzb'tdA/SvgrueU&9''iKY(RDUjnzn>8p9U*m{}\\\\#&"}`,
    allowAbsoluteUrls: true
  },
  request: XMLHttpRequest {},
  event: ProgressEvent { isTrusted: [Getter] }
}
Auto refresh token failed: AxiosError: Network Error
    at XMLHttpRequest.handleError (file:///E:/learn/projects/blog-frontend-vue/node_modules/axios/lib/adapters/xhr.js:112:20)
    at XMLHttpRequest.invokeTheCallbackFunction (E:\learn\projects\blog-frontend-vue\node_modules\jsdom\lib\jsdom\living\generated\EventHandlerNonNull.js:14:28)
    at XMLHttpRequest.<anonymous> (E:\learn\projects\blog-frontend-vue\node_modules\jsdom\lib\jsdom\living\helpers\create-event-accessor.js:35:32)
    at innerInvokeEventListeners (E:\learn\projects\blog-frontend-vue\node_modules\jsdom\lib\jsdom\living\events\EventTarget-impl.js:350:25)
    at invokeEventListeners (E:\learn\projects\blog-frontend-vue\node_modules\jsdom\lib\jsdom\living\events\EventTarget-impl.js:286:3)
    at XMLHttpRequestImpl._dispatch (E:\learn\projects\blog-frontend-vue\node_modules\jsdom\lib\jsdom\living\events\EventTarget-impl.js:233:9)
    at fireAnEvent (E:\learn\projects\blog-frontend-vue\node_modules\jsdom\lib\jsdom\living\helpers\events.js:18:36)
    at requestErrorSteps (E:\learn\projects\blog-frontend-vue\node_modules\jsdom\lib\jsdom\living\xhr\xhr-utils.js:131:3)
    at Object.dispatchError (E:\learn\projects\blog-frontend-vue\node_modules\jsdom\lib\jsdom\living\xhr\xhr-utils.js:60:3)
    at EventEmitter.<anonymous> (E:\learn\projects\blog-frontend-vue\node_modules\jsdom\lib\jsdom\living\xhr\XMLHttpRequest-impl.js:655:18)
    at Axios.request (file:///E:/learn/projects/blog-frontend-vue/node_modules/axios/lib/core/Axios.js:45:41)
    at processTicksAndRejections (node:internal/process/task_queues:105:5)
    at HttpClient.post (E:\learn\projects\blog-frontend-vue\src\utils\request.ts:289:22)
    at refreshAccessToken (E:\learn\projects\blog-frontend-vue\src\stores\auth.ts:405:24)
    at Proxy.initAuth (E:\learn\projects\blog-frontend-vue\src\stores\auth.ts:519:13)
    at E:\learn\projects\blog-frontend-vue\src\test\properties\auth.property.test.ts:133:11
    at AsyncProperty.run (file:///E:/learn/projects/blog-frontend-vue/node_modules/fast-check/lib/esm/check/property/AsyncProperty.generic.js:46:28)
    at asyncRunIt (file:///E:/learn/projects/blog-frontend-vue/node_modules/fast-check/lib/esm/check/runner/Runner.js:33:21)
    at E:\learn\projects\blog-frontend-vue\src\test\properties\auth.property.test.ts:114:5
    at runTest (file:///E:/learn/projects/blog-frontend-vue/node_modules/@vitest/runner/dist/index.js:781:11) {
  isAxiosError: true,
  code: 'ERR_NETWORK',
  config: {
    transitional: {
      silentJSONParsing: true,
      forcedJSONParsing: true,
      clarifyTimeoutError: false
    },
    adapter: [ 'xhr', 'http', 'fetch' ],
    transformRequest: [ [Function: transformRequest] ],
    transformResponse: [ [Function: transformResponse] ],
    timeout: 10000,
    xsrfCookieName: 'XSRF-TOKEN',
    xsrfHeaderName: 'X-XSRF-TOKEN',
    maxContentLength: -1,
    maxBodyLength: -1,
    env: { FormData: [Function], Blob: [class Blob] },
    validateStatus: [Function: validateStatus],
    headers: Object [AxiosHeaders] {
      Accept: 'application/json',
      'Content-Type': 'application/json',
      'skip-auth': 'true',
      'X-Request-ID': 'req_1770361858033_pxuoxef03',
      'X-Timestamp': '1770361858033'
    },
    baseURL: 'http://localhost:8000/api/v1',
    method: 'post',
    url: '/auth/refresh',
    data: `{"refreshToken":"Hvjj:^^CRzb'tdA/SvgrueU&9''iKY(RDUjnzn>8p9U*m{}\\\\#&"}`,
    allowAbsoluteUrls: true
  },
  request: XMLHttpRequest {},
  event: ProgressEvent { isTrusted: [Getter] }
}

[90mstdout[2m | src/test/properties/auth.property.test.ts[2m > [22m[2m璁よ瘉灞炴€ф祴璇?[2m > [22m[2mProperty 1.1: Token Expiration Consistency[22m[39m
[HTTP Request] POST /auth/refresh {
  headers: Object [AxiosHeaders] {
    Accept: [32m'application/json'[39m,
    [32m'Content-Type'[39m: [32m'application/json'[39m,
    [32m'skip-auth'[39m: [32m'true'[39m,
    [32m'X-Request-ID'[39m: [32m'req_1770361858059_rojzd9siw'[39m,
    [32m'X-Timestamp'[39m: [32m'1770361858059'[39m
  },
  data: { refreshToken: [32m'propertyIsEnumerableNhproperty'[39m },
  params: [90mundefined[39m
}

stderr | src/test/properties/auth.property.test.ts > 璁よ瘉灞炴€ф祴璇?[2m > Property 1.1: Token Expiration Consistency
Error: AggregateError
    at Object.dispatchError (E:\learn\projects\blog-frontend-vue\node_modules\jsdom\lib\jsdom\living\xhr\xhr-utils.js:63:19)
    at EventEmitter.<anonymous> (E:\learn\projects\blog-frontend-vue\node_modules\jsdom\lib\jsdom\living\xhr\XMLHttpRequest-impl.js:655:18)
    at EventEmitter.emit (node:events:520:35)
    at Request.<anonymous> (E:\learn\projects\blog-frontend-vue\node_modules\jsdom\lib\jsdom\living\xhr\xhr-utils.js:404:14)
    at Request.emit (node:events:508:28)
    at ClientRequest.<anonymous> (E:\learn\projects\blog-frontend-vue\node_modules\jsdom\lib\jsdom\living\helpers\http-request.js:127:14)
    at ClientRequest.emit (node:events:508:28)
    at emitErrorEvent (node:_http_client:107:11)
    at Socket.socketErrorListener (node:_http_client:574:5)
    at Socket.emit (node:events:508:28) undefined
[HTTP Response Error] {
  url: '/auth/refresh',
  status: undefined,
  data: undefined,
  message: 'Network Error'
}
Token refresh failed: AxiosError: Network Error
    at XMLHttpRequest.handleError (file:///E:/learn/projects/blog-frontend-vue/node_modules/axios/lib/adapters/xhr.js:112:20)
    at XMLHttpRequest.invokeTheCallbackFunction (E:\learn\projects\blog-frontend-vue\node_modules\jsdom\lib\jsdom\living\generated\EventHandlerNonNull.js:14:28)
    at XMLHttpRequest.<anonymous> (E:\learn\projects\blog-frontend-vue\node_modules\jsdom\lib\jsdom\living\helpers\create-event-accessor.js:35:32)
    at innerInvokeEventListeners (E:\learn\projects\blog-frontend-vue\node_modules\jsdom\lib\jsdom\living\events\EventTarget-impl.js:350:25)
    at invokeEventListeners (E:\learn\projects\blog-frontend-vue\node_modules\jsdom\lib\jsdom\living\events\EventTarget-impl.js:286:3)
    at XMLHttpRequestImpl._dispatch (E:\learn\projects\blog-frontend-vue\node_modules\jsdom\lib\jsdom\living\events\EventTarget-impl.js:233:9)
    at fireAnEvent (E:\learn\projects\blog-frontend-vue\node_modules\jsdom\lib\jsdom\living\helpers\events.js:18:36)
    at requestErrorSteps (E:\learn\projects\blog-frontend-vue\node_modules\jsdom\lib\jsdom\living\xhr\xhr-utils.js:131:3)
    at Object.dispatchError (E:\learn\projects\blog-frontend-vue\node_modules\jsdom\lib\jsdom\living\xhr\xhr-utils.js:60:3)
    at EventEmitter.<anonymous> (E:\learn\projects\blog-frontend-vue\node_modules\jsdom\lib\jsdom\living\xhr\XMLHttpRequest-impl.js:655:18)
    at Axios.request (file:///E:/learn/projects/blog-frontend-vue/node_modules/axios/lib/core/Axios.js:45:41)
    at processTicksAndRejections (node:internal/process/task_queues:105:5)
    at HttpClient.post (E:\learn\projects\blog-frontend-vue\src\utils\request.ts:289:22)
    at refreshAccessToken (E:\learn\projects\blog-frontend-vue\src\stores\auth.ts:405:24)
    at Proxy.initAuth (E:\learn\projects\blog-frontend-vue\src\stores\auth.ts:519:13)
    at E:\learn\projects\blog-frontend-vue\src\test\properties\auth.property.test.ts:133:11
    at AsyncProperty.run (file:///E:/learn/projects/blog-frontend-vue/node_modules/fast-check/lib/esm/check/property/AsyncProperty.generic.js:46:28)
    at asyncRunIt (file:///E:/learn/projects/blog-frontend-vue/node_modules/fast-check/lib/esm/check/runner/Runner.js:33:21)
    at E:\learn\projects\blog-frontend-vue\src\test\properties\auth.property.test.ts:114:5
    at runTest (file:///E:/learn/projects/blog-frontend-vue/node_modules/@vitest/runner/dist/index.js:781:11) {
  isAxiosError: true,
  code: 'ERR_NETWORK',
  config: {
    transitional: {
      silentJSONParsing: true,
      forcedJSONParsing: true,
      clarifyTimeoutError: false
    },
    adapter: [ 'xhr', 'http', 'fetch' ],
    transformRequest: [ [Function: transformRequest] ],
    transformResponse: [ [Function: transformResponse] ],
    timeout: 10000,
    xsrfCookieName: 'XSRF-TOKEN',
    xsrfHeaderName: 'X-XSRF-TOKEN',
    maxContentLength: -1,
    maxBodyLength: -1,
    env: { FormData: [Function], Blob: [class Blob] },
    validateStatus: [Function: validateStatus],
    headers: Object [AxiosHeaders] {
      Accept: 'application/json',
      'Content-Type': 'application/json',
      'skip-auth': 'true',
      'X-Request-ID': 'req_1770361858059_rojzd9siw',
      'X-Timestamp': '1770361858059'
    },
    baseURL: 'http://localhost:8000/api/v1',
    method: 'post',
    url: '/auth/refresh',
    data: '{"refreshToken":"propertyIsEnumerableNhproperty"}',
    allowAbsoluteUrls: true
  },
  request: XMLHttpRequest {},
  event: ProgressEvent { isTrusted: [Getter] }
}
Auto refresh token failed: AxiosError: Network Error
    at XMLHttpRequest.handleError (file:///E:/learn/projects/blog-frontend-vue/node_modules/axios/lib/adapters/xhr.js:112:20)
    at XMLHttpRequest.invokeTheCallbackFunction (E:\learn\projects\blog-frontend-vue\node_modules\jsdom\lib\jsdom\living\generated\EventHandlerNonNull.js:14:28)
    at XMLHttpRequest.<anonymous> (E:\learn\projects\blog-frontend-vue\node_modules\jsdom\lib\jsdom\living\helpers\create-event-accessor.js:35:32)
    at innerInvokeEventListeners (E:\learn\projects\blog-frontend-vue\node_modules\jsdom\lib\jsdom\living\events\EventTarget-impl.js:350:25)
    at invokeEventListeners (E:\learn\projects\blog-frontend-vue\node_modules\jsdom\lib\jsdom\living\events\EventTarget-impl.js:286:3)
    at XMLHttpRequestImpl._dispatch (E:\learn\projects\blog-frontend-vue\node_modules\jsdom\lib\jsdom\living\events\EventTarget-impl.js:233:9)
    at fireAnEvent (E:\learn\projects\blog-frontend-vue\node_modules\jsdom\lib\jsdom\living\helpers\events.js:18:36)
    at requestErrorSteps (E:\learn\projects\blog-frontend-vue\node_modules\jsdom\lib\jsdom\living\xhr\xhr-utils.js:131:3)
    at Object.dispatchError (E:\learn\projects\blog-frontend-vue\node_modules\jsdom\lib\jsdom\living\xhr\xhr-utils.js:60:3)
    at EventEmitter.<anonymous> (E:\learn\projects\blog-frontend-vue\node_modules\jsdom\lib\jsdom\living\xhr\XMLHttpRequest-impl.js:655:18)
    at Axios.request (file:///E:/learn/projects/blog-frontend-vue/node_modules/axios/lib/core/Axios.js:45:41)
    at processTicksAndRejections (node:internal/process/task_queues:105:5)
    at HttpClient.post (E:\learn\projects\blog-frontend-vue\src\utils\request.ts:289:22)
    at refreshAccessToken (E:\learn\projects\blog-frontend-vue\src\stores\auth.ts:405:24)
    at Proxy.initAuth (E:\learn\projects\blog-frontend-vue\src\stores\auth.ts:519:13)
    at E:\learn\projects\blog-frontend-vue\src\test\properties\auth.property.test.ts:133:11
    at AsyncProperty.run (file:///E:/learn/projects/blog-frontend-vue/node_modules/fast-check/lib/esm/check/property/AsyncProperty.generic.js:46:28)
    at asyncRunIt (file:///E:/learn/projects/blog-frontend-vue/node_modules/fast-check/lib/esm/check/runner/Runner.js:33:21)
    at E:\learn\projects\blog-frontend-vue\src\test\properties\auth.property.test.ts:114:5
    at runTest (file:///E:/learn/projects/blog-frontend-vue/node_modules/@vitest/runner/dist/index.js:781:11) {
  isAxiosError: true,
  code: 'ERR_NETWORK',
  config: {
    transitional: {
      silentJSONParsing: true,
      forcedJSONParsing: true,
      clarifyTimeoutError: false
    },
    adapter: [ 'xhr', 'http', 'fetch' ],
    transformRequest: [ [Function: transformRequest] ],
    transformResponse: [ [Function: transformResponse] ],
    timeout: 10000,
    xsrfCookieName: 'XSRF-TOKEN',
    xsrfHeaderName: 'X-XSRF-TOKEN',
    maxContentLength: -1,
    maxBodyLength: -1,
    env: { FormData: [Function], Blob: [class Blob] },
    validateStatus: [Function: validateStatus],
    headers: Object [AxiosHeaders] {
      Accept: 'application/json',
      'Content-Type': 'application/json',
      'skip-auth': 'true',
      'X-Request-ID': 'req_1770361858059_rojzd9siw',
      'X-Timestamp': '1770361858059'
    },
    baseURL: 'http://localhost:8000/api/v1',
    method: 'post',
    url: '/auth/refresh',
    data: '{"refreshToken":"propertyIsEnumerableNhproperty"}',
    allowAbsoluteUrls: true
  },
  request: XMLHttpRequest {},
  event: ProgressEvent { isTrusted: [Getter] }
}

[90mstdout[2m | src/test/properties/auth.property.test.ts[2m > [22m[2m璁よ瘉灞炴€ф祴璇?[2m > [22m[2mProperty 1.1: Token Expiration Consistency[22m[39m
[HTTP Request] POST /auth/refresh {
  headers: Object [AxiosHeaders] {
    Accept: [32m'application/json'[39m,
    [32m'Content-Type'[39m: [32m'application/json'[39m,
    [32m'skip-auth'[39m: [32m'true'[39m,
    [32m'X-Request-ID'[39m: [32m'req_1770361858072_ydoc946u6'[39m,
    [32m'X-Timestamp'[39m: [32m'1770361858072'[39m
  },
  data: { refreshToken: [32m'#(]DO&["A)!,}{5xc %ut:%"+#p8{D#)/<'[39m },
  params: [90mundefined[39m
}

stderr | src/test/properties/auth.property.test.ts > 璁よ瘉灞炴€ф祴璇?[2m > Property 1.1: Token Expiration Consistency
Error: AggregateError
    at Object.dispatchError (E:\learn\projects\blog-frontend-vue\node_modules\jsdom\lib\jsdom\living\xhr\xhr-utils.js:63:19)
    at EventEmitter.<anonymous> (E:\learn\projects\blog-frontend-vue\node_modules\jsdom\lib\jsdom\living\xhr\XMLHttpRequest-impl.js:655:18)
    at EventEmitter.emit (node:events:520:35)
    at Request.<anonymous> (E:\learn\projects\blog-frontend-vue\node_modules\jsdom\lib\jsdom\living\xhr\xhr-utils.js:404:14)
    at Request.emit (node:events:508:28)
    at ClientRequest.<anonymous> (E:\learn\projects\blog-frontend-vue\node_modules\jsdom\lib\jsdom\living\helpers\http-request.js:127:14)
    at ClientRequest.emit (node:events:508:28)
    at emitErrorEvent (node:_http_client:107:11)
    at Socket.socketErrorListener (node:_http_client:574:5)
    at Socket.emit (node:events:508:28) undefined
[HTTP Response Error] {
  url: '/auth/refresh',
  status: undefined,
  data: undefined,
  message: 'Network Error'
}
Token refresh failed: AxiosError: Network Error
    at XMLHttpRequest.handleError (file:///E:/learn/projects/blog-frontend-vue/node_modules/axios/lib/adapters/xhr.js:112:20)
    at XMLHttpRequest.invokeTheCallbackFunction (E:\learn\projects\blog-frontend-vue\node_modules\jsdom\lib\jsdom\living\generated\EventHandlerNonNull.js:14:28)
    at XMLHttpRequest.<anonymous> (E:\learn\projects\blog-frontend-vue\node_modules\jsdom\lib\jsdom\living\helpers\create-event-accessor.js:35:32)
    at innerInvokeEventListeners (E:\learn\projects\blog-frontend-vue\node_modules\jsdom\lib\jsdom\living\events\EventTarget-impl.js:350:25)
    at invokeEventListeners (E:\learn\projects\blog-frontend-vue\node_modules\jsdom\lib\jsdom\living\events\EventTarget-impl.js:286:3)
    at XMLHttpRequestImpl._dispatch (E:\learn\projects\blog-frontend-vue\node_modules\jsdom\lib\jsdom\living\events\EventTarget-impl.js:233:9)
    at fireAnEvent (E:\learn\projects\blog-frontend-vue\node_modules\jsdom\lib\jsdom\living\helpers\events.js:18:36)
    at requestErrorSteps (E:\learn\projects\blog-frontend-vue\node_modules\jsdom\lib\jsdom\living\xhr\xhr-utils.js:131:3)
    at Object.dispatchError (E:\learn\projects\blog-frontend-vue\node_modules\jsdom\lib\jsdom\living\xhr\xhr-utils.js:60:3)
    at EventEmitter.<anonymous> (E:\learn\projects\blog-frontend-vue\node_modules\jsdom\lib\jsdom\living\xhr\XMLHttpRequest-impl.js:655:18)
    at Axios.request (file:///E:/learn/projects/blog-frontend-vue/node_modules/axios/lib/core/Axios.js:45:41)
    at processTicksAndRejections (node:internal/process/task_queues:105:5)
    at HttpClient.post (E:\learn\projects\blog-frontend-vue\src\utils\request.ts:289:22)
    at refreshAccessToken (E:\learn\projects\blog-frontend-vue\src\stores\auth.ts:405:24)
    at Proxy.initAuth (E:\learn\projects\blog-frontend-vue\src\stores\auth.ts:519:13)
    at E:\learn\projects\blog-frontend-vue\src\test\properties\auth.property.test.ts:133:11
    at AsyncProperty.run (file:///E:/learn/projects/blog-frontend-vue/node_modules/fast-check/lib/esm/check/property/AsyncProperty.generic.js:46:28)
    at asyncRunIt (file:///E:/learn/projects/blog-frontend-vue/node_modules/fast-check/lib/esm/check/runner/Runner.js:33:21)
    at E:\learn\projects\blog-frontend-vue\src\test\properties\auth.property.test.ts:114:5
    at runTest (file:///E:/learn/projects/blog-frontend-vue/node_modules/@vitest/runner/dist/index.js:781:11) {
  isAxiosError: true,
  code: 'ERR_NETWORK',
  config: {
    transitional: {
      silentJSONParsing: true,
      forcedJSONParsing: true,
      clarifyTimeoutError: false
    },
    adapter: [ 'xhr', 'http', 'fetch' ],
    transformRequest: [ [Function: transformRequest] ],
    transformResponse: [ [Function: transformResponse] ],
    timeout: 10000,
    xsrfCookieName: 'XSRF-TOKEN',
    xsrfHeaderName: 'X-XSRF-TOKEN',
    maxContentLength: -1,
    maxBodyLength: -1,
    env: { FormData: [Function], Blob: [class Blob] },
    validateStatus: [Function: validateStatus],
    headers: Object [AxiosHeaders] {
      Accept: 'application/json',
      'Content-Type': 'application/json',
      'skip-auth': 'true',
      'X-Request-ID': 'req_1770361858072_ydoc946u6',
      'X-Timestamp': '1770361858072'
    },
    baseURL: 'http://localhost:8000/api/v1',
    method: 'post',
    url: '/auth/refresh',
    data: '{"refreshToken":"#(]DO&[\\"A)!,}{5xc %ut:%\\"+#p8{D#)/<"}',
    allowAbsoluteUrls: true
  },
  request: XMLHttpRequest {},
  event: ProgressEvent { isTrusted: [Getter] }
}
Auto refresh token failed: AxiosError: Network Error
    at XMLHttpRequest.handleError (file:///E:/learn/projects/blog-frontend-vue/node_modules/axios/lib/adapters/xhr.js:112:20)
    at XMLHttpRequest.invokeTheCallbackFunction (E:\learn\projects\blog-frontend-vue\node_modules\jsdom\lib\jsdom\living\generated\EventHandlerNonNull.js:14:28)
    at XMLHttpRequest.<anonymous> (E:\learn\projects\blog-frontend-vue\node_modules\jsdom\lib\jsdom\living\helpers\create-event-accessor.js:35:32)
    at innerInvokeEventListeners (E:\learn\projects\blog-frontend-vue\node_modules\jsdom\lib\jsdom\living\events\EventTarget-impl.js:350:25)
    at invokeEventListeners (E:\learn\projects\blog-frontend-vue\node_modules\jsdom\lib\jsdom\living\events\EventTarget-impl.js:286:3)
    at XMLHttpRequestImpl._dispatch (E:\learn\projects\blog-frontend-vue\node_modules\jsdom\lib\jsdom\living\events\EventTarget-impl.js:233:9)
    at fireAnEvent (E:\learn\projects\blog-frontend-vue\node_modules\jsdom\lib\jsdom\living\helpers\events.js:18:36)
    at requestErrorSteps (E:\learn\projects\blog-frontend-vue\node_modules\jsdom\lib\jsdom\living\xhr\xhr-utils.js:131:3)
    at Object.dispatchError (E:\learn\projects\blog-frontend-vue\node_modules\jsdom\lib\jsdom\living\xhr\xhr-utils.js:60:3)
    at EventEmitter.<anonymous> (E:\learn\projects\blog-frontend-vue\node_modules\jsdom\lib\jsdom\living\xhr\XMLHttpRequest-impl.js:655:18)
    at Axios.request (file:///E:/learn/projects/blog-frontend-vue/node_modules/axios/lib/core/Axios.js:45:41)
    at processTicksAndRejections (node:internal/process/task_queues:105:5)
    at HttpClient.post (E:\learn\projects\blog-frontend-vue\src\utils\request.ts:289:22)
    at refreshAccessToken (E:\learn\projects\blog-frontend-vue\src\stores\auth.ts:405:24)
    at Proxy.initAuth (E:\learn\projects\blog-frontend-vue\src\stores\auth.ts:519:13)
    at E:\learn\projects\blog-frontend-vue\src\test\properties\auth.property.test.ts:133:11
    at AsyncProperty.run (file:///E:/learn/projects/blog-frontend-vue/node_modules/fast-check/lib/esm/check/property/AsyncProperty.generic.js:46:28)
    at asyncRunIt (file:///E:/learn/projects/blog-frontend-vue/node_modules/fast-check/lib/esm/check/runner/Runner.js:33:21)
    at E:\learn\projects\blog-frontend-vue\src\test\properties\auth.property.test.ts:114:5
    at runTest (file:///E:/learn/projects/blog-frontend-vue/node_modules/@vitest/runner/dist/index.js:781:11) {
  isAxiosError: true,
  code: 'ERR_NETWORK',
  config: {
    transitional: {
      silentJSONParsing: true,
      forcedJSONParsing: true,
      clarifyTimeoutError: false
    },
    adapter: [ 'xhr', 'http', 'fetch' ],
    transformRequest: [ [Function: transformRequest] ],
    transformResponse: [ [Function: transformResponse] ],
    timeout: 10000,
    xsrfCookieName: 'XSRF-TOKEN',
    xsrfHeaderName: 'X-XSRF-TOKEN',
    maxContentLength: -1,
    maxBodyLength: -1,
    env: { FormData: [Function], Blob: [class Blob] },
    validateStatus: [Function: validateStatus],
    headers: Object [AxiosHeaders] {
      Accept: 'application/json',
      'Content-Type': 'application/json',
      'skip-auth': 'true',
      'X-Request-ID': 'req_1770361858072_ydoc946u6',
      'X-Timestamp': '1770361858072'
    },
    baseURL: 'http://localhost:8000/api/v1',
    method: 'post',
    url: '/auth/refresh',
    data: '{"refreshToken":"#(]DO&[\\"A)!,}{5xc %ut:%\\"+#p8{D#)/<"}',
    allowAbsoluteUrls: true
  },
  request: XMLHttpRequest {},
  event: ProgressEvent { isTrusted: [Getter] }
}

[90mstdout[2m | src/test/properties/auth.property.test.ts[2m > [22m[2m璁よ瘉灞炴€ф祴璇?[2m > [22m[2mProperty 1.1: Token Expiration Consistency[22m[39m
[HTTP Request] POST /auth/refresh {
  headers: Object [AxiosHeaders] {
    Accept: [32m'application/json'[39m,
    [32m'Content-Type'[39m: [32m'application/json'[39m,
    [32m'skip-auth'[39m: [32m'true'[39m,
    [32m'X-Request-ID'[39m: [32m'req_1770361858088_2nnknbztw'[39m,
    [32m'X-Timestamp'[39m: [32m'1770361858088'[39m
  },
  data: { refreshToken: [32m'H WKp>jbl{H\\JyC.aWr0pDCwBP"3IO73QBQ'[39m },
  params: [90mundefined[39m
}

stderr | src/test/properties/auth.property.test.ts > 璁よ瘉灞炴€ф祴璇?[2m > Property 1.1: Token Expiration Consistency
Error: AggregateError
    at Object.dispatchError (E:\learn\projects\blog-frontend-vue\node_modules\jsdom\lib\jsdom\living\xhr\xhr-utils.js:63:19)
    at EventEmitter.<anonymous> (E:\learn\projects\blog-frontend-vue\node_modules\jsdom\lib\jsdom\living\xhr\XMLHttpRequest-impl.js:655:18)
    at EventEmitter.emit (node:events:520:35)
    at Request.<anonymous> (E:\learn\projects\blog-frontend-vue\node_modules\jsdom\lib\jsdom\living\xhr\xhr-utils.js:404:14)
    at Request.emit (node:events:508:28)
    at ClientRequest.<anonymous> (E:\learn\projects\blog-frontend-vue\node_modules\jsdom\lib\jsdom\living\helpers\http-request.js:127:14)
    at ClientRequest.emit (node:events:508:28)
    at emitErrorEvent (node:_http_client:107:11)
    at Socket.socketErrorListener (node:_http_client:574:5)
    at Socket.emit (node:events:508:28) undefined
[HTTP Response Error] {
  url: '/auth/refresh',
  status: undefined,
  data: undefined,
  message: 'Network Error'
}
Token refresh failed: AxiosError: Network Error
    at XMLHttpRequest.handleError (file:///E:/learn/projects/blog-frontend-vue/node_modules/axios/lib/adapters/xhr.js:112:20)
    at XMLHttpRequest.invokeTheCallbackFunction (E:\learn\projects\blog-frontend-vue\node_modules\jsdom\lib\jsdom\living\generated\EventHandlerNonNull.js:14:28)
    at XMLHttpRequest.<anonymous> (E:\learn\projects\blog-frontend-vue\node_modules\jsdom\lib\jsdom\living\helpers\create-event-accessor.js:35:32)
    at innerInvokeEventListeners (E:\learn\projects\blog-frontend-vue\node_modules\jsdom\lib\jsdom\living\events\EventTarget-impl.js:350:25)
    at invokeEventListeners (E:\learn\projects\blog-frontend-vue\node_modules\jsdom\lib\jsdom\living\events\EventTarget-impl.js:286:3)
    at XMLHttpRequestImpl._dispatch (E:\learn\projects\blog-frontend-vue\node_modules\jsdom\lib\jsdom\living\events\EventTarget-impl.js:233:9)
    at fireAnEvent (E:\learn\projects\blog-frontend-vue\node_modules\jsdom\lib\jsdom\living\helpers\events.js:18:36)
    at requestErrorSteps (E:\learn\projects\blog-frontend-vue\node_modules\jsdom\lib\jsdom\living\xhr\xhr-utils.js:131:3)
    at Object.dispatchError (E:\learn\projects\blog-frontend-vue\node_modules\jsdom\lib\jsdom\living\xhr\xhr-utils.js:60:3)
    at EventEmitter.<anonymous> (E:\learn\projects\blog-frontend-vue\node_modules\jsdom\lib\jsdom\living\xhr\XMLHttpRequest-impl.js:655:18)
    at Axios.request (file:///E:/learn/projects/blog-frontend-vue/node_modules/axios/lib/core/Axios.js:45:41)
    at processTicksAndRejections (node:internal/process/task_queues:105:5)
    at HttpClient.post (E:\learn\projects\blog-frontend-vue\src\utils\request.ts:289:22)
    at refreshAccessToken (E:\learn\projects\blog-frontend-vue\src\stores\auth.ts:405:24)
    at Proxy.initAuth (E:\learn\projects\blog-frontend-vue\src\stores\auth.ts:519:13)
    at E:\learn\projects\blog-frontend-vue\src\test\properties\auth.property.test.ts:133:11
    at AsyncProperty.run (file:///E:/learn/projects/blog-frontend-vue/node_modules/fast-check/lib/esm/check/property/AsyncProperty.generic.js:46:28)
    at asyncRunIt (file:///E:/learn/projects/blog-frontend-vue/node_modules/fast-check/lib/esm/check/runner/Runner.js:33:21)
    at E:\learn\projects\blog-frontend-vue\src\test\properties\auth.property.test.ts:114:5
    at runTest (file:///E:/learn/projects/blog-frontend-vue/node_modules/@vitest/runner/dist/index.js:781:11) {
  isAxiosError: true,
  code: 'ERR_NETWORK',
  config: {
    transitional: {
      silentJSONParsing: true,
      forcedJSONParsing: true,
      clarifyTimeoutError: false
    },
    adapter: [ 'xhr', 'http', 'fetch' ],
    transformRequest: [ [Function: transformRequest] ],
    transformResponse: [ [Function: transformResponse] ],
    timeout: 10000,
    xsrfCookieName: 'XSRF-TOKEN',
    xsrfHeaderName: 'X-XSRF-TOKEN',
    maxContentLength: -1,
    maxBodyLength: -1,
    env: { FormData: [Function], Blob: [class Blob] },
    validateStatus: [Function: validateStatus],
    headers: Object [AxiosHeaders] {
      Accept: 'application/json',
      'Content-Type': 'application/json',
      'skip-auth': 'true',
      'X-Request-ID': 'req_1770361858088_2nnknbztw',
      'X-Timestamp': '1770361858088'
    },
    baseURL: 'http://localhost:8000/api/v1',
    method: 'post',
    url: '/auth/refresh',
    data: '{"refreshToken":"H WKp>jbl{H\\\\JyC.aWr0pDCwBP\\"3IO73QBQ"}',
    allowAbsoluteUrls: true
  },
  request: XMLHttpRequest {},
  event: ProgressEvent { isTrusted: [Getter] }
}
Auto refresh token failed: AxiosError: Network Error
    at XMLHttpRequest.handleError (file:///E:/learn/projects/blog-frontend-vue/node_modules/axios/lib/adapters/xhr.js:112:20)
    at XMLHttpRequest.invokeTheCallbackFunction (E:\learn\projects\blog-frontend-vue\node_modules\jsdom\lib\jsdom\living\generated\EventHandlerNonNull.js:14:28)
    at XMLHttpRequest.<anonymous> (E:\learn\projects\blog-frontend-vue\node_modules\jsdom\lib\jsdom\living\helpers\create-event-accessor.js:35:32)
    at innerInvokeEventListeners (E:\learn\projects\blog-frontend-vue\node_modules\jsdom\lib\jsdom\living\events\EventTarget-impl.js:350:25)
    at invokeEventListeners (E:\learn\projects\blog-frontend-vue\node_modules\jsdom\lib\jsdom\living\events\EventTarget-impl.js:286:3)
    at XMLHttpRequestImpl._dispatch (E:\learn\projects\blog-frontend-vue\node_modules\jsdom\lib\jsdom\living\events\EventTarget-impl.js:233:9)
    at fireAnEvent (E:\learn\projects\blog-frontend-vue\node_modules\jsdom\lib\jsdom\living\helpers\events.js:18:36)
    at requestErrorSteps (E:\learn\projects\blog-frontend-vue\node_modules\jsdom\lib\jsdom\living\xhr\xhr-utils.js:131:3)
    at Object.dispatchError (E:\learn\projects\blog-frontend-vue\node_modules\jsdom\lib\jsdom\living\xhr\xhr-utils.js:60:3)
    at EventEmitter.<anonymous> (E:\learn\projects\blog-frontend-vue\node_modules\jsdom\lib\jsdom\living\xhr\XMLHttpRequest-impl.js:655:18)
    at Axios.request (file:///E:/learn/projects/blog-frontend-vue/node_modules/axios/lib/core/Axios.js:45:41)
    at processTicksAndRejections (node:internal/process/task_queues:105:5)
    at HttpClient.post (E:\learn\projects\blog-frontend-vue\src\utils\request.ts:289:22)
    at refreshAccessToken (E:\learn\projects\blog-frontend-vue\src\stores\auth.ts:405:24)
    at Proxy.initAuth (E:\learn\projects\blog-frontend-vue\src\stores\auth.ts:519:13)
    at E:\learn\projects\blog-frontend-vue\src\test\properties\auth.property.test.ts:133:11
    at AsyncProperty.run (file:///E:/learn/projects/blog-frontend-vue/node_modules/fast-check/lib/esm/check/property/AsyncProperty.generic.js:46:28)
    at asyncRunIt (file:///E:/learn/projects/blog-frontend-vue/node_modules/fast-check/lib/esm/check/runner/Runner.js:33:21)
    at E:\learn\projects\blog-frontend-vue\src\test\properties\auth.property.test.ts:114:5
    at runTest (file:///E:/learn/projects/blog-frontend-vue/node_modules/@vitest/runner/dist/index.js:781:11) {
  isAxiosError: true,
  code: 'ERR_NETWORK',
  config: {
    transitional: {
      silentJSONParsing: true,
      forcedJSONParsing: true,
      clarifyTimeoutError: false
    },
    adapter: [ 'xhr', 'http', 'fetch' ],
    transformRequest: [ [Function: transformRequest] ],
    transformResponse: [ [Function: transformResponse] ],
    timeout: 10000,
    xsrfCookieName: 'XSRF-TOKEN',
    xsrfHeaderName: 'X-XSRF-TOKEN',
    maxContentLength: -1,
    maxBodyLength: -1,
    env: { FormData: [Function], Blob: [class Blob] },
    validateStatus: [Function: validateStatus],
    headers: Object [AxiosHeaders] {
      Accept: 'application/json',
      'Content-Type': 'application/json',
      'skip-auth': 'true',
      'X-Request-ID': 'req_1770361858088_2nnknbztw',
      'X-Timestamp': '1770361858088'
    },
    baseURL: 'http://localhost:8000/api/v1',
    method: 'post',
    url: '/auth/refresh',
    data: '{"refreshToken":"H WKp>jbl{H\\\\JyC.aWr0pDCwBP\\"3IO73QBQ"}',
    allowAbsoluteUrls: true
  },
  request: XMLHttpRequest {},
  event: ProgressEvent { isTrusted: [Getter] }
}

[90mstdout[2m | src/test/properties/auth.property.test.ts[2m > [22m[2m璁よ瘉灞炴€ф祴璇?[2m > [22m[2mProperty 1.1: Token Expiration Consistency[22m[39m
[HTTP Request] POST /auth/refresh {
  headers: Object [AxiosHeaders] {
    Accept: [32m'application/json'[39m,
    [32m'Content-Type'[39m: [32m'application/json'[39m,
    [32m'skip-auth'[39m: [32m'true'[39m,
    [32m'X-Request-ID'[39m: [32m'req_1770361858109_gd2lz8dcx'[39m,
    [32m'X-Timestamp'[39m: [32m'1770361858109'[39m
  },
  data: { refreshToken: [32m'hY|?xvbo4r^5:8?= )EGZf7tqY)'[39m },
  params: [90mundefined[39m
}

stderr | src/test/properties/auth.property.test.ts > 璁よ瘉灞炴€ф祴璇?[2m > Property 1.1: Token Expiration Consistency
Error: AggregateError
    at Object.dispatchError (E:\learn\projects\blog-frontend-vue\node_modules\jsdom\lib\jsdom\living\xhr\xhr-utils.js:63:19)
    at EventEmitter.<anonymous> (E:\learn\projects\blog-frontend-vue\node_modules\jsdom\lib\jsdom\living\xhr\XMLHttpRequest-impl.js:655:18)
    at EventEmitter.emit (node:events:520:35)
    at Request.<anonymous> (E:\learn\projects\blog-frontend-vue\node_modules\jsdom\lib\jsdom\living\xhr\xhr-utils.js:404:14)
    at Request.emit (node:events:508:28)
    at ClientRequest.<anonymous> (E:\learn\projects\blog-frontend-vue\node_modules\jsdom\lib\jsdom\living\helpers\http-request.js:127:14)
    at ClientRequest.emit (node:events:508:28)
    at emitErrorEvent (node:_http_client:107:11)
    at Socket.socketErrorListener (node:_http_client:574:5)
    at Socket.emit (node:events:508:28) undefined
[HTTP Response Error] {
  url: '/auth/refresh',
  status: undefined,
  data: undefined,
  message: 'Network Error'
}
Token refresh failed: AxiosError: Network Error
    at XMLHttpRequest.handleError (file:///E:/learn/projects/blog-frontend-vue/node_modules/axios/lib/adapters/xhr.js:112:20)
    at XMLHttpRequest.invokeTheCallbackFunction (E:\learn\projects\blog-frontend-vue\node_modules\jsdom\lib\jsdom\living\generated\EventHandlerNonNull.js:14:28)
    at XMLHttpRequest.<anonymous> (E:\learn\projects\blog-frontend-vue\node_modules\jsdom\lib\jsdom\living\helpers\create-event-accessor.js:35:32)
    at innerInvokeEventListeners (E:\learn\projects\blog-frontend-vue\node_modules\jsdom\lib\jsdom\living\events\EventTarget-impl.js:350:25)
    at invokeEventListeners (E:\learn\projects\blog-frontend-vue\node_modules\jsdom\lib\jsdom\living\events\EventTarget-impl.js:286:3)
    at XMLHttpRequestImpl._dispatch (E:\learn\projects\blog-frontend-vue\node_modules\jsdom\lib\jsdom\living\events\EventTarget-impl.js:233:9)
    at fireAnEvent (E:\learn\projects\blog-frontend-vue\node_modules\jsdom\lib\jsdom\living\helpers\events.js:18:36)
    at requestErrorSteps (E:\learn\projects\blog-frontend-vue\node_modules\jsdom\lib\jsdom\living\xhr\xhr-utils.js:131:3)
    at Object.dispatchError (E:\learn\projects\blog-frontend-vue\node_modules\jsdom\lib\jsdom\living\xhr\xhr-utils.js:60:3)
    at EventEmitter.<anonymous> (E:\learn\projects\blog-frontend-vue\node_modules\jsdom\lib\jsdom\living\xhr\XMLHttpRequest-impl.js:655:18)
    at Axios.request (file:///E:/learn/projects/blog-frontend-vue/node_modules/axios/lib/core/Axios.js:45:41)
    at processTicksAndRejections (node:internal/process/task_queues:105:5)
    at HttpClient.post (E:\learn\projects\blog-frontend-vue\src\utils\request.ts:289:22)
    at refreshAccessToken (E:\learn\projects\blog-frontend-vue\src\stores\auth.ts:405:24)
    at Proxy.initAuth (E:\learn\projects\blog-frontend-vue\src\stores\auth.ts:519:13)
    at E:\learn\projects\blog-frontend-vue\src\test\properties\auth.property.test.ts:133:11
    at AsyncProperty.run (file:///E:/learn/projects/blog-frontend-vue/node_modules/fast-check/lib/esm/check/property/AsyncProperty.generic.js:46:28)
    at asyncRunIt (file:///E:/learn/projects/blog-frontend-vue/node_modules/fast-check/lib/esm/check/runner/Runner.js:33:21)
    at E:\learn\projects\blog-frontend-vue\src\test\properties\auth.property.test.ts:114:5
    at runTest (file:///E:/learn/projects/blog-frontend-vue/node_modules/@vitest/runner/dist/index.js:781:11) {
  isAxiosError: true,
  code: 'ERR_NETWORK',
  config: {
    transitional: {
      silentJSONParsing: true,
      forcedJSONParsing: true,
      clarifyTimeoutError: false
    },
    adapter: [ 'xhr', 'http', 'fetch' ],
    transformRequest: [ [Function: transformRequest] ],
    transformResponse: [ [Function: transformResponse] ],
    timeout: 10000,
    xsrfCookieName: 'XSRF-TOKEN',
    xsrfHeaderName: 'X-XSRF-TOKEN',
    maxContentLength: -1,
    maxBodyLength: -1,
    env: { FormData: [Function], Blob: [class Blob] },
    validateStatus: [Function: validateStatus],
    headers: Object [AxiosHeaders] {
      Accept: 'application/json',
      'Content-Type': 'application/json',
      'skip-auth': 'true',
      'X-Request-ID': 'req_1770361858109_gd2lz8dcx',
      'X-Timestamp': '1770361858109'
    },
    baseURL: 'http://localhost:8000/api/v1',
    method: 'post',
    url: '/auth/refresh',
    data: '{"refreshToken":"hY|?xvbo4r^5:8?= )EGZf7tqY)"}',
    allowAbsoluteUrls: true
  },
  request: XMLHttpRequest {},
  event: ProgressEvent { isTrusted: [Getter] }
}
Auto refresh token failed: AxiosError: Network Error
    at XMLHttpRequest.handleError (file:///E:/learn/projects/blog-frontend-vue/node_modules/axios/lib/adapters/xhr.js:112:20)
    at XMLHttpRequest.invokeTheCallbackFunction (E:\learn\projects\blog-frontend-vue\node_modules\jsdom\lib\jsdom\living\generated\EventHandlerNonNull.js:14:28)
    at XMLHttpRequest.<anonymous> (E:\learn\projects\blog-frontend-vue\node_modules\jsdom\lib\jsdom\living\helpers\create-event-accessor.js:35:32)
    at innerInvokeEventListeners (E:\learn\projects\blog-frontend-vue\node_modules\jsdom\lib\jsdom\living\events\EventTarget-impl.js:350:25)
    at invokeEventListeners (E:\learn\projects\blog-frontend-vue\node_modules\jsdom\lib\jsdom\living\events\EventTarget-impl.js:286:3)
    at XMLHttpRequestImpl._dispatch (E:\learn\projects\blog-frontend-vue\node_modules\jsdom\lib\jsdom\living\events\EventTarget-impl.js:233:9)
    at fireAnEvent (E:\learn\projects\blog-frontend-vue\node_modules\jsdom\lib\jsdom\living\helpers\events.js:18:36)
    at requestErrorSteps (E:\learn\projects\blog-frontend-vue\node_modules\jsdom\lib\jsdom\living\xhr\xhr-utils.js:131:3)
    at Object.dispatchError (E:\learn\projects\blog-frontend-vue\node_modules\jsdom\lib\jsdom\living\xhr\xhr-utils.js:60:3)
    at EventEmitter.<anonymous> (E:\learn\projects\blog-frontend-vue\node_modules\jsdom\lib\jsdom\living\xhr\XMLHttpRequest-impl.js:655:18)
    at Axios.request (file:///E:/learn/projects/blog-frontend-vue/node_modules/axios/lib/core/Axios.js:45:41)
    at processTicksAndRejections (node:internal/process/task_queues:105:5)
    at HttpClient.post (E:\learn\projects\blog-frontend-vue\src\utils\request.ts:289:22)
    at refreshAccessToken (E:\learn\projects\blog-frontend-vue\src\stores\auth.ts:405:24)
    at Proxy.initAuth (E:\learn\projects\blog-frontend-vue\src\stores\auth.ts:519:13)
    at E:\learn\projects\blog-frontend-vue\src\test\properties\auth.property.test.ts:133:11
    at AsyncProperty.run (file:///E:/learn/projects/blog-frontend-vue/node_modules/fast-check/lib/esm/check/property/AsyncProperty.generic.js:46:28)
    at asyncRunIt (file:///E:/learn/projects/blog-frontend-vue/node_modules/fast-check/lib/esm/check/runner/Runner.js:33:21)
    at E:\learn\projects\blog-frontend-vue\src\test\properties\auth.property.test.ts:114:5
    at runTest (file:///E:/learn/projects/blog-frontend-vue/node_modules/@vitest/runner/dist/index.js:781:11) {
  isAxiosError: true,
  code: 'ERR_NETWORK',
  config: {
    transitional: {
      silentJSONParsing: true,
      forcedJSONParsing: true,
      clarifyTimeoutError: false
    },
    adapter: [ 'xhr', 'http', 'fetch' ],
    transformRequest: [ [Function: transformRequest] ],
    transformResponse: [ [Function: transformResponse] ],
    timeout: 10000,
    xsrfCookieName: 'XSRF-TOKEN',
    xsrfHeaderName: 'X-XSRF-TOKEN',
    maxContentLength: -1,
    maxBodyLength: -1,
    env: { FormData: [Function], Blob: [class Blob] },
    validateStatus: [Function: validateStatus],
    headers: Object [AxiosHeaders] {
      Accept: 'application/json',
      'Content-Type': 'application/json',
      'skip-auth': 'true',
      'X-Request-ID': 'req_1770361858109_gd2lz8dcx',
      'X-Timestamp': '1770361858109'
    },
    baseURL: 'http://localhost:8000/api/v1',
    method: 'post',
    url: '/auth/refresh',
    data: '{"refreshToken":"hY|?xvbo4r^5:8?= )EGZf7tqY)"}',
    allowAbsoluteUrls: true
  },
  request: XMLHttpRequest {},
  event: ProgressEvent { isTrusted: [Getter] }
}

[90mstdout[2m | src/test/properties/auth.property.test.ts[2m > [22m[2m璁よ瘉灞炴€ф祴璇?[2m > [22m[2mProperty 1.1: Token Expiration Consistency[22m[39m
[HTTP Request] POST /auth/refresh {
  headers: Object [AxiosHeaders] {
    Accept: [32m'application/json'[39m,
    [32m'Content-Type'[39m: [32m'application/json'[39m,
    [32m'skip-auth'[39m: [32m'true'[39m,
    [32m'X-Request-ID'[39m: [32m'req_1770361858118_lc7634hs5'[39m,
    [32m'X-Timestamp'[39m: [32m'1770361858118'[39m
  },
  data: { refreshToken: [32m`sB :%I#U@! $ov%yc$3%9T!q|'v}/_nPz{yrG}"#Iyn^M~C#%`[39m },
  params: [90mundefined[39m
}

stderr | src/test/properties/auth.property.test.ts > 璁よ瘉灞炴€ф祴璇?[2m > Property 1.1: Token Expiration Consistency
Error: AggregateError
    at Object.dispatchError (E:\learn\projects\blog-frontend-vue\node_modules\jsdom\lib\jsdom\living\xhr\xhr-utils.js:63:19)
    at EventEmitter.<anonymous> (E:\learn\projects\blog-frontend-vue\node_modules\jsdom\lib\jsdom\living\xhr\XMLHttpRequest-impl.js:655:18)
    at EventEmitter.emit (node:events:520:35)
    at Request.<anonymous> (E:\learn\projects\blog-frontend-vue\node_modules\jsdom\lib\jsdom\living\xhr\xhr-utils.js:404:14)
    at Request.emit (node:events:508:28)
    at ClientRequest.<anonymous> (E:\learn\projects\blog-frontend-vue\node_modules\jsdom\lib\jsdom\living\helpers\http-request.js:127:14)
    at ClientRequest.emit (node:events:508:28)
    at emitErrorEvent (node:_http_client:107:11)
    at Socket.socketErrorListener (node:_http_client:574:5)
    at Socket.emit (node:events:508:28) undefined
[HTTP Response Error] {
  url: '/auth/refresh',
  status: undefined,
  data: undefined,
  message: 'Network Error'
}
Token refresh failed: AxiosError: Network Error
    at XMLHttpRequest.handleError (file:///E:/learn/projects/blog-frontend-vue/node_modules/axios/lib/adapters/xhr.js:112:20)
    at XMLHttpRequest.invokeTheCallbackFunction (E:\learn\projects\blog-frontend-vue\node_modules\jsdom\lib\jsdom\living\generated\EventHandlerNonNull.js:14:28)
    at XMLHttpRequest.<anonymous> (E:\learn\projects\blog-frontend-vue\node_modules\jsdom\lib\jsdom\living\helpers\create-event-accessor.js:35:32)
    at innerInvokeEventListeners (E:\learn\projects\blog-frontend-vue\node_modules\jsdom\lib\jsdom\living\events\EventTarget-impl.js:350:25)
    at invokeEventListeners (E:\learn\projects\blog-frontend-vue\node_modules\jsdom\lib\jsdom\living\events\EventTarget-impl.js:286:3)
    at XMLHttpRequestImpl._dispatch (E:\learn\projects\blog-frontend-vue\node_modules\jsdom\lib\jsdom\living\events\EventTarget-impl.js:233:9)
    at fireAnEvent (E:\learn\projects\blog-frontend-vue\node_modules\jsdom\lib\jsdom\living\helpers\events.js:18:36)
    at requestErrorSteps (E:\learn\projects\blog-frontend-vue\node_modules\jsdom\lib\jsdom\living\xhr\xhr-utils.js:131:3)
    at Object.dispatchError (E:\learn\projects\blog-frontend-vue\node_modules\jsdom\lib\jsdom\living\xhr\xhr-utils.js:60:3)
    at EventEmitter.<anonymous> (E:\learn\projects\blog-frontend-vue\node_modules\jsdom\lib\jsdom\living\xhr\XMLHttpRequest-impl.js:655:18)
    at Axios.request (file:///E:/learn/projects/blog-frontend-vue/node_modules/axios/lib/core/Axios.js:45:41)
    at processTicksAndRejections (node:internal/process/task_queues:105:5)
    at HttpClient.post (E:\learn\projects\blog-frontend-vue\src\utils\request.ts:289:22)
    at refreshAccessToken (E:\learn\projects\blog-frontend-vue\src\stores\auth.ts:405:24)
    at Proxy.initAuth (E:\learn\projects\blog-frontend-vue\src\stores\auth.ts:519:13)
    at E:\learn\projects\blog-frontend-vue\src\test\properties\auth.property.test.ts:133:11
    at AsyncProperty.run (file:///E:/learn/projects/blog-frontend-vue/node_modules/fast-check/lib/esm/check/property/AsyncProperty.generic.js:46:28)
    at asyncRunIt (file:///E:/learn/projects/blog-frontend-vue/node_modules/fast-check/lib/esm/check/runner/Runner.js:33:21)
    at E:\learn\projects\blog-frontend-vue\src\test\properties\auth.property.test.ts:114:5
    at runTest (file:///E:/learn/projects/blog-frontend-vue/node_modules/@vitest/runner/dist/index.js:781:11) {
  isAxiosError: true,
  code: 'ERR_NETWORK',
  config: {
    transitional: {
      silentJSONParsing: true,
      forcedJSONParsing: true,
      clarifyTimeoutError: false
    },
    adapter: [ 'xhr', 'http', 'fetch' ],
    transformRequest: [ [Function: transformRequest] ],
    transformResponse: [ [Function: transformResponse] ],
    timeout: 10000,
    xsrfCookieName: 'XSRF-TOKEN',
    xsrfHeaderName: 'X-XSRF-TOKEN',
    maxContentLength: -1,
    maxBodyLength: -1,
    env: { FormData: [Function], Blob: [class Blob] },
    validateStatus: [Function: validateStatus],
    headers: Object [AxiosHeaders] {
      Accept: 'application/json',
      'Content-Type': 'application/json',
      'skip-auth': 'true',
      'X-Request-ID': 'req_1770361858118_lc7634hs5',
      'X-Timestamp': '1770361858118'
    },
    baseURL: 'http://localhost:8000/api/v1',
    method: 'post',
    url: '/auth/refresh',
    data: `{"refreshToken":"sB :%I#U@! $ov%yc$3%9T!q|'v}/_nPz{yrG}\\"#Iyn^M~C#%"}`,
    allowAbsoluteUrls: true
  },
  request: XMLHttpRequest {},
  event: ProgressEvent { isTrusted: [Getter] }
}
Auto refresh token failed: AxiosError: Network Error
    at XMLHttpRequest.handleError (file:///E:/learn/projects/blog-frontend-vue/node_modules/axios/lib/adapters/xhr.js:112:20)
    at XMLHttpRequest.invokeTheCallbackFunction (E:\learn\projects\blog-frontend-vue\node_modules\jsdom\lib\jsdom\living\generated\EventHandlerNonNull.js:14:28)
    at XMLHttpRequest.<anonymous> (E:\learn\projects\blog-frontend-vue\node_modules\jsdom\lib\jsdom\living\helpers\create-event-accessor.js:35:32)
    at innerInvokeEventListeners (E:\learn\projects\blog-frontend-vue\node_modules\jsdom\lib\jsdom\living\events\EventTarget-impl.js:350:25)
    at invokeEventListeners (E:\learn\projects\blog-frontend-vue\node_modules\jsdom\lib\jsdom\living\events\EventTarget-impl.js:286:3)
    at XMLHttpRequestImpl._dispatch (E:\learn\projects\blog-frontend-vue\node_modules\jsdom\lib\jsdom\living\events\EventTarget-impl.js:233:9)
    at fireAnEvent (E:\learn\projects\blog-frontend-vue\node_modules\jsdom\lib\jsdom\living\helpers\events.js:18:36)
    at requestErrorSteps (E:\learn\projects\blog-frontend-vue\node_modules\jsdom\lib\jsdom\living\xhr\xhr-utils.js:131:3)
    at Object.dispatchError (E:\learn\projects\blog-frontend-vue\node_modules\jsdom\lib\jsdom\living\xhr\xhr-utils.js:60:3)
    at EventEmitter.<anonymous> (E:\learn\projects\blog-frontend-vue\node_modules\jsdom\lib\jsdom\living\xhr\XMLHttpRequest-impl.js:655:18)
    at Axios.request (file:///E:/learn/projects/blog-frontend-vue/node_modules/axios/lib/core/Axios.js:45:41)
    at processTicksAndRejections (node:internal/process/task_queues:105:5)
    at HttpClient.post (E:\learn\projects\blog-frontend-vue\src\utils\request.ts:289:22)
    at refreshAccessToken (E:\learn\projects\blog-frontend-vue\src\stores\auth.ts:405:24)
    at Proxy.initAuth (E:\learn\projects\blog-frontend-vue\src\stores\auth.ts:519:13)
    at E:\learn\projects\blog-frontend-vue\src\test\properties\auth.property.test.ts:133:11
    at AsyncProperty.run (file:///E:/learn/projects/blog-frontend-vue/node_modules/fast-check/lib/esm/check/property/AsyncProperty.generic.js:46:28)
    at asyncRunIt (file:///E:/learn/projects/blog-frontend-vue/node_modules/fast-check/lib/esm/check/runner/Runner.js:33:21)
    at E:\learn\projects\blog-frontend-vue\src\test\properties\auth.property.test.ts:114:5
    at runTest (file:///E:/learn/projects/blog-frontend-vue/node_modules/@vitest/runner/dist/index.js:781:11) {
  isAxiosError: true,
  code: 'ERR_NETWORK',
  config: {
    transitional: {
      silentJSONParsing: true,
      forcedJSONParsing: true,
      clarifyTimeoutError: false
    },
    adapter: [ 'xhr', 'http', 'fetch' ],
    transformRequest: [ [Function: transformRequest] ],
    transformResponse: [ [Function: transformResponse] ],
    timeout: 10000,
    xsrfCookieName: 'XSRF-TOKEN',
    xsrfHeaderName: 'X-XSRF-TOKEN',
    maxContentLength: -1,
    maxBodyLength: -1,
    env: { FormData: [Function], Blob: [class Blob] },
    validateStatus: [Function: validateStatus],
    headers: Object [AxiosHeaders] {
      Accept: 'application/json',
      'Content-Type': 'application/json',
      'skip-auth': 'true',
      'X-Request-ID': 'req_1770361858118_lc7634hs5',
      'X-Timestamp': '1770361858118'
    },
    baseURL: 'http://localhost:8000/api/v1',
    method: 'post',
    url: '/auth/refresh',
    data: `{"refreshToken":"sB :%I#U@! $ov%yc$3%9T!q|'v}/_nPz{yrG}\\"#Iyn^M~C#%"}`,
    allowAbsoluteUrls: true
  },
  request: XMLHttpRequest {},
  event: ProgressEvent { isTrusted: [Getter] }
}

[90mstdout[2m | src/test/properties/auth.property.test.ts[2m > [22m[2m璁よ瘉灞炴€ф祴璇?[2m > [22m[2mProperty 1.1: Token Expiration Consistency[22m[39m
[HTTP Request] POST /auth/refresh {
  headers: Object [AxiosHeaders] {
    Accept: [32m'application/json'[39m,
    [32m'Content-Type'[39m: [32m'application/json'[39m,
    [32m'skip-auth'[39m: [32m'true'[39m,
    [32m'X-Request-ID'[39m: [32m'req_1770361858134_0eq63oybs'[39m,
    [32m'X-Timestamp'[39m: [32m'1770361858134'[39m
  },
  data: { refreshToken: [32m')x-bqT~j4:J_R&%_zN^D]Z@D\\EM0WWlJXYOfd_\\sL'[39m },
  params: [90mundefined[39m
}

stderr | src/test/properties/auth.property.test.ts > 璁よ瘉灞炴€ф祴璇?[2m > Property 1.1: Token Expiration Consistency
Error: AggregateError
    at Object.dispatchError (E:\learn\projects\blog-frontend-vue\node_modules\jsdom\lib\jsdom\living\xhr\xhr-utils.js:63:19)
    at EventEmitter.<anonymous> (E:\learn\projects\blog-frontend-vue\node_modules\jsdom\lib\jsdom\living\xhr\XMLHttpRequest-impl.js:655:18)
    at EventEmitter.emit (node:events:520:35)
    at Request.<anonymous> (E:\learn\projects\blog-frontend-vue\node_modules\jsdom\lib\jsdom\living\xhr\xhr-utils.js:404:14)
    at Request.emit (node:events:508:28)
    at ClientRequest.<anonymous> (E:\learn\projects\blog-frontend-vue\node_modules\jsdom\lib\jsdom\living\helpers\http-request.js:127:14)
    at ClientRequest.emit (node:events:508:28)
    at emitErrorEvent (node:_http_client:107:11)
    at Socket.socketErrorListener (node:_http_client:574:5)
    at Socket.emit (node:events:508:28) undefined
[HTTP Response Error] {
  url: '/auth/refresh',
  status: undefined,
  data: undefined,
  message: 'Network Error'
}
Token refresh failed: AxiosError: Network Error
    at XMLHttpRequest.handleError (file:///E:/learn/projects/blog-frontend-vue/node_modules/axios/lib/adapters/xhr.js:112:20)
    at XMLHttpRequest.invokeTheCallbackFunction (E:\learn\projects\blog-frontend-vue\node_modules\jsdom\lib\jsdom\living\generated\EventHandlerNonNull.js:14:28)
    at XMLHttpRequest.<anonymous> (E:\learn\projects\blog-frontend-vue\node_modules\jsdom\lib\jsdom\living\helpers\create-event-accessor.js:35:32)
    at innerInvokeEventListeners (E:\learn\projects\blog-frontend-vue\node_modules\jsdom\lib\jsdom\living\events\EventTarget-impl.js:350:25)
    at invokeEventListeners (E:\learn\projects\blog-frontend-vue\node_modules\jsdom\lib\jsdom\living\events\EventTarget-impl.js:286:3)
    at XMLHttpRequestImpl._dispatch (E:\learn\projects\blog-frontend-vue\node_modules\jsdom\lib\jsdom\living\events\EventTarget-impl.js:233:9)
    at fireAnEvent (E:\learn\projects\blog-frontend-vue\node_modules\jsdom\lib\jsdom\living\helpers\events.js:18:36)
    at requestErrorSteps (E:\learn\projects\blog-frontend-vue\node_modules\jsdom\lib\jsdom\living\xhr\xhr-utils.js:131:3)
    at Object.dispatchError (E:\learn\projects\blog-frontend-vue\node_modules\jsdom\lib\jsdom\living\xhr\xhr-utils.js:60:3)
    at EventEmitter.<anonymous> (E:\learn\projects\blog-frontend-vue\node_modules\jsdom\lib\jsdom\living\xhr\XMLHttpRequest-impl.js:655:18)
    at Axios.request (file:///E:/learn/projects/blog-frontend-vue/node_modules/axios/lib/core/Axios.js:45:41)
    at processTicksAndRejections (node:internal/process/task_queues:105:5)
    at HttpClient.post (E:\learn\projects\blog-frontend-vue\src\utils\request.ts:289:22)
    at refreshAccessToken (E:\learn\projects\blog-frontend-vue\src\stores\auth.ts:405:24)
    at Proxy.initAuth (E:\learn\projects\blog-frontend-vue\src\stores\auth.ts:519:13)
    at E:\learn\projects\blog-frontend-vue\src\test\properties\auth.property.test.ts:133:11
    at AsyncProperty.run (file:///E:/learn/projects/blog-frontend-vue/node_modules/fast-check/lib/esm/check/property/AsyncProperty.generic.js:46:28)
    at asyncRunIt (file:///E:/learn/projects/blog-frontend-vue/node_modules/fast-check/lib/esm/check/runner/Runner.js:33:21)
    at E:\learn\projects\blog-frontend-vue\src\test\properties\auth.property.test.ts:114:5
    at runTest (file:///E:/learn/projects/blog-frontend-vue/node_modules/@vitest/runner/dist/index.js:781:11) {
  isAxiosError: true,
  code: 'ERR_NETWORK',
  config: {
    transitional: {
      silentJSONParsing: true,
      forcedJSONParsing: true,
      clarifyTimeoutError: false
    },
    adapter: [ 'xhr', 'http', 'fetch' ],
    transformRequest: [ [Function: transformRequest] ],
    transformResponse: [ [Function: transformResponse] ],
    timeout: 10000,
    xsrfCookieName: 'XSRF-TOKEN',
    xsrfHeaderName: 'X-XSRF-TOKEN',
    maxContentLength: -1,
    maxBodyLength: -1,
    env: { FormData: [Function], Blob: [class Blob] },
    validateStatus: [Function: validateStatus],
    headers: Object [AxiosHeaders] {
      Accept: 'application/json',
      'Content-Type': 'application/json',
      'skip-auth': 'true',
      'X-Request-ID': 'req_1770361858134_0eq63oybs',
      'X-Timestamp': '1770361858134'
    },
    baseURL: 'http://localhost:8000/api/v1',
    method: 'post',
    url: '/auth/refresh',
    data: '{"refreshToken":")x-bqT~j4:J_R&%_zN^D]Z@D\\\\EM0WWlJXYOfd_\\\\sL"}',
    allowAbsoluteUrls: true
  },
  request: XMLHttpRequest {},
  event: ProgressEvent { isTrusted: [Getter] }
}
Auto refresh token failed: AxiosError: Network Error
    at XMLHttpRequest.handleError (file:///E:/learn/projects/blog-frontend-vue/node_modules/axios/lib/adapters/xhr.js:112:20)
    at XMLHttpRequest.invokeTheCallbackFunction (E:\learn\projects\blog-frontend-vue\node_modules\jsdom\lib\jsdom\living\generated\EventHandlerNonNull.js:14:28)
    at XMLHttpRequest.<anonymous> (E:\learn\projects\blog-frontend-vue\node_modules\jsdom\lib\jsdom\living\helpers\create-event-accessor.js:35:32)
    at innerInvokeEventListeners (E:\learn\projects\blog-frontend-vue\node_modules\jsdom\lib\jsdom\living\events\EventTarget-impl.js:350:25)
    at invokeEventListeners (E:\learn\projects\blog-frontend-vue\node_modules\jsdom\lib\jsdom\living\events\EventTarget-impl.js:286:3)
    at XMLHttpRequestImpl._dispatch (E:\learn\projects\blog-frontend-vue\node_modules\jsdom\lib\jsdom\living\events\EventTarget-impl.js:233:9)
    at fireAnEvent (E:\learn\projects\blog-frontend-vue\node_modules\jsdom\lib\jsdom\living\helpers\events.js:18:36)
    at requestErrorSteps (E:\learn\projects\blog-frontend-vue\node_modules\jsdom\lib\jsdom\living\xhr\xhr-utils.js:131:3)
    at Object.dispatchError (E:\learn\projects\blog-frontend-vue\node_modules\jsdom\lib\jsdom\living\xhr\xhr-utils.js:60:3)
    at EventEmitter.<anonymous> (E:\learn\projects\blog-frontend-vue\node_modules\jsdom\lib\jsdom\living\xhr\XMLHttpRequest-impl.js:655:18)
    at Axios.request (file:///E:/learn/projects/blog-frontend-vue/node_modules/axios/lib/core/Axios.js:45:41)
    at processTicksAndRejections (node:internal/process/task_queues:105:5)
    at HttpClient.post (E:\learn\projects\blog-frontend-vue\src\utils\request.ts:289:22)
    at refreshAccessToken (E:\learn\projects\blog-frontend-vue\src\stores\auth.ts:405:24)
    at Proxy.initAuth (E:\learn\projects\blog-frontend-vue\src\stores\auth.ts:519:13)
    at E:\learn\projects\blog-frontend-vue\src\test\properties\auth.property.test.ts:133:11
    at AsyncProperty.run (file:///E:/learn/projects/blog-frontend-vue/node_modules/fast-check/lib/esm/check/property/AsyncProperty.generic.js:46:28)
    at asyncRunIt (file:///E:/learn/projects/blog-frontend-vue/node_modules/fast-check/lib/esm/check/runner/Runner.js:33:21)
    at E:\learn\projects\blog-frontend-vue\src\test\properties\auth.property.test.ts:114:5
    at runTest (file:///E:/learn/projects/blog-frontend-vue/node_modules/@vitest/runner/dist/index.js:781:11) {
  isAxiosError: true,
  code: 'ERR_NETWORK',
  config: {
    transitional: {
      silentJSONParsing: true,
      forcedJSONParsing: true,
      clarifyTimeoutError: false
    },
    adapter: [ 'xhr', 'http', 'fetch' ],
    transformRequest: [ [Function: transformRequest] ],
    transformResponse: [ [Function: transformResponse] ],
    timeout: 10000,
    xsrfCookieName: 'XSRF-TOKEN',
    xsrfHeaderName: 'X-XSRF-TOKEN',
    maxContentLength: -1,
    maxBodyLength: -1,
    env: { FormData: [Function], Blob: [class Blob] },
    validateStatus: [Function: validateStatus],
[90mstdout[2m | src/test/properties/auth.property.test.ts[2m > [22m[2m璁よ瘉灞炴€ф祴璇?[2m > [22m[2mProperty 1.1: Token Expiration Consistency[22m[39m
[HTTP Request] POST /auth/refresh {
  headers: Object [AxiosHeaders] {
    Accept: [32m'application/json'[39m,
    [32m'Content-Type'[39m: [32m'application/json'[39m,
    [32m'skip-auth'[39m: [32m'true'[39m,
    headers: Object [AxiosHeaders] {
    [32m'X-Request-ID'[39m: [32m'req_1770361858154_horvz1goq'[39m,
      Accept: 'application/json',
    [32m'X-Timestamp'[39m: [32m'1770361858154'[39m
      'Content-Type': 'application/json',
  },
      'skip-auth': 'true',
      'X-Request-ID': 'req_1770361858134_0eq63oybs',
      'X-Timestamp': '1770361858134'
  data: { refreshToken: [32m"{7:9d>KN>c)#'4l)X}\\iqs*G[;#[%z:Pd"[39m },
    },
  params: [90mundefined[39m
    baseURL: 'http://localhost:8000/api/v1',
}
    method: 'post',

    url: '/auth/refresh',
    data: '{"refreshToken":")x-bqT~j4:J_R&%_zN^D]Z@D\\\\EM0WWlJXYOfd_\\\\sL"}',
    allowAbsoluteUrls: true
  },
  request: XMLHttpRequest {},
  event: ProgressEvent { isTrusted: [Getter] }
}

stderr | src/test/properties/auth.property.test.ts > 璁よ瘉灞炴€ф祴璇?[2m > Property 1.1: Token Expiration Consistency
Error: AggregateError
    at Object.dispatchError (E:\learn\projects\blog-frontend-vue\node_modules\jsdom\lib\jsdom\living\xhr\xhr-utils.js:63:19)
    at EventEmitter.<anonymous> (E:\learn\projects\blog-frontend-vue\node_modules\jsdom\lib\jsdom\living\xhr\XMLHttpRequest-impl.js:655:18)
    at EventEmitter.emit (node:events:520:35)
    at Request.<anonymous> (E:\learn\projects\blog-frontend-vue\node_modules\jsdom\lib\jsdom\living\xhr\xhr-utils.js:404:14)
    at Request.emit (node:events:508:28)
    at ClientRequest.<anonymous> (E:\learn\projects\blog-frontend-vue\node_modules\jsdom\lib\jsdom\living\helpers\http-request.js:127:14)
    at ClientRequest.emit (node:events:508:28)
    at emitErrorEvent (node:_http_client:107:11)
    at Socket.socketErrorListener (node:_http_client:574:5)
    at Socket.emit (node:events:508:28) undefined
[HTTP Response Error] {
  url: '/auth/refresh',
  status: undefined,
  data: undefined,
  message: 'Network Error'
}
Token refresh failed: AxiosError: Network Error
    at XMLHttpRequest.handleError (file:///E:/learn/projects/blog-frontend-vue/node_modules/axios/lib/adapters/xhr.js:112:20)
    at XMLHttpRequest.invokeTheCallbackFunction (E:\learn\projects\blog-frontend-vue\node_modules\jsdom\lib\jsdom\living\generated\EventHandlerNonNull.js:14:28)
    at XMLHttpRequest.<anonymous> (E:\learn\projects\blog-frontend-vue\node_modules\jsdom\lib\jsdom\living\helpers\create-event-accessor.js:35:32)
    at innerInvokeEventListeners (E:\learn\projects\blog-frontend-vue\node_modules\jsdom\lib\jsdom\living\events\EventTarget-impl.js:350:25)
    at invokeEventListeners (E:\learn\projects\blog-frontend-vue\node_modules\jsdom\lib\jsdom\living\events\EventTarget-impl.js:286:3)
    at XMLHttpRequestImpl._dispatch (E:\learn\projects\blog-frontend-vue\node_modules\jsdom\lib\jsdom\living\events\EventTarget-impl.js:233:9)
    at fireAnEvent (E:\learn\projects\blog-frontend-vue\node_modules\jsdom\lib\jsdom\living\helpers\events.js:18:36)
    at requestErrorSteps (E:\learn\projects\blog-frontend-vue\node_modules\jsdom\lib\jsdom\living\xhr\xhr-utils.js:131:3)
    at Object.dispatchError (E:\learn\projects\blog-frontend-vue\node_modules\jsdom\lib\jsdom\living\xhr\xhr-utils.js:60:3)
    at EventEmitter.<anonymous> (E:\learn\projects\blog-frontend-vue\node_modules\jsdom\lib\jsdom\living\xhr\XMLHttpRequest-impl.js:655:18)
    at Axios.request (file:///E:/learn/projects/blog-frontend-vue/node_modules/axios/lib/core/Axios.js:45:41)
    at processTicksAndRejections (node:internal/process/task_queues:105:5)
    at HttpClient.post (E:\learn\projects\blog-frontend-vue\src\utils\request.ts:289:22)
    at refreshAccessToken (E:\learn\projects\blog-frontend-vue\src\stores\auth.ts:405:24)
    at Proxy.initAuth (E:\learn\projects\blog-frontend-vue\src\stores\auth.ts:519:13)
    at E:\learn\projects\blog-frontend-vue\src\test\properties\auth.property.test.ts:133:11
    at AsyncProperty.run (file:///E:/learn/projects/blog-frontend-vue/node_modules/fast-check/lib/esm/check/property/AsyncProperty.generic.js:46:28)
    at asyncRunIt (file:///E:/learn/projects/blog-frontend-vue/node_modules/fast-check/lib/esm/check/runner/Runner.js:33:21)
    at E:\learn\projects\blog-frontend-vue\src\test\properties\auth.property.test.ts:114:5
    at runTest (file:///E:/learn/projects/blog-frontend-vue/node_modules/@vitest/runner/dist/index.js:781:11) {
  isAxiosError: true,
  code: 'ERR_NETWORK',
  config: {
    transitional: {
      silentJSONParsing: true,
      forcedJSONParsing: true,
      clarifyTimeoutError: false
    },
    adapter: [ 'xhr', 'http', 'fetch' ],
    transformRequest: [ [Function: transformRequest] ],
    transformResponse: [ [Function: transformResponse] ],
    timeout: 10000,
    xsrfCookieName: 'XSRF-TOKEN',
    xsrfHeaderName: 'X-XSRF-TOKEN',
    maxContentLength: -1,
    maxBodyLength: -1,
    env: { FormData: [Function], Blob: [class Blob] },
    validateStatus: [Function: validateStatus],
    headers: Object [AxiosHeaders] {
      Accept: 'application/json',
      'Content-Type': 'application/json',
      'skip-auth': 'true',
      'X-Request-ID': 'req_1770361858154_horvz1goq',
      'X-Timestamp': '1770361858154'
    },
    baseURL: 'http://localhost:8000/api/v1',
    method: 'post',
    url: '/auth/refresh',
    data: `{"refreshToken":"{7:9d>KN>c)#'4l)X}\\\\iqs*G[;#[%z:Pd"}`,
    allowAbsoluteUrls: true
  },
  request: XMLHttpRequest {},
  event: ProgressEvent { isTrusted: [Getter] }
}
Auto refresh token failed: AxiosError: Network Error
    at XMLHttpRequest.handleError (file:///E:/learn/projects/blog-frontend-vue/node_modules/axios/lib/adapters/xhr.js:112:20)
    at XMLHttpRequest.invokeTheCallbackFunction (E:\learn\projects\blog-frontend-vue\node_modules\jsdom\lib\jsdom\living\generated\EventHandlerNonNull.js:14:28)
    at XMLHttpRequest.<anonymous> (E:\learn\projects\blog-frontend-vue\node_modules\jsdom\lib\jsdom\living\helpers\create-event-accessor.js:35:32)
    at innerInvokeEventListeners (E:\learn\projects\blog-frontend-vue\node_modules\jsdom\lib\jsdom\living\events\EventTarget-impl.js:350:25)
    at invokeEventListeners (E:\learn\projects\blog-frontend-vue\node_modules\jsdom\lib\jsdom\living\events\EventTarget-impl.js:286:3)
    at XMLHttpRequestImpl._dispatch (E:\learn\projects\blog-frontend-vue\node_modules\jsdom\lib\jsdom\living\events\EventTarget-impl.js:233:9)
    at fireAnEvent (E:\learn\projects\blog-frontend-vue\node_modules\jsdom\lib\jsdom\living\helpers\events.js:18:36)
    at requestErrorSteps (E:\learn\projects\blog-frontend-vue\node_modules\jsdom\lib\jsdom\living\xhr\xhr-utils.js:131:3)
    at Object.dispatchError (E:\learn\projects\blog-frontend-vue\node_modules\jsdom\lib\jsdom\living\xhr\xhr-utils.js:60:3)
    at EventEmitter.<anonymous> (E:\learn\projects\blog-frontend-vue\node_modules\jsdom\lib\jsdom\living\xhr\XMLHttpRequest-impl.js:655:18)
    at Axios.request (file:///E:/learn/projects/blog-frontend-vue/node_modules/axios/lib/core/Axios.js:45:41)
    at processTicksAndRejections (node:internal/process/task_queues:105:5)
    at HttpClient.post (E:\learn\projects\blog-frontend-vue\src\utils\request.ts:289:22)
    at refreshAccessToken (E:\learn\projects\blog-frontend-vue\src\stores\auth.ts:405:24)
    at Proxy.initAuth (E:\learn\projects\blog-frontend-vue\src\stores\auth.ts:519:13)
    at E:\learn\projects\blog-frontend-vue\src\test\properties\auth.property.test.ts:133:11
    at AsyncProperty.run (file:///E:/learn/projects/blog-frontend-vue/node_modules/fast-check/lib/esm/check/property/AsyncProperty.generic.js:46:28)
    at asyncRunIt (file:///E:/learn/projects/blog-frontend-vue/node_modules/fast-check/lib/esm/check/runner/Runner.js:33:21)
    at E:\learn\projects\blog-frontend-vue\src\test\properties\auth.property.test.ts:114:5
    at runTest (file:///E:/learn/projects/blog-frontend-vue/node_modules/@vitest/runner/dist/index.js:781:11) {
  isAxiosError: true,
  code: 'ERR_NETWORK',
  config: {
    transitional: {
      silentJSONParsing: true,
      forcedJSONParsing: true,
      clarifyTimeoutError: false
    },
    adapter: [ 'xhr', 'http', 'fetch' ],
    transformRequest: [ [Function: transformRequest] ],
    transformResponse: [ [Function: transformResponse] ],
    timeout: 10000,
    xsrfCookieName: 'XSRF-TOKEN',
    xsrfHeaderName: 'X-XSRF-TOKEN',
    maxContentLength: -1,
    maxBodyLength: -1,
    env: { FormData: [Function], Blob: [class Blob] },
    validateStatus: [Function: validateStatus],
    headers: Object [AxiosHeaders] {
      Accept: 'application/json',
      'Content-Type': 'application/json',
      'skip-auth': 'true',
      'X-Request-ID': 'req_1770361858154_horvz1goq',
      'X-Timestamp': '1770361858154'
    },
    baseURL: 'http://localhost:8000/api/v1',
    method: 'post',
    url: '/auth/refresh',
    data: `{"refreshToken":"{7:9d>KN>c)#'4l)X}\\\\iqs*G[;#[%z:Pd"}`,
    allowAbsoluteUrls: true
  },
  request: XMLHttpRequest {},
  event: ProgressEvent { isTrusted: [Getter] }
}

[90mstdout[2m | src/test/properties/auth.property.test.ts[2m > [22m[2m璁よ瘉灞炴€ф祴璇?[2m > [22m[2mProperty 1.1: Token Expiration Consistency[22m[39m
[HTTP Request] POST /auth/refresh {
  headers: Object [AxiosHeaders] {
    Accept: [32m'application/json'[39m,
    [32m'Content-Type'[39m: [32m'application/json'[39m,
    [32m'skip-auth'[39m: [32m'true'[39m,
    [32m'X-Request-ID'[39m: [32m'req_1770361858165_b7og3uwh6'[39m,
    [32m'X-Timestamp'[39m: [32m'1770361858166'[39m
  },
  data: { refreshToken: [32m'/NEq#V>r/.+{%W_dU$IaANl)2L3@)N|D4U~)eS|(euagvOwKj'[39m },
  params: [90mundefined[39m
}

stderr | src/test/properties/auth.property.test.ts > 璁よ瘉灞炴€ф祴璇?[2m > Property 1.1: Token Expiration Consistency
Error: AggregateError
    at Object.dispatchError (E:\learn\projects\blog-frontend-vue\node_modules\jsdom\lib\jsdom\living\xhr\xhr-utils.js:63:19)
    at EventEmitter.<anonymous> (E:\learn\projects\blog-frontend-vue\node_modules\jsdom\lib\jsdom\living\xhr\XMLHttpRequest-impl.js:655:18)
    at EventEmitter.emit (node:events:520:35)
    at Request.<anonymous> (E:\learn\projects\blog-frontend-vue\node_modules\jsdom\lib\jsdom\living\xhr\xhr-utils.js:404:14)
    at Request.emit (node:events:508:28)
    at ClientRequest.<anonymous> (E:\learn\projects\blog-frontend-vue\node_modules\jsdom\lib\jsdom\living\helpers\http-request.js:127:14)
    at ClientRequest.emit (node:events:508:28)
    at emitErrorEvent (node:_http_client:107:11)
    at Socket.socketErrorListener (node:_http_client:574:5)
    at Socket.emit (node:events:508:28) undefined
[HTTP Response Error] {
  url: '/auth/refresh',
  status: undefined,
  data: undefined,
  message: 'Network Error'
}
Token refresh failed: AxiosError: Network Error
    at XMLHttpRequest.handleError (file:///E:/learn/projects/blog-frontend-vue/node_modules/axios/lib/adapters/xhr.js:112:20)
    at XMLHttpRequest.invokeTheCallbackFunction (E:\learn\projects\blog-frontend-vue\node_modules\jsdom\lib\jsdom\living\generated\EventHandlerNonNull.js:14:28)
    at XMLHttpRequest.<anonymous> (E:\learn\projects\blog-frontend-vue\node_modules\jsdom\lib\jsdom\living\helpers\create-event-accessor.js:35:32)
    at innerInvokeEventListeners (E:\learn\projects\blog-frontend-vue\node_modules\jsdom\lib\jsdom\living\events\EventTarget-impl.js:350:25)
    at invokeEventListeners (E:\learn\projects\blog-frontend-vue\node_modules\jsdom\lib\jsdom\living\events\EventTarget-impl.js:286:3)
    at XMLHttpRequestImpl._dispatch (E:\learn\projects\blog-frontend-vue\node_modules\jsdom\lib\jsdom\living\events\EventTarget-impl.js:233:9)
    at fireAnEvent (E:\learn\projects\blog-frontend-vue\node_modules\jsdom\lib\jsdom\living\helpers\events.js:18:36)
    at requestErrorSteps (E:\learn\projects\blog-frontend-vue\node_modules\jsdom\lib\jsdom\living\xhr\xhr-utils.js:131:3)
    at Object.dispatchError (E:\learn\projects\blog-frontend-vue\node_modules\jsdom\lib\jsdom\living\xhr\xhr-utils.js:60:3)
    at EventEmitter.<anonymous> (E:\learn\projects\blog-frontend-vue\node_modules\jsdom\lib\jsdom\living\xhr\XMLHttpRequest-impl.js:655:18)
    at Axios.request (file:///E:/learn/projects/blog-frontend-vue/node_modules/axios/lib/core/Axios.js:45:41)
    at processTicksAndRejections (node:internal/process/task_queues:105:5)
    at HttpClient.post (E:\learn\projects\blog-frontend-vue\src\utils\request.ts:289:22)
    at refreshAccessToken (E:\learn\projects\blog-frontend-vue\src\stores\auth.ts:405:24)
    at Proxy.initAuth (E:\learn\projects\blog-frontend-vue\src\stores\auth.ts:519:13)
    at E:\learn\projects\blog-frontend-vue\src\test\properties\auth.property.test.ts:133:11
    at AsyncProperty.run (file:///E:/learn/projects/blog-frontend-vue/node_modules/fast-check/lib/esm/check/property/AsyncProperty.generic.js:46:28)
    at asyncRunIt (file:///E:/learn/projects/blog-frontend-vue/node_modules/fast-check/lib/esm/check/runner/Runner.js:33:21)
    at E:\learn\projects\blog-frontend-vue\src\test\properties\auth.property.test.ts:114:5
    at runTest (file:///E:/learn/projects/blog-frontend-vue/node_modules/@vitest/runner/dist/index.js:781:11) {
  isAxiosError: true,
  code: 'ERR_NETWORK',
  config: {
    transitional: {
      silentJSONParsing: true,
      forcedJSONParsing: true,
      clarifyTimeoutError: false
    },
    adapter: [ 'xhr', 'http', 'fetch' ],
    transformRequest: [ [Function: transformRequest] ],
    transformResponse: [ [Function: transformResponse] ],
    timeout: 10000,
    xsrfCookieName: 'XSRF-TOKEN',
    xsrfHeaderName: 'X-XSRF-TOKEN',
    maxContentLength: -1,
    maxBodyLength: -1,
    env: { FormData: [Function], Blob: [class Blob] },
    validateStatus: [Function: validateStatus],
    headers: Object [AxiosHeaders] {
      Accept: 'application/json',
      'Content-Type': 'application/json',
      'skip-auth': 'true',
      'X-Request-ID': 'req_1770361858165_b7og3uwh6',
      'X-Timestamp': '1770361858166'
    },
    baseURL: 'http://localhost:8000/api/v1',
    method: 'post',
    url: '/auth/refresh',
    data: '{"refreshToken":"/NEq#V>r/.+{%W_dU$IaANl)2L3@)N|D4U~)eS|(euagvOwKj"}',
    allowAbsoluteUrls: true
  },
  request: XMLHttpRequest {},
  event: ProgressEvent { isTrusted: [Getter] }
}
Auto refresh token failed: AxiosError: Network Error
    at XMLHttpRequest.handleError (file:///E:/learn/projects/blog-frontend-vue/node_modules/axios/lib/adapters/xhr.js:112:20)
    at XMLHttpRequest.invokeTheCallbackFunction (E:\learn\projects\blog-frontend-vue\node_modules\jsdom\lib\jsdom\living\generated\EventHandlerNonNull.js:14:28)
    at XMLHttpRequest.<anonymous> (E:\learn\projects\blog-frontend-vue\node_modules\jsdom\lib\jsdom\living\helpers\create-event-accessor.js:35:32)
    at innerInvokeEventListeners (E:\learn\projects\blog-frontend-vue\node_modules\jsdom\lib\jsdom\living\events\EventTarget-impl.js:350:25)
    at invokeEventListeners (E:\learn\projects\blog-frontend-vue\node_modules\jsdom\lib\jsdom\living\events\EventTarget-impl.js:286:3)
    at XMLHttpRequestImpl._dispatch (E:\learn\projects\blog-frontend-vue\node_modules\jsdom\lib\jsdom\living\events\EventTarget-impl.js:233:9)
    at fireAnEvent (E:\learn\projects\blog-frontend-vue\node_modules\jsdom\lib\jsdom\living\helpers\events.js:18:36)
    at requestErrorSteps (E:\learn\projects\blog-frontend-vue\node_modules\jsdom\lib\jsdom\living\xhr\xhr-utils.js:131:3)
    at Object.dispatchError (E:\learn\projects\blog-frontend-vue\node_modules\jsdom\lib\jsdom\living\xhr\xhr-utils.js:60:3)
    at EventEmitter.<anonymous> (E:\learn\projects\blog-frontend-vue\node_modules\jsdom\lib\jsdom\living\xhr\XMLHttpRequest-impl.js:655:18)
    at Axios.request (file:///E:/learn/projects/blog-frontend-vue/node_modules/axios/lib/core/Axios.js:45:41)
    at processTicksAndRejections (node:internal/process/task_queues:105:5)
    at HttpClient.post (E:\learn\projects\blog-frontend-vue\src\utils\request.ts:289:22)
    at refreshAccessToken (E:\learn\projects\blog-frontend-vue\src\stores\auth.ts:405:24)
    at Proxy.initAuth (E:\learn\projects\blog-frontend-vue\src\stores\auth.ts:519:13)
    at E:\learn\projects\blog-frontend-vue\src\test\properties\auth.property.test.ts:133:11
    at AsyncProperty.run (file:///E:/learn/projects/blog-frontend-vue/node_modules/fast-check/lib/esm/check/property/AsyncProperty.generic.js:46:28)
    at asyncRunIt (file:///E:/learn/projects/blog-frontend-vue/node_modules/fast-check/lib/esm/check/runner/Runner.js:33:21)
    at E:\learn\projects\blog-frontend-vue\src\test\properties\auth.property.test.ts:114:5
    at runTest (file:///E:/learn/projects/blog-frontend-vue/node_modules/@vitest/runner/dist/index.js:781:11) {
  isAxiosError: true,
  code: 'ERR_NETWORK',
  config: {
    transitional: {
      silentJSONParsing: true,
      forcedJSONParsing: true,
      clarifyTimeoutError: false
    },
    adapter: [ 'xhr', 'http', 'fetch' ],
    transformRequest: [ [Function: transformRequest] ],
    transformResponse: [ [Function: transformResponse] ],
    timeout: 10000,
    xsrfCookieName: 'XSRF-TOKEN',
    xsrfHeaderName: 'X-XSRF-TOKEN',
    maxContentLength: -1,
    maxBodyLength: -1,
    env: { FormData: [Function], Blob: [class Blob] },
    validateStatus: [Function: validateStatus],
    headers: Object [AxiosHeaders] {
      Accept: 'application/json',
      'Content-Type': 'application/json',
      'skip-auth': 'true',
      'X-Request-ID': 'req_1770361858165_b7og3uwh6',
      'X-Timestamp': '1770361858166'
    },
    baseURL: 'http://localhost:8000/api/v1',
    method: 'post',
    url: '/auth/refresh',
    data: '{"refreshToken":"/NEq#V>r/.+{%W_dU$IaANl)2L3@)N|D4U~)eS|(euagvOwKj"}',
    allowAbsoluteUrls: true
  },
  request: XMLHttpRequest {},
  event: ProgressEvent { isTrusted: [Getter] }
}

[90mstdout[2m | src/test/properties/auth.property.test.ts[2m > [22m[2m璁よ瘉灞炴€ф祴璇?[2m > [22m[2mProperty 1.1: Token Expiration Consistency[22m[39m
[HTTP Request] POST /auth/refresh {
  headers: Object [AxiosHeaders] {
    Accept: [32m'application/json'[39m,
    [32m'Content-Type'[39m: [32m'application/json'[39m,
    [32m'skip-auth'[39m: [32m'true'[39m,
    [32m'X-Request-ID'[39m: [32m'req_1770361858179_sptjnwmws'[39m,
    [32m'X-Timestamp'[39m: [32m'1770361858179'[39m
  },
  data: { refreshToken: [32m`NYC$2$y"f%"c)@yQ7$|!c]gk0&eT"'adJ<A}DNy\\D"x%9"xz`[39m },
  params: [90mundefined[39m
}

stderr | src/test/properties/auth.property.test.ts > 璁よ瘉灞炴€ф祴璇?[2m > Property 1.1: Token Expiration Consistency
Error: AggregateError
    at Object.dispatchError (E:\learn\projects\blog-frontend-vue\node_modules\jsdom\lib\jsdom\living\xhr\xhr-utils.js:63:19)
    at EventEmitter.<anonymous> (E:\learn\projects\blog-frontend-vue\node_modules\jsdom\lib\jsdom\living\xhr\XMLHttpRequest-impl.js:655:18)
    at EventEmitter.emit (node:events:520:35)
    at Request.<anonymous> (E:\learn\projects\blog-frontend-vue\node_modules\jsdom\lib\jsdom\living\xhr\xhr-utils.js:404:14)
    at Request.emit (node:events:508:28)
    at ClientRequest.<anonymous> (E:\learn\projects\blog-frontend-vue\node_modules\jsdom\lib\jsdom\living\helpers\http-request.js:127:14)
    at ClientRequest.emit (node:events:508:28)
    at emitErrorEvent (node:_http_client:107:11)
    at Socket.socketErrorListener (node:_http_client:574:5)
    at Socket.emit (node:events:508:28) undefined
[HTTP Response Error] {
  url: '/auth/refresh',
  status: undefined,
  data: undefined,
  message: 'Network Error'
}
Token refresh failed: AxiosError: Network Error
    at XMLHttpRequest.handleError (file:///E:/learn/projects/blog-frontend-vue/node_modules/axios/lib/adapters/xhr.js:112:20)
    at XMLHttpRequest.invokeTheCallbackFunction (E:\learn\projects\blog-frontend-vue\node_modules\jsdom\lib\jsdom\living\generated\EventHandlerNonNull.js:14:28)
    at XMLHttpRequest.<anonymous> (E:\learn\projects\blog-frontend-vue\node_modules\jsdom\lib\jsdom\living\helpers\create-event-accessor.js:35:32)
    at innerInvokeEventListeners (E:\learn\projects\blog-frontend-vue\node_modules\jsdom\lib\jsdom\living\events\EventTarget-impl.js:350:25)
    at invokeEventListeners (E:\learn\projects\blog-frontend-vue\node_modules\jsdom\lib\jsdom\living\events\EventTarget-impl.js:286:3)
    at XMLHttpRequestImpl._dispatch (E:\learn\projects\blog-frontend-vue\node_modules\jsdom\lib\jsdom\living\events\EventTarget-impl.js:233:9)
    at fireAnEvent (E:\learn\projects\blog-frontend-vue\node_modules\jsdom\lib\jsdom\living\helpers\events.js:18:36)
    at requestErrorSteps (E:\learn\projects\blog-frontend-vue\node_modules\jsdom\lib\jsdom\living\xhr\xhr-utils.js:131:3)
    at Object.dispatchError (E:\learn\projects\blog-frontend-vue\node_modules\jsdom\lib\jsdom\living\xhr\xhr-utils.js:60:3)
    at EventEmitter.<anonymous> (E:\learn\projects\blog-frontend-vue\node_modules\jsdom\lib\jsdom\living\xhr\XMLHttpRequest-impl.js:655:18)
    at Axios.request (file:///E:/learn/projects/blog-frontend-vue/node_modules/axios/lib/core/Axios.js:45:41)
    at processTicksAndRejections (node:internal/process/task_queues:105:5)
    at HttpClient.post (E:\learn\projects\blog-frontend-vue\src\utils\request.ts:289:22)
    at refreshAccessToken (E:\learn\projects\blog-frontend-vue\src\stores\auth.ts:405:24)
    at Proxy.initAuth (E:\learn\projects\blog-frontend-vue\src\stores\auth.ts:519:13)
    at E:\learn\projects\blog-frontend-vue\src\test\properties\auth.property.test.ts:133:11
    at AsyncProperty.run (file:///E:/learn/projects/blog-frontend-vue/node_modules/fast-check/lib/esm/check/property/AsyncProperty.generic.js:46:28)
    at asyncRunIt (file:///E:/learn/projects/blog-frontend-vue/node_modules/fast-check/lib/esm/check/runner/Runner.js:33:21)
    at E:\learn\projects\blog-frontend-vue\src\test\properties\auth.property.test.ts:114:5
    at runTest (file:///E:/learn/projects/blog-frontend-vue/node_modules/@vitest/runner/dist/index.js:781:11) {
  isAxiosError: true,
  code: 'ERR_NETWORK',
  config: {
    transitional: {
      silentJSONParsing: true,
      forcedJSONParsing: true,
      clarifyTimeoutError: false
    },
    adapter: [ 'xhr', 'http', 'fetch' ],
    transformRequest: [ [Function: transformRequest] ],
    transformResponse: [ [Function: transformResponse] ],
    timeout: 10000,
    xsrfCookieName: 'XSRF-TOKEN',
    xsrfHeaderName: 'X-XSRF-TOKEN',
    maxContentLength: -1,
    maxBodyLength: -1,
    env: { FormData: [Function], Blob: [class Blob] },
    validateStatus: [Function: validateStatus],
    headers: Object [AxiosHeaders] {
      Accept: 'application/json',
      'Content-Type': 'application/json',
      'skip-auth': 'true',
      'X-Request-ID': 'req_1770361858179_sptjnwmws',
      'X-Timestamp': '1770361858179'
    },
    baseURL: 'http://localhost:8000/api/v1',
    method: 'post',
    url: '/auth/refresh',
    data: `{"refreshToken":"NYC$2$y\\"f%\\"c)@yQ7$|!c]gk0&eT\\"'adJ<A}DNy\\\\D\\"x%9\\"xz"}`,
    allowAbsoluteUrls: true
  },
  request: XMLHttpRequest {},
  event: ProgressEvent { isTrusted: [Getter] }
}
Auto refresh token failed: AxiosError: Network Error
    at XMLHttpRequest.handleError (file:///E:/learn/projects/blog-frontend-vue/node_modules/axios/lib/adapters/xhr.js:112:20)
    at XMLHttpRequest.invokeTheCallbackFunction (E:\learn\projects\blog-frontend-vue\node_modules\jsdom\lib\jsdom\living\generated\EventHandlerNonNull.js:14:28)
    at XMLHttpRequest.<anonymous> (E:\learn\projects\blog-frontend-vue\node_modules\jsdom\lib\jsdom\living\helpers\create-event-accessor.js:35:32)
    at innerInvokeEventListeners (E:\learn\projects\blog-frontend-vue\node_modules\jsdom\lib\jsdom\living\events\EventTarget-impl.js:350:25)
    at invokeEventListeners (E:\learn\projects\blog-frontend-vue\node_modules\jsdom\lib\jsdom\living\events\EventTarget-impl.js:286:3)
    at XMLHttpRequestImpl._dispatch (E:\learn\projects\blog-frontend-vue\node_modules\jsdom\lib\jsdom\living\events\EventTarget-impl.js:233:9)
    at fireAnEvent (E:\learn\projects\blog-frontend-vue\node_modules\jsdom\lib\jsdom\living\helpers\events.js:18:36)
    at requestErrorSteps (E:\learn\projects\blog-frontend-vue\node_modules\jsdom\lib\jsdom\living\xhr\xhr-utils.js:131:3)
    at Object.dispatchError (E:\learn\projects\blog-frontend-vue\node_modules\jsdom\lib\jsdom\living\xhr\xhr-utils.js:60:3)
    at EventEmitter.<anonymous> (E:\learn\projects\blog-frontend-vue\node_modules\jsdom\lib\jsdom\living\xhr\XMLHttpRequest-impl.js:655:18)
    at Axios.request (file:///E:/learn/projects/blog-frontend-vue/node_modules/axios/lib/core/Axios.js:45:41)
    at processTicksAndRejections (node:internal/process/task_queues:105:5)
    at HttpClient.post (E:\learn\projects\blog-frontend-vue\src\utils\request.ts:289:22)
    at refreshAccessToken (E:\learn\projects\blog-frontend-vue\src\stores\auth.ts:405:24)
    at Proxy.initAuth (E:\learn\projects\blog-frontend-vue\src\stores\auth.ts:519:13)
    at E:\learn\projects\blog-frontend-vue\src\test\properties\auth.property.test.ts:133:11
    at AsyncProperty.run (file:///E:/learn/projects/blog-frontend-vue/node_modules/fast-check/lib/esm/check/property/AsyncProperty.generic.js:46:28)
    at asyncRunIt (file:///E:/learn/projects/blog-frontend-vue/node_modules/fast-check/lib/esm/check/runner/Runner.js:33:21)
    at E:\learn\projects\blog-frontend-vue\src\test\properties\auth.property.test.ts:114:5
    at runTest (file:///E:/learn/projects/blog-frontend-vue/node_modules/@vitest/runner/dist/index.js:781:11) {
  isAxiosError: true,
  code: 'ERR_NETWORK',
  config: {
    transitional: {
      silentJSONParsing: true,
      forcedJSONParsing: true,
      clarifyTimeoutError: false
    },
    adapter: [ 'xhr', 'http', 'fetch' ],
    transformRequest: [ [Function: transformRequest] ],
    transformResponse: [ [Function: transformResponse] ],
    timeout: 10000,
    xsrfCookieName: 'XSRF-TOKEN',
    xsrfHeaderName: 'X-XSRF-TOKEN',
    maxContentLength: -1,
    maxBodyLength: -1,
    env: { FormData: [Function], Blob: [class Blob] },
    validateStatus: [Function: validateStatus],
    headers: Object [AxiosHeaders] {
      Accept: 'application/json',
      'Content-Type': 'application/json',
      'skip-auth': 'true',
      'X-Request-ID': 'req_1770361858179_sptjnwmws',
      'X-Timestamp': '1770361858179'
    },
    baseURL: 'http://localhost:8000/api/v1',
    method: 'post',
    url: '/auth/refresh',
    data: `{"refreshToken":"NYC$2$y\\"f%\\"c)@yQ7$|!c]gk0&eT\\"'adJ<A}DNy\\\\D\\"x%9\\"xz"}`,
    allowAbsoluteUrls: true
  },
  request: XMLHttpRequest {},
  event: ProgressEvent { isTrusted: [Getter] }
}

[90mstdout[2m | src/test/properties/auth.property.test.ts[2m > [22m[2m璁よ瘉灞炴€ф祴璇?[2m > [22m[2mProperty 1.1: Token Expiration Consistency[22m[39m
[HTTP Request] POST /auth/refresh {
  headers: Object [AxiosHeaders] {
    Accept: [32m'application/json'[39m,
    [32m'Content-Type'[39m: [32m'application/json'[39m,
    [32m'skip-auth'[39m: [32m'true'[39m,
    [32m'X-Request-ID'[39m: [32m'req_1770361858189_oyw8p3qql'[39m,
    [32m'X-Timestamp'[39m: [32m'1770361858189'[39m
  },
  data: { refreshToken: [32m'DWY{-LGV4@<`GZ!e.@w<5wW:s8aDxM!}s'[39m },
  params: [90mundefined[39m
}

stderr | src/test/properties/auth.property.test.ts > 璁よ瘉灞炴€ф祴璇?[2m > Property 1.1: Token Expiration Consistency
Error: AggregateError
    at Object.dispatchError (E:\learn\projects\blog-frontend-vue\node_modules\jsdom\lib\jsdom\living\xhr\xhr-utils.js:63:19)
    at EventEmitter.<anonymous> (E:\learn\projects\blog-frontend-vue\node_modules\jsdom\lib\jsdom\living\xhr\XMLHttpRequest-impl.js:655:18)
    at EventEmitter.emit (node:events:520:35)
    at Request.<anonymous> (E:\learn\projects\blog-frontend-vue\node_modules\jsdom\lib\jsdom\living\xhr\xhr-utils.js:404:14)
    at Request.emit (node:events:508:28)
    at ClientRequest.<anonymous> (E:\learn\projects\blog-frontend-vue\node_modules\jsdom\lib\jsdom\living\helpers\http-request.js:127:14)
    at ClientRequest.emit (node:events:508:28)
    at emitErrorEvent (node:_http_client:107:11)
    at Socket.socketErrorListener (node:_http_client:574:5)
    at Socket.emit (node:events:508:28) undefined
[HTTP Response Error] {
  url: '/auth/refresh',
  status: undefined,
  data: undefined,
  message: 'Network Error'
}
Token refresh failed: AxiosError: Network Error
    at XMLHttpRequest.handleError (file:///E:/learn/projects/blog-frontend-vue/node_modules/axios/lib/adapters/xhr.js:112:20)
    at XMLHttpRequest.invokeTheCallbackFunction (E:\learn\projects\blog-frontend-vue\node_modules\jsdom\lib\jsdom\living\generated\EventHandlerNonNull.js:14:28)
    at XMLHttpRequest.<anonymous> (E:\learn\projects\blog-frontend-vue\node_modules\jsdom\lib\jsdom\living\helpers\create-event-accessor.js:35:32)
    at innerInvokeEventListeners (E:\learn\projects\blog-frontend-vue\node_modules\jsdom\lib\jsdom\living\events\EventTarget-impl.js:350:25)
    at invokeEventListeners (E:\learn\projects\blog-frontend-vue\node_modules\jsdom\lib\jsdom\living\events\EventTarget-impl.js:286:3)
    at XMLHttpRequestImpl._dispatch (E:\learn\projects\blog-frontend-vue\node_modules\jsdom\lib\jsdom\living\events\EventTarget-impl.js:233:9)
    at fireAnEvent (E:\learn\projects\blog-frontend-vue\node_modules\jsdom\lib\jsdom\living\helpers\events.js:18:36)
    at requestErrorSteps (E:\learn\projects\blog-frontend-vue\node_modules\jsdom\lib\jsdom\living\xhr\xhr-utils.js:131:3)
    at Object.dispatchError (E:\learn\projects\blog-frontend-vue\node_modules\jsdom\lib\jsdom\living\xhr\xhr-utils.js:60:3)
    at EventEmitter.<anonymous> (E:\learn\projects\blog-frontend-vue\node_modules\jsdom\lib\jsdom\living\xhr\XMLHttpRequest-impl.js:655:18)
    at Axios.request (file:///E:/learn/projects/blog-frontend-vue/node_modules/axios/lib/core/Axios.js:45:41)
    at processTicksAndRejections (node:internal/process/task_queues:105:5)
    at HttpClient.post (E:\learn\projects\blog-frontend-vue\src\utils\request.ts:289:22)
    at refreshAccessToken (E:\learn\projects\blog-frontend-vue\src\stores\auth.ts:405:24)
    at Proxy.initAuth (E:\learn\projects\blog-frontend-vue\src\stores\auth.ts:519:13)
    at E:\learn\projects\blog-frontend-vue\src\test\properties\auth.property.test.ts:133:11
    at AsyncProperty.run (file:///E:/learn/projects/blog-frontend-vue/node_modules/fast-check/lib/esm/check/property/AsyncProperty.generic.js:46:28)
    at asyncRunIt (file:///E:/learn/projects/blog-frontend-vue/node_modules/fast-check/lib/esm/check/runner/Runner.js:33:21)
    at E:\learn\projects\blog-frontend-vue\src\test\properties\auth.property.test.ts:114:5
    at runTest (file:///E:/learn/projects/blog-frontend-vue/node_modules/@vitest/runner/dist/index.js:781:11) {
  isAxiosError: true,
  code: 'ERR_NETWORK',
  config: {
    transitional: {
      silentJSONParsing: true,
      forcedJSONParsing: true,
      clarifyTimeoutError: false
    },
    adapter: [ 'xhr', 'http', 'fetch' ],
    transformRequest: [ [Function: transformRequest] ],
    transformResponse: [ [Function: transformResponse] ],
    timeout: 10000,
    xsrfCookieName: 'XSRF-TOKEN',
    xsrfHeaderName: 'X-XSRF-TOKEN',
    maxContentLength: -1,
    maxBodyLength: -1,
    env: { FormData: [Function], Blob: [class Blob] },
    validateStatus: [Function: validateStatus],
    headers: Object [AxiosHeaders] {
      Accept: 'application/json',
      'Content-Type': 'application/json',
      'skip-auth': 'true',
      'X-Request-ID': 'req_1770361858189_oyw8p3qql',
      'X-Timestamp': '1770361858189'
    },
    baseURL: 'http://localhost:8000/api/v1',
    method: 'post',
    url: '/auth/refresh',
    data: '{"refreshToken":"DWY{-LGV4@<`GZ!e.@w<5wW:s8aDxM!}s"}',
    allowAbsoluteUrls: true
  },
  request: XMLHttpRequest {},
  event: ProgressEvent { isTrusted: [Getter] }
}
Auto refresh token failed: AxiosError: Network Error
    at XMLHttpRequest.handleError (file:///E:/learn/projects/blog-frontend-vue/node_modules/axios/lib/adapters/xhr.js:112:20)
    at XMLHttpRequest.invokeTheCallbackFunction (E:\learn\projects\blog-frontend-vue\node_modules\jsdom\lib\jsdom\living\generated\EventHandlerNonNull.js:14:28)
    at XMLHttpRequest.<anonymous> (E:\learn\projects\blog-frontend-vue\node_modules\jsdom\lib\jsdom\living\helpers\create-event-accessor.js:35:32)
    at innerInvokeEventListeners (E:\learn\projects\blog-frontend-vue\node_modules\jsdom\lib\jsdom\living\events\EventTarget-impl.js:350:25)
    at invokeEventListeners (E:\learn\projects\blog-frontend-vue\node_modules\jsdom\lib\jsdom\living\events\EventTarget-impl.js:286:3)
    at XMLHttpRequestImpl._dispatch (E:\learn\projects\blog-frontend-vue\node_modules\jsdom\lib\jsdom\living\events\EventTarget-impl.js:233:9)
    at fireAnEvent (E:\learn\projects\blog-frontend-vue\node_modules\jsdom\lib\jsdom\living\helpers\events.js:18:36)
    at requestErrorSteps (E:\learn\projects\blog-frontend-vue\node_modules\jsdom\lib\jsdom\living\xhr\xhr-utils.js:131:3)
    at Object.dispatchError (E:\learn\projects\blog-frontend-vue\node_modules\jsdom\lib\jsdom\living\xhr\xhr-utils.js:60:3)
    at EventEmitter.<anonymous> (E:\learn\projects\blog-frontend-vue\node_modules\jsdom\lib\jsdom\living\xhr\XMLHttpRequest-impl.js:655:18)
    at Axios.request (file:///E:/learn/projects/blog-frontend-vue/node_modules/axios/lib/core/Axios.js:45:41)
    at processTicksAndRejections (node:internal/process/task_queues:105:5)
    at HttpClient.post (E:\learn\projects\blog-frontend-vue\src\utils\request.ts:289:22)
    at refreshAccessToken (E:\learn\projects\blog-frontend-vue\src\stores\auth.ts:405:24)
    at Proxy.initAuth (E:\learn\projects\blog-frontend-vue\src\stores\auth.ts:519:13)
    at E:\learn\projects\blog-frontend-vue\src\test\properties\auth.property.test.ts:133:11
    at AsyncProperty.run (file:///E:/learn/projects/blog-frontend-vue/node_modules/fast-check/lib/esm/check/property/AsyncProperty.generic.js:46:28)
    at asyncRunIt (file:///E:/learn/projects/blog-frontend-vue/node_modules/fast-check/lib/esm/check/runner/Runner.js:33:21)
    at E:\learn\projects\blog-frontend-vue\src\test\properties\auth.property.test.ts:114:5
    at runTest (file:///E:/learn/projects/blog-frontend-vue/node_modules/@vitest/runner/dist/index.js:781:11) {
  isAxiosError: true,
  code: 'ERR_NETWORK',
  config: {
    transitional: {
      silentJSONParsing: true,
      forcedJSONParsing: true,
      clarifyTimeoutError: false
    },
    adapter: [ 'xhr', 'http', 'fetch' ],
    transformRequest: [ [Function: transformRequest] ],
    transformResponse: [ [Function: transformResponse] ],
    timeout: 10000,
    xsrfCookieName: 'XSRF-TOKEN',
    xsrfHeaderName: 'X-XSRF-TOKEN',
    maxContentLength: -1,
    maxBodyLength: -1,
    env: { FormData: [Function], Blob: [class Blob] },
    validateStatus: [Function: validateStatus],
    headers: Object [AxiosHeaders] {
      Accept: 'application/json',
      'Content-Type': 'application/json',
      'skip-auth': 'true',
      'X-Request-ID': 'req_1770361858189_oyw8p3qql',
      'X-Timestamp': '1770361858189'
    },
    baseURL: 'http://localhost:8000/api/v1',
    method: 'post',
    url: '/auth/refresh',
    data: '{"refreshToken":"DWY{-LGV4@<`GZ!e.@w<5wW:s8aDxM!}s"}',
    allowAbsoluteUrls: true
  },
  request: XMLHttpRequest {},
  event: ProgressEvent { isTrusted: [Getter] }
}

[90mstdout[2m | src/test/properties/auth.property.test.ts[2m > [22m[2m璁よ瘉灞炴€ф祴璇?[2m > [22m[2mProperty 1.1: Token Expiration Consistency[22m[39m
[HTTP Request] POST /auth/refresh {
  headers: Object [AxiosHeaders] {
    Accept: [32m'application/json'[39m,
    [32m'Content-Type'[39m: [32m'application/json'[39m,
    [32m'skip-auth'[39m: [32m'true'[39m,
    [32m'X-Request-ID'[39m: [32m'req_1770361858214_d9wultrkq'[39m,
    [32m'X-Timestamp'[39m: [32m'1770361858214'[39m
  },
  data: { refreshToken: [32m"2u[3#6LxH/? 1Z2k'=H+Wd|) D/X'f4nav(YBW ^f6/*Mf("[39m },
  params: [90mundefined[39m
}

stderr | src/test/properties/auth.property.test.ts > 璁よ瘉灞炴€ф祴璇?[2m > Property 1.1: Token Expiration Consistency
Error: AggregateError
    at Object.dispatchError (E:\learn\projects\blog-frontend-vue\node_modules\jsdom\lib\jsdom\living\xhr\xhr-utils.js:63:19)
    at EventEmitter.<anonymous> (E:\learn\projects\blog-frontend-vue\node_modules\jsdom\lib\jsdom\living\xhr\XMLHttpRequest-impl.js:655:18)
    at EventEmitter.emit (node:events:520:35)
    at Request.<anonymous> (E:\learn\projects\blog-frontend-vue\node_modules\jsdom\lib\jsdom\living\xhr\xhr-utils.js:404:14)
    at Request.emit (node:events:508:28)
    at ClientRequest.<anonymous> (E:\learn\projects\blog-frontend-vue\node_modules\jsdom\lib\jsdom\living\helpers\http-request.js:127:14)
    at ClientRequest.emit (node:events:508:28)
    at emitErrorEvent (node:_http_client:107:11)
    at Socket.socketErrorListener (node:_http_client:574:5)
    at Socket.emit (node:events:508:28) undefined
[HTTP Response Error] {
  url: '/auth/refresh',
  status: undefined,
  data: undefined,
  message: 'Network Error'
}
Token refresh failed: AxiosError: Network Error
    at XMLHttpRequest.handleError (file:///E:/learn/projects/blog-frontend-vue/node_modules/axios/lib/adapters/xhr.js:112:20)
    at XMLHttpRequest.invokeTheCallbackFunction (E:\learn\projects\blog-frontend-vue\node_modules\jsdom\lib\jsdom\living\generated\EventHandlerNonNull.js:14:28)
    at XMLHttpRequest.<anonymous> (E:\learn\projects\blog-frontend-vue\node_modules\jsdom\lib\jsdom\living\helpers\create-event-accessor.js:35:32)
    at innerInvokeEventListeners (E:\learn\projects\blog-frontend-vue\node_modules\jsdom\lib\jsdom\living\events\EventTarget-impl.js:350:25)
    at invokeEventListeners (E:\learn\projects\blog-frontend-vue\node_modules\jsdom\lib\jsdom\living\events\EventTarget-impl.js:286:3)
    at XMLHttpRequestImpl._dispatch (E:\learn\projects\blog-frontend-vue\node_modules\jsdom\lib\jsdom\living\events\EventTarget-impl.js:233:9)
    at fireAnEvent (E:\learn\projects\blog-frontend-vue\node_modules\jsdom\lib\jsdom\living\helpers\events.js:18:36)
    at requestErrorSteps (E:\learn\projects\blog-frontend-vue\node_modules\jsdom\lib\jsdom\living\xhr\xhr-utils.js:131:3)
    at Object.dispatchError (E:\learn\projects\blog-frontend-vue\node_modules\jsdom\lib\jsdom\living\xhr\xhr-utils.js:60:3)
    at EventEmitter.<anonymous> (E:\learn\projects\blog-frontend-vue\node_modules\jsdom\lib\jsdom\living\xhr\XMLHttpRequest-impl.js:655:18)
    at Axios.request (file:///E:/learn/projects/blog-frontend-vue/node_modules/axios/lib/core/Axios.js:45:41)
    at processTicksAndRejections (node:internal/process/task_queues:105:5)
    at HttpClient.post (E:\learn\projects\blog-frontend-vue\src\utils\request.ts:289:22)
    at refreshAccessToken (E:\learn\projects\blog-frontend-vue\src\stores\auth.ts:405:24)
    at Proxy.initAuth (E:\learn\projects\blog-frontend-vue\src\stores\auth.ts:519:13)
    at E:\learn\projects\blog-frontend-vue\src\test\properties\auth.property.test.ts:133:11
    at AsyncProperty.run (file:///E:/learn/projects/blog-frontend-vue/node_modules/fast-check/lib/esm/check/property/AsyncProperty.generic.js:46:28)
    at asyncRunIt (file:///E:/learn/projects/blog-frontend-vue/node_modules/fast-check/lib/esm/check/runner/Runner.js:33:21)
    at E:\learn\projects\blog-frontend-vue\src\test\properties\auth.property.test.ts:114:5
    at runTest (file:///E:/learn/projects/blog-frontend-vue/node_modules/@vitest/runner/dist/index.js:781:11) {
  isAxiosError: true,
  code: 'ERR_NETWORK',
  config: {
    transitional: {
      silentJSONParsing: true,
      forcedJSONParsing: true,
      clarifyTimeoutError: false
    },
    adapter: [ 'xhr', 'http', 'fetch' ],
    transformRequest: [ [Function: transformRequest] ],
    transformResponse: [ [Function: transformResponse] ],
    timeout: 10000,
    xsrfCookieName: 'XSRF-TOKEN',
    xsrfHeaderName: 'X-XSRF-TOKEN',
    maxContentLength: -1,
    maxBodyLength: -1,
    env: { FormData: [Function], Blob: [class Blob] },
    validateStatus: [Function: validateStatus],
    headers: Object [AxiosHeaders] {
      Accept: 'application/json',
      'Content-Type': 'application/json',
      'skip-auth': 'true',
      'X-Request-ID': 'req_1770361858214_d9wultrkq',
      'X-Timestamp': '1770361858214'
    },
    baseURL: 'http://localhost:8000/api/v1',
    method: 'post',
    url: '/auth/refresh',
    data: `{"refreshToken":"2u[3#6LxH/? 1Z2k'=H+Wd|) D/X'f4nav(YBW ^f6/*Mf("}`,
    allowAbsoluteUrls: true
  },
  request: XMLHttpRequest {},
  event: ProgressEvent { isTrusted: [Getter] }
}
Auto refresh token failed: AxiosError: Network Error
    at XMLHttpRequest.handleError (file:///E:/learn/projects/blog-frontend-vue/node_modules/axios/lib/adapters/xhr.js:112:20)
    at XMLHttpRequest.invokeTheCallbackFunction (E:\learn\projects\blog-frontend-vue\node_modules\jsdom\lib\jsdom\living\generated\EventHandlerNonNull.js:14:28)
    at XMLHttpRequest.<anonymous> (E:\learn\projects\blog-frontend-vue\node_modules\jsdom\lib\jsdom\living\helpers\create-event-accessor.js:35:32)
    at innerInvokeEventListeners (E:\learn\projects\blog-frontend-vue\node_modules\jsdom\lib\jsdom\living\events\EventTarget-impl.js:350:25)
    at invokeEventListeners (E:\learn\projects\blog-frontend-vue\node_modules\jsdom\lib\jsdom\living\events\EventTarget-impl.js:286:3)
    at XMLHttpRequestImpl._dispatch (E:\learn\projects\blog-frontend-vue\node_modules\jsdom\lib\jsdom\living\events\EventTarget-impl.js:233:9)
    at fireAnEvent (E:\learn\projects\blog-frontend-vue\node_modules\jsdom\lib\jsdom\living\helpers\events.js:18:36)
    at requestErrorSteps (E:\learn\projects\blog-frontend-vue\node_modules\jsdom\lib\jsdom\living\xhr\xhr-utils.js:131:3)
    at Object.dispatchError (E:\learn\projects\blog-frontend-vue\node_modules\jsdom\lib\jsdom\living\xhr\xhr-utils.js:60:3)
    at EventEmitter.<anonymous> (E:\learn\projects\blog-frontend-vue\node_modules\jsdom\lib\jsdom\living\xhr\XMLHttpRequest-impl.js:655:18)
    at Axios.request (file:///E:/learn/projects/blog-frontend-vue/node_modules/axios/lib/core/Axios.js:45:41)
    at processTicksAndRejections (node:internal/process/task_queues:105:5)
    at HttpClient.post (E:\learn\projects\blog-frontend-vue\src\utils\request.ts:289:22)
    at refreshAccessToken (E:\learn\projects\blog-frontend-vue\src\stores\auth.ts:405:24)
    at Proxy.initAuth (E:\learn\projects\blog-frontend-vue\src\stores\auth.ts:519:13)
    at E:\learn\projects\blog-frontend-vue\src\test\properties\auth.property.test.ts:133:11
    at AsyncProperty.run (file:///E:/learn/projects/blog-frontend-vue/node_modules/fast-check/lib/esm/check/property/AsyncProperty.generic.js:46:28)
    at asyncRunIt (file:///E:/learn/projects/blog-frontend-vue/node_modules/fast-check/lib/esm/check/runner/Runner.js:33:21)
    at E:\learn\projects\blog-frontend-vue\src\test\properties\auth.property.test.ts:114:5
    at runTest (file:///E:/learn/projects/blog-frontend-vue/node_modules/@vitest/runner/dist/index.js:781:11) {
  isAxiosError: true,
  code: 'ERR_NETWORK',
  config: {
    transitional: {
      silentJSONParsing: true,
      forcedJSONParsing: true,
      clarifyTimeoutError: false
    },
    adapter: [ 'xhr', 'http', 'fetch' ],
    transformRequest: [ [Function: transformRequest] ],
    transformResponse: [ [Function: transformResponse] ],
    timeout: 10000,
    xsrfCookieName: 'XSRF-TOKEN',
    xsrfHeaderName: 'X-XSRF-TOKEN',
    maxContentLength: -1,
    maxBodyLength: -1,
    env: { FormData: [Function], Blob: [class Blob] },
    validateStatus: [Function: validateStatus],
    headers: Object [AxiosHeaders] {
      Accept: 'application/json',
      'Content-Type': 'application/json',
      'skip-auth': 'true',
      'X-Request-ID': 'req_1770361858214_d9wultrkq',
      'X-Timestamp': '1770361858214'
    },
    baseURL: 'http://localhost:8000/api/v1',
    method: 'post',
    url: '/auth/refresh',
    data: `{"refreshToken":"2u[3#6LxH/? 1Z2k'=H+Wd|) D/X'f4nav(YBW ^f6/*Mf("}`,
    allowAbsoluteUrls: true
  },
  request: XMLHttpRequest {},
  event: ProgressEvent { isTrusted: [Getter] }
}

[90mstdout[2m | src/test/properties/auth.property.test.ts[2m > [22m[2m璁よ瘉灞炴€ф祴璇?[2m > [22m[2mProperty 1.1: Token Expiration Consistency[22m[39m
[HTTP Request] POST /auth/refresh {
  headers: Object [AxiosHeaders] {
    Accept: [32m'application/json'[39m,
    [32m'Content-Type'[39m: [32m'application/json'[39m,
    [32m'skip-auth'[39m: [32m'true'[39m,
    [32m'X-Request-ID'[39m: [32m'req_1770361858238_r2w0gknkg'[39m,
    [32m'X-Timestamp'[39m: [32m'1770361858238'[39m
  },
  data: { refreshToken: [32m"2Xa_9r[~yH_{u!;,mcY'T}-\\Rz,#r'@$<he0)OV"[39m },
  params: [90mundefined[39m
}

stderr | src/test/properties/auth.property.test.ts > 璁よ瘉灞炴€ф祴璇?[2m > Property 1.1: Token Expiration Consistency
Error: AggregateError
    at Object.dispatchError (E:\learn\projects\blog-frontend-vue\node_modules\jsdom\lib\jsdom\living\xhr\xhr-utils.js:63:19)
    at EventEmitter.<anonymous> (E:\learn\projects\blog-frontend-vue\node_modules\jsdom\lib\jsdom\living\xhr\XMLHttpRequest-impl.js:655:18)
    at EventEmitter.emit (node:events:520:35)
    at Request.<anonymous> (E:\learn\projects\blog-frontend-vue\node_modules\jsdom\lib\jsdom\living\xhr\xhr-utils.js:404:14)
    at Request.emit (node:events:508:28)
    at ClientRequest.<anonymous> (E:\learn\projects\blog-frontend-vue\node_modules\jsdom\lib\jsdom\living\helpers\http-request.js:127:14)
    at ClientRequest.emit (node:events:508:28)
    at emitErrorEvent (node:_http_client:107:11)
    at Socket.socketErrorListener (node:_http_client:574:5)
    at Socket.emit (node:events:508:28) undefined
[HTTP Response Error] {
  url: '/auth/refresh',
  status: undefined,
  data: undefined,
  message: 'Network Error'
}
Token refresh failed: AxiosError: Network Error
    at XMLHttpRequest.handleError (file:///E:/learn/projects/blog-frontend-vue/node_modules/axios/lib/adapters/xhr.js:112:20)
    at XMLHttpRequest.invokeTheCallbackFunction (E:\learn\projects\blog-frontend-vue\node_modules\jsdom\lib\jsdom\living\generated\EventHandlerNonNull.js:14:28)
    at XMLHttpRequest.<anonymous> (E:\learn\projects\blog-frontend-vue\node_modules\jsdom\lib\jsdom\living\helpers\create-event-accessor.js:35:32)
    at innerInvokeEventListeners (E:\learn\projects\blog-frontend-vue\node_modules\jsdom\lib\jsdom\living\events\EventTarget-impl.js:350:25)
    at invokeEventListeners (E:\learn\projects\blog-frontend-vue\node_modules\jsdom\lib\jsdom\living\events\EventTarget-impl.js:286:3)
    at XMLHttpRequestImpl._dispatch (E:\learn\projects\blog-frontend-vue\node_modules\jsdom\lib\jsdom\living\events\EventTarget-impl.js:233:9)
    at fireAnEvent (E:\learn\projects\blog-frontend-vue\node_modules\jsdom\lib\jsdom\living\helpers\events.js:18:36)
    at requestErrorSteps (E:\learn\projects\blog-frontend-vue\node_modules\jsdom\lib\jsdom\living\xhr\xhr-utils.js:131:3)
    at Object.dispatchError (E:\learn\projects\blog-frontend-vue\node_modules\jsdom\lib\jsdom\living\xhr\xhr-utils.js:60:3)
    at EventEmitter.<anonymous> (E:\learn\projects\blog-frontend-vue\node_modules\jsdom\lib\jsdom\living\xhr\XMLHttpRequest-impl.js:655:18)
    at Axios.request (file:///E:/learn/projects/blog-frontend-vue/node_modules/axios/lib/core/Axios.js:45:41)
    at processTicksAndRejections (node:internal/process/task_queues:105:5)
    at HttpClient.post (E:\learn\projects\blog-frontend-vue\src\utils\request.ts:289:22)
    at refreshAccessToken (E:\learn\projects\blog-frontend-vue\src\stores\auth.ts:405:24)
    at Proxy.initAuth (E:\learn\projects\blog-frontend-vue\src\stores\auth.ts:519:13)
    at E:\learn\projects\blog-frontend-vue\src\test\properties\auth.property.test.ts:133:11
    at AsyncProperty.run (file:///E:/learn/projects/blog-frontend-vue/node_modules/fast-check/lib/esm/check/property/AsyncProperty.generic.js:46:28)
    at asyncRunIt (file:///E:/learn/projects/blog-frontend-vue/node_modules/fast-check/lib/esm/check/runner/Runner.js:33:21)
    at E:\learn\projects\blog-frontend-vue\src\test\properties\auth.property.test.ts:114:5
    at runTest (file:///E:/learn/projects/blog-frontend-vue/node_modules/@vitest/runner/dist/index.js:781:11) {
  isAxiosError: true,
  code: 'ERR_NETWORK',
  config: {
    transitional: {
      silentJSONParsing: true,
      forcedJSONParsing: true,
      clarifyTimeoutError: false
    },
    adapter: [ 'xhr', 'http', 'fetch' ],
    transformRequest: [ [Function: transformRequest] ],
    transformResponse: [ [Function: transformResponse] ],
    timeout: 10000,
    xsrfCookieName: 'XSRF-TOKEN',
    xsrfHeaderName: 'X-XSRF-TOKEN',
    maxContentLength: -1,
    maxBodyLength: -1,
    env: { FormData: [Function], Blob: [class Blob] },
    validateStatus: [Function: validateStatus],
    headers: Object [AxiosHeaders] {
      Accept: 'application/json',
      'Content-Type': 'application/json',
      'skip-auth': 'true',
      'X-Request-ID': 'req_1770361858238_r2w0gknkg',
      'X-Timestamp': '1770361858238'
    },
    baseURL: 'http://localhost:8000/api/v1',
    method: 'post',
    url: '/auth/refresh',
    data: `{"refreshToken":"2Xa_9r[~yH_{u!;,mcY'T}-\\\\Rz,#r'@$<he0)OV"}`,
    allowAbsoluteUrls: true
  },
  request: XMLHttpRequest {},
  event: ProgressEvent { isTrusted: [Getter] }
}
Auto refresh token failed: AxiosError: Network Error
    at XMLHttpRequest.handleError (file:///E:/learn/projects/blog-frontend-vue/node_modules/axios/lib/adapters/xhr.js:112:20)
    at XMLHttpRequest.invokeTheCallbackFunction (E:\learn\projects\blog-frontend-vue\node_modules\jsdom\lib\jsdom\living\generated\EventHandlerNonNull.js:14:28)
    at XMLHttpRequest.<anonymous> (E:\learn\projects\blog-frontend-vue\node_modules\jsdom\lib\jsdom\living\helpers\create-event-accessor.js:35:32)
    at innerInvokeEventListeners (E:\learn\projects\blog-frontend-vue\node_modules\jsdom\lib\jsdom\living\events\EventTarget-impl.js:350:25)
    at invokeEventListeners (E:\learn\projects\blog-frontend-vue\node_modules\jsdom\lib\jsdom\living\events\EventTarget-impl.js:286:3)
    at XMLHttpRequestImpl._dispatch (E:\learn\projects\blog-frontend-vue\node_modules\jsdom\lib\jsdom\living\events\EventTarget-impl.js:233:9)
    at fireAnEvent (E:\learn\projects\blog-frontend-vue\node_modules\jsdom\lib\jsdom\living\helpers\events.js:18:36)
    at requestErrorSteps (E:\learn\projects\blog-frontend-vue\node_modules\jsdom\lib\jsdom\living\xhr\xhr-utils.js:131:3)
    at Object.dispatchError (E:\learn\projects\blog-frontend-vue\node_modules\jsdom\lib\jsdom\living\xhr\xhr-utils.js:60:3)
    at EventEmitter.<anonymous> (E:\learn\projects\blog-frontend-vue\node_modules\jsdom\lib\jsdom\living\xhr\XMLHttpRequest-impl.js:655:18)
    at Axios.request (file:///E:/learn/projects/blog-frontend-vue/node_modules/axios/lib/core/Axios.js:45:41)
    at processTicksAndRejections (node:internal/process/task_queues:105:5)
    at HttpClient.post (E:\learn\projects\blog-frontend-vue\src\utils\request.ts:289:22)
    at refreshAccessToken (E:\learn\projects\blog-frontend-vue\src\stores\auth.ts:405:24)
    at Proxy.initAuth (E:\learn\projects\blog-frontend-vue\src\stores\auth.ts:519:13)
    at E:\learn\projects\blog-frontend-vue\src\test\properties\auth.property.test.ts:133:11
    at AsyncProperty.run (file:///E:/learn/projects/blog-frontend-vue/node_modules/fast-check/lib/esm/check/property/AsyncProperty.generic.js:46:28)
    at asyncRunIt (file:///E:/learn/projects/blog-frontend-vue/node_modules/fast-check/lib/esm/check/runner/Runner.js:33:21)
    at E:\learn\projects\blog-frontend-vue\src\test\properties\auth.property.test.ts:114:5
    at runTest (file:///E:/learn/projects/blog-frontend-vue/node_modules/@vitest/runner/dist/index.js:781:11) {
  isAxiosError: true,
  code: 'ERR_NETWORK',
  config: {
    transitional: {
      silentJSONParsing: true,
      forcedJSONParsing: true,
      clarifyTimeoutError: false
    },
    adapter: [ 'xhr', 'http', 'fetch' ],
    transformRequest: [ [Function: transformRequest] ],
    transformResponse: [ [Function: transformResponse] ],
    timeout: 10000,
    xsrfCookieName: 'XSRF-TOKEN',
    xsrfHeaderName: 'X-XSRF-TOKEN',
    maxContentLength: -1,
    maxBodyLength: -1,
    env: { FormData: [Function], Blob: [class Blob] },
    validateStatus: [Function: validateStatus],
    headers: Object [AxiosHeaders] {
      Accept: 'application/json',
      'Content-Type': 'application/json',
      'skip-auth': 'true',
      'X-Request-ID': 'req_1770361858238_r2w0gknkg',
      'X-Timestamp': '1770361858238'
    },
    baseURL: 'http://localhost:8000/api/v1',
    method: 'post',
    url: '/auth/refresh',
    data: `{"refreshToken":"2Xa_9r[~yH_{u!;,mcY'T}-\\\\Rz,#r'@$<he0)OV"}`,
    allowAbsoluteUrls: true
  },
  request: XMLHttpRequest {},
  event: ProgressEvent { isTrusted: [Getter] }
}

[90mstdout[2m | src/test/properties/auth.property.test.ts[2m > [22m[2m璁よ瘉灞炴€ф祴璇?[2m > [22m[2mProperty 1.1: Token Expiration Consistency[22m[39m
[HTTP Request] POST /auth/refresh {
  headers: Object [AxiosHeaders] {
    Accept: [32m'application/json'[39m,
    [32m'Content-Type'[39m: [32m'application/json'[39m,
    [32m'skip-auth'[39m: [32m'true'[39m,
    [32m'X-Request-ID'[39m: [32m'req_1770361858252_75dwrhgqu'[39m,
    [32m'X-Timestamp'[39m: [32m'1770361858252'[39m
  },
  data: { refreshToken: [32m'ciyPd_J5d$S=Vf^^n38*4:Ka\\AS1ib8`xStQf^tum3+Me!'[39m },
  params: [90mundefined[39m
}

stderr | src/test/properties/auth.property.test.ts > 璁よ瘉灞炴€ф祴璇?[2m > Property 1.1: Token Expiration Consistency
Error: AggregateError
    at Object.dispatchError (E:\learn\projects\blog-frontend-vue\node_modules\jsdom\lib\jsdom\living\xhr\xhr-utils.js:63:19)
    at EventEmitter.<anonymous> (E:\learn\projects\blog-frontend-vue\node_modules\jsdom\lib\jsdom\living\xhr\XMLHttpRequest-impl.js:655:18)
    at EventEmitter.emit (node:events:520:35)
    at Request.<anonymous> (E:\learn\projects\blog-frontend-vue\node_modules\jsdom\lib\jsdom\living\xhr\xhr-utils.js:404:14)
    at Request.emit (node:events:508:28)
    at ClientRequest.<anonymous> (E:\learn\projects\blog-frontend-vue\node_modules\jsdom\lib\jsdom\living\helpers\http-request.js:127:14)
    at ClientRequest.emit (node:events:508:28)
    at emitErrorEvent (node:_http_client:107:11)
    at Socket.socketErrorListener (node:_http_client:574:5)
    at Socket.emit (node:events:508:28) undefined
[HTTP Response Error] {
  url: '/auth/refresh',
  status: undefined,
  data: undefined,
  message: 'Network Error'
}
Token refresh failed: AxiosError: Network Error
    at XMLHttpRequest.handleError (file:///E:/learn/projects/blog-frontend-vue/node_modules/axios/lib/adapters/xhr.js:112:20)
    at XMLHttpRequest.invokeTheCallbackFunction (E:\learn\projects\blog-frontend-vue\node_modules\jsdom\lib\jsdom\living\generated\EventHandlerNonNull.js:14:28)
    at XMLHttpRequest.<anonymous> (E:\learn\projects\blog-frontend-vue\node_modules\jsdom\lib\jsdom\living\helpers\create-event-accessor.js:35:32)
    at innerInvokeEventListeners (E:\learn\projects\blog-frontend-vue\node_modules\jsdom\lib\jsdom\living\events\EventTarget-impl.js:350:25)
    at invokeEventListeners (E:\learn\projects\blog-frontend-vue\node_modules\jsdom\lib\jsdom\living\events\EventTarget-impl.js:286:3)
    at XMLHttpRequestImpl._dispatch (E:\learn\projects\blog-frontend-vue\node_modules\jsdom\lib\jsdom\living\events\EventTarget-impl.js:233:9)
    at fireAnEvent (E:\learn\projects\blog-frontend-vue\node_modules\jsdom\lib\jsdom\living\helpers\events.js:18:36)
    at requestErrorSteps (E:\learn\projects\blog-frontend-vue\node_modules\jsdom\lib\jsdom\living\xhr\xhr-utils.js:131:3)
    at Object.dispatchError (E:\learn\projects\blog-frontend-vue\node_modules\jsdom\lib\jsdom\living\xhr\xhr-utils.js:60:3)
    at EventEmitter.<anonymous> (E:\learn\projects\blog-frontend-vue\node_modules\jsdom\lib\jsdom\living\xhr\XMLHttpRequest-impl.js:655:18)
    at Axios.request (file:///E:/learn/projects/blog-frontend-vue/node_modules/axios/lib/core/Axios.js:45:41)
    at processTicksAndRejections (node:internal/process/task_queues:105:5)
    at HttpClient.post (E:\learn\projects\blog-frontend-vue\src\utils\request.ts:289:22)
    at refreshAccessToken (E:\learn\projects\blog-frontend-vue\src\stores\auth.ts:405:24)
    at Proxy.initAuth (E:\learn\projects\blog-frontend-vue\src\stores\auth.ts:519:13)
    at E:\learn\projects\blog-frontend-vue\src\test\properties\auth.property.test.ts:133:11
    at AsyncProperty.run (file:///E:/learn/projects/blog-frontend-vue/node_modules/fast-check/lib/esm/check/property/AsyncProperty.generic.js:46:28)
    at asyncRunIt (file:///E:/learn/projects/blog-frontend-vue/node_modules/fast-check/lib/esm/check/runner/Runner.js:33:21)
    at E:\learn\projects\blog-frontend-vue\src\test\properties\auth.property.test.ts:114:5
    at runTest (file:///E:/learn/projects/blog-frontend-vue/node_modules/@vitest/runner/dist/index.js:781:11) {
  isAxiosError: true,
  code: 'ERR_NETWORK',
  config: {
    transitional: {
      silentJSONParsing: true,
      forcedJSONParsing: true,
      clarifyTimeoutError: false
    },
    adapter: [ 'xhr', 'http', 'fetch' ],
    transformRequest: [ [Function: transformRequest] ],
    transformResponse: [ [Function: transformResponse] ],
    timeout: 10000,
    xsrfCookieName: 'XSRF-TOKEN',
    xsrfHeaderName: 'X-XSRF-TOKEN',
    maxContentLength: -1,
    maxBodyLength: -1,
    env: { FormData: [Function], Blob: [class Blob] },
    validateStatus: [Function: validateStatus],
    headers: Object [AxiosHeaders] {
      Accept: 'application/json',
      'Content-Type': 'application/json',
      'skip-auth': 'true',
      'X-Request-ID': 'req_1770361858252_75dwrhgqu',
      'X-Timestamp': '1770361858252'
    },
    baseURL: 'http://localhost:8000/api/v1',
    method: 'post',
    url: '/auth/refresh',
    data: '{"refreshToken":"ciyPd_J5d$S=Vf^^n38*4:Ka\\\\AS1ib8`xStQf^tum3+Me!"}',
    allowAbsoluteUrls: true
  },
  request: XMLHttpRequest {},
  event: ProgressEvent { isTrusted: [Getter] }
}
Auto refresh token failed: AxiosError: Network Error
    at XMLHttpRequest.handleError (file:///E:/learn/projects/blog-frontend-vue/node_modules/axios/lib/adapters/xhr.js:112:20)
    at XMLHttpRequest.invokeTheCallbackFunction (E:\learn\projects\blog-frontend-vue\node_modules\jsdom\lib\jsdom\living\generated\EventHandlerNonNull.js:14:28)
    at XMLHttpRequest.<anonymous> (E:\learn\projects\blog-frontend-vue\node_modules\jsdom\lib\jsdom\living\helpers\create-event-accessor.js:35:32)
    at innerInvokeEventListeners (E:\learn\projects\blog-frontend-vue\node_modules\jsdom\lib\jsdom\living\events\EventTarget-impl.js:350:25)
    at invokeEventListeners (E:\learn\projects\blog-frontend-vue\node_modules\jsdom\lib\jsdom\living\events\EventTarget-impl.js:286:3)
    at XMLHttpRequestImpl._dispatch (E:\learn\projects\blog-frontend-vue\node_modules\jsdom\lib\jsdom\living\events\EventTarget-impl.js:233:9)
    at fireAnEvent (E:\learn\projects\blog-frontend-vue\node_modules\jsdom\lib\jsdom\living\helpers\events.js:18:36)
    at requestErrorSteps (E:\learn\projects\blog-frontend-vue\node_modules\jsdom\lib\jsdom\living\xhr\xhr-utils.js:131:3)
    at Object.dispatchError (E:\learn\projects\blog-frontend-vue\node_modules\jsdom\lib\jsdom\living\xhr\xhr-utils.js:60:3)
    at EventEmitter.<anonymous> (E:\learn\projects\blog-frontend-vue\node_modules\jsdom\lib\jsdom\living\xhr\XMLHttpRequest-impl.js:655:18)
    at Axios.request (file:///E:/learn/projects/blog-frontend-vue/node_modules/axios/lib/core/Axios.js:45:41)
    at processTicksAndRejections (node:internal/process/task_queues:105:5)
    at HttpClient.post (E:\learn\projects\blog-frontend-vue\src\utils\request.ts:289:22)
    at refreshAccessToken (E:\learn\projects\blog-frontend-vue\src\stores\auth.ts:405:24)
    at Proxy.initAuth (E:\learn\projects\blog-frontend-vue\src\stores\auth.ts:519:13)
    at E:\learn\projects\blog-frontend-vue\src\test\properties\auth.property.test.ts:133:11
    at AsyncProperty.run (file:///E:/learn/projects/blog-frontend-vue/node_modules/fast-check/lib/esm/check/property/AsyncProperty.generic.js:46:28)
    at asyncRunIt (file:///E:/learn/projects/blog-frontend-vue/node_modules/fast-check/lib/esm/check/runner/Runner.js:33:21)
    at E:\learn\projects\blog-frontend-vue\src\test\properties\auth.property.test.ts:114:5
    at runTest (file:///E:/learn/projects/blog-frontend-vue/node_modules/@vitest/runner/dist/index.js:781:11) {
  isAxiosError: true,
  code: 'ERR_NETWORK',
  config: {
    transitional: {
      silentJSONParsing: true,
      forcedJSONParsing: true,
      clarifyTimeoutError: false
    },
    adapter: [ 'xhr', 'http', 'fetch' ],
    transformRequest: [ [Function: transformRequest] ],
    transformResponse: [ [Function: transformResponse] ],
    timeout: 10000,
    xsrfCookieName: 'XSRF-TOKEN',
    xsrfHeaderName: 'X-XSRF-TOKEN',
    maxContentLength: -1,
    maxBodyLength: -1,
    env: { FormData: [Function], Blob: [class Blob] },
    validateStatus: [Function: validateStatus],
    headers: Object [AxiosHeaders] {
      Accept: 'application/json',
      'Content-Type': 'application/json',
      'skip-auth': 'true',
      'X-Request-ID': 'req_1770361858252_75dwrhgqu',
      'X-Timestamp': '1770361858252'
    },
    baseURL: 'http://localhost:8000/api/v1',
    method: 'post',
    url: '/auth/refresh',
    data: '{"refreshToken":"ciyPd_J5d$S=Vf^^n38*4:Ka\\\\AS1ib8`xStQf^tum3+Me!"}',
    allowAbsoluteUrls: true
  },
  request: XMLHttpRequest {},
  event: ProgressEvent { isTrusted: [Getter] }
}

[90mstdout[2m | src/test/properties/auth.property.test.ts[2m > [22m[2m璁よ瘉灞炴€ф祴璇?[2m > [22m[2mProperty 1.1: Token Expiration Consistency[22m[39m
[HTTP Request] POST /auth/refresh {
  headers: Object [AxiosHeaders] {
    Accept: [32m'application/json'[39m,
    [32m'Content-Type'[39m: [32m'application/json'[39m,
    [32m'skip-auth'[39m: [32m'true'[39m,
    [32m'X-Request-ID'[39m: [32m'req_1770361858276_466g3wm2b'[39m,
    [32m'X-Timestamp'[39m: [32m'1770361858276'[39m
  },
  data: { refreshToken: [32m'{G:&j#$ !y#qrrEX0T0,{?'[39m },
  params: [90mundefined[39m
}

stderr | src/test/properties/auth.property.test.ts > 璁よ瘉灞炴€ф祴璇?[2m > Property 1.1: Token Expiration Consistency
Error: AggregateError
    at Object.dispatchError (E:\learn\projects\blog-frontend-vue\node_modules\jsdom\lib\jsdom\living\xhr\xhr-utils.js:63:19)
    at EventEmitter.<anonymous> (E:\learn\projects\blog-frontend-vue\node_modules\jsdom\lib\jsdom\living\xhr\XMLHttpRequest-impl.js:655:18)
    at EventEmitter.emit (node:events:520:35)
    at Request.<anonymous> (E:\learn\projects\blog-frontend-vue\node_modules\jsdom\lib\jsdom\living\xhr\xhr-utils.js:404:14)
    at Request.emit (node:events:508:28)
    at ClientRequest.<anonymous> (E:\learn\projects\blog-frontend-vue\node_modules\jsdom\lib\jsdom\living\helpers\http-request.js:127:14)
    at ClientRequest.emit (node:events:508:28)
    at emitErrorEvent (node:_http_client:107:11)
    at Socket.socketErrorListener (node:_http_client:574:5)
    at Socket.emit (node:events:508:28) undefined
[HTTP Response Error] {
  url: '/auth/refresh',
  status: undefined,
  data: undefined,
  message: 'Network Error'
}
Token refresh failed: AxiosError: Network Error
    at XMLHttpRequest.handleError (file:///E:/learn/projects/blog-frontend-vue/node_modules/axios/lib/adapters/xhr.js:112:20)
    at XMLHttpRequest.invokeTheCallbackFunction (E:\learn\projects\blog-frontend-vue\node_modules\jsdom\lib\jsdom\living\generated\EventHandlerNonNull.js:14:28)
    at XMLHttpRequest.<anonymous> (E:\learn\projects\blog-frontend-vue\node_modules\jsdom\lib\jsdom\living\helpers\create-event-accessor.js:35:32)
    at innerInvokeEventListeners (E:\learn\projects\blog-frontend-vue\node_modules\jsdom\lib\jsdom\living\events\EventTarget-impl.js:350:25)
    at invokeEventListeners (E:\learn\projects\blog-frontend-vue\node_modules\jsdom\lib\jsdom\living\events\EventTarget-impl.js:286:3)
    at XMLHttpRequestImpl._dispatch (E:\learn\projects\blog-frontend-vue\node_modules\jsdom\lib\jsdom\living\events\EventTarget-impl.js:233:9)
    at fireAnEvent (E:\learn\projects\blog-frontend-vue\node_modules\jsdom\lib\jsdom\living\helpers\events.js:18:36)
    at requestErrorSteps (E:\learn\projects\blog-frontend-vue\node_modules\jsdom\lib\jsdom\living\xhr\xhr-utils.js:131:3)
    at Object.dispatchError (E:\learn\projects\blog-frontend-vue\node_modules\jsdom\lib\jsdom\living\xhr\xhr-utils.js:60:3)
    at EventEmitter.<anonymous> (E:\learn\projects\blog-frontend-vue\node_modules\jsdom\lib\jsdom\living\xhr\XMLHttpRequest-impl.js:655:18)
    at Axios.request (file:///E:/learn/projects/blog-frontend-vue/node_modules/axios/lib/core/Axios.js:45:41)
    at processTicksAndRejections (node:internal/process/task_queues:105:5)
    at HttpClient.post (E:\learn\projects\blog-frontend-vue\src\utils\request.ts:289:22)
    at refreshAccessToken (E:\learn\projects\blog-frontend-vue\src\stores\auth.ts:405:24)
    at Proxy.initAuth (E:\learn\projects\blog-frontend-vue\src\stores\auth.ts:519:13)
    at E:\learn\projects\blog-frontend-vue\src\test\properties\auth.property.test.ts:133:11
    at AsyncProperty.run (file:///E:/learn/projects/blog-frontend-vue/node_modules/fast-check/lib/esm/check/property/AsyncProperty.generic.js:46:28)
    at asyncRunIt (file:///E:/learn/projects/blog-frontend-vue/node_modules/fast-check/lib/esm/check/runner/Runner.js:33:21)
    at E:\learn\projects\blog-frontend-vue\src\test\properties\auth.property.test.ts:114:5
    at runTest (file:///E:/learn/projects/blog-frontend-vue/node_modules/@vitest/runner/dist/index.js:781:11) {
  isAxiosError: true,
  code: 'ERR_NETWORK',
  config: {
    transitional: {
      silentJSONParsing: true,
      forcedJSONParsing: true,
      clarifyTimeoutError: false
    },
    adapter: [ 'xhr', 'http', 'fetch' ],
    transformRequest: [ [Function: transformRequest] ],
    transformResponse: [ [Function: transformResponse] ],
    timeout: 10000,
    xsrfCookieName: 'XSRF-TOKEN',
    xsrfHeaderName: 'X-XSRF-TOKEN',
    maxContentLength: -1,
    maxBodyLength: -1,
    env: { FormData: [Function], Blob: [class Blob] },
    validateStatus: [Function: validateStatus],
    headers: Object [AxiosHeaders] {
      Accept: 'application/json',
      'Content-Type': 'application/json',
      'skip-auth': 'true',
      'X-Request-ID': 'req_1770361858276_466g3wm2b',
      'X-Timestamp': '1770361858276'
    },
    baseURL: 'http://localhost:8000/api/v1',
    method: 'post',
    url: '/auth/refresh',
    data: '{"refreshToken":"{G:&j#$ !y#qrrEX0T0,{?"}',
    allowAbsoluteUrls: true
  },
  request: XMLHttpRequest {},
  event: ProgressEvent { isTrusted: [Getter] }
}
Auto refresh token failed: AxiosError: Network Error
    at XMLHttpRequest.handleError (file:///E:/learn/projects/blog-frontend-vue/node_modules/axios/lib/adapters/xhr.js:112:20)
    at XMLHttpRequest.invokeTheCallbackFunction (E:\learn\projects\blog-frontend-vue\node_modules\jsdom\lib\jsdom\living\generated\EventHandlerNonNull.js:14:28)
    at XMLHttpRequest.<anonymous> (E:\learn\projects\blog-frontend-vue\node_modules\jsdom\lib\jsdom\living\helpers\create-event-accessor.js:35:32)
    at innerInvokeEventListeners (E:\learn\projects\blog-frontend-vue\node_modules\jsdom\lib\jsdom\living\events\EventTarget-impl.js:350:25)
    at invokeEventListeners (E:\learn\projects\blog-frontend-vue\node_modules\jsdom\lib\jsdom\living\events\EventTarget-impl.js:286:3)
    at XMLHttpRequestImpl._dispatch (E:\learn\projects\blog-frontend-vue\node_modules\jsdom\lib\jsdom\living\events\EventTarget-impl.js:233:9)
    at fireAnEvent (E:\learn\projects\blog-frontend-vue\node_modules\jsdom\lib\jsdom\living\helpers\events.js:18:36)
    at requestErrorSteps (E:\learn\projects\blog-frontend-vue\node_modules\jsdom\lib\jsdom\living\xhr\xhr-utils.js:131:3)
    at Object.dispatchError (E:\learn\projects\blog-frontend-vue\node_modules\jsdom\lib\jsdom\living\xhr\xhr-utils.js:60:3)
    at EventEmitter.<anonymous> (E:\learn\projects\blog-frontend-vue\node_modules\jsdom\lib\jsdom\living\xhr\XMLHttpRequest-impl.js:655:18)
    at Axios.request (file:///E:/learn/projects/blog-frontend-vue/node_modules/axios/lib/core/Axios.js:45:41)
    at processTicksAndRejections (node:internal/process/task_queues:105:5)
    at HttpClient.post (E:\learn\projects\blog-frontend-vue\src\utils\request.ts:289:22)
    at refreshAccessToken (E:\learn\projects\blog-frontend-vue\src\stores\auth.ts:405:24)
    at Proxy.initAuth (E:\learn\projects\blog-frontend-vue\src\stores\auth.ts:519:13)
    at E:\learn\projects\blog-frontend-vue\src\test\properties\auth.property.test.ts:133:11
    at AsyncProperty.run (file:///E:/learn/projects/blog-frontend-vue/node_modules/fast-check/lib/esm/check/property/AsyncProperty.generic.js:46:28)
    at asyncRunIt (file:///E:/learn/projects/blog-frontend-vue/node_modules/fast-check/lib/esm/check/runner/Runner.js:33:21)
    at E:\learn\projects\blog-frontend-vue\src\test\properties\auth.property.test.ts:114:5
    at runTest (file:///E:/learn/projects/blog-frontend-vue/node_modules/@vitest/runner/dist/index.js:781:11) {
  isAxiosError: true,
  code: 'ERR_NETWORK',
  config: {
    transitional: {
      silentJSONParsing: true,
      forcedJSONParsing: true,
      clarifyTimeoutError: false
    },
    adapter: [ 'xhr', 'http', 'fetch' ],
    transformRequest: [ [Function: transformRequest] ],
    transformResponse: [ [Function: transformResponse] ],
    timeout: 10000,
    xsrfCookieName: 'XSRF-TOKEN',
    xsrfHeaderName: 'X-XSRF-TOKEN',
    maxContentLength: -1,
    maxBodyLength: -1,
    env: { FormData: [Function], Blob: [class Blob] },
    validateStatus: [Function: validateStatus],
    headers: Object [AxiosHeaders] {
      Accept: 'application/json',
      'Content-Type': 'application/json',
      'skip-auth': 'true',
      'X-Request-ID': 'req_1770361858276_466g3wm2b',
      'X-Timestamp': '1770361858276'
    },
    baseURL: 'http://localhost:8000/api/v1',
    method: 'post',
    url: '/auth/refresh',
    data: '{"refreshToken":"{G:&j#$ !y#qrrEX0T0,{?"}',
    allowAbsoluteUrls: true
  },
  request: XMLHttpRequest {},
  event: ProgressEvent { isTrusted: [Getter] }
}

[90mstdout[2m | src/test/properties/auth.property.test.ts[2m > [22m[2m璁よ瘉灞炴€ф祴璇?[2m > [22m[2mProperty 1.1: Token Expiration Consistency[22m[39m
[HTTP Request] POST /auth/refresh {
  headers: Object [AxiosHeaders] {
    Accept: [32m'application/json'[39m,
    [32m'Content-Type'[39m: [32m'application/json'[39m,
    [32m'skip-auth'[39m: [32m'true'[39m,
    [32m'X-Request-ID'[39m: [32m'req_1770361858305_cgssim28l'[39m,
    [32m'X-Timestamp'[39m: [32m'1770361858305'[39m
  },
  data: { refreshToken: [32m"Qmp^O8-K2&Njurel'.rgfR"[39m },
  params: [90mundefined[39m
}

stderr | src/test/properties/auth.property.test.ts > 璁よ瘉灞炴€ф祴璇?[2m > Property 1.1: Token Expiration Consistency
Error: AggregateError
    at Object.dispatchError (E:\learn\projects\blog-frontend-vue\node_modules\jsdom\lib\jsdom\living\xhr\xhr-utils.js:63:19)
    at EventEmitter.<anonymous> (E:\learn\projects\blog-frontend-vue\node_modules\jsdom\lib\jsdom\living\xhr\XMLHttpRequest-impl.js:655:18)
    at EventEmitter.emit (node:events:520:35)
    at Request.<anonymous> (E:\learn\projects\blog-frontend-vue\node_modules\jsdom\lib\jsdom\living\xhr\xhr-utils.js:404:14)
    at Request.emit (node:events:508:28)
    at ClientRequest.<anonymous> (E:\learn\projects\blog-frontend-vue\node_modules\jsdom\lib\jsdom\living\helpers\http-request.js:127:14)
    at ClientRequest.emit (node:events:508:28)
    at emitErrorEvent (node:_http_client:107:11)
    at Socket.socketErrorListener (node:_http_client:574:5)
    at Socket.emit (node:events:508:28) undefined
[HTTP Response Error] {
  url: '/auth/refresh',
  status: undefined,
  data: undefined,
  message: 'Network Error'
}
Token refresh failed: AxiosError: Network Error
    at XMLHttpRequest.handleError (file:///E:/learn/projects/blog-frontend-vue/node_modules/axios/lib/adapters/xhr.js:112:20)
    at XMLHttpRequest.invokeTheCallbackFunction (E:\learn\projects\blog-frontend-vue\node_modules\jsdom\lib\jsdom\living\generated\EventHandlerNonNull.js:14:28)
    at XMLHttpRequest.<anonymous> (E:\learn\projects\blog-frontend-vue\node_modules\jsdom\lib\jsdom\living\helpers\create-event-accessor.js:35:32)
    at innerInvokeEventListeners (E:\learn\projects\blog-frontend-vue\node_modules\jsdom\lib\jsdom\living\events\EventTarget-impl.js:350:25)
    at invokeEventListeners (E:\learn\projects\blog-frontend-vue\node_modules\jsdom\lib\jsdom\living\events\EventTarget-impl.js:286:3)
    at XMLHttpRequestImpl._dispatch (E:\learn\projects\blog-frontend-vue\node_modules\jsdom\lib\jsdom\living\events\EventTarget-impl.js:233:9)
    at fireAnEvent (E:\learn\projects\blog-frontend-vue\node_modules\jsdom\lib\jsdom\living\helpers\events.js:18:36)
    at requestErrorSteps (E:\learn\projects\blog-frontend-vue\node_modules\jsdom\lib\jsdom\living\xhr\xhr-utils.js:131:3)
    at Object.dispatchError (E:\learn\projects\blog-frontend-vue\node_modules\jsdom\lib\jsdom\living\xhr\xhr-utils.js:60:3)
    at EventEmitter.<anonymous> (E:\learn\projects\blog-frontend-vue\node_modules\jsdom\lib\jsdom\living\xhr\XMLHttpRequest-impl.js:655:18)
    at Axios.request (file:///E:/learn/projects/blog-frontend-vue/node_modules/axios/lib/core/Axios.js:45:41)
    at processTicksAndRejections (node:internal/process/task_queues:105:5)
    at HttpClient.post (E:\learn\projects\blog-frontend-vue\src\utils\request.ts:289:22)
    at refreshAccessToken (E:\learn\projects\blog-frontend-vue\src\stores\auth.ts:405:24)
    at Proxy.initAuth (E:\learn\projects\blog-frontend-vue\src\stores\auth.ts:519:13)
    at E:\learn\projects\blog-frontend-vue\src\test\properties\auth.property.test.ts:133:11
    at AsyncProperty.run (file:///E:/learn/projects/blog-frontend-vue/node_modules/fast-check/lib/esm/check/property/AsyncProperty.generic.js:46:28)
    at asyncRunIt (file:///E:/learn/projects/blog-frontend-vue/node_modules/fast-check/lib/esm/check/runner/Runner.js:33:21)
    at E:\learn\projects\blog-frontend-vue\src\test\properties\auth.property.test.ts:114:5
    at runTest (file:///E:/learn/projects/blog-frontend-vue/node_modules/@vitest/runner/dist/index.js:781:11) {
  isAxiosError: true,
  code: 'ERR_NETWORK',
  config: {
    transitional: {
      silentJSONParsing: true,
      forcedJSONParsing: true,
      clarifyTimeoutError: false
    },
    adapter: [ 'xhr', 'http', 'fetch' ],
    transformRequest: [ [Function: transformRequest] ],
    transformResponse: [ [Function: transformResponse] ],
    timeout: 10000,
    xsrfCookieName: 'XSRF-TOKEN',
    xsrfHeaderName: 'X-XSRF-TOKEN',
    maxContentLength: -1,
    maxBodyLength: -1,
    env: { FormData: [Function], Blob: [class Blob] },
    validateStatus: [Function: validateStatus],
    headers: Object [AxiosHeaders] {
      Accept: 'application/json',
      'Content-Type': 'application/json',
      'skip-auth': 'true',
      'X-Request-ID': 'req_1770361858305_cgssim28l',
      'X-Timestamp': '1770361858305'
    },
    baseURL: 'http://localhost:8000/api/v1',
    method: 'post',
    url: '/auth/refresh',
    data: `{"refreshToken":"Qmp^O8-K2&Njurel'.rgfR"}`,
    allowAbsoluteUrls: true
  },
  request: XMLHttpRequest {},
  event: ProgressEvent { isTrusted: [Getter] }
}
Auto refresh token failed: AxiosError: Network Error
    at XMLHttpRequest.handleError (file:///E:/learn/projects/blog-frontend-vue/node_modules/axios/lib/adapters/xhr.js:112:20)
    at XMLHttpRequest.invokeTheCallbackFunction (E:\learn\projects\blog-frontend-vue\node_modules\jsdom\lib\jsdom\living\generated\EventHandlerNonNull.js:14:28)
    at XMLHttpRequest.<anonymous> (E:\learn\projects\blog-frontend-vue\node_modules\jsdom\lib\jsdom\living\helpers\create-event-accessor.js:35:32)
    at innerInvokeEventListeners (E:\learn\projects\blog-frontend-vue\node_modules\jsdom\lib\jsdom\living\events\EventTarget-impl.js:350:25)
    at invokeEventListeners (E:\learn\projects\blog-frontend-vue\node_modules\jsdom\lib\jsdom\living\events\EventTarget-impl.js:286:3)
    at XMLHttpRequestImpl._dispatch (E:\learn\projects\blog-frontend-vue\node_modules\jsdom\lib\jsdom\living\events\EventTarget-impl.js:233:9)
    at fireAnEvent (E:\learn\projects\blog-frontend-vue\node_modules\jsdom\lib\jsdom\living\helpers\events.js:18:36)
    at requestErrorSteps (E:\learn\projects\blog-frontend-vue\node_modules\jsdom\lib\jsdom\living\xhr\xhr-utils.js:131:3)
    at Object.dispatchError (E:\learn\projects\blog-frontend-vue\node_modules\jsdom\lib\jsdom\living\xhr\xhr-utils.js:60:3)
    at EventEmitter.<anonymous> (E:\learn\projects\blog-frontend-vue\node_modules\jsdom\lib\jsdom\living\xhr\XMLHttpRequest-impl.js:655:18)
    at Axios.request (file:///E:/learn/projects/blog-frontend-vue/node_modules/axios/lib/core/Axios.js:45:41)
    at processTicksAndRejections (node:internal/process/task_queues:105:5)
    at HttpClient.post (E:\learn\projects\blog-frontend-vue\src\utils\request.ts:289:22)
    at refreshAccessToken (E:\learn\projects\blog-frontend-vue\src\stores\auth.ts:405:24)
    at Proxy.initAuth (E:\learn\projects\blog-frontend-vue\src\stores\auth.ts:519:13)
    at E:\learn\projects\blog-frontend-vue\src\test\properties\auth.property.test.ts:133:11
    at AsyncProperty.run (file:///E:/learn/projects/blog-frontend-vue/node_modules/fast-check/lib/esm/check/property/AsyncProperty.generic.js:46:28)
    at asyncRunIt (file:///E:/learn/projects/blog-frontend-vue/node_modules/fast-check/lib/esm/check/runner/Runner.js:33:21)
    at E:\learn\projects\blog-frontend-vue\src\test\properties\auth.property.test.ts:114:5
    at runTest (file:///E:/learn/projects/blog-frontend-vue/node_modules/@vitest/runner/dist/index.js:781:11) {
  isAxiosError: true,
  code: 'ERR_NETWORK',
  config: {
    transitional: {
      silentJSONParsing: true,
      forcedJSONParsing: true,
      clarifyTimeoutError: false
    },
    adapter: [ 'xhr', 'http', 'fetch' ],
    transformRequest: [ [Function: transformRequest] ],
    transformResponse: [ [Function: transformResponse] ],
    timeout: 10000,
    xsrfCookieName: 'XSRF-TOKEN',
    xsrfHeaderName: 'X-XSRF-TOKEN',
    maxContentLength: -1,
    maxBodyLength: -1,
    env: { FormData: [Function], Blob: [class Blob] },
    validateStatus: [Function: validateStatus],
    headers: Object [AxiosHeaders] {
      Accept: 'application/json',
      'Content-Type': 'application/json',
      'skip-auth': 'true',
      'X-Request-ID': 'req_1770361858305_cgssim28l',
      'X-Timestamp': '1770361858305'
    },
    baseURL: 'http://localhost:8000/api/v1',
    method: 'post',
    url: '/auth/refresh',
    data: `{"refreshToken":"Qmp^O8-K2&Njurel'.rgfR"}`,
    allowAbsoluteUrls: true
  },
  request: XMLHttpRequest {},
  event: ProgressEvent { isTrusted: [Getter] }
}

[90mstdout[2m | src/test/properties/auth.property.test.ts[2m > [22m[2m璁よ瘉灞炴€ф祴璇?[2m > [22m[2mProperty 1.1: Token Expiration Consistency[22m[39m
[HTTP Request] POST /auth/refresh {
  headers: Object [AxiosHeaders] {
    Accept: [32m'application/json'[39m,
    [32m'Content-Type'[39m: [32m'application/json'[39m,
    [32m'skip-auth'[39m: [32m'true'[39m,
    [32m'X-Request-ID'[39m: [32m'req_1770361858329_arv6ynycn'[39m,
    [32m'X-Timestamp'[39m: [32m'1770361858329'[39m
  },
  data: { refreshToken: [32m']]SyniM;V!)DdgT}F94\\,1`o]h*-0BA7=e"Aa)DdJQP'[39m },
  params: [90mundefined[39m
}

stderr | src/test/properties/auth.property.test.ts > 璁よ瘉灞炴€ф祴璇?[2m > Property 1.1: Token Expiration Consistency
Error: AggregateError
    at Object.dispatchError (E:\learn\projects\blog-frontend-vue\node_modules\jsdom\lib\jsdom\living\xhr\xhr-utils.js:63:19)
    at EventEmitter.<anonymous> (E:\learn\projects\blog-frontend-vue\node_modules\jsdom\lib\jsdom\living\xhr\XMLHttpRequest-impl.js:655:18)
    at EventEmitter.emit (node:events:520:35)
    at Request.<anonymous> (E:\learn\projects\blog-frontend-vue\node_modules\jsdom\lib\jsdom\living\xhr\xhr-utils.js:404:14)
    at Request.emit (node:events:508:28)
    at ClientRequest.<anonymous> (E:\learn\projects\blog-frontend-vue\node_modules\jsdom\lib\jsdom\living\helpers\http-request.js:127:14)
    at ClientRequest.emit (node:events:508:28)
    at emitErrorEvent (node:_http_client:107:11)
    at Socket.socketErrorListener (node:_http_client:574:5)
    at Socket.emit (node:events:508:28) undefined
[HTTP Response Error] {
  url: '/auth/refresh',
  status: undefined,
  data: undefined,
  message: 'Network Error'
}
Token refresh failed: AxiosError: Network Error
    at XMLHttpRequest.handleError (file:///E:/learn/projects/blog-frontend-vue/node_modules/axios/lib/adapters/xhr.js:112:20)
    at XMLHttpRequest.invokeTheCallbackFunction (E:\learn\projects\blog-frontend-vue\node_modules\jsdom\lib\jsdom\living\generated\EventHandlerNonNull.js:14:28)
    at XMLHttpRequest.<anonymous> (E:\learn\projects\blog-frontend-vue\node_modules\jsdom\lib\jsdom\living\helpers\create-event-accessor.js:35:32)
    at innerInvokeEventListeners (E:\learn\projects\blog-frontend-vue\node_modules\jsdom\lib\jsdom\living\events\EventTarget-impl.js:350:25)
    at invokeEventListeners (E:\learn\projects\blog-frontend-vue\node_modules\jsdom\lib\jsdom\living\events\EventTarget-impl.js:286:3)
    at XMLHttpRequestImpl._dispatch (E:\learn\projects\blog-frontend-vue\node_modules\jsdom\lib\jsdom\living\events\EventTarget-impl.js:233:9)
    at fireAnEvent (E:\learn\projects\blog-frontend-vue\node_modules\jsdom\lib\jsdom\living\helpers\events.js:18:36)
    at requestErrorSteps (E:\learn\projects\blog-frontend-vue\node_modules\jsdom\lib\jsdom\living\xhr\xhr-utils.js:131:3)
    at Object.dispatchError (E:\learn\projects\blog-frontend-vue\node_modules\jsdom\lib\jsdom\living\xhr\xhr-utils.js:60:3)
    at EventEmitter.<anonymous> (E:\learn\projects\blog-frontend-vue\node_modules\jsdom\lib\jsdom\living\xhr\XMLHttpRequest-impl.js:655:18)
    at Axios.request (file:///E:/learn/projects/blog-frontend-vue/node_modules/axios/lib/core/Axios.js:45:41)
    at processTicksAndRejections (node:internal/process/task_queues:105:5)
    at HttpClient.post (E:\learn\projects\blog-frontend-vue\src\utils\request.ts:289:22)
    at refreshAccessToken (E:\learn\projects\blog-frontend-vue\src\stores\auth.ts:405:24)
    at Proxy.initAuth (E:\learn\projects\blog-frontend-vue\src\stores\auth.ts:519:13)
    at E:\learn\projects\blog-frontend-vue\src\test\properties\auth.property.test.ts:133:11
    at AsyncProperty.run (file:///E:/learn/projects/blog-frontend-vue/node_modules/fast-check/lib/esm/check/property/AsyncProperty.generic.js:46:28)
    at asyncRunIt (file:///E:/learn/projects/blog-frontend-vue/node_modules/fast-check/lib/esm/check/runner/Runner.js:33:21)
    at E:\learn\projects\blog-frontend-vue\src\test\properties\auth.property.test.ts:114:5
    at runTest (file:///E:/learn/projects/blog-frontend-vue/node_modules/@vitest/runner/dist/index.js:781:11) {
  isAxiosError: true,
  code: 'ERR_NETWORK',
  config: {
    transitional: {
      silentJSONParsing: true,
      forcedJSONParsing: true,
      clarifyTimeoutError: false
    },
    adapter: [ 'xhr', 'http', 'fetch' ],
    transformRequest: [ [Function: transformRequest] ],
    transformResponse: [ [Function: transformResponse] ],
    timeout: 10000,
    xsrfCookieName: 'XSRF-TOKEN',
    xsrfHeaderName: 'X-XSRF-TOKEN',
    maxContentLength: -1,
    maxBodyLength: -1,
    env: { FormData: [Function], Blob: [class Blob] },
    validateStatus: [Function: validateStatus],
    headers: Object [AxiosHeaders] {
      Accept: 'application/json',
      'Content-Type': 'application/json',
      'skip-auth': 'true',
      'X-Request-ID': 'req_1770361858329_arv6ynycn',
      'X-Timestamp': '1770361858329'
    },
    baseURL: 'http://localhost:8000/api/v1',
    method: 'post',
    url: '/auth/refresh',
    data: '{"refreshToken":"]]SyniM;V!)DdgT}F94\\\\,1`o]h*-0BA7=e\\"Aa)DdJQP"}',
    allowAbsoluteUrls: true
  },
  request: XMLHttpRequest {},
  event: ProgressEvent { isTrusted: [Getter] }
}
Auto refresh token failed: AxiosError: Network Error
    at XMLHttpRequest.handleError (file:///E:/learn/projects/blog-frontend-vue/node_modules/axios/lib/adapters/xhr.js:112:20)
    at XMLHttpRequest.invokeTheCallbackFunction (E:\learn\projects\blog-frontend-vue\node_modules\jsdom\lib\jsdom\living\generated\EventHandlerNonNull.js:14:28)
    at XMLHttpRequest.<anonymous> (E:\learn\projects\blog-frontend-vue\node_modules\jsdom\lib\jsdom\living\helpers\create-event-accessor.js:35:32)
    at innerInvokeEventListeners (E:\learn\projects\blog-frontend-vue\node_modules\jsdom\lib\jsdom\living\events\EventTarget-impl.js:350:25)
    at invokeEventListeners (E:\learn\projects\blog-frontend-vue\node_modules\jsdom\lib\jsdom\living\events\EventTarget-impl.js:286:3)
    at XMLHttpRequestImpl._dispatch (E:\learn\projects\blog-frontend-vue\node_modules\jsdom\lib\jsdom\living\events\EventTarget-impl.js:233:9)
    at fireAnEvent (E:\learn\projects\blog-frontend-vue\node_modules\jsdom\lib\jsdom\living\helpers\events.js:18:36)
    at requestErrorSteps (E:\learn\projects\blog-frontend-vue\node_modules\jsdom\lib\jsdom\living\xhr\xhr-utils.js:131:3)
    at Object.dispatchError (E:\learn\projects\blog-frontend-vue\node_modules\jsdom\lib\jsdom\living\xhr\xhr-utils.js:60:3)
    at EventEmitter.<anonymous> (E:\learn\projects\blog-frontend-vue\node_modules\jsdom\lib\jsdom\living\xhr\XMLHttpRequest-impl.js:655:18)
    at Axios.request (file:///E:/learn/projects/blog-frontend-vue/node_modules/axios/lib/core/Axios.js:45:41)
    at processTicksAndRejections (node:internal/process/task_queues:105:5)
    at HttpClient.post (E:\learn\projects\blog-frontend-vue\src\utils\request.ts:289:22)
    at refreshAccessToken (E:\learn\projects\blog-frontend-vue\src\stores\auth.ts:405:24)
    at Proxy.initAuth (E:\learn\projects\blog-frontend-vue\src\stores\auth.ts:519:13)
    at E:\learn\projects\blog-frontend-vue\src\test\properties\auth.property.test.ts:133:11
    at AsyncProperty.run (file:///E:/learn/projects/blog-frontend-vue/node_modules/fast-check/lib/esm/check/property/AsyncProperty.generic.js:46:28)
    at asyncRunIt (file:///E:/learn/projects/blog-frontend-vue/node_modules/fast-check/lib/esm/check/runner/Runner.js:33:21)
    at E:\learn\projects\blog-frontend-vue\src\test\properties\auth.property.test.ts:114:5
    at runTest (file:///E:/learn/projects/blog-frontend-vue/node_modules/@vitest/runner/dist/index.js:781:11) {
  isAxiosError: true,
  code: 'ERR_NETWORK',
  config: {
    transitional: {
      silentJSONParsing: true,
      forcedJSONParsing: true,
      clarifyTimeoutError: false
    },
    adapter: [ 'xhr', 'http', 'fetch' ],
    transformRequest: [ [Function: transformRequest] ],
    transformResponse: [ [Function: transformResponse] ],
    timeout: 10000,
    xsrfCookieName: 'XSRF-TOKEN',
    xsrfHeaderName: 'X-XSRF-TOKEN',
    maxContentLength: -1,
    maxBodyLength: -1,
    env: { FormData: [Function], Blob: [class Blob] },
    validateStatus: [Function: validateStatus],
    headers: Object [AxiosHeaders] {
      Accept: 'application/json',
      'Content-Type': 'application/json',
      'skip-auth': 'true',
      'X-Request-ID': 'req_1770361858329_arv6ynycn',
      'X-Timestamp': '1770361858329'
    },
    baseURL: 'http://localhost:8000/api/v1',
    method: 'post',
    url: '/auth/refresh',
    data: '{"refreshToken":"]]SyniM;V!)DdgT}F94\\\\,1`o]h*-0BA7=e\\"Aa)DdJQP"}',
    allowAbsoluteUrls: true
  },
  request: XMLHttpRequest {},
  event: ProgressEvent { isTrusted: [Getter] }
}

[90mstdout[2m | src/test/properties/auth.property.test.ts[2m > [22m[2m璁よ瘉灞炴€ф祴璇?[2m > [22m[2mProperty 1.1: Token Expiration Consistency[22m[39m
[HTTP Request] POST /auth/refresh {
  headers: Object [AxiosHeaders] {
    Accept: [32m'application/json'[39m,
    [32m'Content-Type'[39m: [32m'application/json'[39m,
    [32m'skip-auth'[39m: [32m'true'[39m,
    [32m'X-Request-ID'[39m: [32m'req_1770361858349_mgsz5ujif'[39m,
    [32m'X-Timestamp'[39m: [32m'1770361858349'[39m
  },
  data: { refreshToken: [32m"P~[g7y[/]lu4Y':)c~q%JJB$wv2_^~B?)pgk'lhP?QB"[39m },
  params: [90mundefined[39m
}

stderr | src/test/properties/auth.property.test.ts > 璁よ瘉灞炴€ф祴璇?[2m > Property 1.1: Token Expiration Consistency
Error: AggregateError
    at Object.dispatchError (E:\learn\projects\blog-frontend-vue\node_modules\jsdom\lib\jsdom\living\xhr\xhr-utils.js:63:19)
    at EventEmitter.<anonymous> (E:\learn\projects\blog-frontend-vue\node_modules\jsdom\lib\jsdom\living\xhr\XMLHttpRequest-impl.js:655:18)
    at EventEmitter.emit (node:events:520:35)
    at Request.<anonymous> (E:\learn\projects\blog-frontend-vue\node_modules\jsdom\lib\jsdom\living\xhr\xhr-utils.js:404:14)
    at Request.emit (node:events:508:28)
    at ClientRequest.<anonymous> (E:\learn\projects\blog-frontend-vue\node_modules\jsdom\lib\jsdom\living\helpers\http-request.js:127:14)
    at ClientRequest.emit (node:events:508:28)
    at emitErrorEvent (node:_http_client:107:11)
    at Socket.socketErrorListener (node:_http_client:574:5)
    at Socket.emit (node:events:508:28) undefined
[HTTP Response Error] {
  url: '/auth/refresh',
  status: undefined,
  data: undefined,
  message: 'Network Error'
}
Token refresh failed: AxiosError: Network Error
    at XMLHttpRequest.handleError (file:///E:/learn/projects/blog-frontend-vue/node_modules/axios/lib/adapters/xhr.js:112:20)
    at XMLHttpRequest.invokeTheCallbackFunction (E:\learn\projects\blog-frontend-vue\node_modules\jsdom\lib\jsdom\living\generated\EventHandlerNonNull.js:14:28)
    at XMLHttpRequest.<anonymous> (E:\learn\projects\blog-frontend-vue\node_modules\jsdom\lib\jsdom\living\helpers\create-event-accessor.js:35:32)
    at innerInvokeEventListeners (E:\learn\projects\blog-frontend-vue\node_modules\jsdom\lib\jsdom\living\events\EventTarget-impl.js:350:25)
    at invokeEventListeners (E:\learn\projects\blog-frontend-vue\node_modules\jsdom\lib\jsdom\living\events\EventTarget-impl.js:286:3)
    at XMLHttpRequestImpl._dispatch (E:\learn\projects\blog-frontend-vue\node_modules\jsdom\lib\jsdom\living\events\EventTarget-impl.js:233:9)
    at fireAnEvent (E:\learn\projects\blog-frontend-vue\node_modules\jsdom\lib\jsdom\living\helpers\events.js:18:36)
    at requestErrorSteps (E:\learn\projects\blog-frontend-vue\node_modules\jsdom\lib\jsdom\living\xhr\xhr-utils.js:131:3)
    at Object.dispatchError (E:\learn\projects\blog-frontend-vue\node_modules\jsdom\lib\jsdom\living\xhr\xhr-utils.js:60:3)
    at EventEmitter.<anonymous> (E:\learn\projects\blog-frontend-vue\node_modules\jsdom\lib\jsdom\living\xhr\XMLHttpRequest-impl.js:655:18)
    at Axios.request (file:///E:/learn/projects/blog-frontend-vue/node_modules/axios/lib/core/Axios.js:45:41)
    at processTicksAndRejections (node:internal/process/task_queues:105:5)
    at HttpClient.post (E:\learn\projects\blog-frontend-vue\src\utils\request.ts:289:22)
    at refreshAccessToken (E:\learn\projects\blog-frontend-vue\src\stores\auth.ts:405:24)
    at Proxy.initAuth (E:\learn\projects\blog-frontend-vue\src\stores\auth.ts:519:13)
    at E:\learn\projects\blog-frontend-vue\src\test\properties\auth.property.test.ts:133:11
    at AsyncProperty.run (file:///E:/learn/projects/blog-frontend-vue/node_modules/fast-check/lib/esm/check/property/AsyncProperty.generic.js:46:28)
    at asyncRunIt (file:///E:/learn/projects/blog-frontend-vue/node_modules/fast-check/lib/esm/check/runner/Runner.js:33:21)
    at E:\learn\projects\blog-frontend-vue\src\test\properties\auth.property.test.ts:114:5
    at runTest (file:///E:/learn/projects/blog-frontend-vue/node_modules/@vitest/runner/dist/index.js:781:11) {
  isAxiosError: true,
  code: 'ERR_NETWORK',
  config: {
    transitional: {
      silentJSONParsing: true,
      forcedJSONParsing: true,
      clarifyTimeoutError: false
    },
    adapter: [ 'xhr', 'http', 'fetch' ],
    transformRequest: [ [Function: transformRequest] ],
    transformResponse: [ [Function: transformResponse] ],
    timeout: 10000,
    xsrfCookieName: 'XSRF-TOKEN',
    xsrfHeaderName: 'X-XSRF-TOKEN',
    maxContentLength: -1,
    maxBodyLength: -1,
    env: { FormData: [Function], Blob: [class Blob] },
    validateStatus: [Function: validateStatus],
    headers: Object [AxiosHeaders] {
      Accept: 'application/json',
      'Content-Type': 'application/json',
      'skip-auth': 'true',
      'X-Request-ID': 'req_1770361858349_mgsz5ujif',
      'X-Timestamp': '1770361858349'
    },
    baseURL: 'http://localhost:8000/api/v1',
    method: 'post',
    url: '/auth/refresh',
    data: `{"refreshToken":"P~[g7y[/]lu4Y':)c~q%JJB$wv2_^~B?)pgk'lhP?QB"}`,
    allowAbsoluteUrls: true
  },
  request: XMLHttpRequest {},
  event: ProgressEvent { isTrusted: [Getter] }
}
Auto refresh token failed: AxiosError: Network Error
    at XMLHttpRequest.handleError (file:///E:/learn/projects/blog-frontend-vue/node_modules/axios/lib/adapters/xhr.js:112:20)
    at XMLHttpRequest.invokeTheCallbackFunction (E:\learn\projects\blog-frontend-vue\node_modules\jsdom\lib\jsdom\living\generated\EventHandlerNonNull.js:14:28)
    at XMLHttpRequest.<anonymous> (E:\learn\projects\blog-frontend-vue\node_modules\jsdom\lib\jsdom\living\helpers\create-event-accessor.js:35:32)
    at innerInvokeEventListeners (E:\learn\projects\blog-frontend-vue\node_modules\jsdom\lib\jsdom\living\events\EventTarget-impl.js:350:25)
    at invokeEventListeners (E:\learn\projects\blog-frontend-vue\node_modules\jsdom\lib\jsdom\living\events\EventTarget-impl.js:286:3)
    at XMLHttpRequestImpl._dispatch (E:\learn\projects\blog-frontend-vue\node_modules\jsdom\lib\jsdom\living\events\EventTarget-impl.js:233:9)
    at fireAnEvent (E:\learn\projects\blog-frontend-vue\node_modules\jsdom\lib\jsdom\living\helpers\events.js:18:36)
    at requestErrorSteps (E:\learn\projects\blog-frontend-vue\node_modules\jsdom\lib\jsdom\living\xhr\xhr-utils.js:131:3)
    at Object.dispatchError (E:\learn\projects\blog-frontend-vue\node_modules\jsdom\lib\jsdom\living\xhr\xhr-utils.js:60:3)
    at EventEmitter.<anonymous> (E:\learn\projects\blog-frontend-vue\node_modules\jsdom\lib\jsdom\living\xhr\XMLHttpRequest-impl.js:655:18)
    at Axios.request (file:///E:/learn/projects/blog-frontend-vue/node_modules/axios/lib/core/Axios.js:45:41)
    at processTicksAndRejections (node:internal/process/task_queues:105:5)
    at HttpClient.post (E:\learn\projects\blog-frontend-vue\src\utils\request.ts:289:22)
    at refreshAccessToken (E:\learn\projects\blog-frontend-vue\src\stores\auth.ts:405:24)
    at Proxy.initAuth (E:\learn\projects\blog-frontend-vue\src\stores\auth.ts:519:13)
    at E:\learn\projects\blog-frontend-vue\src\test\properties\auth.property.test.ts:133:11
    at AsyncProperty.run (file:///E:/learn/projects/blog-frontend-vue/node_modules/fast-check/lib/esm/check/property/AsyncProperty.generic.js:46:28)
    at asyncRunIt (file:///E:/learn/projects/blog-frontend-vue/node_modules/fast-check/lib/esm/check/runner/Runner.js:33:21)
    at E:\learn\projects\blog-frontend-vue\src\test\properties\auth.property.test.ts:114:5
    at runTest (file:///E:/learn/projects/blog-frontend-vue/node_modules/@vitest/runner/dist/index.js:781:11) {
  isAxiosError: true,
  code: 'ERR_NETWORK',
  config: {
    transitional: {
      silentJSONParsing: true,
      forcedJSONParsing: true,
      clarifyTimeoutError: false
    },
    adapter: [ 'xhr', 'http', 'fetch' ],
    transformRequest: [ [Function: transformRequest] ],
    transformResponse: [ [Function: transformResponse] ],
    timeout: 10000,
    xsrfCookieName: 'XSRF-TOKEN',
    xsrfHeaderName: 'X-XSRF-TOKEN',
    maxContentLength: -1,
    maxBodyLength: -1,
    env: { FormData: [Function], Blob: [class Blob] },
    validateStatus: [Function: validateStatus],
    headers: Object [AxiosHeaders] {
      Accept: 'application/json',
      'Content-Type': 'application/json',
      'skip-auth': 'true',
      'X-Request-ID': 'req_1770361858349_mgsz5ujif',
      'X-Timestamp': '1770361858349'
    },
    baseURL: 'http://localhost:8000/api/v1',
    method: 'post',
    url: '/auth/refresh',
    data: `{"refreshToken":"P~[g7y[/]lu4Y':)c~q%JJB$wv2_^~B?)pgk'lhP?QB"}`,
    allowAbsoluteUrls: true
  },
  request: XMLHttpRequest {},
  event: ProgressEvent { isTrusted: [Getter] }
}

[90mstdout[2m | src/test/properties/auth.property.test.ts[2m > [22m[2m璁よ瘉灞炴€ф祴璇?[2m > [22m[2mProperty 1.1: Token Expiration Consistency[22m[39m
[HTTP Request] POST /auth/refresh {
  headers: Object [AxiosHeaders] {
    Accept: [32m'application/json'[39m,
    [32m'Content-Type'[39m: [32m'application/json'[39m,
    [32m'skip-auth'[39m: [32m'true'[39m,
    [32m'X-Request-ID'[39m: [32m'req_1770361858364_6cq5c1les'[39m,
    [32m'X-Timestamp'[39m: [32m'1770361858364'[39m
  },
  data: { refreshToken: [32m'c.9V_(kAgg_TkJYQO4hFm^,2!2~Z>lr/)zh:8r3}pWr00m'[39m },
  params: [90mundefined[39m
}

stderr | src/test/properties/auth.property.test.ts > 璁よ瘉灞炴€ф祴璇?[2m > Property 1.1: Token Expiration Consistency
Error: AggregateError
    at Object.dispatchError (E:\learn\projects\blog-frontend-vue\node_modules\jsdom\lib\jsdom\living\xhr\xhr-utils.js:63:19)
    at EventEmitter.<anonymous> (E:\learn\projects\blog-frontend-vue\node_modules\jsdom\lib\jsdom\living\xhr\XMLHttpRequest-impl.js:655:18)
    at EventEmitter.emit (node:events:520:35)
    at Request.<anonymous> (E:\learn\projects\blog-frontend-vue\node_modules\jsdom\lib\jsdom\living\xhr\xhr-utils.js:404:14)
    at Request.emit (node:events:508:28)
    at ClientRequest.<anonymous> (E:\learn\projects\blog-frontend-vue\node_modules\jsdom\lib\jsdom\living\helpers\http-request.js:127:14)
    at ClientRequest.emit (node:events:508:28)
    at emitErrorEvent (node:_http_client:107:11)
    at Socket.socketErrorListener (node:_http_client:574:5)
    at Socket.emit (node:events:508:28) undefined
[HTTP Response Error] {
  url: '/auth/refresh',
  status: undefined,
  data: undefined,
  message: 'Network Error'
}
Token refresh failed: AxiosError: Network Error
    at XMLHttpRequest.handleError (file:///E:/learn/projects/blog-frontend-vue/node_modules/axios/lib/adapters/xhr.js:112:20)
    at XMLHttpRequest.invokeTheCallbackFunction (E:\learn\projects\blog-frontend-vue\node_modules\jsdom\lib\jsdom\living\generated\EventHandlerNonNull.js:14:28)
    at XMLHttpRequest.<anonymous> (E:\learn\projects\blog-frontend-vue\node_modules\jsdom\lib\jsdom\living\helpers\create-event-accessor.js:35:32)
    at innerInvokeEventListeners (E:\learn\projects\blog-frontend-vue\node_modules\jsdom\lib\jsdom\living\events\EventTarget-impl.js:350:25)
    at invokeEventListeners (E:\learn\projects\blog-frontend-vue\node_modules\jsdom\lib\jsdom\living\events\EventTarget-impl.js:286:3)
    at XMLHttpRequestImpl._dispatch (E:\learn\projects\blog-frontend-vue\node_modules\jsdom\lib\jsdom\living\events\EventTarget-impl.js:233:9)
    at fireAnEvent (E:\learn\projects\blog-frontend-vue\node_modules\jsdom\lib\jsdom\living\helpers\events.js:18:36)
    at requestErrorSteps (E:\learn\projects\blog-frontend-vue\node_modules\jsdom\lib\jsdom\living\xhr\xhr-utils.js:131:3)
    at Object.dispatchError (E:\learn\projects\blog-frontend-vue\node_modules\jsdom\lib\jsdom\living\xhr\xhr-utils.js:60:3)
    at EventEmitter.<anonymous> (E:\learn\projects\blog-frontend-vue\node_modules\jsdom\lib\jsdom\living\xhr\XMLHttpRequest-impl.js:655:18)
    at Axios.request (file:///E:/learn/projects/blog-frontend-vue/node_modules/axios/lib/core/Axios.js:45:41)
    at processTicksAndRejections (node:internal/process/task_queues:105:5)
    at HttpClient.post (E:\learn\projects\blog-frontend-vue\src\utils\request.ts:289:22)
    at refreshAccessToken (E:\learn\projects\blog-frontend-vue\src\stores\auth.ts:405:24)
    at Proxy.initAuth (E:\learn\projects\blog-frontend-vue\src\stores\auth.ts:519:13)
    at E:\learn\projects\blog-frontend-vue\src\test\properties\auth.property.test.ts:133:11
    at AsyncProperty.run (file:///E:/learn/projects/blog-frontend-vue/node_modules/fast-check/lib/esm/check/property/AsyncProperty.generic.js:46:28)
    at asyncRunIt (file:///E:/learn/projects/blog-frontend-vue/node_modules/fast-check/lib/esm/check/runner/Runner.js:33:21)
    at E:\learn\projects\blog-frontend-vue\src\test\properties\auth.property.test.ts:114:5
    at runTest (file:///E:/learn/projects/blog-frontend-vue/node_modules/@vitest/runner/dist/index.js:781:11) {
  isAxiosError: true,
  code: 'ERR_NETWORK',
  config: {
    transitional: {
      silentJSONParsing: true,
      forcedJSONParsing: true,
      clarifyTimeoutError: false
    },
    adapter: [ 'xhr', 'http', 'fetch' ],
    transformRequest: [ [Function: transformRequest] ],
    transformResponse: [ [Function: transformResponse] ],
    timeout: 10000,
    xsrfCookieName: 'XSRF-TOKEN',
    xsrfHeaderName: 'X-XSRF-TOKEN',
    maxContentLength: -1,
    maxBodyLength: -1,
    env: { FormData: [Function], Blob: [class Blob] },
    validateStatus: [Function: validateStatus],
    headers: Object [AxiosHeaders] {
      Accept: 'application/json',
      'Content-Type': 'application/json',
      'skip-auth': 'true',
      'X-Request-ID': 'req_1770361858364_6cq5c1les',
      'X-Timestamp': '1770361858364'
    },
    baseURL: 'http://localhost:8000/api/v1',
    method: 'post',
    url: '/auth/refresh',
    data: '{"refreshToken":"c.9V_(kAgg_TkJYQO4hFm^,2!2~Z>lr/)zh:8r3}pWr00m"}',
    allowAbsoluteUrls: true
  },
  request: XMLHttpRequest {},
  event: ProgressEvent { isTrusted: [Getter] }
}
Auto refresh token failed: AxiosError: Network Error
    at XMLHttpRequest.handleError (file:///E:/learn/projects/blog-frontend-vue/node_modules/axios/lib/adapters/xhr.js:112:20)
    at XMLHttpRequest.invokeTheCallbackFunction (E:\learn\projects\blog-frontend-vue\node_modules\jsdom\lib\jsdom\living\generated\EventHandlerNonNull.js:14:28)
    at XMLHttpRequest.<anonymous> (E:\learn\projects\blog-frontend-vue\node_modules\jsdom\lib\jsdom\living\helpers\create-event-accessor.js:35:32)
    at innerInvokeEventListeners (E:\learn\projects\blog-frontend-vue\node_modules\jsdom\lib\jsdom\living\events\EventTarget-impl.js:350:25)
    at invokeEventListeners (E:\learn\projects\blog-frontend-vue\node_modules\jsdom\lib\jsdom\living\events\EventTarget-impl.js:286:3)
    at XMLHttpRequestImpl._dispatch (E:\learn\projects\blog-frontend-vue\node_modules\jsdom\lib\jsdom\living\events\EventTarget-impl.js:233:9)
    at fireAnEvent (E:\learn\projects\blog-frontend-vue\node_modules\jsdom\lib\jsdom\living\helpers\events.js:18:36)
    at requestErrorSteps (E:\learn\projects\blog-frontend-vue\node_modules\jsdom\lib\jsdom\living\xhr\xhr-utils.js:131:3)
    at Object.dispatchError (E:\learn\projects\blog-frontend-vue\node_modules\jsdom\lib\jsdom\living\xhr\xhr-utils.js:60:3)
    at EventEmitter.<anonymous> (E:\learn\projects\blog-frontend-vue\node_modules\jsdom\lib\jsdom\living\xhr\XMLHttpRequest-impl.js:655:18)
    at Axios.request (file:///E:/learn/projects/blog-frontend-vue/node_modules/axios/lib/core/Axios.js:45:41)
    at processTicksAndRejections (node:internal/process/task_queues:105:5)
    at HttpClient.post (E:\learn\projects\blog-frontend-vue\src\utils\request.ts:289:22)
    at refreshAccessToken (E:\learn\projects\blog-frontend-vue\src\stores\auth.ts:405:24)
    at Proxy.initAuth (E:\learn\projects\blog-frontend-vue\src\stores\auth.ts:519:13)
    at E:\learn\projects\blog-frontend-vue\src\test\properties\auth.property.test.ts:133:11
    at AsyncProperty.run (file:///E:/learn/projects/blog-frontend-vue/node_modules/fast-check/lib/esm/check/property/AsyncProperty.generic.js:46:28)
    at asyncRunIt (file:///E:/learn/projects/blog-frontend-vue/node_modules/fast-check/lib/esm/check/runner/Runner.js:33:21)
    at E:\learn\projects\blog-frontend-vue\src\test\properties\auth.property.test.ts:114:5
    at runTest (file:///E:/learn/projects/blog-frontend-vue/node_modules/@vitest/runner/dist/index.js:781:11) {
  isAxiosError: true,
  code: 'ERR_NETWORK',
  config: {
    transitional: {
      silentJSONParsing: true,
      forcedJSONParsing: true,
      clarifyTimeoutError: false
    },
    adapter: [ 'xhr', 'http', 'fetch' ],
    transformRequest: [ [Function: transformRequest] ],
    transformResponse: [ [Function: transformResponse] ],
    timeout: 10000,
    xsrfCookieName: 'XSRF-TOKEN',
    xsrfHeaderName: 'X-XSRF-TOKEN',
    maxContentLength: -1,
    maxBodyLength: -1,
    env: { FormData: [Function], Blob: [class Blob] },
    validateStatus: [Function: validateStatus],
    headers: Object [AxiosHeaders] {
      Accept: 'application/json',
      'Content-Type': 'application/json',
      'skip-auth': 'true',
      'X-Request-ID': 'req_1770361858364_6cq5c1les',
      'X-Timestamp': '1770361858364'
    },
    baseURL: 'http://localhost:8000/api/v1',
    method: 'post',
    url: '/auth/refresh',
    data: '{"refreshToken":"c.9V_(kAgg_TkJYQO4hFm^,2!2~Z>lr/)zh:8r3}pWr00m"}',
    allowAbsoluteUrls: true
  },
  request: XMLHttpRequest {},
  event: ProgressEvent { isTrusted: [Getter] }
}

[90mstdout[2m | src/test/properties/auth.property.test.ts[2m > [22m[2m璁よ瘉灞炴€ф祴璇?[2m > [22m[2mProperty 1.1: Token Expiration Consistency[22m[39m
[HTTP Request] POST /auth/refresh {
  headers: Object [AxiosHeaders] {
    Accept: [32m'application/json'[39m,
    [32m'Content-Type'[39m: [32m'application/json'[39m,
    [32m'skip-auth'[39m: [32m'true'[39m,
    [32m'X-Request-ID'[39m: [32m'req_1770361858384_pxpsg4os8'[39m,
    [32m'X-Timestamp'[39m: [32m'1770361858384'[39m
  },
  data: { refreshToken: [32m'=^wyzpropertyIsEnumerabl'[39m },
  params: [90mundefined[39m
}

stderr | src/test/properties/auth.property.test.ts > 璁よ瘉灞炴€ф祴璇?[2m > Property 1.1: Token Expiration Consistency
Error: AggregateError
    at Object.dispatchError (E:\learn\projects\blog-frontend-vue\node_modules\jsdom\lib\jsdom\living\xhr\xhr-utils.js:63:19)
    at EventEmitter.<anonymous> (E:\learn\projects\blog-frontend-vue\node_modules\jsdom\lib\jsdom\living\xhr\XMLHttpRequest-impl.js:655:18)
    at EventEmitter.emit (node:events:520:35)
    at Request.<anonymous> (E:\learn\projects\blog-frontend-vue\node_modules\jsdom\lib\jsdom\living\xhr\xhr-utils.js:404:14)
    at Request.emit (node:events:508:28)
    at ClientRequest.<anonymous> (E:\learn\projects\blog-frontend-vue\node_modules\jsdom\lib\jsdom\living\helpers\http-request.js:127:14)
    at ClientRequest.emit (node:events:508:28)
    at emitErrorEvent (node:_http_client:107:11)
    at Socket.socketErrorListener (node:_http_client:574:5)
    at Socket.emit (node:events:508:28) undefined
[HTTP Response Error] {
  url: '/auth/refresh',
  status: undefined,
  data: undefined,
  message: 'Network Error'
}
Token refresh failed: AxiosError: Network Error
    at XMLHttpRequest.handleError (file:///E:/learn/projects/blog-frontend-vue/node_modules/axios/lib/adapters/xhr.js:112:20)
    at XMLHttpRequest.invokeTheCallbackFunction (E:\learn\projects\blog-frontend-vue\node_modules\jsdom\lib\jsdom\living\generated\EventHandlerNonNull.js:14:28)
    at XMLHttpRequest.<anonymous> (E:\learn\projects\blog-frontend-vue\node_modules\jsdom\lib\jsdom\living\helpers\create-event-accessor.js:35:32)
    at innerInvokeEventListeners (E:\learn\projects\blog-frontend-vue\node_modules\jsdom\lib\jsdom\living\events\EventTarget-impl.js:350:25)
    at invokeEventListeners (E:\learn\projects\blog-frontend-vue\node_modules\jsdom\lib\jsdom\living\events\EventTarget-impl.js:286:3)
    at XMLHttpRequestImpl._dispatch (E:\learn\projects\blog-frontend-vue\node_modules\jsdom\lib\jsdom\living\events\EventTarget-impl.js:233:9)
    at fireAnEvent (E:\learn\projects\blog-frontend-vue\node_modules\jsdom\lib\jsdom\living\helpers\events.js:18:36)
    at requestErrorSteps (E:\learn\projects\blog-frontend-vue\node_modules\jsdom\lib\jsdom\living\xhr\xhr-utils.js:131:3)
    at Object.dispatchError (E:\learn\projects\blog-frontend-vue\node_modules\jsdom\lib\jsdom\living\xhr\xhr-utils.js:60:3)
    at EventEmitter.<anonymous> (E:\learn\projects\blog-frontend-vue\node_modules\jsdom\lib\jsdom\living\xhr\XMLHttpRequest-impl.js:655:18)
    at Axios.request (file:///E:/learn/projects/blog-frontend-vue/node_modules/axios/lib/core/Axios.js:45:41)
    at processTicksAndRejections (node:internal/process/task_queues:105:5)
    at HttpClient.post (E:\learn\projects\blog-frontend-vue\src\utils\request.ts:289:22)
    at refreshAccessToken (E:\learn\projects\blog-frontend-vue\src\stores\auth.ts:405:24)
    at Proxy.initAuth (E:\learn\projects\blog-frontend-vue\src\stores\auth.ts:519:13)
    at E:\learn\projects\blog-frontend-vue\src\test\properties\auth.property.test.ts:133:11
    at AsyncProperty.run (file:///E:/learn/projects/blog-frontend-vue/node_modules/fast-check/lib/esm/check/property/AsyncProperty.generic.js:46:28)
    at asyncRunIt (file:///E:/learn/projects/blog-frontend-vue/node_modules/fast-check/lib/esm/check/runner/Runner.js:33:21)
    at E:\learn\projects\blog-frontend-vue\src\test\properties\auth.property.test.ts:114:5
    at runTest (file:///E:/learn/projects/blog-frontend-vue/node_modules/@vitest/runner/dist/index.js:781:11) {
  isAxiosError: true,
  code: 'ERR_NETWORK',
  config: {
    transitional: {
      silentJSONParsing: true,
      forcedJSONParsing: true,
      clarifyTimeoutError: false
    },
    adapter: [ 'xhr', 'http', 'fetch' ],
    transformRequest: [ [Function: transformRequest] ],
    transformResponse: [ [Function: transformResponse] ],
    timeout: 10000,
    xsrfCookieName: 'XSRF-TOKEN',
    xsrfHeaderName: 'X-XSRF-TOKEN',
    maxContentLength: -1,
    maxBodyLength: -1,
    env: { FormData: [Function], Blob: [class Blob] },
    validateStatus: [Function: validateStatus],
    headers: Object [AxiosHeaders] {
      Accept: 'application/json',
      'Content-Type': 'application/json',
      'skip-auth': 'true',
      'X-Request-ID': 'req_1770361858384_pxpsg4os8',
      'X-Timestamp': '1770361858384'
    },
    baseURL: 'http://localhost:8000/api/v1',
    method: 'post',
    url: '/auth/refresh',
    data: '{"refreshToken":"=^wyzpropertyIsEnumerabl"}',
    allowAbsoluteUrls: true
  },
  request: XMLHttpRequest {},
  event: ProgressEvent { isTrusted: [Getter] }
}
Auto refresh token failed: AxiosError: Network Error
    at XMLHttpRequest.handleError (file:///E:/learn/projects/blog-frontend-vue/node_modules/axios/lib/adapters/xhr.js:112:20)
    at XMLHttpRequest.invokeTheCallbackFunction (E:\learn\projects\blog-frontend-vue\node_modules\jsdom\lib\jsdom\living\generated\EventHandlerNonNull.js:14:28)
    at XMLHttpRequest.<anonymous> (E:\learn\projects\blog-frontend-vue\node_modules\jsdom\lib\jsdom\living\helpers\create-event-accessor.js:35:32)
    at innerInvokeEventListeners (E:\learn\projects\blog-frontend-vue\node_modules\jsdom\lib\jsdom\living\events\EventTarget-impl.js:350:25)
    at invokeEventListeners (E:\learn\projects\blog-frontend-vue\node_modules\jsdom\lib\jsdom\living\events\EventTarget-impl.js:286:3)
    at XMLHttpRequestImpl._dispatch (E:\learn\projects\blog-frontend-vue\node_modules\jsdom\lib\jsdom\living\events\EventTarget-impl.js:233:9)
    at fireAnEvent (E:\learn\projects\blog-frontend-vue\node_modules\jsdom\lib\jsdom\living\helpers\events.js:18:36)
    at requestErrorSteps (E:\learn\projects\blog-frontend-vue\node_modules\jsdom\lib\jsdom\living\xhr\xhr-utils.js:131:3)
    at Object.dispatchError (E:\learn\projects\blog-frontend-vue\node_modules\jsdom\lib\jsdom\living\xhr\xhr-utils.js:60:3)
    at EventEmitter.<anonymous> (E:\learn\projects\blog-frontend-vue\node_modules\jsdom\lib\jsdom\living\xhr\XMLHttpRequest-impl.js:655:18)
    at Axios.request (file:///E:/learn/projects/blog-frontend-vue/node_modules/axios/lib/core/Axios.js:45:41)
    at processTicksAndRejections (node:internal/process/task_queues:105:5)
    at HttpClient.post (E:\learn\projects\blog-frontend-vue\src\utils\request.ts:289:22)
    at refreshAccessToken (E:\learn\projects\blog-frontend-vue\src\stores\auth.ts:405:24)
    at Proxy.initAuth (E:\learn\projects\blog-frontend-vue\src\stores\auth.ts:519:13)
    at E:\learn\projects\blog-frontend-vue\src\test\properties\auth.property.test.ts:133:11
    at AsyncProperty.run (file:///E:/learn/projects/blog-frontend-vue/node_modules/fast-check/lib/esm/check/property/AsyncProperty.generic.js:46:28)
    at asyncRunIt (file:///E:/learn/projects/blog-frontend-vue/node_modules/fast-check/lib/esm/check/runner/Runner.js:33:21)
    at E:\learn\projects\blog-frontend-vue\src\test\properties\auth.property.test.ts:114:5
    at runTest (file:///E:/learn/projects/blog-frontend-vue/node_modules/@vitest/runner/dist/index.js:781:11) {
  isAxiosError: true,
  code: 'ERR_NETWORK',
  config: {
    transitional: {
      silentJSONParsing: true,
      forcedJSONParsing: true,
      clarifyTimeoutError: false
    },
    adapter: [ 'xhr', 'http', 'fetch' ],
    transformRequest: [ [Function: transformRequest] ],
    transformResponse: [ [Function: transformResponse] ],
    timeout: 10000,
    xsrfCookieName: 'XSRF-TOKEN',
    xsrfHeaderName: 'X-XSRF-TOKEN',
    maxContentLength: -1,
    maxBodyLength: -1,
    env: { FormData: [Function], Blob: [class Blob] },
    validateStatus: [Function: validateStatus],
    headers: Object [AxiosHeaders] {
      Accept: 'application/json',
      'Content-Type': 'application/json',
      'skip-auth': 'true',
      'X-Request-ID': 'req_1770361858384_pxpsg4os8',
      'X-Timestamp': '1770361858384'
    },
    baseURL: 'http://localhost:8000/api/v1',
    method: 'post',
    url: '/auth/refresh',
    data: '{"refreshToken":"=^wyzpropertyIsEnumerabl"}',
    allowAbsoluteUrls: true
  },
  request: XMLHttpRequest {},
  event: ProgressEvent { isTrusted: [Getter] }
}

[90mstdout[2m | src/test/properties/auth.property.test.ts[2m > [22m[2m璁よ瘉灞炴€ф祴璇?[2m > [22m[2mProperty 1.1: Token Expiration Consistency[22m[39m
[HTTP Request] POST /auth/refresh {
  headers: Object [AxiosHeaders] {
    Accept: [32m'application/json'[39m,
    [32m'Content-Type'[39m: [32m'application/json'[39m,
    [32m'skip-auth'[39m: [32m'true'[39m,
    [32m'X-Request-ID'[39m: [32m'req_1770361858408_12io7v7h1'[39m,
    [32m'X-Timestamp'[39m: [32m'1770361858408'[39m
  },
  data: { refreshToken: [32m'B({w2LZ3e!#4o\\U]L0KKvsBg8qS)g['[39m },
  params: [90mundefined[39m
}

stderr | src/test/properties/auth.property.test.ts > 璁よ瘉灞炴€ф祴璇?[2m > Property 1.1: Token Expiration Consistency
Error: AggregateError
    at Object.dispatchError (E:\learn\projects\blog-frontend-vue\node_modules\jsdom\lib\jsdom\living\xhr\xhr-utils.js:63:19)
    at EventEmitter.<anonymous> (E:\learn\projects\blog-frontend-vue\node_modules\jsdom\lib\jsdom\living\xhr\XMLHttpRequest-impl.js:655:18)
    at EventEmitter.emit (node:events:520:35)
    at Request.<anonymous> (E:\learn\projects\blog-frontend-vue\node_modules\jsdom\lib\jsdom\living\xhr\xhr-utils.js:404:14)
    at Request.emit (node:events:508:28)
    at ClientRequest.<anonymous> (E:\learn\projects\blog-frontend-vue\node_modules\jsdom\lib\jsdom\living\helpers\http-request.js:127:14)
    at ClientRequest.emit (node:events:508:28)
    at emitErrorEvent (node:_http_client:107:11)
    at Socket.socketErrorListener (node:_http_client:574:5)
    at Socket.emit (node:events:508:28) undefined
[HTTP Response Error] {
  url: '/auth/refresh',
  status: undefined,
  data: undefined,
  message: 'Network Error'
}
Token refresh failed: AxiosError: Network Error
    at XMLHttpRequest.handleError (file:///E:/learn/projects/blog-frontend-vue/node_modules/axios/lib/adapters/xhr.js:112:20)
    at XMLHttpRequest.invokeTheCallbackFunction (E:\learn\projects\blog-frontend-vue\node_modules\jsdom\lib\jsdom\living\generated\EventHandlerNonNull.js:14:28)
    at XMLHttpRequest.<anonymous> (E:\learn\projects\blog-frontend-vue\node_modules\jsdom\lib\jsdom\living\helpers\create-event-accessor.js:35:32)
    at innerInvokeEventListeners (E:\learn\projects\blog-frontend-vue\node_modules\jsdom\lib\jsdom\living\events\EventTarget-impl.js:350:25)
    at invokeEventListeners (E:\learn\projects\blog-frontend-vue\node_modules\jsdom\lib\jsdom\living\events\EventTarget-impl.js:286:3)
    at XMLHttpRequestImpl._dispatch (E:\learn\projects\blog-frontend-vue\node_modules\jsdom\lib\jsdom\living\events\EventTarget-impl.js:233:9)
    at fireAnEvent (E:\learn\projects\blog-frontend-vue\node_modules\jsdom\lib\jsdom\living\helpers\events.js:18:36)
    at requestErrorSteps (E:\learn\projects\blog-frontend-vue\node_modules\jsdom\lib\jsdom\living\xhr\xhr-utils.js:131:3)
    at Object.dispatchError (E:\learn\projects\blog-frontend-vue\node_modules\jsdom\lib\jsdom\living\xhr\xhr-utils.js:60:3)
    at EventEmitter.<anonymous> (E:\learn\projects\blog-frontend-vue\node_modules\jsdom\lib\jsdom\living\xhr\XMLHttpRequest-impl.js:655:18)
    at Axios.request (file:///E:/learn/projects/blog-frontend-vue/node_modules/axios/lib/core/Axios.js:45:41)
    at processTicksAndRejections (node:internal/process/task_queues:105:5)
    at HttpClient.post (E:\learn\projects\blog-frontend-vue\src\utils\request.ts:289:22)
    at refreshAccessToken (E:\learn\projects\blog-frontend-vue\src\stores\auth.ts:405:24)
    at Proxy.initAuth (E:\learn\projects\blog-frontend-vue\src\stores\auth.ts:519:13)
    at E:\learn\projects\blog-frontend-vue\src\test\properties\auth.property.test.ts:133:11
    at AsyncProperty.run (file:///E:/learn/projects/blog-frontend-vue/node_modules/fast-check/lib/esm/check/property/AsyncProperty.generic.js:46:28)
    at asyncRunIt (file:///E:/learn/projects/blog-frontend-vue/node_modules/fast-check/lib/esm/check/runner/Runner.js:33:21)
    at E:\learn\projects\blog-frontend-vue\src\test\properties\auth.property.test.ts:114:5
    at runTest (file:///E:/learn/projects/blog-frontend-vue/node_modules/@vitest/runner/dist/index.js:781:11) {
  isAxiosError: true,
  code: 'ERR_NETWORK',
  config: {
    transitional: {
      silentJSONParsing: true,
      forcedJSONParsing: true,
      clarifyTimeoutError: false
    },
    adapter: [ 'xhr', 'http', 'fetch' ],
    transformRequest: [ [Function: transformRequest] ],
    transformResponse: [ [Function: transformResponse] ],
    timeout: 10000,
    xsrfCookieName: 'XSRF-TOKEN',
    xsrfHeaderName: 'X-XSRF-TOKEN',
    maxContentLength: -1,
    maxBodyLength: -1,
    env: { FormData: [Function], Blob: [class Blob] },
    validateStatus: [Function: validateStatus],
    headers: Object [AxiosHeaders] {
      Accept: 'application/json',
      'Content-Type': 'application/json',
      'skip-auth': 'true',
      'X-Request-ID': 'req_1770361858408_12io7v7h1',
      'X-Timestamp': '1770361858408'
    },
    baseURL: 'http://localhost:8000/api/v1',
    method: 'post',
    url: '/auth/refresh',
    data: '{"refreshToken":"B({w2LZ3e!#4o\\\\U]L0KKvsBg8qS)g["}',
    allowAbsoluteUrls: true
  },
  request: XMLHttpRequest {},
  event: ProgressEvent { isTrusted: [Getter] }
}
Auto refresh token failed: AxiosError: Network Error
    at XMLHttpRequest.handleError (file:///E:/learn/projects/blog-frontend-vue/node_modules/axios/lib/adapters/xhr.js:112:20)
    at XMLHttpRequest.invokeTheCallbackFunction (E:\learn\projects\blog-frontend-vue\node_modules\jsdom\lib\jsdom\living\generated\EventHandlerNonNull.js:14:28)
    at XMLHttpRequest.<anonymous> (E:\learn\projects\blog-frontend-vue\node_modules\jsdom\lib\jsdom\living\helpers\create-event-accessor.js:35:32)
    at innerInvokeEventListeners (E:\learn\projects\blog-frontend-vue\node_modules\jsdom\lib\jsdom\living\events\EventTarget-impl.js:350:25)
    at invokeEventListeners (E:\learn\projects\blog-frontend-vue\node_modules\jsdom\lib\jsdom\living\events\EventTarget-impl.js:286:3)
    at XMLHttpRequestImpl._dispatch (E:\learn\projects\blog-frontend-vue\node_modules\jsdom\lib\jsdom\living\events\EventTarget-impl.js:233:9)
    at fireAnEvent (E:\learn\projects\blog-frontend-vue\node_modules\jsdom\lib\jsdom\living\helpers\events.js:18:36)
    at requestErrorSteps (E:\learn\projects\blog-frontend-vue\node_modules\jsdom\lib\jsdom\living\xhr\xhr-utils.js:131:3)
    at Object.dispatchError (E:\learn\projects\blog-frontend-vue\node_modules\jsdom\lib\jsdom\living\xhr\xhr-utils.js:60:3)
    at EventEmitter.<anonymous> (E:\learn\projects\blog-frontend-vue\node_modules\jsdom\lib\jsdom\living\xhr\XMLHttpRequest-impl.js:655:18)
    at Axios.request (file:///E:/learn/projects/blog-frontend-vue/node_modules/axios/lib/core/Axios.js:45:41)
    at processTicksAndRejections (node:internal/process/task_queues:105:5)
    at HttpClient.post (E:\learn\projects\blog-frontend-vue\src\utils\request.ts:289:22)
    at refreshAccessToken (E:\learn\projects\blog-frontend-vue\src\stores\auth.ts:405:24)
    at Proxy.initAuth (E:\learn\projects\blog-frontend-vue\src\stores\auth.ts:519:13)
    at E:\learn\projects\blog-frontend-vue\src\test\properties\auth.property.test.ts:133:11
    at AsyncProperty.run (file:///E:/learn/projects/blog-frontend-vue/node_modules/fast-check/lib/esm/check/property/AsyncProperty.generic.js:46:28)
    at asyncRunIt (file:///E:/learn/projects/blog-frontend-vue/node_modules/fast-check/lib/esm/check/runner/Runner.js:33:21)
    at E:\learn\projects\blog-frontend-vue\src\test\properties\auth.property.test.ts:114:5
    at runTest (file:///E:/learn/projects/blog-frontend-vue/node_modules/@vitest/runner/dist/index.js:781:11) {
  isAxiosError: true,
  code: 'ERR_NETWORK',
  config: {
    transitional: {
      silentJSONParsing: true,
      forcedJSONParsing: true,
      clarifyTimeoutError: false
    },
    adapter: [ 'xhr', 'http', 'fetch' ],
    transformRequest: [ [Function: transformRequest] ],
    transformResponse: [ [Function: transformResponse] ],
    timeout: 10000,
    xsrfCookieName: 'XSRF-TOKEN',
    xsrfHeaderName: 'X-XSRF-TOKEN',
    maxContentLength: -1,
    maxBodyLength: -1,
    env: { FormData: [Function], Blob: [class Blob] },
    validateStatus: [Function: validateStatus],
    headers: Object [AxiosHeaders] {
      Accept: 'application/json',
      'Content-Type': 'application/json',
      'skip-auth': 'true',
      'X-Request-ID': 'req_1770361858408_12io7v7h1',
      'X-Timestamp': '1770361858408'
    },
    baseURL: 'http://localhost:8000/api/v1',
    method: 'post',
    url: '/auth/refresh',
    data: '{"refreshToken":"B({w2LZ3e!#4o\\\\U]L0KKvsBg8qS)g["}',
    allowAbsoluteUrls: true
  },
  request: XMLHttpRequest {},
  event: ProgressEvent { isTrusted: [Getter] }
}

[90mstdout[2m | src/test/properties/auth.property.test.ts[2m > [22m[2m璁よ瘉灞炴€ф祴璇?[2m > [22m[2mProperty 1.1: Token Expiration Consistency[22m[39m
[HTTP Request] POST /auth/refresh {
  headers: Object [AxiosHeaders] {
    Accept: [32m'application/json'[39m,
    [32m'Content-Type'[39m: [32m'application/json'[39m,
    [32m'skip-auth'[39m: [32m'true'[39m,
    [32m'X-Request-ID'[39m: [32m'req_1770361858417_cnuii6gtr'[39m,
    [32m'X-Timestamp'[39m: [32m'1770361858417'[39m
  },
  data: { refreshToken: [32m'Le3`g)</_,A/zS!,U l]iA2[8I!"ic[w'[39m },
  params: [90mundefined[39m
}

stderr | src/test/properties/auth.property.test.ts > 璁よ瘉灞炴€ф祴璇?[2m > Property 1.1: Token Expiration Consistency
Error: AggregateError
    at Object.dispatchError (E:\learn\projects\blog-frontend-vue\node_modules\jsdom\lib\jsdom\living\xhr\xhr-utils.js:63:19)
    at EventEmitter.<anonymous> (E:\learn\projects\blog-frontend-vue\node_modules\jsdom\lib\jsdom\living\xhr\XMLHttpRequest-impl.js:655:18)
    at EventEmitter.emit (node:events:520:35)
    at Request.<anonymous> (E:\learn\projects\blog-frontend-vue\node_modules\jsdom\lib\jsdom\living\xhr\xhr-utils.js:404:14)
    at Request.emit (node:events:508:28)
    at ClientRequest.<anonymous> (E:\learn\projects\blog-frontend-vue\node_modules\jsdom\lib\jsdom\living\helpers\http-request.js:127:14)
    at ClientRequest.emit (node:events:508:28)
    at emitErrorEvent (node:_http_client:107:11)
    at Socket.socketErrorListener (node:_http_client:574:5)
    at Socket.emit (node:events:508:28) undefined
[HTTP Response Error] {
  url: '/auth/refresh',
  status: undefined,
  data: undefined,
  message: 'Network Error'
}
Token refresh failed: AxiosError: Network Error
    at XMLHttpRequest.handleError (file:///E:/learn/projects/blog-frontend-vue/node_modules/axios/lib/adapters/xhr.js:112:20)
    at XMLHttpRequest.invokeTheCallbackFunction (E:\learn\projects\blog-frontend-vue\node_modules\jsdom\lib\jsdom\living\generated\EventHandlerNonNull.js:14:28)
    at XMLHttpRequest.<anonymous> (E:\learn\projects\blog-frontend-vue\node_modules\jsdom\lib\jsdom\living\helpers\create-event-accessor.js:35:32)
    at innerInvokeEventListeners (E:\learn\projects\blog-frontend-vue\node_modules\jsdom\lib\jsdom\living\events\EventTarget-impl.js:350:25)
    at invokeEventListeners (E:\learn\projects\blog-frontend-vue\node_modules\jsdom\lib\jsdom\living\events\EventTarget-impl.js:286:3)
    at XMLHttpRequestImpl._dispatch (E:\learn\projects\blog-frontend-vue\node_modules\jsdom\lib\jsdom\living\events\EventTarget-impl.js:233:9)
    at fireAnEvent (E:\learn\projects\blog-frontend-vue\node_modules\jsdom\lib\jsdom\living\helpers\events.js:18:36)
    at requestErrorSteps (E:\learn\projects\blog-frontend-vue\node_modules\jsdom\lib\jsdom\living\xhr\xhr-utils.js:131:3)
    at Object.dispatchError (E:\learn\projects\blog-frontend-vue\node_modules\jsdom\lib\jsdom\living\xhr\xhr-utils.js:60:3)
    at EventEmitter.<anonymous> (E:\learn\projects\blog-frontend-vue\node_modules\jsdom\lib\jsdom\living\xhr\XMLHttpRequest-impl.js:655:18)
    at Axios.request (file:///E:/learn/projects/blog-frontend-vue/node_modules/axios/lib/core/Axios.js:45:41)
    at processTicksAndRejections (node:internal/process/task_queues:105:5)
    at HttpClient.post (E:\learn\projects\blog-frontend-vue\src\utils\request.ts:289:22)
    at refreshAccessToken (E:\learn\projects\blog-frontend-vue\src\stores\auth.ts:405:24)
    at Proxy.initAuth (E:\learn\projects\blog-frontend-vue\src\stores\auth.ts:519:13)
    at E:\learn\projects\blog-frontend-vue\src\test\properties\auth.property.test.ts:133:11
    at AsyncProperty.run (file:///E:/learn/projects/blog-frontend-vue/node_modules/fast-check/lib/esm/check/property/AsyncProperty.generic.js:46:28)
    at asyncRunIt (file:///E:/learn/projects/blog-frontend-vue/node_modules/fast-check/lib/esm/check/runner/Runner.js:33:21)
    at E:\learn\projects\blog-frontend-vue\src\test\properties\auth.property.test.ts:114:5
    at runTest (file:///E:/learn/projects/blog-frontend-vue/node_modules/@vitest/runner/dist/index.js:781:11) {
  isAxiosError: true,
  code: 'ERR_NETWORK',
  config: {
    transitional: {
      silentJSONParsing: true,
      forcedJSONParsing: true,
      clarifyTimeoutError: false
    },
    adapter: [ 'xhr', 'http', 'fetch' ],
    transformRequest: [ [Function: transformRequest] ],
    transformResponse: [ [Function: transformResponse] ],
    timeout: 10000,
    xsrfCookieName: 'XSRF-TOKEN',
    xsrfHeaderName: 'X-XSRF-TOKEN',
    maxContentLength: -1,
    maxBodyLength: -1,
    env: { FormData: [Function], Blob: [class Blob] },
    validateStatus: [Function: validateStatus],
    headers: Object [AxiosHeaders] {
      Accept: 'application/json',
      'Content-Type': 'application/json',
      'skip-auth': 'true',
      'X-Request-ID': 'req_1770361858417_cnuii6gtr',
      'X-Timestamp': '1770361858417'
    },
    baseURL: 'http://localhost:8000/api/v1',
    method: 'post',
    url: '/auth/refresh',
    data: '{"refreshToken":"Le3`g)</_,A/zS!,U l]iA2[8I!\\"ic[w"}',
    allowAbsoluteUrls: true
  },
  request: XMLHttpRequest {},
  event: ProgressEvent { isTrusted: [Getter] }
}
Auto refresh token failed: AxiosError: Network Error
    at XMLHttpRequest.handleError (file:///E:/learn/projects/blog-frontend-vue/node_modules/axios/lib/adapters/xhr.js:112:20)
    at XMLHttpRequest.invokeTheCallbackFunction (E:\learn\projects\blog-frontend-vue\node_modules\jsdom\lib\jsdom\living\generated\EventHandlerNonNull.js:14:28)
    at XMLHttpRequest.<anonymous> (E:\learn\projects\blog-frontend-vue\node_modules\jsdom\lib\jsdom\living\helpers\create-event-accessor.js:35:32)
    at innerInvokeEventListeners (E:\learn\projects\blog-frontend-vue\node_modules\jsdom\lib\jsdom\living\events\EventTarget-impl.js:350:25)
    at invokeEventListeners (E:\learn\projects\blog-frontend-vue\node_modules\jsdom\lib\jsdom\living\events\EventTarget-impl.js:286:3)
    at XMLHttpRequestImpl._dispatch (E:\learn\projects\blog-frontend-vue\node_modules\jsdom\lib\jsdom\living\events\EventTarget-impl.js:233:9)
    at fireAnEvent (E:\learn\projects\blog-frontend-vue\node_modules\jsdom\lib\jsdom\living\helpers\events.js:18:36)
    at requestErrorSteps (E:\learn\projects\blog-frontend-vue\node_modules\jsdom\lib\jsdom\living\xhr\xhr-utils.js:131:3)
    at Object.dispatchError (E:\learn\projects\blog-frontend-vue\node_modules\jsdom\lib\jsdom\living\xhr\xhr-utils.js:60:3)
    at EventEmitter.<anonymous> (E:\learn\projects\blog-frontend-vue\node_modules\jsdom\lib\jsdom\living\xhr\XMLHttpRequest-impl.js:655:18)
    at Axios.request (file:///E:/learn/projects/blog-frontend-vue/node_modules/axios/lib/core/Axios.js:45:41)
    at processTicksAndRejections (node:internal/process/task_queues:105:5)
    at HttpClient.post (E:\learn\projects\blog-frontend-vue\src\utils\request.ts:289:22)
    at refreshAccessToken (E:\learn\projects\blog-frontend-vue\src\stores\auth.ts:405:24)
    at Proxy.initAuth (E:\learn\projects\blog-frontend-vue\src\stores\auth.ts:519:13)
    at E:\learn\projects\blog-frontend-vue\src\test\properties\auth.property.test.ts:133:11
    at AsyncProperty.run (file:///E:/learn/projects/blog-frontend-vue/node_modules/fast-check/lib/esm/check/property/AsyncProperty.generic.js:46:28)
    at asyncRunIt (file:///E:/learn/projects/blog-frontend-vue/node_modules/fast-check/lib/esm/check/runner/Runner.js:33:21)
    at E:\learn\projects\blog-frontend-vue\src\test\properties\auth.property.test.ts:114:5
    at runTest (file:///E:/learn/projects/blog-frontend-vue/node_modules/@vitest/runner/dist/index.js:781:11) {
  isAxiosError: true,
  code: 'ERR_NETWORK',
  config: {
    transitional: {
      silentJSONParsing: true,
      forcedJSONParsing: true,
      clarifyTimeoutError: false
    },
    adapter: [ 'xhr', 'http', 'fetch' ],
    transformRequest: [ [Function: transformRequest] ],
    transformResponse: [ [Function: transformResponse] ],
    timeout: 10000,
    xsrfCookieName: 'XSRF-TOKEN',
    xsrfHeaderName: 'X-XSRF-TOKEN',
    maxContentLength: -1,
    maxBodyLength: -1,
    env: { FormData: [Function], Blob: [class Blob] },
    validateStatus: [Function: validateStatus],
    headers: Object [AxiosHeaders] {
      Accept: 'application/json',
      'Content-Type': 'application/json',
      'skip-auth': 'true',
      'X-Request-ID': 'req_1770361858417_cnuii6gtr',
      'X-Timestamp': '1770361858417'
    },
    baseURL: 'http://localhost:8000/api/v1',
    method: 'post',
    url: '/auth/refresh',
    data: '{"refreshToken":"Le3`g)</_,A/zS!,U l]iA2[8I!\\"ic[w"}',
    allowAbsoluteUrls: true
  },
  request: XMLHttpRequest {},
  event: ProgressEvent { isTrusted: [Getter] }
}

[90mstdout[2m | src/test/properties/auth.property.test.ts[2m > [22m[2m璁よ瘉灞炴€ф祴璇?[2m > [22m[2mProperty 1.1: Token Expiration Consistency[22m[39m
[HTTP Request] POST /auth/refresh {
  headers: Object [AxiosHeaders] {
    Accept: [32m'application/json'[39m,
    [32m'Content-Type'[39m: [32m'application/json'[39m,
    [32m'skip-auth'[39m: [32m'true'[39m,
    [32m'X-Request-ID'[39m: [32m'req_1770361858431_x423t401q'[39m,
    [32m'X-Timestamp'[39m: [32m'1770361858431'[39m
  },
  data: { refreshToken: [32m'yg=gA*<==-I8+gV~Txfx'[39m },
  params: [90mundefined[39m
}

stderr | src/test/properties/auth.property.test.ts > 璁よ瘉灞炴€ф祴璇?[2m > Property 1.1: Token Expiration Consistency
Error: AggregateError
    at Object.dispatchError (E:\learn\projects\blog-frontend-vue\node_modules\jsdom\lib\jsdom\living\xhr\xhr-utils.js:63:19)
    at EventEmitter.<anonymous> (E:\learn\projects\blog-frontend-vue\node_modules\jsdom\lib\jsdom\living\xhr\XMLHttpRequest-impl.js:655:18)
    at EventEmitter.emit (node:events:520:35)
    at Request.<anonymous> (E:\learn\projects\blog-frontend-vue\node_modules\jsdom\lib\jsdom\living\xhr\xhr-utils.js:404:14)
    at Request.emit (node:events:508:28)
    at ClientRequest.<anonymous> (E:\learn\projects\blog-frontend-vue\node_modules\jsdom\lib\jsdom\living\helpers\http-request.js:127:14)
    at ClientRequest.emit (node:events:508:28)
    at emitErrorEvent (node:_http_client:107:11)
    at Socket.socketErrorListener (node:_http_client:574:5)
    at Socket.emit (node:events:508:28) undefined
[HTTP Response Error] {
  url: '/auth/refresh',
  status: undefined,
  data: undefined,
  message: 'Network Error'
}
Token refresh failed: AxiosError: Network Error
    at XMLHttpRequest.handleError (file:///E:/learn/projects/blog-frontend-vue/node_modules/axios/lib/adapters/xhr.js:112:20)
    at XMLHttpRequest.invokeTheCallbackFunction (E:\learn\projects\blog-frontend-vue\node_modules\jsdom\lib\jsdom\living\generated\EventHandlerNonNull.js:14:28)
    at XMLHttpRequest.<anonymous> (E:\learn\projects\blog-frontend-vue\node_modules\jsdom\lib\jsdom\living\helpers\create-event-accessor.js:35:32)
    at innerInvokeEventListeners (E:\learn\projects\blog-frontend-vue\node_modules\jsdom\lib\jsdom\living\events\EventTarget-impl.js:350:25)
    at invokeEventListeners (E:\learn\projects\blog-frontend-vue\node_modules\jsdom\lib\jsdom\living\events\EventTarget-impl.js:286:3)
    at XMLHttpRequestImpl._dispatch (E:\learn\projects\blog-frontend-vue\node_modules\jsdom\lib\jsdom\living\events\EventTarget-impl.js:233:9)
    at fireAnEvent (E:\learn\projects\blog-frontend-vue\node_modules\jsdom\lib\jsdom\living\helpers\events.js:18:36)
    at requestErrorSteps (E:\learn\projects\blog-frontend-vue\node_modules\jsdom\lib\jsdom\living\xhr\xhr-utils.js:131:3)
    at Object.dispatchError (E:\learn\projects\blog-frontend-vue\node_modules\jsdom\lib\jsdom\living\xhr\xhr-utils.js:60:3)
    at EventEmitter.<anonymous> (E:\learn\projects\blog-frontend-vue\node_modules\jsdom\lib\jsdom\living\xhr\XMLHttpRequest-impl.js:655:18)
    at Axios.request (file:///E:/learn/projects/blog-frontend-vue/node_modules/axios/lib/core/Axios.js:45:41)
    at processTicksAndRejections (node:internal/process/task_queues:105:5)
    at HttpClient.post (E:\learn\projects\blog-frontend-vue\src\utils\request.ts:289:22)
    at refreshAccessToken (E:\learn\projects\blog-frontend-vue\src\stores\auth.ts:405:24)
    at Proxy.initAuth (E:\learn\projects\blog-frontend-vue\src\stores\auth.ts:519:13)
    at E:\learn\projects\blog-frontend-vue\src\test\properties\auth.property.test.ts:133:11
    at AsyncProperty.run (file:///E:/learn/projects/blog-frontend-vue/node_modules/fast-check/lib/esm/check/property/AsyncProperty.generic.js:46:28)
    at asyncRunIt (file:///E:/learn/projects/blog-frontend-vue/node_modules/fast-check/lib/esm/check/runner/Runner.js:33:21)
    at E:\learn\projects\blog-frontend-vue\src\test\properties\auth.property.test.ts:114:5
    at runTest (file:///E:/learn/projects/blog-frontend-vue/node_modules/@vitest/runner/dist/index.js:781:11) {
  isAxiosError: true,
  code: 'ERR_NETWORK',
  config: {
    transitional: {
      silentJSONParsing: true,
      forcedJSONParsing: true,
      clarifyTimeoutError: false
    },
    adapter: [ 'xhr', 'http', 'fetch' ],
    transformRequest: [ [Function: transformRequest] ],
    transformResponse: [ [Function: transformResponse] ],
    timeout: 10000,
    xsrfCookieName: 'XSRF-TOKEN',
    xsrfHeaderName: 'X-XSRF-TOKEN',
    maxContentLength: -1,
    maxBodyLength: -1,
    env: { FormData: [Function], Blob: [class Blob] },
    validateStatus: [Function: validateStatus],
    headers: Object [AxiosHeaders] {
      Accept: 'application/json',
      'Content-Type': 'application/json',
      'skip-auth': 'true',
      'X-Request-ID': 'req_1770361858431_x423t401q',
      'X-Timestamp': '1770361858431'
    },
    baseURL: 'http://localhost:8000/api/v1',
    method: 'post',
    url: '/auth/refresh',
    data: '{"refreshToken":"yg=gA*<==-I8+gV~Txfx"}',
    allowAbsoluteUrls: true
  },
  request: XMLHttpRequest {},
  event: ProgressEvent { isTrusted: [Getter] }
}
Auto refresh token failed: AxiosError: Network Error
    at XMLHttpRequest.handleError (file:///E:/learn/projects/blog-frontend-vue/node_modules/axios/lib/adapters/xhr.js:112:20)
    at XMLHttpRequest.invokeTheCallbackFunction (E:\learn\projects\blog-frontend-vue\node_modules\jsdom\lib\jsdom\living\generated\EventHandlerNonNull.js:14:28)
    at XMLHttpRequest.<anonymous> (E:\learn\projects\blog-frontend-vue\node_modules\jsdom\lib\jsdom\living\helpers\create-event-accessor.js:35:32)
    at innerInvokeEventListeners (E:\learn\projects\blog-frontend-vue\node_modules\jsdom\lib\jsdom\living\events\EventTarget-impl.js:350:25)
    at invokeEventListeners (E:\learn\projects\blog-frontend-vue\node_modules\jsdom\lib\jsdom\living\events\EventTarget-impl.js:286:3)
    at XMLHttpRequestImpl._dispatch (E:\learn\projects\blog-frontend-vue\node_modules\jsdom\lib\jsdom\living\events\EventTarget-impl.js:233:9)
    at fireAnEvent (E:\learn\projects\blog-frontend-vue\node_modules\jsdom\lib\jsdom\living\helpers\events.js:18:36)
    at requestErrorSteps (E:\learn\projects\blog-frontend-vue\node_modules\jsdom\lib\jsdom\living\xhr\xhr-utils.js:131:3)
    at Object.dispatchError (E:\learn\projects\blog-frontend-vue\node_modules\jsdom\lib\jsdom\living\xhr\xhr-utils.js:60:3)
    at EventEmitter.<anonymous> (E:\learn\projects\blog-frontend-vue\node_modules\jsdom\lib\jsdom\living\xhr\XMLHttpRequest-impl.js:655:18)
    at Axios.request (file:///E:/learn/projects/blog-frontend-vue/node_modules/axios/lib/core/Axios.js:45:41)
    at processTicksAndRejections (node:internal/process/task_queues:105:5)
    at HttpClient.post (E:\learn\projects\blog-frontend-vue\src\utils\request.ts:289:22)
    at refreshAccessToken (E:\learn\projects\blog-frontend-vue\src\stores\auth.ts:405:24)
    at Proxy.initAuth (E:\learn\projects\blog-frontend-vue\src\stores\auth.ts:519:13)
    at E:\learn\projects\blog-frontend-vue\src\test\properties\auth.property.test.ts:133:11
    at AsyncProperty.run (file:///E:/learn/projects/blog-frontend-vue/node_modules/fast-check/lib/esm/check/property/AsyncProperty.generic.js:46:28)
    at asyncRunIt (file:///E:/learn/projects/blog-frontend-vue/node_modules/fast-check/lib/esm/check/runner/Runner.js:33:21)
    at E:\learn\projects\blog-frontend-vue\src\test\properties\auth.property.test.ts:114:5
    at runTest (file:///E:/learn/projects/blog-frontend-vue/node_modules/@vitest/runner/dist/index.js:781:11) {
  isAxiosError: true,
  code: 'ERR_NETWORK',
  config: {
    transitional: {
      silentJSONParsing: true,
      forcedJSONParsing: true,
      clarifyTimeoutError: false
    },
    adapter: [ 'xhr', 'http', 'fetch' ],
    transformRequest: [ [Function: transformRequest] ],
    transformResponse: [ [Function: transformResponse] ],
    timeout: 10000,
    xsrfCookieName: 'XSRF-TOKEN',
    xsrfHeaderName: 'X-XSRF-TOKEN',
    maxContentLength: -1,
    maxBodyLength: -1,
    env: { FormData: [Function], Blob: [class Blob] },
    validateStatus: [Function: validateStatus],
    headers: Object [AxiosHeaders] {
      Accept: 'application/json',
      'Content-Type': 'application/json',
      'skip-auth': 'true',
      'X-Request-ID': 'req_1770361858431_x423t401q',
      'X-Timestamp': '1770361858431'
    },
    baseURL: 'http://localhost:8000/api/v1',
    method: 'post',
    url: '/auth/refresh',
    data: '{"refreshToken":"yg=gA*<==-I8+gV~Txfx"}',
    allowAbsoluteUrls: true
  },
  request: XMLHttpRequest {},
  event: ProgressEvent { isTrusted: [Getter] }
}

[90mstdout[2m | src/test/properties/auth.property.test.ts[2m > [22m[2m璁よ瘉灞炴€ф祴璇?[2m > [22m[2mProperty 1.1: Token Expiration Consistency[22m[39m
[HTTP Request] POST /auth/refresh {
  headers: Object [AxiosHeaders] {
    Accept: [32m'application/json'[39m,
    [32m'Content-Type'[39m: [32m'application/json'[39m,
    [32m'skip-auth'[39m: [32m'true'[39m,
    [32m'X-Request-ID'[39m: [32m'req_1770361858443_jgqiqds9x'[39m,
    [32m'X-Timestamp'[39m: [32m'1770361858443'[39m
  },
  data: { refreshToken: [32m'propertyIsEnumerablepr'[39m },
  params: [90mundefined[39m
}

stderr | src/test/properties/auth.property.test.ts > 璁よ瘉灞炴€ф祴璇?[2m > Property 1.1: Token Expiration Consistency
Error: AggregateError
    at Object.dispatchError (E:\learn\projects\blog-frontend-vue\node_modules\jsdom\lib\jsdom\living\xhr\xhr-utils.js:63:19)
    at EventEmitter.<anonymous> (E:\learn\projects\blog-frontend-vue\node_modules\jsdom\lib\jsdom\living\xhr\XMLHttpRequest-impl.js:655:18)
    at EventEmitter.emit (node:events:520:35)
    at Request.<anonymous> (E:\learn\projects\blog-frontend-vue\node_modules\jsdom\lib\jsdom\living\xhr\xhr-utils.js:404:14)
    at Request.emit (node:events:508:28)
    at ClientRequest.<anonymous> (E:\learn\projects\blog-frontend-vue\node_modules\jsdom\lib\jsdom\living\helpers\http-request.js:127:14)
    at ClientRequest.emit (node:events:508:28)
    at emitErrorEvent (node:_http_client:107:11)
    at Socket.socketErrorListener (node:_http_client:574:5)
    at Socket.emit (node:events:508:28) undefined
[HTTP Response Error] {
  url: '/auth/refresh',
  status: undefined,
  data: undefined,
  message: 'Network Error'
}
Token refresh failed: AxiosError: Network Error
    at XMLHttpRequest.handleError (file:///E:/learn/projects/blog-frontend-vue/node_modules/axios/lib/adapters/xhr.js:112:20)
    at XMLHttpRequest.invokeTheCallbackFunction (E:\learn\projects\blog-frontend-vue\node_modules\jsdom\lib\jsdom\living\generated\EventHandlerNonNull.js:14:28)
    at XMLHttpRequest.<anonymous> (E:\learn\projects\blog-frontend-vue\node_modules\jsdom\lib\jsdom\living\helpers\create-event-accessor.js:35:32)
    at innerInvokeEventListeners (E:\learn\projects\blog-frontend-vue\node_modules\jsdom\lib\jsdom\living\events\EventTarget-impl.js:350:25)
    at invokeEventListeners (E:\learn\projects\blog-frontend-vue\node_modules\jsdom\lib\jsdom\living\events\EventTarget-impl.js:286:3)
    at XMLHttpRequestImpl._dispatch (E:\learn\projects\blog-frontend-vue\node_modules\jsdom\lib\jsdom\living\events\EventTarget-impl.js:233:9)
    at fireAnEvent (E:\learn\projects\blog-frontend-vue\node_modules\jsdom\lib\jsdom\living\helpers\events.js:18:36)
    at requestErrorSteps (E:\learn\projects\blog-frontend-vue\node_modules\jsdom\lib\jsdom\living\xhr\xhr-utils.js:131:3)
    at Object.dispatchError (E:\learn\projects\blog-frontend-vue\node_modules\jsdom\lib\jsdom\living\xhr\xhr-utils.js:60:3)
    at EventEmitter.<anonymous> (E:\learn\projects\blog-frontend-vue\node_modules\jsdom\lib\jsdom\living\xhr\XMLHttpRequest-impl.js:655:18)
    at Axios.request (file:///E:/learn/projects/blog-frontend-vue/node_modules/axios/lib/core/Axios.js:45:41)
    at processTicksAndRejections (node:internal/process/task_queues:105:5)
    at HttpClient.post (E:\learn\projects\blog-frontend-vue\src\utils\request.ts:289:22)
    at refreshAccessToken (E:\learn\projects\blog-frontend-vue\src\stores\auth.ts:405:24)
    at Proxy.initAuth (E:\learn\projects\blog-frontend-vue\src\stores\auth.ts:519:13)
    at E:\learn\projects\blog-frontend-vue\src\test\properties\auth.property.test.ts:133:11
    at AsyncProperty.run (file:///E:/learn/projects/blog-frontend-vue/node_modules/fast-check/lib/esm/check/property/AsyncProperty.generic.js:46:28)
    at asyncRunIt (file:///E:/learn/projects/blog-frontend-vue/node_modules/fast-check/lib/esm/check/runner/Runner.js:33:21)
    at E:\learn\projects\blog-frontend-vue\src\test\properties\auth.property.test.ts:114:5
    at runTest (file:///E:/learn/projects/blog-frontend-vue/node_modules/@vitest/runner/dist/index.js:781:11) {
  isAxiosError: true,
  code: 'ERR_NETWORK',
  config: {
    transitional: {
      silentJSONParsing: true,
      forcedJSONParsing: true,
      clarifyTimeoutError: false
    },
    adapter: [ 'xhr', 'http', 'fetch' ],
    transformRequest: [ [Function: transformRequest] ],
    transformResponse: [ [Function: transformResponse] ],
    timeout: 10000,
    xsrfCookieName: 'XSRF-TOKEN',
    xsrfHeaderName: 'X-XSRF-TOKEN',
    maxContentLength: -1,
    maxBodyLength: -1,
    env: { FormData: [Function], Blob: [class Blob] },
    validateStatus: [Function: validateStatus],
    headers: Object [AxiosHeaders] {
      Accept: 'application/json',
      'Content-Type': 'application/json',
      'skip-auth': 'true',
      'X-Request-ID': 'req_1770361858443_jgqiqds9x',
      'X-Timestamp': '1770361858443'
    },
    baseURL: 'http://localhost:8000/api/v1',
    method: 'post',
    url: '/auth/refresh',
    data: '{"refreshToken":"propertyIsEnumerablepr"}',
    allowAbsoluteUrls: true
  },
  request: XMLHttpRequest {},
  event: ProgressEvent { isTrusted: [Getter] }
}
Auto refresh token failed: AxiosError: Network Error
    at XMLHttpRequest.handleError (file:///E:/learn/projects/blog-frontend-vue/node_modules/axios/lib/adapters/xhr.js:112:20)
    at XMLHttpRequest.invokeTheCallbackFunction (E:\learn\projects\blog-frontend-vue\node_modules\jsdom\lib\jsdom\living\generated\EventHandlerNonNull.js:14:28)
    at XMLHttpRequest.<anonymous> (E:\learn\projects\blog-frontend-vue\node_modules\jsdom\lib\jsdom\living\helpers\create-event-accessor.js:35:32)
    at innerInvokeEventListeners (E:\learn\projects\blog-frontend-vue\node_modules\jsdom\lib\jsdom\living\events\EventTarget-impl.js:350:25)
    at invokeEventListeners (E:\learn\projects\blog-frontend-vue\node_modules\jsdom\lib\jsdom\living\events\EventTarget-impl.js:286:3)
    at XMLHttpRequestImpl._dispatch (E:\learn\projects\blog-frontend-vue\node_modules\jsdom\lib\jsdom\living\events\EventTarget-impl.js:233:9)
    at fireAnEvent (E:\learn\projects\blog-frontend-vue\node_modules\jsdom\lib\jsdom\living\helpers\events.js:18:36)
    at requestErrorSteps (E:\learn\projects\blog-frontend-vue\node_modules\jsdom\lib\jsdom\living\xhr\xhr-utils.js:131:3)
    at Object.dispatchError (E:\learn\projects\blog-frontend-vue\node_modules\jsdom\lib\jsdom\living\xhr\xhr-utils.js:60:3)
    at EventEmitter.<anonymous> (E:\learn\projects\blog-frontend-vue\node_modules\jsdom\lib\jsdom\living\xhr\XMLHttpRequest-impl.js:655:18)
    at Axios.request (file:///E:/learn/projects/blog-frontend-vue/node_modules/axios/lib/core/Axios.js:45:41)
    at processTicksAndRejections (node:internal/process/task_queues:105:5)
    at HttpClient.post (E:\learn\projects\blog-frontend-vue\src\utils\request.ts:289:22)
    at refreshAccessToken (E:\learn\projects\blog-frontend-vue\src\stores\auth.ts:405:24)
    at Proxy.initAuth (E:\learn\projects\blog-frontend-vue\src\stores\auth.ts:519:13)
    at E:\learn\projects\blog-frontend-vue\src\test\properties\auth.property.test.ts:133:11
    at AsyncProperty.run (file:///E:/learn/projects/blog-frontend-vue/node_modules/fast-check/lib/esm/check/property/AsyncProperty.generic.js:46:28)
    at asyncRunIt (file:///E:/learn/projects/blog-frontend-vue/node_modules/fast-check/lib/esm/check/runner/Runner.js:33:21)
    at E:\learn\projects\blog-frontend-vue\src\test\properties\auth.property.test.ts:114:5
    at runTest (file:///E:/learn/projects/blog-frontend-vue/node_modules/@vitest/runner/dist/index.js:781:11) {
  isAxiosError: true,
  code: 'ERR_NETWORK',
  config: {
    transitional: {
      silentJSONParsing: true,
      forcedJSONParsing: true,
      clarifyTimeoutError: false
    },
    adapter: [ 'xhr', 'http', 'fetch' ],
    transformRequest: [ [Function: transformRequest] ],
    transformResponse: [ [Function: transformResponse] ],
    timeout: 10000,
    xsrfCookieName: 'XSRF-TOKEN',
    xsrfHeaderName: 'X-XSRF-TOKEN',
    maxContentLength: -1,
    maxBodyLength: -1,
    env: { FormData: [Function], Blob: [class Blob] },
    validateStatus: [Function: validateStatus],
    headers: Object [AxiosHeaders] {
      Accept: 'application/json',
      'Content-Type': 'application/json',
      'skip-auth': 'true',
      'X-Request-ID': 'req_1770361858443_jgqiqds9x',
      'X-Timestamp': '1770361858443'
    },
    baseURL: 'http://localhost:8000/api/v1',
    method: 'post',
    url: '/auth/refresh',
    data: '{"refreshToken":"propertyIsEnumerablepr"}',
    allowAbsoluteUrls: true
  },
  request: XMLHttpRequest {},
  event: ProgressEvent { isTrusted: [Getter] }
}

[90mstdout[2m | src/test/properties/auth.property.test.ts[2m > [22m[2m璁よ瘉灞炴€ф祴璇?[2m > [22m[2mProperty 1.1: Token Expiration Consistency[22m[39m
[HTTP Request] POST /auth/refresh {
  headers: Object [AxiosHeaders] {
    Accept: [32m'application/json'[39m,
    [32m'Content-Type'[39m: [32m'application/json'[39m,
    [32m'skip-auth'[39m: [32m'true'[39m,
    [32m'X-Request-ID'[39m: [32m'req_1770361858464_a37m5a915'[39m,
    [32m'X-Timestamp'[39m: [32m'1770361858464'[39m
  },
  data: { refreshToken: [32m']81&vk%p*~L6?%dTk%WhA~1'[39m },
  params: [90mundefined[39m
}

stderr | src/test/properties/auth.property.test.ts > 璁よ瘉灞炴€ф祴璇?[2m > Property 1.1: Token Expiration Consistency
Error: AggregateError
    at Object.dispatchError (E:\learn\projects\blog-frontend-vue\node_modules\jsdom\lib\jsdom\living\xhr\xhr-utils.js:63:19)
    at EventEmitter.<anonymous> (E:\learn\projects\blog-frontend-vue\node_modules\jsdom\lib\jsdom\living\xhr\XMLHttpRequest-impl.js:655:18)
    at EventEmitter.emit (node:events:520:35)
    at Request.<anonymous> (E:\learn\projects\blog-frontend-vue\node_modules\jsdom\lib\jsdom\living\xhr\xhr-utils.js:404:14)
    at Request.emit (node:events:508:28)
    at ClientRequest.<anonymous> (E:\learn\projects\blog-frontend-vue\node_modules\jsdom\lib\jsdom\living\helpers\http-request.js:127:14)
    at ClientRequest.emit (node:events:508:28)
    at emitErrorEvent (node:_http_client:107:11)
    at Socket.socketErrorListener (node:_http_client:574:5)
    at Socket.emit (node:events:508:28) undefined
[HTTP Response Error] {
  url: '/auth/refresh',
  status: undefined,
  data: undefined,
  message: 'Network Error'
}
Token refresh failed: AxiosError: Network Error
    at XMLHttpRequest.handleError (file:///E:/learn/projects/blog-frontend-vue/node_modules/axios/lib/adapters/xhr.js:112:20)
    at XMLHttpRequest.invokeTheCallbackFunction (E:\learn\projects\blog-frontend-vue\node_modules\jsdom\lib\jsdom\living\generated\EventHandlerNonNull.js:14:28)
    at XMLHttpRequest.<anonymous> (E:\learn\projects\blog-frontend-vue\node_modules\jsdom\lib\jsdom\living\helpers\create-event-accessor.js:35:32)
    at innerInvokeEventListeners (E:\learn\projects\blog-frontend-vue\node_modules\jsdom\lib\jsdom\living\events\EventTarget-impl.js:350:25)
    at invokeEventListeners (E:\learn\projects\blog-frontend-vue\node_modules\jsdom\lib\jsdom\living\events\EventTarget-impl.js:286:3)
    at XMLHttpRequestImpl._dispatch (E:\learn\projects\blog-frontend-vue\node_modules\jsdom\lib\jsdom\living\events\EventTarget-impl.js:233:9)
    at fireAnEvent (E:\learn\projects\blog-frontend-vue\node_modules\jsdom\lib\jsdom\living\helpers\events.js:18:36)
    at requestErrorSteps (E:\learn\projects\blog-frontend-vue\node_modules\jsdom\lib\jsdom\living\xhr\xhr-utils.js:131:3)
    at Object.dispatchError (E:\learn\projects\blog-frontend-vue\node_modules\jsdom\lib\jsdom\living\xhr\xhr-utils.js:60:3)
    at EventEmitter.<anonymous> (E:\learn\projects\blog-frontend-vue\node_modules\jsdom\lib\jsdom\living\xhr\XMLHttpRequest-impl.js:655:18)
    at Axios.request (file:///E:/learn/projects/blog-frontend-vue/node_modules/axios/lib/core/Axios.js:45:41)
    at processTicksAndRejections (node:internal/process/task_queues:105:5)
    at HttpClient.post (E:\learn\projects\blog-frontend-vue\src\utils\request.ts:289:22)
    at refreshAccessToken (E:\learn\projects\blog-frontend-vue\src\stores\auth.ts:405:24)
    at Proxy.initAuth (E:\learn\projects\blog-frontend-vue\src\stores\auth.ts:519:13)
    at E:\learn\projects\blog-frontend-vue\src\test\properties\auth.property.test.ts:133:11
    at AsyncProperty.run (file:///E:/learn/projects/blog-frontend-vue/node_modules/fast-check/lib/esm/check/property/AsyncProperty.generic.js:46:28)
    at asyncRunIt (file:///E:/learn/projects/blog-frontend-vue/node_modules/fast-check/lib/esm/check/runner/Runner.js:33:21)
    at E:\learn\projects\blog-frontend-vue\src\test\properties\auth.property.test.ts:114:5
    at runTest (file:///E:/learn/projects/blog-frontend-vue/node_modules/@vitest/runner/dist/index.js:781:11) {
  isAxiosError: true,
  code: 'ERR_NETWORK',
  config: {
    transitional: {
      silentJSONParsing: true,
      forcedJSONParsing: true,
      clarifyTimeoutError: false
    },
    adapter: [ 'xhr', 'http', 'fetch' ],
    transformRequest: [ [Function: transformRequest] ],
    transformResponse: [ [Function: transformResponse] ],
    timeout: 10000,
    xsrfCookieName: 'XSRF-TOKEN',
    xsrfHeaderName: 'X-XSRF-TOKEN',
    maxContentLength: -1,
    maxBodyLength: -1,
    env: { FormData: [Function], Blob: [class Blob] },
    validateStatus: [Function: validateStatus],
    headers: Object [AxiosHeaders] {
      Accept: 'application/json',
      'Content-Type': 'application/json',
      'skip-auth': 'true',
      'X-Request-ID': 'req_1770361858464_a37m5a915',
      'X-Timestamp': '1770361858464'
    },
    baseURL: 'http://localhost:8000/api/v1',
    method: 'post',
    url: '/auth/refresh',
    data: '{"refreshToken":"]81&vk%p*~L6?%dTk%WhA~1"}',
    allowAbsoluteUrls: true
  },
  request: XMLHttpRequest {},
  event: ProgressEvent { isTrusted: [Getter] }
}
Auto refresh token failed: AxiosError: Network Error
    at XMLHttpRequest.handleError (file:///E:/learn/projects/blog-frontend-vue/node_modules/axios/lib/adapters/xhr.js:112:20)
    at XMLHttpRequest.invokeTheCallbackFunction (E:\learn\projects\blog-frontend-vue\node_modules\jsdom\lib\jsdom\living\generated\EventHandlerNonNull.js:14:28)
    at XMLHttpRequest.<anonymous> (E:\learn\projects\blog-frontend-vue\node_modules\jsdom\lib\jsdom\living\helpers\create-event-accessor.js:35:32)
    at innerInvokeEventListeners (E:\learn\projects\blog-frontend-vue\node_modules\jsdom\lib\jsdom\living\events\EventTarget-impl.js:350:25)
    at invokeEventListeners (E:\learn\projects\blog-frontend-vue\node_modules\jsdom\lib\jsdom\living\events\EventTarget-impl.js:286:3)
    at XMLHttpRequestImpl._dispatch (E:\learn\projects\blog-frontend-vue\node_modules\jsdom\lib\jsdom\living\events\EventTarget-impl.js:233:9)
    at fireAnEvent (E:\learn\projects\blog-frontend-vue\node_modules\jsdom\lib\jsdom\living\helpers\events.js:18:36)
    at requestErrorSteps (E:\learn\projects\blog-frontend-vue\node_modules\jsdom\lib\jsdom\living\xhr\xhr-utils.js:131:3)
    at Object.dispatchError (E:\learn\projects\blog-frontend-vue\node_modules\jsdom\lib\jsdom\living\xhr\xhr-utils.js:60:3)
    at EventEmitter.<anonymous> (E:\learn\projects\blog-frontend-vue\node_modules\jsdom\lib\jsdom\living\xhr\XMLHttpRequest-impl.js:655:18)
    at Axios.request (file:///E:/learn/projects/blog-frontend-vue/node_modules/axios/lib/core/Axios.js:45:41)
    at processTicksAndRejections (node:internal/process/task_queues:105:5)
    at HttpClient.post (E:\learn\projects\blog-frontend-vue\src\utils\request.ts:289:22)
    at refreshAccessToken (E:\learn\projects\blog-frontend-vue\src\stores\auth.ts:405:24)
    at Proxy.initAuth (E:\learn\projects\blog-frontend-vue\src\stores\auth.ts:519:13)
    at E:\learn\projects\blog-frontend-vue\src\test\properties\auth.property.test.ts:133:11
    at AsyncProperty.run (file:///E:/learn/projects/blog-frontend-vue/node_modules/fast-check/lib/esm/check/property/AsyncProperty.generic.js:46:28)
    at asyncRunIt (file:///E:/learn/projects/blog-frontend-vue/node_modules/fast-check/lib/esm/check/runner/Runner.js:33:21)
    at E:\learn\projects\blog-frontend-vue\src\test\properties\auth.property.test.ts:114:5
    at runTest (file:///E:/learn/projects/blog-frontend-vue/node_modules/@vitest/runner/dist/index.js:781:11) {
  isAxiosError: true,
  code: 'ERR_NETWORK',
  config: {
    transitional: {
      silentJSONParsing: true,
      forcedJSONParsing: true,
      clarifyTimeoutError: false
    },
    adapter: [ 'xhr', 'http', 'fetch' ],
    transformRequest: [ [Function: transformRequest] ],
    transformResponse: [ [Function: transformResponse] ],
    timeout: 10000,
    xsrfCookieName: 'XSRF-TOKEN',
    xsrfHeaderName: 'X-XSRF-TOKEN',
    maxContentLength: -1,
    maxBodyLength: -1,
    env: { FormData: [Function], Blob: [class Blob] },
    validateStatus: [Function: validateStatus],
    headers: Object [AxiosHeaders] {
      Accept: 'application/json',
      'Content-Type': 'application/json',
      'skip-auth': 'true',
      'X-Request-ID': 'req_1770361858464_a37m5a915',
      'X-Timestamp': '1770361858464'
    },
    baseURL: 'http://localhost:8000/api/v1',
    method: 'post',
    url: '/auth/refresh',
    data: '{"refreshToken":"]81&vk%p*~L6?%dTk%WhA~1"}',
    allowAbsoluteUrls: true
  },
  request: XMLHttpRequest {},
  event: ProgressEvent { isTrusted: [Getter] }
}

[90mstdout[2m | src/test/properties/auth.property.test.ts[2m > [22m[2m璁よ瘉灞炴€ф祴璇?[2m > [22m[2mProperty 1.1: Token Expiration Consistency[22m[39m
[HTTP Request] POST /auth/refresh {
  headers: Object [AxiosHeaders] {
    Accept: [32m'application/json'[39m,
    [32m'Content-Type'[39m: [32m'application/json'[39m,
    [32m'skip-auth'[39m: [32m'true'[39m,
    [32m'X-Request-ID'[39m: [32m'req_1770361858492_wuriwq5ky'[39m,
    [32m'X-Timestamp'[39m: [32m'1770361858492'[39m
  },
  data: { refreshToken: [32m'rPp(wa_"#po>`aQ}Lr]EN]q,FgQM).&dPpSse)iq04'[39m },
  params: [90mundefined[39m
}

stderr | src/test/properties/auth.property.test.ts > 璁よ瘉灞炴€ф祴璇?[2m > Property 1.1: Token Expiration Consistency
Error: AggregateError
    at Object.dispatchError (E:\learn\projects\blog-frontend-vue\node_modules\jsdom\lib\jsdom\living\xhr\xhr-utils.js:63:19)
    at EventEmitter.<anonymous> (E:\learn\projects\blog-frontend-vue\node_modules\jsdom\lib\jsdom\living\xhr\XMLHttpRequest-impl.js:655:18)
    at EventEmitter.emit (node:events:520:35)
    at Request.<anonymous> (E:\learn\projects\blog-frontend-vue\node_modules\jsdom\lib\jsdom\living\xhr\xhr-utils.js:404:14)
    at Request.emit (node:events:508:28)
    at ClientRequest.<anonymous> (E:\learn\projects\blog-frontend-vue\node_modules\jsdom\lib\jsdom\living\helpers\http-request.js:127:14)
    at ClientRequest.emit (node:events:508:28)
    at emitErrorEvent (node:_http_client:107:11)
    at Socket.socketErrorListener (node:_http_client:574:5)
    at Socket.emit (node:events:508:28) undefined
[HTTP Response Error] {
  url: '/auth/refresh',
  status: undefined,
  data: undefined,
  message: 'Network Error'
}
Token refresh failed: AxiosError: Network Error
    at XMLHttpRequest.handleError (file:///E:/learn/projects/blog-frontend-vue/node_modules/axios/lib/adapters/xhr.js:112:20)
    at XMLHttpRequest.invokeTheCallbackFunction (E:\learn\projects\blog-frontend-vue\node_modules\jsdom\lib\jsdom\living\generated\EventHandlerNonNull.js:14:28)
    at XMLHttpRequest.<anonymous> (E:\learn\projects\blog-frontend-vue\node_modules\jsdom\lib\jsdom\living\helpers\create-event-accessor.js:35:32)
    at innerInvokeEventListeners (E:\learn\projects\blog-frontend-vue\node_modules\jsdom\lib\jsdom\living\events\EventTarget-impl.js:350:25)
    at invokeEventListeners (E:\learn\projects\blog-frontend-vue\node_modules\jsdom\lib\jsdom\living\events\EventTarget-impl.js:286:3)
    at XMLHttpRequestImpl._dispatch (E:\learn\projects\blog-frontend-vue\node_modules\jsdom\lib\jsdom\living\events\EventTarget-impl.js:233:9)
    at fireAnEvent (E:\learn\projects\blog-frontend-vue\node_modules\jsdom\lib\jsdom\living\helpers\events.js:18:36)
    at requestErrorSteps (E:\learn\projects\blog-frontend-vue\node_modules\jsdom\lib\jsdom\living\xhr\xhr-utils.js:131:3)
    at Object.dispatchError (E:\learn\projects\blog-frontend-vue\node_modules\jsdom\lib\jsdom\living\xhr\xhr-utils.js:60:3)
    at EventEmitter.<anonymous> (E:\learn\projects\blog-frontend-vue\node_modules\jsdom\lib\jsdom\living\xhr\XMLHttpRequest-impl.js:655:18)
    at Axios.request (file:///E:/learn/projects/blog-frontend-vue/node_modules/axios/lib/core/Axios.js:45:41)
    at processTicksAndRejections (node:internal/process/task_queues:105:5)
    at HttpClient.post (E:\learn\projects\blog-frontend-vue\src\utils\request.ts:289:22)
    at refreshAccessToken (E:\learn\projects\blog-frontend-vue\src\stores\auth.ts:405:24)
    at Proxy.initAuth (E:\learn\projects\blog-frontend-vue\src\stores\auth.ts:519:13)
    at E:\learn\projects\blog-frontend-vue\src\test\properties\auth.property.test.ts:133:11
    at AsyncProperty.run (file:///E:/learn/projects/blog-frontend-vue/node_modules/fast-check/lib/esm/check/property/AsyncProperty.generic.js:46:28)
    at asyncRunIt (file:///E:/learn/projects/blog-frontend-vue/node_modules/fast-check/lib/esm/check/runner/Runner.js:33:21)
    at E:\learn\projects\blog-frontend-vue\src\test\properties\auth.property.test.ts:114:5
    at runTest (file:///E:/learn/projects/blog-frontend-vue/node_modules/@vitest/runner/dist/index.js:781:11) {
  isAxiosError: true,
  code: 'ERR_NETWORK',
  config: {
    transitional: {
      silentJSONParsing: true,
      forcedJSONParsing: true,
      clarifyTimeoutError: false
    },
    adapter: [ 'xhr', 'http', 'fetch' ],
    transformRequest: [ [Function: transformRequest] ],
    transformResponse: [ [Function: transformResponse] ],
    timeout: 10000,
    xsrfCookieName: 'XSRF-TOKEN',
    xsrfHeaderName: 'X-XSRF-TOKEN',
    maxContentLength: -1,
    maxBodyLength: -1,
    env: { FormData: [Function], Blob: [class Blob] },
    validateStatus: [Function: validateStatus],
    headers: Object [AxiosHeaders] {
      Accept: 'application/json',
      'Content-Type': 'application/json',
      'skip-auth': 'true',
      'X-Request-ID': 'req_1770361858492_wuriwq5ky',
      'X-Timestamp': '1770361858492'
    },
    baseURL: 'http://localhost:8000/api/v1',
    method: 'post',
    url: '/auth/refresh',
    data: '{"refreshToken":"rPp(wa_\\"#po>`aQ}Lr]EN]q,FgQM).&dPpSse)iq04"}',
    allowAbsoluteUrls: true
  },
  request: XMLHttpRequest {},
  event: ProgressEvent { isTrusted: [Getter] }
}
Auto refresh token failed: AxiosError: Network Error
    at XMLHttpRequest.handleError (file:///E:/learn/projects/blog-frontend-vue/node_modules/axios/lib/adapters/xhr.js:112:20)
    at XMLHttpRequest.invokeTheCallbackFunction (E:\learn\projects\blog-frontend-vue\node_modules\jsdom\lib\jsdom\living\generated\EventHandlerNonNull.js:14:28)
    at XMLHttpRequest.<anonymous> (E:\learn\projects\blog-frontend-vue\node_modules\jsdom\lib\jsdom\living\helpers\create-event-accessor.js:35:32)
    at innerInvokeEventListeners (E:\learn\projects\blog-frontend-vue\node_modules\jsdom\lib\jsdom\living\events\EventTarget-impl.js:350:25)
    at invokeEventListeners (E:\learn\projects\blog-frontend-vue\node_modules\jsdom\lib\jsdom\living\events\EventTarget-impl.js:286:3)
    at XMLHttpRequestImpl._dispatch (E:\learn\projects\blog-frontend-vue\node_modules\jsdom\lib\jsdom\living\events\EventTarget-impl.js:233:9)
    at fireAnEvent (E:\learn\projects\blog-frontend-vue\node_modules\jsdom\lib\jsdom\living\helpers\events.js:18:36)
    at requestErrorSteps (E:\learn\projects\blog-frontend-vue\node_modules\jsdom\lib\jsdom\living\xhr\xhr-utils.js:131:3)
    at Object.dispatchError (E:\learn\projects\blog-frontend-vue\node_modules\jsdom\lib\jsdom\living\xhr\xhr-utils.js:60:3)
    at EventEmitter.<anonymous> (E:\learn\projects\blog-frontend-vue\node_modules\jsdom\lib\jsdom\living\xhr\XMLHttpRequest-impl.js:655:18)
    at Axios.request (file:///E:/learn/projects/blog-frontend-vue/node_modules/axios/lib/core/Axios.js:45:41)
    at processTicksAndRejections (node:internal/process/task_queues:105:5)
    at HttpClient.post (E:\learn\projects\blog-frontend-vue\src\utils\request.ts:289:22)
    at refreshAccessToken (E:\learn\projects\blog-frontend-vue\src\stores\auth.ts:405:24)
    at Proxy.initAuth (E:\learn\projects\blog-frontend-vue\src\stores\auth.ts:519:13)
    at E:\learn\projects\blog-frontend-vue\src\test\properties\auth.property.test.ts:133:11
    at AsyncProperty.run (file:///E:/learn/projects/blog-frontend-vue/node_modules/fast-check/lib/esm/check/property/AsyncProperty.generic.js:46:28)
    at asyncRunIt (file:///E:/learn/projects/blog-frontend-vue/node_modules/fast-check/lib/esm/check/runner/Runner.js:33:21)
    at E:\learn\projects\blog-frontend-vue\src\test\properties\auth.property.test.ts:114:5
    at runTest (file:///E:/learn/projects/blog-frontend-vue/node_modules/@vitest/runner/dist/index.js:781:11) {
  isAxiosError: true,
  code: 'ERR_NETWORK',
  config: {
    transitional: {
      silentJSONParsing: true,
      forcedJSONParsing: true,
      clarifyTimeoutError: false
    },
    adapter: [ 'xhr', 'http', 'fetch' ],
    transformRequest: [ [Function: transformRequest] ],
    transformResponse: [ [Function: transformResponse] ],
    timeout: 10000,
    xsrfCookieName: 'XSRF-TOKEN',
    xsrfHeaderName: 'X-XSRF-TOKEN',
    maxContentLength: -1,
    maxBodyLength: -1,
    env: { FormData: [Function], Blob: [class Blob] },
    validateStatus: [Function: validateStatus],
    headers: Object [AxiosHeaders] {
      Accept: 'application/json',
      'Content-Type': 'application/json',
      'skip-auth': 'true',
      'X-Request-ID': 'req_1770361858492_wuriwq5ky',
      'X-Timestamp': '1770361858492'
    },
    baseURL: 'http://localhost:8000/api/v1',
    method: 'post',
    url: '/auth/refresh',
    data: '{"refreshToken":"rPp(wa_\\"#po>`aQ}Lr]EN]q,FgQM).&dPpSse)iq04"}',
    allowAbsoluteUrls: true
  },
  request: XMLHttpRequest {},
  event: ProgressEvent { isTrusted: [Getter] }
}

[90mstdout[2m | src/test/properties/auth.property.test.ts[2m > [22m[2m璁よ瘉灞炴€ф祴璇?[2m > [22m[2mProperty 1.1: Token Expiration Consistency[22m[39m
[HTTP Request] POST /auth/refresh {
  headers: Object [AxiosHeaders] {
    Accept: [32m'application/json'[39m,
    [32m'Content-Type'[39m: [32m'application/json'[39m,
    [32m'skip-auth'[39m: [32m'true'[39m,
    [32m'X-Request-ID'[39m: [32m'req_1770361858520_9rkmhkhgr'[39m,
    [32m'X-Timestamp'[39m: [32m'1770361858520'[39m
  },
  data: { refreshToken: [32m'&RY"#u%h 7!11_|&e-=a&@[{`Z,wZ#$ht]OHU$v%'[39m },
  params: [90mundefined[39m
}

stderr | src/test/properties/auth.property.test.ts > 璁よ瘉灞炴€ф祴璇?[2m > Property 1.1: Token Expiration Consistency
Error: AggregateError
    at Object.dispatchError (E:\learn\projects\blog-frontend-vue\node_modules\jsdom\lib\jsdom\living\xhr\xhr-utils.js:63:19)
    at EventEmitter.<anonymous> (E:\learn\projects\blog-frontend-vue\node_modules\jsdom\lib\jsdom\living\xhr\XMLHttpRequest-impl.js:655:18)
    at EventEmitter.emit (node:events:520:35)
    at Request.<anonymous> (E:\learn\projects\blog-frontend-vue\node_modules\jsdom\lib\jsdom\living\xhr\xhr-utils.js:404:14)
    at Request.emit (node:events:508:28)
    at ClientRequest.<anonymous> (E:\learn\projects\blog-frontend-vue\node_modules\jsdom\lib\jsdom\living\helpers\http-request.js:127:14)
    at ClientRequest.emit (node:events:508:28)
    at emitErrorEvent (node:_http_client:107:11)
    at Socket.socketErrorListener (node:_http_client:574:5)
    at Socket.emit (node:events:508:28) undefined
[HTTP Response Error] {
  url: '/auth/refresh',
  status: undefined,
  data: undefined,
  message: 'Network Error'
}
Token refresh failed: AxiosError: Network Error
    at XMLHttpRequest.handleError (file:///E:/learn/projects/blog-frontend-vue/node_modules/axios/lib/adapters/xhr.js:112:20)
    at XMLHttpRequest.invokeTheCallbackFunction (E:\learn\projects\blog-frontend-vue\node_modules\jsdom\lib\jsdom\living\generated\EventHandlerNonNull.js:14:28)
    at XMLHttpRequest.<anonymous> (E:\learn\projects\blog-frontend-vue\node_modules\jsdom\lib\jsdom\living\helpers\create-event-accessor.js:35:32)
    at innerInvokeEventListeners (E:\learn\projects\blog-frontend-vue\node_modules\jsdom\lib\jsdom\living\events\EventTarget-impl.js:350:25)
    at invokeEventListeners (E:\learn\projects\blog-frontend-vue\node_modules\jsdom\lib\jsdom\living\events\EventTarget-impl.js:286:3)
    at XMLHttpRequestImpl._dispatch (E:\learn\projects\blog-frontend-vue\node_modules\jsdom\lib\jsdom\living\events\EventTarget-impl.js:233:9)
    at fireAnEvent (E:\learn\projects\blog-frontend-vue\node_modules\jsdom\lib\jsdom\living\helpers\events.js:18:36)
    at requestErrorSteps (E:\learn\projects\blog-frontend-vue\node_modules\jsdom\lib\jsdom\living\xhr\xhr-utils.js:131:3)
    at Object.dispatchError (E:\learn\projects\blog-frontend-vue\node_modules\jsdom\lib\jsdom\living\xhr\xhr-utils.js:60:3)
    at EventEmitter.<anonymous> (E:\learn\projects\blog-frontend-vue\node_modules\jsdom\lib\jsdom\living\xhr\XMLHttpRequest-impl.js:655:18)
    at Axios.request (file:///E:/learn/projects/blog-frontend-vue/node_modules/axios/lib/core/Axios.js:45:41)
    at processTicksAndRejections (node:internal/process/task_queues:105:5)
    at HttpClient.post (E:\learn\projects\blog-frontend-vue\src\utils\request.ts:289:22)
    at refreshAccessToken (E:\learn\projects\blog-frontend-vue\src\stores\auth.ts:405:24)
    at Proxy.initAuth (E:\learn\projects\blog-frontend-vue\src\stores\auth.ts:519:13)
    at E:\learn\projects\blog-frontend-vue\src\test\properties\auth.property.test.ts:133:11
    at AsyncProperty.run (file:///E:/learn/projects/blog-frontend-vue/node_modules/fast-check/lib/esm/check/property/AsyncProperty.generic.js:46:28)
    at asyncRunIt (file:///E:/learn/projects/blog-frontend-vue/node_modules/fast-check/lib/esm/check/runner/Runner.js:33:21)
    at E:\learn\projects\blog-frontend-vue\src\test\properties\auth.property.test.ts:114:5
    at runTest (file:///E:/learn/projects/blog-frontend-vue/node_modules/@vitest/runner/dist/index.js:781:11) {
  isAxiosError: true,
  code: 'ERR_NETWORK',
  config: {
    transitional: {
      silentJSONParsing: true,
      forcedJSONParsing: true,
      clarifyTimeoutError: false
    },
    adapter: [ 'xhr', 'http', 'fetch' ],
    transformRequest: [ [Function: transformRequest] ],
    transformResponse: [ [Function: transformResponse] ],
    timeout: 10000,
    xsrfCookieName: 'XSRF-TOKEN',
    xsrfHeaderName: 'X-XSRF-TOKEN',
    maxContentLength: -1,
    maxBodyLength: -1,
    env: { FormData: [Function], Blob: [class Blob] },
    validateStatus: [Function: validateStatus],
    headers: Object [AxiosHeaders] {
      Accept: 'application/json',
      'Content-Type': 'application/json',
      'skip-auth': 'true',
      'X-Request-ID': 'req_1770361858520_9rkmhkhgr',
      'X-Timestamp': '1770361858520'
    },
    baseURL: 'http://localhost:8000/api/v1',
    method: 'post',
    url: '/auth/refresh',
    data: '{"refreshToken":"&RY\\"#u%h 7!11_|&e-=a&@[{`Z,wZ#$ht]OHU$v%"}',
    allowAbsoluteUrls: true
  },
  request: XMLHttpRequest {},
  event: ProgressEvent { isTrusted: [Getter] }
}
Auto refresh token failed: AxiosError: Network Error
    at XMLHttpRequest.handleError (file:///E:/learn/projects/blog-frontend-vue/node_modules/axios/lib/adapters/xhr.js:112:20)
    at XMLHttpRequest.invokeTheCallbackFunction (E:\learn\projects\blog-frontend-vue\node_modules\jsdom\lib\jsdom\living\generated\EventHandlerNonNull.js:14:28)
    at XMLHttpRequest.<anonymous> (E:\learn\projects\blog-frontend-vue\node_modules\jsdom\lib\jsdom\living\helpers\create-event-accessor.js:35:32)
    at innerInvokeEventListeners (E:\learn\projects\blog-frontend-vue\node_modules\jsdom\lib\jsdom\living\events\EventTarget-impl.js:350:25)
    at invokeEventListeners (E:\learn\projects\blog-frontend-vue\node_modules\jsdom\lib\jsdom\living\events\EventTarget-impl.js:286:3)
    at XMLHttpRequestImpl._dispatch (E:\learn\projects\blog-frontend-vue\node_modules\jsdom\lib\jsdom\living\events\EventTarget-impl.js:233:9)
    at fireAnEvent (E:\learn\projects\blog-frontend-vue\node_modules\jsdom\lib\jsdom\living\helpers\events.js:18:36)
    at requestErrorSteps (E:\learn\projects\blog-frontend-vue\node_modules\jsdom\lib\jsdom\living\xhr\xhr-utils.js:131:3)
    at Object.dispatchError (E:\learn\projects\blog-frontend-vue\node_modules\jsdom\lib\jsdom\living\xhr\xhr-utils.js:60:3)
    at EventEmitter.<anonymous> (E:\learn\projects\blog-frontend-vue\node_modules\jsdom\lib\jsdom\living\xhr\XMLHttpRequest-impl.js:655:18)
    at Axios.request (file:///E:/learn/projects/blog-frontend-vue/node_modules/axios/lib/core/Axios.js:45:41)
    at processTicksAndRejections (node:internal/process/task_queues:105:5)
    at HttpClient.post (E:\learn\projects\blog-frontend-vue\src\utils\request.ts:289:22)
    at refreshAccessToken (E:\learn\projects\blog-frontend-vue\src\stores\auth.ts:405:24)
    at Proxy.initAuth (E:\learn\projects\blog-frontend-vue\src\stores\auth.ts:519:13)
    at E:\learn\projects\blog-frontend-vue\src\test\properties\auth.property.test.ts:133:11
    at AsyncProperty.run (file:///E:/learn/projects/blog-frontend-vue/node_modules/fast-check/lib/esm/check/property/AsyncProperty.generic.js:46:28)
    at asyncRunIt (file:///E:/learn/projects/blog-frontend-vue/node_modules/fast-check/lib/esm/check/runner/Runner.js:33:21)
    at E:\learn\projects\blog-frontend-vue\src\test\properties\auth.property.test.ts:114:5
    at runTest (file:///E:/learn/projects/blog-frontend-vue/node_modules/@vitest/runner/dist/index.js:781:11) {
  isAxiosError: true,
  code: 'ERR_NETWORK',
  config: {
    transitional: {
      silentJSONParsing: true,
      forcedJSONParsing: true,
      clarifyTimeoutError: false
    },
    adapter: [ 'xhr', 'http', 'fetch' ],
    transformRequest: [ [Function: transformRequest] ],
    transformResponse: [ [Function: transformResponse] ],
    timeout: 10000,
    xsrfCookieName: 'XSRF-TOKEN',
    xsrfHeaderName: 'X-XSRF-TOKEN',
    maxContentLength: -1,
    maxBodyLength: -1,
    env: { FormData: [Function], Blob: [class Blob] },
    validateStatus: [Function: validateStatus],
    headers: Object [AxiosHeaders] {
      Accept: 'application/json',
      'Content-Type': 'application/json',
      'skip-auth': 'true',
      'X-Request-ID': 'req_1770361858520_9rkmhkhgr',
      'X-Timestamp': '1770361858520'
    },
    baseURL: 'http://localhost:8000/api/v1',
    method: 'post',
    url: '/auth/refresh',
    data: '{"refreshToken":"&RY\\"#u%h 7!11_|&e-=a&@[{`Z,wZ#$ht]OHU$v%"}',
    allowAbsoluteUrls: true
  },
  request: XMLHttpRequest {},
  event: ProgressEvent { isTrusted: [Getter] }
}

[90mstdout[2m | src/test/properties/auth.property.test.ts[2m > [22m[2m璁よ瘉灞炴€ф祴璇?[2m > [22m[2mProperty 1.1: Token Expiration Consistency[22m[39m
[HTTP Request] POST /auth/refresh {
  headers: Object [AxiosHeaders] {
    Accept: [32m'application/json'[39m,
    [32m'Content-Type'[39m: [32m'application/json'[39m,
    [32m'skip-auth'[39m: [32m'true'[39m,
    [32m'X-Request-ID'[39m: [32m'req_1770361858538_eiweaok06'[39m,
    [32m'X-Timestamp'[39m: [32m'1770361858538'[39m
  },
  data: { refreshToken: [32m'Hsb;n^mQnxi~oFbU3Z)[w.<pmlY=lN!NO'[39m },
  params: [90mundefined[39m
}

stderr | src/test/properties/auth.property.test.ts > 璁よ瘉灞炴€ф祴璇?[2m > Property 1.1: Token Expiration Consistency
Error: AggregateError
    at Object.dispatchError (E:\learn\projects\blog-frontend-vue\node_modules\jsdom\lib\jsdom\living\xhr\xhr-utils.js:63:19)
    at EventEmitter.<anonymous> (E:\learn\projects\blog-frontend-vue\node_modules\jsdom\lib\jsdom\living\xhr\XMLHttpRequest-impl.js:655:18)
    at EventEmitter.emit (node:events:520:35)
    at Request.<anonymous> (E:\learn\projects\blog-frontend-vue\node_modules\jsdom\lib\jsdom\living\xhr\xhr-utils.js:404:14)
    at Request.emit (node:events:508:28)
    at ClientRequest.<anonymous> (E:\learn\projects\blog-frontend-vue\node_modules\jsdom\lib\jsdom\living\helpers\http-request.js:127:14)
    at ClientRequest.emit (node:events:508:28)
    at emitErrorEvent (node:_http_client:107:11)
    at Socket.socketErrorListener (node:_http_client:574:5)
    at Socket.emit (node:events:508:28) undefined
[HTTP Response Error] {
  url: '/auth/refresh',
  status: undefined,
  data: undefined,
  message: 'Network Error'
}
Token refresh failed: AxiosError: Network Error
    at XMLHttpRequest.handleError (file:///E:/learn/projects/blog-frontend-vue/node_modules/axios/lib/adapters/xhr.js:112:20)
    at XMLHttpRequest.invokeTheCallbackFunction (E:\learn\projects\blog-frontend-vue\node_modules\jsdom\lib\jsdom\living\generated\EventHandlerNonNull.js:14:28)
    at XMLHttpRequest.<anonymous> (E:\learn\projects\blog-frontend-vue\node_modules\jsdom\lib\jsdom\living\helpers\create-event-accessor.js:35:32)
    at innerInvokeEventListeners (E:\learn\projects\blog-frontend-vue\node_modules\jsdom\lib\jsdom\living\events\EventTarget-impl.js:350:25)
    at invokeEventListeners (E:\learn\projects\blog-frontend-vue\node_modules\jsdom\lib\jsdom\living\events\EventTarget-impl.js:286:3)
    at XMLHttpRequestImpl._dispatch (E:\learn\projects\blog-frontend-vue\node_modules\jsdom\lib\jsdom\living\events\EventTarget-impl.js:233:9)
    at fireAnEvent (E:\learn\projects\blog-frontend-vue\node_modules\jsdom\lib\jsdom\living\helpers\events.js:18:36)
    at requestErrorSteps (E:\learn\projects\blog-frontend-vue\node_modules\jsdom\lib\jsdom\living\xhr\xhr-utils.js:131:3)
    at Object.dispatchError (E:\learn\projects\blog-frontend-vue\node_modules\jsdom\lib\jsdom\living\xhr\xhr-utils.js:60:3)
    at EventEmitter.<anonymous> (E:\learn\projects\blog-frontend-vue\node_modules\jsdom\lib\jsdom\living\xhr\XMLHttpRequest-impl.js:655:18)
    at Axios.request (file:///E:/learn/projects/blog-frontend-vue/node_modules/axios/lib/core/Axios.js:45:41)
    at processTicksAndRejections (node:internal/process/task_queues:105:5)
    at HttpClient.post (E:\learn\projects\blog-frontend-vue\src\utils\request.ts:289:22)
    at refreshAccessToken (E:\learn\projects\blog-frontend-vue\src\stores\auth.ts:405:24)
    at Proxy.initAuth (E:\learn\projects\blog-frontend-vue\src\stores\auth.ts:519:13)
    at E:\learn\projects\blog-frontend-vue\src\test\properties\auth.property.test.ts:133:11
    at AsyncProperty.run (file:///E:/learn/projects/blog-frontend-vue/node_modules/fast-check/lib/esm/check/property/AsyncProperty.generic.js:46:28)
    at asyncRunIt (file:///E:/learn/projects/blog-frontend-vue/node_modules/fast-check/lib/esm/check/runner/Runner.js:33:21)
    at E:\learn\projects\blog-frontend-vue\src\test\properties\auth.property.test.ts:114:5
    at runTest (file:///E:/learn/projects/blog-frontend-vue/node_modules/@vitest/runner/dist/index.js:781:11) {
  isAxiosError: true,
  code: 'ERR_NETWORK',
  config: {
    transitional: {
      silentJSONParsing: true,
      forcedJSONParsing: true,
      clarifyTimeoutError: false
    },
    adapter: [ 'xhr', 'http', 'fetch' ],
    transformRequest: [ [Function: transformRequest] ],
    transformResponse: [ [Function: transformResponse] ],
    timeout: 10000,
    xsrfCookieName: 'XSRF-TOKEN',
    xsrfHeaderName: 'X-XSRF-TOKEN',
    maxContentLength: -1,
    maxBodyLength: -1,
    env: { FormData: [Function], Blob: [class Blob] },
    validateStatus: [Function: validateStatus],
    headers: Object [AxiosHeaders] {
      Accept: 'application/json',
      'Content-Type': 'application/json',
      'skip-auth': 'true',
      'X-Request-ID': 'req_1770361858538_eiweaok06',
      'X-Timestamp': '1770361858538'
    },
    baseURL: 'http://localhost:8000/api/v1',
    method: 'post',
    url: '/auth/refresh',
    data: '{"refreshToken":"Hsb;n^mQnxi~oFbU3Z)[w.<pmlY=lN!NO"}',
    allowAbsoluteUrls: true
  },
  request: XMLHttpRequest {},
  event: ProgressEvent { isTrusted: [Getter] }
}
Auto refresh token failed: AxiosError: Network Error
    at XMLHttpRequest.handleError (file:///E:/learn/projects/blog-frontend-vue/node_modules/axios/lib/adapters/xhr.js:112:20)
    at XMLHttpRequest.invokeTheCallbackFunction (E:\learn\projects\blog-frontend-vue\node_modules\jsdom\lib\jsdom\living\generated\EventHandlerNonNull.js:14:28)
    at XMLHttpRequest.<anonymous> (E:\learn\projects\blog-frontend-vue\node_modules\jsdom\lib\jsdom\living\helpers\create-event-accessor.js:35:32)
    at innerInvokeEventListeners (E:\learn\projects\blog-frontend-vue\node_modules\jsdom\lib\jsdom\living\events\EventTarget-impl.js:350:25)
    at invokeEventListeners (E:\learn\projects\blog-frontend-vue\node_modules\jsdom\lib\jsdom\living\events\EventTarget-impl.js:286:3)
    at XMLHttpRequestImpl._dispatch (E:\learn\projects\blog-frontend-vue\node_modules\jsdom\lib\jsdom\living\events\EventTarget-impl.js:233:9)
    at fireAnEvent (E:\learn\projects\blog-frontend-vue\node_modules\jsdom\lib\jsdom\living\helpers\events.js:18:36)
    at requestErrorSteps (E:\learn\projects\blog-frontend-vue\node_modules\jsdom\lib\jsdom\living\xhr\xhr-utils.js:131:3)
    at Object.dispatchError (E:\learn\projects\blog-frontend-vue\node_modules\jsdom\lib\jsdom\living\xhr\xhr-utils.js:60:3)
    at EventEmitter.<anonymous> (E:\learn\projects\blog-frontend-vue\node_modules\jsdom\lib\jsdom\living\xhr\XMLHttpRequest-impl.js:655:18)
    at Axios.request (file:///E:/learn/projects/blog-frontend-vue/node_modules/axios/lib/core/Axios.js:45:41)
    at processTicksAndRejections (node:internal/process/task_queues:105:5)
    at HttpClient.post (E:\learn\projects\blog-frontend-vue\src\utils\request.ts:289:22)
    at refreshAccessToken (E:\learn\projects\blog-frontend-vue\src\stores\auth.ts:405:24)
    at Proxy.initAuth (E:\learn\projects\blog-frontend-vue\src\stores\auth.ts:519:13)
    at E:\learn\projects\blog-frontend-vue\src\test\properties\auth.property.test.ts:133:11
    at AsyncProperty.run (file:///E:/learn/projects/blog-frontend-vue/node_modules/fast-check/lib/esm/check/property/AsyncProperty.generic.js:46:28)
    at asyncRunIt (file:///E:/learn/projects/blog-frontend-vue/node_modules/fast-check/lib/esm/check/runner/Runner.js:33:21)
    at E:\learn\projects\blog-frontend-vue\src\test\properties\auth.property.test.ts:114:5
    at runTest (file:///E:/learn/projects/blog-frontend-vue/node_modules/@vitest/runner/dist/index.js:781:11) {
  isAxiosError: true,
  code: 'ERR_NETWORK',
  config: {
    transitional: {
      silentJSONParsing: true,
      forcedJSONParsing: true,
      clarifyTimeoutError: false
    },
    adapter: [ 'xhr', 'http', 'fetch' ],
    transformRequest: [ [Function: transformRequest] ],
    transformResponse: [ [Function: transformResponse] ],
    timeout: 10000,
    xsrfCookieName: 'XSRF-TOKEN',
    xsrfHeaderName: 'X-XSRF-TOKEN',
    maxContentLength: -1,
    maxBodyLength: -1,
    env: { FormData: [Function], Blob: [class Blob] },
    validateStatus: [Function: validateStatus],
    headers: Object [AxiosHeaders] {
      Accept: 'application/json',
      'Content-Type': 'application/json',
      'skip-auth': 'true',
      'X-Request-ID': 'req_1770361858538_eiweaok06',
      'X-Timestamp': '1770361858538'
    },
    baseURL: 'http://localhost:8000/api/v1',
    method: 'post',
    url: '/auth/refresh',
    data: '{"refreshToken":"Hsb;n^mQnxi~oFbU3Z)[w.<pmlY=lN!NO"}',
    allowAbsoluteUrls: true
  },
  request: XMLHttpRequest {},
  event: ProgressEvent { isTrusted: [Getter] }
}

[90mstdout[2m | src/test/properties/auth.property.test.ts[2m > [22m[2m璁よ瘉灞炴€ф祴璇?[2m > [22m[2mProperty 1.1: Token Expiration Consistency[22m[39m
[HTTP Request] POST /auth/refresh {
  headers: Object [AxiosHeaders] {
    Accept: [32m'application/json'[39m,
    [32m'Content-Type'[39m: [32m'application/json'[39m,
    [32m'skip-auth'[39m: [32m'true'[39m,
    [32m'X-Request-ID'[39m: [32m'req_1770361858556_b5f31u7bz'[39m,
    [32m'X-Timestamp'[39m: [32m'1770361858556'[39m
  },
  data: { refreshToken: [32m"`+UM>F^M&g9Q &'GwWkTZpa="[39m },
  params: [90mundefined[39m
}

stderr | src/test/properties/auth.property.test.ts > 璁よ瘉灞炴€ф祴璇?[2m > Property 1.1: Token Expiration Consistency
Error: AggregateError
    at Object.dispatchError (E:\learn\projects\blog-frontend-vue\node_modules\jsdom\lib\jsdom\living\xhr\xhr-utils.js:63:19)
    at EventEmitter.<anonymous> (E:\learn\projects\blog-frontend-vue\node_modules\jsdom\lib\jsdom\living\xhr\XMLHttpRequest-impl.js:655:18)
    at EventEmitter.emit (node:events:520:35)
    at Request.<anonymous> (E:\learn\projects\blog-frontend-vue\node_modules\jsdom\lib\jsdom\living\xhr\xhr-utils.js:404:14)
    at Request.emit (node:events:508:28)
    at ClientRequest.<anonymous> (E:\learn\projects\blog-frontend-vue\node_modules\jsdom\lib\jsdom\living\helpers\http-request.js:127:14)
    at ClientRequest.emit (node:events:508:28)
    at emitErrorEvent (node:_http_client:107:11)
    at Socket.socketErrorListener (node:_http_client:574:5)
    at Socket.emit (node:events:508:28) undefined
[HTTP Response Error] {
  url: '/auth/refresh',
  status: undefined,
  data: undefined,
  message: 'Network Error'
}
Token refresh failed: AxiosError: Network Error
    at XMLHttpRequest.handleError (file:///E:/learn/projects/blog-frontend-vue/node_modules/axios/lib/adapters/xhr.js:112:20)
    at XMLHttpRequest.invokeTheCallbackFunction (E:\learn\projects\blog-frontend-vue\node_modules\jsdom\lib\jsdom\living\generated\EventHandlerNonNull.js:14:28)
    at XMLHttpRequest.<anonymous> (E:\learn\projects\blog-frontend-vue\node_modules\jsdom\lib\jsdom\living\helpers\create-event-accessor.js:35:32)
    at innerInvokeEventListeners (E:\learn\projects\blog-frontend-vue\node_modules\jsdom\lib\jsdom\living\events\EventTarget-impl.js:350:25)
    at invokeEventListeners (E:\learn\projects\blog-frontend-vue\node_modules\jsdom\lib\jsdom\living\events\EventTarget-impl.js:286:3)
    at XMLHttpRequestImpl._dispatch (E:\learn\projects\blog-frontend-vue\node_modules\jsdom\lib\jsdom\living\events\EventTarget-impl.js:233:9)
    at fireAnEvent (E:\learn\projects\blog-frontend-vue\node_modules\jsdom\lib\jsdom\living\helpers\events.js:18:36)
    at requestErrorSteps (E:\learn\projects\blog-frontend-vue\node_modules\jsdom\lib\jsdom\living\xhr\xhr-utils.js:131:3)
    at Object.dispatchError (E:\learn\projects\blog-frontend-vue\node_modules\jsdom\lib\jsdom\living\xhr\xhr-utils.js:60:3)
    at EventEmitter.<anonymous> (E:\learn\projects\blog-frontend-vue\node_modules\jsdom\lib\jsdom\living\xhr\XMLHttpRequest-impl.js:655:18)
    at Axios.request (file:///E:/learn/projects/blog-frontend-vue/node_modules/axios/lib/core/Axios.js:45:41)
    at processTicksAndRejections (node:internal/process/task_queues:105:5)
    at HttpClient.post (E:\learn\projects\blog-frontend-vue\src\utils\request.ts:289:22)
    at refreshAccessToken (E:\learn\projects\blog-frontend-vue\src\stores\auth.ts:405:24)
    at Proxy.initAuth (E:\learn\projects\blog-frontend-vue\src\stores\auth.ts:519:13)
    at E:\learn\projects\blog-frontend-vue\src\test\properties\auth.property.test.ts:133:11
    at AsyncProperty.run (file:///E:/learn/projects/blog-frontend-vue/node_modules/fast-check/lib/esm/check/property/AsyncProperty.generic.js:46:28)
    at asyncRunIt (file:///E:/learn/projects/blog-frontend-vue/node_modules/fast-check/lib/esm/check/runner/Runner.js:33:21)
    at E:\learn\projects\blog-frontend-vue\src\test\properties\auth.property.test.ts:114:5
    at runTest (file:///E:/learn/projects/blog-frontend-vue/node_modules/@vitest/runner/dist/index.js:781:11) {
  isAxiosError: true,
  code: 'ERR_NETWORK',
  config: {
    transitional: {
      silentJSONParsing: true,
      forcedJSONParsing: true,
      clarifyTimeoutError: false
    },
    adapter: [ 'xhr', 'http', 'fetch' ],
    transformRequest: [ [Function: transformRequest] ],
    transformResponse: [ [Function: transformResponse] ],
    timeout: 10000,
    xsrfCookieName: 'XSRF-TOKEN',
    xsrfHeaderName: 'X-XSRF-TOKEN',
    maxContentLength: -1,
    maxBodyLength: -1,
    env: { FormData: [Function], Blob: [class Blob] },
    validateStatus: [Function: validateStatus],
    headers: Object [AxiosHeaders] {
      Accept: 'application/json',
      'Content-Type': 'application/json',
      'skip-auth': 'true',
      'X-Request-ID': 'req_1770361858556_b5f31u7bz',
      'X-Timestamp': '1770361858556'
    },
    baseURL: 'http://localhost:8000/api/v1',
    method: 'post',
    url: '/auth/refresh',
    data: '{"refreshToken":"`+UM>F^M&g9Q &\'GwWkTZpa="}',
    allowAbsoluteUrls: true
  },
  request: XMLHttpRequest {},
  event: ProgressEvent { isTrusted: [Getter] }
}
Auto refresh token failed: AxiosError: Network Error
    at XMLHttpRequest.handleError (file:///E:/learn/projects/blog-frontend-vue/node_modules/axios/lib/adapters/xhr.js:112:20)
    at XMLHttpRequest.invokeTheCallbackFunction (E:\learn\projects\blog-frontend-vue\node_modules\jsdom\lib\jsdom\living\generated\EventHandlerNonNull.js:14:28)
    at XMLHttpRequest.<anonymous> (E:\learn\projects\blog-frontend-vue\node_modules\jsdom\lib\jsdom\living\helpers\create-event-accessor.js:35:32)
    at innerInvokeEventListeners (E:\learn\projects\blog-frontend-vue\node_modules\jsdom\lib\jsdom\living\events\EventTarget-impl.js:350:25)
    at invokeEventListeners (E:\learn\projects\blog-frontend-vue\node_modules\jsdom\lib\jsdom\living\events\EventTarget-impl.js:286:3)
    at XMLHttpRequestImpl._dispatch (E:\learn\projects\blog-frontend-vue\node_modules\jsdom\lib\jsdom\living\events\EventTarget-impl.js:233:9)
    at fireAnEvent (E:\learn\projects\blog-frontend-vue\node_modules\jsdom\lib\jsdom\living\helpers\events.js:18:36)
    at requestErrorSteps (E:\learn\projects\blog-frontend-vue\node_modules\jsdom\lib\jsdom\living\xhr\xhr-utils.js:131:3)
    at Object.dispatchError (E:\learn\projects\blog-frontend-vue\node_modules\jsdom\lib\jsdom\living\xhr\xhr-utils.js:60:3)
    at EventEmitter.<anonymous> (E:\learn\projects\blog-frontend-vue\node_modules\jsdom\lib\jsdom\living\xhr\XMLHttpRequest-impl.js:655:18)
    at Axios.request (file:///E:/learn/projects/blog-frontend-vue/node_modules/axios/lib/core/Axios.js:45:41)
    at processTicksAndRejections (node:internal/process/task_queues:105:5)
    at HttpClient.post (E:\learn\projects\blog-frontend-vue\src\utils\request.ts:289:22)
    at refreshAccessToken (E:\learn\projects\blog-frontend-vue\src\stores\auth.ts:405:24)
    at Proxy.initAuth (E:\learn\projects\blog-frontend-vue\src\stores\auth.ts:519:13)
    at E:\learn\projects\blog-frontend-vue\src\test\properties\auth.property.test.ts:133:11
    at AsyncProperty.run (file:///E:/learn/projects/blog-frontend-vue/node_modules/fast-check/lib/esm/check/property/AsyncProperty.generic.js:46:28)
    at asyncRunIt (file:///E:/learn/projects/blog-frontend-vue/node_modules/fast-check/lib/esm/check/runner/Runner.js:33:21)
    at E:\learn\projects\blog-frontend-vue\src\test\properties\auth.property.test.ts:114:5
    at runTest (file:///E:/learn/projects/blog-frontend-vue/node_modules/@vitest/runner/dist/index.js:781:11) {
  isAxiosError: true,
  code: 'ERR_NETWORK',
  config: {
    transitional: {
      silentJSONParsing: true,
      forcedJSONParsing: true,
      clarifyTimeoutError: false
    },
    adapter: [ 'xhr', 'http', 'fetch' ],
    transformRequest: [ [Function: transformRequest] ],
    transformResponse: [ [Function: transformResponse] ],
    timeout: 10000,
    xsrfCookieName: 'XSRF-TOKEN',
    xsrfHeaderName: 'X-XSRF-TOKEN',
    maxContentLength: -1,
    maxBodyLength: -1,
    env: { FormData: [Function], Blob: [class Blob] },
    validateStatus: [Function: validateStatus],
    headers: Object [AxiosHeaders] {
      Accept: 'application/json',
      'Content-Type': 'application/json',
      'skip-auth': 'true',
      'X-Request-ID': 'req_1770361858556_b5f31u7bz',
      'X-Timestamp': '1770361858556'
    },
    baseURL: 'http://localhost:8000/api/v1',
    method: 'post',
    url: '/auth/refresh',
    data: '{"refreshToken":"`+UM>F^M&g9Q &\'GwWkTZpa="}',
    allowAbsoluteUrls: true
  },
  request: XMLHttpRequest {},
  event: ProgressEvent { isTrusted: [Getter] }
}

[90mstdout[2m | src/test/properties/auth.property.test.ts[2m > [22m[2m璁よ瘉灞炴€ф祴璇?[2m > [22m[2mProperty 1.1: Token Expiration Consistency[22m[39m
[HTTP Request] POST /auth/refresh {
  headers: Object [AxiosHeaders] {
    Accept: [32m'application/json'[39m,
    [32m'Content-Type'[39m: [32m'application/json'[39m,
    [32m'skip-auth'[39m: [32m'true'[39m,
    [32m'X-Request-ID'[39m: [32m'req_1770361858570_6dxfwbn8u'[39m,
    [32m'X-Timestamp'[39m: [32m'1770361858570'[39m
  },
  data: { refreshToken: [32m'd)"vU$Gb0=1\\/yH^ 7hy]4{I~'[39m },
  params: [90mundefined[39m
}

stderr | src/test/properties/auth.property.test.ts > 璁よ瘉灞炴€ф祴璇?[2m > Property 1.1: Token Expiration Consistency
Error: AggregateError
    at Object.dispatchError (E:\learn\projects\blog-frontend-vue\node_modules\jsdom\lib\jsdom\living\xhr\xhr-utils.js:63:19)
    at EventEmitter.<anonymous> (E:\learn\projects\blog-frontend-vue\node_modules\jsdom\lib\jsdom\living\xhr\XMLHttpRequest-impl.js:655:18)
    at EventEmitter.emit (node:events:520:35)
    at Request.<anonymous> (E:\learn\projects\blog-frontend-vue\node_modules\jsdom\lib\jsdom\living\xhr\xhr-utils.js:404:14)
    at Request.emit (node:events:508:28)
    at ClientRequest.<anonymous> (E:\learn\projects\blog-frontend-vue\node_modules\jsdom\lib\jsdom\living\helpers\http-request.js:127:14)
    at ClientRequest.emit (node:events:508:28)
    at emitErrorEvent (node:_http_client:107:11)
    at Socket.socketErrorListener (node:_http_client:574:5)
    at Socket.emit (node:events:508:28) undefined
[HTTP Response Error] {
  url: '/auth/refresh',
  status: undefined,
  data: undefined,
  message: 'Network Error'
}
Token refresh failed: AxiosError: Network Error
    at XMLHttpRequest.handleError (file:///E:/learn/projects/blog-frontend-vue/node_modules/axios/lib/adapters/xhr.js:112:20)
    at XMLHttpRequest.invokeTheCallbackFunction (E:\learn\projects\blog-frontend-vue\node_modules\jsdom\lib\jsdom\living\generated\EventHandlerNonNull.js:14:28)
    at XMLHttpRequest.<anonymous> (E:\learn\projects\blog-frontend-vue\node_modules\jsdom\lib\jsdom\living\helpers\create-event-accessor.js:35:32)
    at innerInvokeEventListeners (E:\learn\projects\blog-frontend-vue\node_modules\jsdom\lib\jsdom\living\events\EventTarget-impl.js:350:25)
    at invokeEventListeners (E:\learn\projects\blog-frontend-vue\node_modules\jsdom\lib\jsdom\living\events\EventTarget-impl.js:286:3)
    at XMLHttpRequestImpl._dispatch (E:\learn\projects\blog-frontend-vue\node_modules\jsdom\lib\jsdom\living\events\EventTarget-impl.js:233:9)
    at fireAnEvent (E:\learn\projects\blog-frontend-vue\node_modules\jsdom\lib\jsdom\living\helpers\events.js:18:36)
    at requestErrorSteps (E:\learn\projects\blog-frontend-vue\node_modules\jsdom\lib\jsdom\living\xhr\xhr-utils.js:131:3)
    at Object.dispatchError (E:\learn\projects\blog-frontend-vue\node_modules\jsdom\lib\jsdom\living\xhr\xhr-utils.js:60:3)
    at EventEmitter.<anonymous> (E:\learn\projects\blog-frontend-vue\node_modules\jsdom\lib\jsdom\living\xhr\XMLHttpRequest-impl.js:655:18)
    at Axios.request (file:///E:/learn/projects/blog-frontend-vue/node_modules/axios/lib/core/Axios.js:45:41)
    at processTicksAndRejections (node:internal/process/task_queues:105:5)
    at HttpClient.post (E:\learn\projects\blog-frontend-vue\src\utils\request.ts:289:22)
    at refreshAccessToken (E:\learn\projects\blog-frontend-vue\src\stores\auth.ts:405:24)
    at Proxy.initAuth (E:\learn\projects\blog-frontend-vue\src\stores\auth.ts:519:13)
    at E:\learn\projects\blog-frontend-vue\src\test\properties\auth.property.test.ts:133:11
    at AsyncProperty.run (file:///E:/learn/projects/blog-frontend-vue/node_modules/fast-check/lib/esm/check/property/AsyncProperty.generic.js:46:28)
    at asyncRunIt (file:///E:/learn/projects/blog-frontend-vue/node_modules/fast-check/lib/esm/check/runner/Runner.js:33:21)
    at E:\learn\projects\blog-frontend-vue\src\test\properties\auth.property.test.ts:114:5
    at runTest (file:///E:/learn/projects/blog-frontend-vue/node_modules/@vitest/runner/dist/index.js:781:11) {
  isAxiosError: true,
  code: 'ERR_NETWORK',
  config: {
    transitional: {
      silentJSONParsing: true,
      forcedJSONParsing: true,
      clarifyTimeoutError: false
    },
    adapter: [ 'xhr', 'http', 'fetch' ],
    transformRequest: [ [Function: transformRequest] ],
    transformResponse: [ [Function: transformResponse] ],
    timeout: 10000,
    xsrfCookieName: 'XSRF-TOKEN',
    xsrfHeaderName: 'X-XSRF-TOKEN',
    maxContentLength: -1,
    maxBodyLength: -1,
    env: { FormData: [Function], Blob: [class Blob] },
    validateStatus: [Function: validateStatus],
    headers: Object [AxiosHeaders] {
      Accept: 'application/json',
      'Content-Type': 'application/json',
      'skip-auth': 'true',
      'X-Request-ID': 'req_1770361858570_6dxfwbn8u',
      'X-Timestamp': '1770361858570'
    },
    baseURL: 'http://localhost:8000/api/v1',
    method: 'post',
    url: '/auth/refresh',
    data: '{"refreshToken":"d)\\"vU$Gb0=1\\\\/yH^ 7hy]4{I~"}',
    allowAbsoluteUrls: true
  },
  request: XMLHttpRequest {},
  event: ProgressEvent { isTrusted: [Getter] }
}
Auto refresh token failed: AxiosError: Network Error
    at XMLHttpRequest.handleError (file:///E:/learn/projects/blog-frontend-vue/node_modules/axios/lib/adapters/xhr.js:112:20)
    at XMLHttpRequest.invokeTheCallbackFunction (E:\learn\projects\blog-frontend-vue\node_modules\jsdom\lib\jsdom\living\generated\EventHandlerNonNull.js:14:28)
    at XMLHttpRequest.<anonymous> (E:\learn\projects\blog-frontend-vue\node_modules\jsdom\lib\jsdom\living\helpers\create-event-accessor.js:35:32)
    at innerInvokeEventListeners (E:\learn\projects\blog-frontend-vue\node_modules\jsdom\lib\jsdom\living\events\EventTarget-impl.js:350:25)
    at invokeEventListeners (E:\learn\projects\blog-frontend-vue\node_modules\jsdom\lib\jsdom\living\events\EventTarget-impl.js:286:3)
    at XMLHttpRequestImpl._dispatch (E:\learn\projects\blog-frontend-vue\node_modules\jsdom\lib\jsdom\living\events\EventTarget-impl.js:233:9)
    at fireAnEvent (E:\learn\projects\blog-frontend-vue\node_modules\jsdom\lib\jsdom\living\helpers\events.js:18:36)
    at requestErrorSteps (E:\learn\projects\blog-frontend-vue\node_modules\jsdom\lib\jsdom\living\xhr\xhr-utils.js:131:3)
    at Object.dispatchError (E:\learn\projects\blog-frontend-vue\node_modules\jsdom\lib\jsdom\living\xhr\xhr-utils.js:60:3)
    at EventEmitter.<anonymous> (E:\learn\projects\blog-frontend-vue\node_modules\jsdom\lib\jsdom\living\xhr\XMLHttpRequest-impl.js:655:18)
    at Axios.request (file:///E:/learn/projects/blog-frontend-vue/node_modules/axios/lib/core/Axios.js:45:41)
    at processTicksAndRejections (node:internal/process/task_queues:105:5)
    at HttpClient.post (E:\learn\projects\blog-frontend-vue\src\utils\request.ts:289:22)
    at refreshAccessToken (E:\learn\projects\blog-frontend-vue\src\stores\auth.ts:405:24)
    at Proxy.initAuth (E:\learn\projects\blog-frontend-vue\src\stores\auth.ts:519:13)
    at E:\learn\projects\blog-frontend-vue\src\test\properties\auth.property.test.ts:133:11
    at AsyncProperty.run (file:///E:/learn/projects/blog-frontend-vue/node_modules/fast-check/lib/esm/check/property/AsyncProperty.generic.js:46:28)
    at asyncRunIt (file:///E:/learn/projects/blog-frontend-vue/node_modules/fast-check/lib/esm/check/runner/Runner.js:33:21)
    at E:\learn\projects\blog-frontend-vue\src\test\properties\auth.property.test.ts:114:5
    at runTest (file:///E:/learn/projects/blog-frontend-vue/node_modules/@vitest/runner/dist/index.js:781:11) {
  isAxiosError: true,
  code: 'ERR_NETWORK',
  config: {
    transitional: {
      silentJSONParsing: true,
      forcedJSONParsing: true,
      clarifyTimeoutError: false
    },
    adapter: [ 'xhr', 'http', 'fetch' ],
    transformRequest: [ [Function: transformRequest] ],
    transformResponse: [ [Function: transformResponse] ],
    timeout: 10000,
    xsrfCookieName: 'XSRF-TOKEN',
    xsrfHeaderName: 'X-XSRF-TOKEN',
    maxContentLength: -1,
    maxBodyLength: -1,
    env: { FormData: [Function], Blob: [class Blob] },
    validateStatus: [Function: validateStatus],
    headers: Object [AxiosHeaders] {
      Accept: 'application/json',
      'Content-Type': 'application/json',
      'skip-auth': 'true',
      'X-Request-ID': 'req_1770361858570_6dxfwbn8u',
      'X-Timestamp': '1770361858570'
    },
    baseURL: 'http://localhost:8000/api/v1',
    method: 'post',
    url: '/auth/refresh',
    data: '{"refreshToken":"d)\\"vU$Gb0=1\\\\/yH^ 7hy]4{I~"}',
    allowAbsoluteUrls: true
  },
  request: XMLHttpRequest {},
  event: ProgressEvent { isTrusted: [Getter] }
}

[90mstdout[2m | src/test/properties/auth.property.test.ts[2m > [22m[2m璁よ瘉灞炴€ф祴璇?[2m > [22m[2mProperty 1.1: Token Expiration Consistency[22m[39m
[HTTP Request] POST /auth/refresh {
  headers: Object [AxiosHeaders] {
    Accept: [32m'application/json'[39m,
    [32m'Content-Type'[39m: [32m'application/json'[39m,
    [32m'skip-auth'[39m: [32m'true'[39m,
    [32m'X-Request-ID'[39m: [32m'req_1770361858597_y4pjcomq1'[39m,
    [32m'X-Timestamp'[39m: [32m'1770361858597'[39m
  },
  data: { refreshToken: [32m'9Q1m2fyNk,Ktld^?S&Y"]/u'[39m },
  params: [90mundefined[39m
}

stderr | src/test/properties/auth.property.test.ts > 璁よ瘉灞炴€ф祴璇?[2m > Property 1.1: Token Expiration Consistency
Error: AggregateError
    at Object.dispatchError (E:\learn\projects\blog-frontend-vue\node_modules\jsdom\lib\jsdom\living\xhr\xhr-utils.js:63:19)
    at EventEmitter.<anonymous> (E:\learn\projects\blog-frontend-vue\node_modules\jsdom\lib\jsdom\living\xhr\XMLHttpRequest-impl.js:655:18)
    at EventEmitter.emit (node:events:520:35)
    at Request.<anonymous> (E:\learn\projects\blog-frontend-vue\node_modules\jsdom\lib\jsdom\living\xhr\xhr-utils.js:404:14)
    at Request.emit (node:events:508:28)
    at ClientRequest.<anonymous> (E:\learn\projects\blog-frontend-vue\node_modules\jsdom\lib\jsdom\living\helpers\http-request.js:127:14)
    at ClientRequest.emit (node:events:508:28)
    at emitErrorEvent (node:_http_client:107:11)
    at Socket.socketErrorListener (node:_http_client:574:5)
    at Socket.emit (node:events:508:28) undefined
[HTTP Response Error] {
  url: '/auth/refresh',
  status: undefined,
  data: undefined,
  message: 'Network Error'
}
Token refresh failed: AxiosError: Network Error
    at XMLHttpRequest.handleError (file:///E:/learn/projects/blog-frontend-vue/node_modules/axios/lib/adapters/xhr.js:112:20)
    at XMLHttpRequest.invokeTheCallbackFunction (E:\learn\projects\blog-frontend-vue\node_modules\jsdom\lib\jsdom\living\generated\EventHandlerNonNull.js:14:28)
    at XMLHttpRequest.<anonymous> (E:\learn\projects\blog-frontend-vue\node_modules\jsdom\lib\jsdom\living\helpers\create-event-accessor.js:35:32)
    at innerInvokeEventListeners (E:\learn\projects\blog-frontend-vue\node_modules\jsdom\lib\jsdom\living\events\EventTarget-impl.js:350:25)
    at invokeEventListeners (E:\learn\projects\blog-frontend-vue\node_modules\jsdom\lib\jsdom\living\events\EventTarget-impl.js:286:3)
    at XMLHttpRequestImpl._dispatch (E:\learn\projects\blog-frontend-vue\node_modules\jsdom\lib\jsdom\living\events\EventTarget-impl.js:233:9)
    at fireAnEvent (E:\learn\projects\blog-frontend-vue\node_modules\jsdom\lib\jsdom\living\helpers\events.js:18:36)
    at requestErrorSteps (E:\learn\projects\blog-frontend-vue\node_modules\jsdom\lib\jsdom\living\xhr\xhr-utils.js:131:3)
    at Object.dispatchError (E:\learn\projects\blog-frontend-vue\node_modules\jsdom\lib\jsdom\living\xhr\xhr-utils.js:60:3)
    at EventEmitter.<anonymous> (E:\learn\projects\blog-frontend-vue\node_modules\jsdom\lib\jsdom\living\xhr\XMLHttpRequest-impl.js:655:18)
    at Axios.request (file:///E:/learn/projects/blog-frontend-vue/node_modules/axios/lib/core/Axios.js:45:41)
    at processTicksAndRejections (node:internal/process/task_queues:105:5)
    at HttpClient.post (E:\learn\projects\blog-frontend-vue\src\utils\request.ts:289:22)
    at refreshAccessToken (E:\learn\projects\blog-frontend-vue\src\stores\auth.ts:405:24)
    at Proxy.initAuth (E:\learn\projects\blog-frontend-vue\src\stores\auth.ts:519:13)
    at E:\learn\projects\blog-frontend-vue\src\test\properties\auth.property.test.ts:133:11
    at AsyncProperty.run (file:///E:/learn/projects/blog-frontend-vue/node_modules/fast-check/lib/esm/check/property/AsyncProperty.generic.js:46:28)
    at asyncRunIt (file:///E:/learn/projects/blog-frontend-vue/node_modules/fast-check/lib/esm/check/runner/Runner.js:33:21)
    at E:\learn\projects\blog-frontend-vue\src\test\properties\auth.property.test.ts:114:5
    at runTest (file:///E:/learn/projects/blog-frontend-vue/node_modules/@vitest/runner/dist/index.js:781:11) {
  isAxiosError: true,
  code: 'ERR_NETWORK',
  config: {
    transitional: {
      silentJSONParsing: true,
      forcedJSONParsing: true,
      clarifyTimeoutError: false
    },
    adapter: [ 'xhr', 'http', 'fetch' ],
    transformRequest: [ [Function: transformRequest] ],
    transformResponse: [ [Function: transformResponse] ],
    timeout: 10000,
    xsrfCookieName: 'XSRF-TOKEN',
    xsrfHeaderName: 'X-XSRF-TOKEN',
    maxContentLength: -1,
    maxBodyLength: -1,
    env: { FormData: [Function], Blob: [class Blob] },
    validateStatus: [Function: validateStatus],
    headers: Object [AxiosHeaders] {
      Accept: 'application/json',
      'Content-Type': 'application/json',
      'skip-auth': 'true',
      'X-Request-ID': 'req_1770361858597_y4pjcomq1',
      'X-Timestamp': '1770361858597'
    },
    baseURL: 'http://localhost:8000/api/v1',
    method: 'post',
    url: '/auth/refresh',
    data: '{"refreshToken":"9Q1m2fyNk,Ktld^?S&Y\\"]/u"}',
    allowAbsoluteUrls: true
  },
  request: XMLHttpRequest {},
  event: ProgressEvent { isTrusted: [Getter] }
}
Auto refresh token failed: AxiosError: Network Error
    at XMLHttpRequest.handleError (file:///E:/learn/projects/blog-frontend-vue/node_modules/axios/lib/adapters/xhr.js:112:20)
    at XMLHttpRequest.invokeTheCallbackFunction (E:\learn\projects\blog-frontend-vue\node_modules\jsdom\lib\jsdom\living\generated\EventHandlerNonNull.js:14:28)
    at XMLHttpRequest.<anonymous> (E:\learn\projects\blog-frontend-vue\node_modules\jsdom\lib\jsdom\living\helpers\create-event-accessor.js:35:32)
    at innerInvokeEventListeners (E:\learn\projects\blog-frontend-vue\node_modules\jsdom\lib\jsdom\living\events\EventTarget-impl.js:350:25)
    at invokeEventListeners (E:\learn\projects\blog-frontend-vue\node_modules\jsdom\lib\jsdom\living\events\EventTarget-impl.js:286:3)
    at XMLHttpRequestImpl._dispatch (E:\learn\projects\blog-frontend-vue\node_modules\jsdom\lib\jsdom\living\events\EventTarget-impl.js:233:9)
    at fireAnEvent (E:\learn\projects\blog-frontend-vue\node_modules\jsdom\lib\jsdom\living\helpers\events.js:18:36)
    at requestErrorSteps (E:\learn\projects\blog-frontend-vue\node_modules\jsdom\lib\jsdom\living\xhr\xhr-utils.js:131:3)
    at Object.dispatchError (E:\learn\projects\blog-frontend-vue\node_modules\jsdom\lib\jsdom\living\xhr\xhr-utils.js:60:3)
    at EventEmitter.<anonymous> (E:\learn\projects\blog-frontend-vue\node_modules\jsdom\lib\jsdom\living\xhr\XMLHttpRequest-impl.js:655:18)
    at Axios.request (file:///E:/learn/projects/blog-frontend-vue/node_modules/axios/lib/core/Axios.js:45:41)
    at processTicksAndRejections (node:internal/process/task_queues:105:5)
    at HttpClient.post (E:\learn\projects\blog-frontend-vue\src\utils\request.ts:289:22)
    at refreshAccessToken (E:\learn\projects\blog-frontend-vue\src\stores\auth.ts:405:24)
    at Proxy.initAuth (E:\learn\projects\blog-frontend-vue\src\stores\auth.ts:519:13)
    at E:\learn\projects\blog-frontend-vue\src\test\properties\auth.property.test.ts:133:11
    at AsyncProperty.run (file:///E:/learn/projects/blog-frontend-vue/node_modules/fast-check/lib/esm/check/property/AsyncProperty.generic.js:46:28)
    at asyncRunIt (file:///E:/learn/projects/blog-frontend-vue/node_modules/fast-check/lib/esm/check/runner/Runner.js:33:21)
    at E:\learn\projects\blog-frontend-vue\src\test\properties\auth.property.test.ts:114:5
    at runTest (file:///E:/learn/projects/blog-frontend-vue/node_modules/@vitest/runner/dist/index.js:781:11) {
  isAxiosError: true,
  code: 'ERR_NETWORK',
  config: {
    transitional: {
      silentJSONParsing: true,
      forcedJSONParsing: true,
      clarifyTimeoutError: false
    },
    adapter: [ 'xhr', 'http', 'fetch' ],
    transformRequest: [ [Function: transformRequest] ],
    transformResponse: [ [Function: transformResponse] ],
    timeout: 10000,
    xsrfCookieName: 'XSRF-TOKEN',
    xsrfHeaderName: 'X-XSRF-TOKEN',
    maxContentLength: -1,
    maxBodyLength: -1,
    env: { FormData: [Function], Blob: [class Blob] },
    validateStatus: [Function: validateStatus],
    headers: Object [AxiosHeaders] {
      Accept: 'application/json',
      'Content-Type': 'application/json',
      'skip-auth': 'true',
      'X-Request-ID': 'req_1770361858597_y4pjcomq1',
      'X-Timestamp': '1770361858597'
    },
    baseURL: 'http://localhost:8000/api/v1',
    method: 'post',
    url: '/auth/refresh',
    data: '{"refreshToken":"9Q1m2fyNk,Ktld^?S&Y\\"]/u"}',
    allowAbsoluteUrls: true
  },
  request: XMLHttpRequest {},
  event: ProgressEvent { isTrusted: [Getter] }
}

[90mstdout[2m | src/test/properties/auth.property.test.ts[2m > [22m[2m璁よ瘉灞炴€ф祴璇?[2m > [22m[2mProperty 1.1: Token Expiration Consistency[22m[39m
[HTTP Request] POST /auth/refresh {
  headers: Object [AxiosHeaders] {
    Accept: [32m'application/json'[39m,
    [32m'Content-Type'[39m: [32m'application/json'[39m,
    [32m'skip-auth'[39m: [32m'true'[39m,
    [32m'X-Request-ID'[39m: [32m'req_1770361858612_ecqlvl2ro'[39m,
    [32m'X-Timestamp'[39m: [32m'1770361858612'[39m
  },
  data: { refreshToken: [32m'"xA_I}7%#YMrx4I#yk} "}'[39m },
  params: [90mundefined[39m
}

stderr | src/test/properties/auth.property.test.ts > 璁よ瘉灞炴€ф祴璇?[2m > Property 1.1: Token Expiration Consistency
Error: AggregateError
    at Object.dispatchError (E:\learn\projects\blog-frontend-vue\node_modules\jsdom\lib\jsdom\living\xhr\xhr-utils.js:63:19)
    at EventEmitter.<anonymous> (E:\learn\projects\blog-frontend-vue\node_modules\jsdom\lib\jsdom\living\xhr\XMLHttpRequest-impl.js:655:18)
    at EventEmitter.emit (node:events:520:35)
    at Request.<anonymous> (E:\learn\projects\blog-frontend-vue\node_modules\jsdom\lib\jsdom\living\xhr\xhr-utils.js:404:14)
    at Request.emit (node:events:508:28)
    at ClientRequest.<anonymous> (E:\learn\projects\blog-frontend-vue\node_modules\jsdom\lib\jsdom\living\helpers\http-request.js:127:14)
    at ClientRequest.emit (node:events:508:28)
    at emitErrorEvent (node:_http_client:107:11)
    at Socket.socketErrorListener (node:_http_client:574:5)
    at Socket.emit (node:events:508:28) undefined
[HTTP Response Error] {
  url: '/auth/refresh',
  status: undefined,
  data: undefined,
  message: 'Network Error'
}
Token refresh failed: AxiosError: Network Error
    at XMLHttpRequest.handleError (file:///E:/learn/projects/blog-frontend-vue/node_modules/axios/lib/adapters/xhr.js:112:20)
    at XMLHttpRequest.invokeTheCallbackFunction (E:\learn\projects\blog-frontend-vue\node_modules\jsdom\lib\jsdom\living\generated\EventHandlerNonNull.js:14:28)
    at XMLHttpRequest.<anonymous> (E:\learn\projects\blog-frontend-vue\node_modules\jsdom\lib\jsdom\living\helpers\create-event-accessor.js:35:32)
    at innerInvokeEventListeners (E:\learn\projects\blog-frontend-vue\node_modules\jsdom\lib\jsdom\living\events\EventTarget-impl.js:350:25)
    at invokeEventListeners (E:\learn\projects\blog-frontend-vue\node_modules\jsdom\lib\jsdom\living\events\EventTarget-impl.js:286:3)
    at XMLHttpRequestImpl._dispatch (E:\learn\projects\blog-frontend-vue\node_modules\jsdom\lib\jsdom\living\events\EventTarget-impl.js:233:9)
    at fireAnEvent (E:\learn\projects\blog-frontend-vue\node_modules\jsdom\lib\jsdom\living\helpers\events.js:18:36)
    at requestErrorSteps (E:\learn\projects\blog-frontend-vue\node_modules\jsdom\lib\jsdom\living\xhr\xhr-utils.js:131:3)
    at Object.dispatchError (E:\learn\projects\blog-frontend-vue\node_modules\jsdom\lib\jsdom\living\xhr\xhr-utils.js:60:3)
    at EventEmitter.<anonymous> (E:\learn\projects\blog-frontend-vue\node_modules\jsdom\lib\jsdom\living\xhr\XMLHttpRequest-impl.js:655:18)
    at Axios.request (file:///E:/learn/projects/blog-frontend-vue/node_modules/axios/lib/core/Axios.js:45:41)
    at processTicksAndRejections (node:internal/process/task_queues:105:5)
    at HttpClient.post (E:\learn\projects\blog-frontend-vue\src\utils\request.ts:289:22)
    at refreshAccessToken (E:\learn\projects\blog-frontend-vue\src\stores\auth.ts:405:24)
    at Proxy.initAuth (E:\learn\projects\blog-frontend-vue\src\stores\auth.ts:519:13)
    at E:\learn\projects\blog-frontend-vue\src\test\properties\auth.property.test.ts:133:11
    at AsyncProperty.run (file:///E:/learn/projects/blog-frontend-vue/node_modules/fast-check/lib/esm/check/property/AsyncProperty.generic.js:46:28)
    at asyncRunIt (file:///E:/learn/projects/blog-frontend-vue/node_modules/fast-check/lib/esm/check/runner/Runner.js:33:21)
    at E:\learn\projects\blog-frontend-vue\src\test\properties\auth.property.test.ts:114:5
    at runTest (file:///E:/learn/projects/blog-frontend-vue/node_modules/@vitest/runner/dist/index.js:781:11) {
  isAxiosError: true,
  code: 'ERR_NETWORK',
  config: {
    transitional: {
      silentJSONParsing: true,
      forcedJSONParsing: true,
      clarifyTimeoutError: false
    },
    adapter: [ 'xhr', 'http', 'fetch' ],
    transformRequest: [ [Function: transformRequest] ],
    transformResponse: [ [Function: transformResponse] ],
    timeout: 10000,
    xsrfCookieName: 'XSRF-TOKEN',
    xsrfHeaderName: 'X-XSRF-TOKEN',
    maxContentLength: -1,
    maxBodyLength: -1,
    env: { FormData: [Function], Blob: [class Blob] },
    validateStatus: [Function: validateStatus],
    headers: Object [AxiosHeaders] {
      Accept: 'application/json',
      'Content-Type': 'application/json',
      'skip-auth': 'true',
      'X-Request-ID': 'req_1770361858612_ecqlvl2ro',
      'X-Timestamp': '1770361858612'
    },
    baseURL: 'http://localhost:8000/api/v1',
    method: 'post',
    url: '/auth/refresh',
    data: '{"refreshToken":"\\"xA_I}7%#YMrx4I#yk} \\"}"}',
    allowAbsoluteUrls: true
  },
  request: XMLHttpRequest {},
  event: ProgressEvent { isTrusted: [Getter] }
}
Auto refresh token failed: AxiosError: Network Error
    at XMLHttpRequest.handleError (file:///E:/learn/projects/blog-frontend-vue/node_modules/axios/lib/adapters/xhr.js:112:20)
    at XMLHttpRequest.invokeTheCallbackFunction (E:\learn\projects\blog-frontend-vue\node_modules\jsdom\lib\jsdom\living\generated\EventHandlerNonNull.js:14:28)
    at XMLHttpRequest.<anonymous> (E:\learn\projects\blog-frontend-vue\node_modules\jsdom\lib\jsdom\living\helpers\create-event-accessor.js:35:32)
    at innerInvokeEventListeners (E:\learn\projects\blog-frontend-vue\node_modules\jsdom\lib\jsdom\living\events\EventTarget-impl.js:350:25)
    at invokeEventListeners (E:\learn\projects\blog-frontend-vue\node_modules\jsdom\lib\jsdom\living\events\EventTarget-impl.js:286:3)
    at XMLHttpRequestImpl._dispatch (E:\learn\projects\blog-frontend-vue\node_modules\jsdom\lib\jsdom\living\events\EventTarget-impl.js:233:9)
    at fireAnEvent (E:\learn\projects\blog-frontend-vue\node_modules\jsdom\lib\jsdom\living\helpers\events.js:18:36)
    at requestErrorSteps (E:\learn\projects\blog-frontend-vue\node_modules\jsdom\lib\jsdom\living\xhr\xhr-utils.js:131:3)
    at Object.dispatchError (E:\learn\projects\blog-frontend-vue\node_modules\jsdom\lib\jsdom\living\xhr\xhr-utils.js:60:3)
    at EventEmitter.<anonymous> (E:\learn\projects\blog-frontend-vue\node_modules\jsdom\lib\jsdom\living\xhr\XMLHttpRequest-impl.js:655:18)
    at Axios.request (file:///E:/learn/projects/blog-frontend-vue/node_modules/axios/lib/core/Axios.js:45:41)
    at processTicksAndRejections (node:internal/process/task_queues:105:5)
    at HttpClient.post (E:\learn\projects\blog-frontend-vue\src\utils\request.ts:289:22)
    at refreshAccessToken (E:\learn\projects\blog-frontend-vue\src\stores\auth.ts:405:24)
    at Proxy.initAuth (E:\learn\projects\blog-frontend-vue\src\stores\auth.ts:519:13)
    at E:\learn\projects\blog-frontend-vue\src\test\properties\auth.property.test.ts:133:11
    at AsyncProperty.run (file:///E:/learn/projects/blog-frontend-vue/node_modules/fast-check/lib/esm/check/property/AsyncProperty.generic.js:46:28)
    at asyncRunIt (file:///E:/learn/projects/blog-frontend-vue/node_modules/fast-check/lib/esm/check/runner/Runner.js:33:21)
    at E:\learn\projects\blog-frontend-vue\src\test\properties\auth.property.test.ts:114:5
    at runTest (file:///E:/learn/projects/blog-frontend-vue/node_modules/@vitest/runner/dist/index.js:781:11) {
  isAxiosError: true,
  code: 'ERR_NETWORK',
  config: {
    transitional: {
      silentJSONParsing: true,
      forcedJSONParsing: true,
      clarifyTimeoutError: false
    },
    adapter: [ 'xhr', 'http', 'fetch' ],
    transformRequest: [ [Function: transformRequest] ],
    transformResponse: [ [Function: transformResponse] ],
    timeout: 10000,
    xsrfCookieName: 'XSRF-TOKEN',
    xsrfHeaderName: 'X-XSRF-TOKEN',
    maxContentLength: -1,
    maxBodyLength: -1,
    env: { FormData: [Function], Blob: [class Blob] },
    validateStatus: [Function: validateStatus],
    headers: Object [AxiosHeaders] {
      Accept: 'application/json',
      'Content-Type': 'application/json',
      'skip-auth': 'true',
      'X-Request-ID': 'req_1770361858612_ecqlvl2ro',
      'X-Timestamp': '1770361858612'
    },
    baseURL: 'http://localhost:8000/api/v1',
    method: 'post',
    url: '/auth/refresh',
    data: '{"refreshToken":"\\"xA_I}7%#YMrx4I#yk} \\"}"}',
    allowAbsoluteUrls: true
  },
  request: XMLHttpRequest {},
  event: ProgressEvent { isTrusted: [Getter] }
}

[90mstdout[2m | src/test/properties/auth.property.test.ts[2m > [22m[2m璁よ瘉灞炴€ф祴璇?[2m > [22m[2mProperty 1.1: Token Expiration Consistency[22m[39m
[HTTP Request] POST /auth/refresh {
  headers: Object [AxiosHeaders] {
    Accept: [32m'application/json'[39m,
    [32m'Content-Type'[39m: [32m'application/json'[39m,
    [32m'skip-auth'[39m: [32m'true'[39m,
    [32m'X-Request-ID'[39m: [32m'req_1770361858631_oqfblub89'[39m,
    [32m'X-Timestamp'[39m: [32m'1770361858631'[39m
  },
  data: { refreshToken: [32m'-_e/vy:<fvbSrpbfyfQ3F<s;9>(F%g5?-c'[39m },
  params: [90mundefined[39m
}

stderr | src/test/properties/auth.property.test.ts > 璁よ瘉灞炴€ф祴璇?[2m > Property 1.1: Token Expiration Consistency
Error: AggregateError
    at Object.dispatchError (E:\learn\projects\blog-frontend-vue\node_modules\jsdom\lib\jsdom\living\xhr\xhr-utils.js:63:19)
    at EventEmitter.<anonymous> (E:\learn\projects\blog-frontend-vue\node_modules\jsdom\lib\jsdom\living\xhr\XMLHttpRequest-impl.js:655:18)
    at EventEmitter.emit (node:events:520:35)
    at Request.<anonymous> (E:\learn\projects\blog-frontend-vue\node_modules\jsdom\lib\jsdom\living\xhr\xhr-utils.js:404:14)
    at Request.emit (node:events:508:28)
    at ClientRequest.<anonymous> (E:\learn\projects\blog-frontend-vue\node_modules\jsdom\lib\jsdom\living\helpers\http-request.js:127:14)
    at ClientRequest.emit (node:events:508:28)
    at emitErrorEvent (node:_http_client:107:11)
    at Socket.socketErrorListener (node:_http_client:574:5)
    at Socket.emit (node:events:508:28) undefined
[HTTP Response Error] {
  url: '/auth/refresh',
  status: undefined,
  data: undefined,
  message: 'Network Error'
}
Token refresh failed: AxiosError: Network Error
    at XMLHttpRequest.handleError (file:///E:/learn/projects/blog-frontend-vue/node_modules/axios/lib/adapters/xhr.js:112:20)
    at XMLHttpRequest.invokeTheCallbackFunction (E:\learn\projects\blog-frontend-vue\node_modules\jsdom\lib\jsdom\living\generated\EventHandlerNonNull.js:14:28)
    at XMLHttpRequest.<anonymous> (E:\learn\projects\blog-frontend-vue\node_modules\jsdom\lib\jsdom\living\helpers\create-event-accessor.js:35:32)
    at innerInvokeEventListeners (E:\learn\projects\blog-frontend-vue\node_modules\jsdom\lib\jsdom\living\events\EventTarget-impl.js:350:25)
    at invokeEventListeners (E:\learn\projects\blog-frontend-vue\node_modules\jsdom\lib\jsdom\living\events\EventTarget-impl.js:286:3)
    at XMLHttpRequestImpl._dispatch (E:\learn\projects\blog-frontend-vue\node_modules\jsdom\lib\jsdom\living\events\EventTarget-impl.js:233:9)
    at fireAnEvent (E:\learn\projects\blog-frontend-vue\node_modules\jsdom\lib\jsdom\living\helpers\events.js:18:36)
    at requestErrorSteps (E:\learn\projects\blog-frontend-vue\node_modules\jsdom\lib\jsdom\living\xhr\xhr-utils.js:131:3)
    at Object.dispatchError (E:\learn\projects\blog-frontend-vue\node_modules\jsdom\lib\jsdom\living\xhr\xhr-utils.js:60:3)
    at EventEmitter.<anonymous> (E:\learn\projects\blog-frontend-vue\node_modules\jsdom\lib\jsdom\living\xhr\XMLHttpRequest-impl.js:655:18)
    at Axios.request (file:///E:/learn/projects/blog-frontend-vue/node_modules/axios/lib/core/Axios.js:45:41)
    at processTicksAndRejections (node:internal/process/task_queues:105:5)
    at HttpClient.post (E:\learn\projects\blog-frontend-vue\src\utils\request.ts:289:22)
    at refreshAccessToken (E:\learn\projects\blog-frontend-vue\src\stores\auth.ts:405:24)
    at Proxy.initAuth (E:\learn\projects\blog-frontend-vue\src\stores\auth.ts:519:13)
    at E:\learn\projects\blog-frontend-vue\src\test\properties\auth.property.test.ts:133:11
    at AsyncProperty.run (file:///E:/learn/projects/blog-frontend-vue/node_modules/fast-check/lib/esm/check/property/AsyncProperty.generic.js:46:28)
    at asyncRunIt (file:///E:/learn/projects/blog-frontend-vue/node_modules/fast-check/lib/esm/check/runner/Runner.js:33:21)
    at E:\learn\projects\blog-frontend-vue\src\test\properties\auth.property.test.ts:114:5
    at runTest (file:///E:/learn/projects/blog-frontend-vue/node_modules/@vitest/runner/dist/index.js:781:11) {
  isAxiosError: true,
  code: 'ERR_NETWORK',
  config: {
    transitional: {
      silentJSONParsing: true,
      forcedJSONParsing: true,
      clarifyTimeoutError: false
    },
    adapter: [ 'xhr', 'http', 'fetch' ],
    transformRequest: [ [Function: transformRequest] ],
    transformResponse: [ [Function: transformResponse] ],
    timeout: 10000,
    xsrfCookieName: 'XSRF-TOKEN',
    xsrfHeaderName: 'X-XSRF-TOKEN',
    maxContentLength: -1,
    maxBodyLength: -1,
    env: { FormData: [Function], Blob: [class Blob] },
    validateStatus: [Function: validateStatus],
    headers: Object [AxiosHeaders] {
      Accept: 'application/json',
      'Content-Type': 'application/json',
      'skip-auth': 'true',
      'X-Request-ID': 'req_1770361858631_oqfblub89',
      'X-Timestamp': '1770361858631'
    },
    baseURL: 'http://localhost:8000/api/v1',
    method: 'post',
    url: '/auth/refresh',
    data: '{"refreshToken":"-_e/vy:<fvbSrpbfyfQ3F<s;9>(F%g5?-c"}',
    allowAbsoluteUrls: true
  },
  request: XMLHttpRequest {},
  event: ProgressEvent { isTrusted: [Getter] }
}
Auto refresh token failed: AxiosError: Network Error
    at XMLHttpRequest.handleError (file:///E:/learn/projects/blog-frontend-vue/node_modules/axios/lib/adapters/xhr.js:112:20)
    at XMLHttpRequest.invokeTheCallbackFunction (E:\learn\projects\blog-frontend-vue\node_modules\jsdom\lib\jsdom\living\generated\EventHandlerNonNull.js:14:28)
    at XMLHttpRequest.<anonymous> (E:\learn\projects\blog-frontend-vue\node_modules\jsdom\lib\jsdom\living\helpers\create-event-accessor.js:35:32)
    at innerInvokeEventListeners (E:\learn\projects\blog-frontend-vue\node_modules\jsdom\lib\jsdom\living\events\EventTarget-impl.js:350:25)
    at invokeEventListeners (E:\learn\projects\blog-frontend-vue\node_modules\jsdom\lib\jsdom\living\events\EventTarget-impl.js:286:3)
    at XMLHttpRequestImpl._dispatch (E:\learn\projects\blog-frontend-vue\node_modules\jsdom\lib\jsdom\living\events\EventTarget-impl.js:233:9)
    at fireAnEvent (E:\learn\projects\blog-frontend-vue\node_modules\jsdom\lib\jsdom\living\helpers\events.js:18:36)
    at requestErrorSteps (E:\learn\projects\blog-frontend-vue\node_modules\jsdom\lib\jsdom\living\xhr\xhr-utils.js:131:3)
    at Object.dispatchError (E:\learn\projects\blog-frontend-vue\node_modules\jsdom\lib\jsdom\living\xhr\xhr-utils.js:60:3)
    at EventEmitter.<anonymous> (E:\learn\projects\blog-frontend-vue\node_modules\jsdom\lib\jsdom\living\xhr\XMLHttpRequest-impl.js:655:18)
    at Axios.request (file:///E:/learn/projects/blog-frontend-vue/node_modules/axios/lib/core/Axios.js:45:41)
    at processTicksAndRejections (node:internal/process/task_queues:105:5)
    at HttpClient.post (E:\learn\projects\blog-frontend-vue\src\utils\request.ts:289:22)
    at refreshAccessToken (E:\learn\projects\blog-frontend-vue\src\stores\auth.ts:405:24)
    at Proxy.initAuth (E:\learn\projects\blog-frontend-vue\src\stores\auth.ts:519:13)
    at E:\learn\projects\blog-frontend-vue\src\test\properties\auth.property.test.ts:133:11
    at AsyncProperty.run (file:///E:/learn/projects/blog-frontend-vue/node_modules/fast-check/lib/esm/check/property/AsyncProperty.generic.js:46:28)
    at asyncRunIt (file:///E:/learn/projects/blog-frontend-vue/node_modules/fast-check/lib/esm/check/runner/Runner.js:33:21)
    at E:\learn\projects\blog-frontend-vue\src\test\properties\auth.property.test.ts:114:5
    at runTest (file:///E:/learn/projects/blog-frontend-vue/node_modules/@vitest/runner/dist/index.js:781:11) {
  isAxiosError: true,
  code: 'ERR_NETWORK',
  config: {
    transitional: {
      silentJSONParsing: true,
      forcedJSONParsing: true,
      clarifyTimeoutError: false
    },
    adapter: [ 'xhr', 'http', 'fetch' ],
    transformRequest: [ [Function: transformRequest] ],
    transformResponse: [ [Function: transformResponse] ],
    timeout: 10000,
    xsrfCookieName: 'XSRF-TOKEN',
    xsrfHeaderName: 'X-XSRF-TOKEN',
    maxContentLength: -1,
    maxBodyLength: -1,
    env: { FormData: [Function], Blob: [class Blob] },
    validateStatus: [Function: validateStatus],
    headers: Object [AxiosHeaders] {
      Accept: 'application/json',
      'Content-Type': 'application/json',
      'skip-auth': 'true',
      'X-Request-ID': 'req_1770361858631_oqfblub89',
      'X-Timestamp': '1770361858631'
    },
    baseURL: 'http://localhost:8000/api/v1',
    method: 'post',
    url: '/auth/refresh',
    data: '{"refreshToken":"-_e/vy:<fvbSrpbfyfQ3F<s;9>(F%g5?-c"}',
    allowAbsoluteUrls: true
  },
  request: XMLHttpRequest {},
  event: ProgressEvent { isTrusted: [Getter] }
}

[90mstdout[2m | src/test/properties/auth.property.test.ts[2m > [22m[2m璁よ瘉灞炴€ф祴璇?[2m > [22m[2mProperty 1.1: Token Expiration Consistency[22m[39m
[HTTP Request] POST /auth/refresh {
  headers: Object [AxiosHeaders] {
    Accept: [32m'application/json'[39m,
    [32m'Content-Type'[39m: [32m'application/json'[39m,
    [32m'skip-auth'[39m: [32m'true'[39m,
    [32m'X-Request-ID'[39m: [32m'req_1770361858660_9t942ibhp'[39m,
    [32m'X-Timestamp'[39m: [32m'1770361858660'[39m
  },
  data: { refreshToken: [32m'd|$1@6<AAI.!%vc^,gn1!?"[pk9jCKv'[39m },
  params: [90mundefined[39m
}

stderr | src/test/properties/auth.property.test.ts > 璁よ瘉灞炴€ф祴璇?[2m > Property 1.1: Token Expiration Consistency
Error: AggregateError
    at Object.dispatchError (E:\learn\projects\blog-frontend-vue\node_modules\jsdom\lib\jsdom\living\xhr\xhr-utils.js:63:19)
    at EventEmitter.<anonymous> (E:\learn\projects\blog-frontend-vue\node_modules\jsdom\lib\jsdom\living\xhr\XMLHttpRequest-impl.js:655:18)
    at EventEmitter.emit (node:events:520:35)
    at Request.<anonymous> (E:\learn\projects\blog-frontend-vue\node_modules\jsdom\lib\jsdom\living\xhr\xhr-utils.js:404:14)
    at Request.emit (node:events:508:28)
    at ClientRequest.<anonymous> (E:\learn\projects\blog-frontend-vue\node_modules\jsdom\lib\jsdom\living\helpers\http-request.js:127:14)
    at ClientRequest.emit (node:events:508:28)
    at emitErrorEvent (node:_http_client:107:11)
    at Socket.socketErrorListener (node:_http_client:574:5)
    at Socket.emit (node:events:508:28) undefined
[HTTP Response Error] {
  url: '/auth/refresh',
  status: undefined,
  data: undefined,
  message: 'Network Error'
}
Token refresh failed: AxiosError: Network Error
    at XMLHttpRequest.handleError (file:///E:/learn/projects/blog-frontend-vue/node_modules/axios/lib/adapters/xhr.js:112:20)
    at XMLHttpRequest.invokeTheCallbackFunction (E:\learn\projects\blog-frontend-vue\node_modules\jsdom\lib\jsdom\living\generated\EventHandlerNonNull.js:14:28)
    at XMLHttpRequest.<anonymous> (E:\learn\projects\blog-frontend-vue\node_modules\jsdom\lib\jsdom\living\helpers\create-event-accessor.js:35:32)
    at innerInvokeEventListeners (E:\learn\projects\blog-frontend-vue\node_modules\jsdom\lib\jsdom\living\events\EventTarget-impl.js:350:25)
    at invokeEventListeners (E:\learn\projects\blog-frontend-vue\node_modules\jsdom\lib\jsdom\living\events\EventTarget-impl.js:286:3)
    at XMLHttpRequestImpl._dispatch (E:\learn\projects\blog-frontend-vue\node_modules\jsdom\lib\jsdom\living\events\EventTarget-impl.js:233:9)
    at fireAnEvent (E:\learn\projects\blog-frontend-vue\node_modules\jsdom\lib\jsdom\living\helpers\events.js:18:36)
    at requestErrorSteps (E:\learn\projects\blog-frontend-vue\node_modules\jsdom\lib\jsdom\living\xhr\xhr-utils.js:131:3)
    at Object.dispatchError (E:\learn\projects\blog-frontend-vue\node_modules\jsdom\lib\jsdom\living\xhr\xhr-utils.js:60:3)
    at EventEmitter.<anonymous> (E:\learn\projects\blog-frontend-vue\node_modules\jsdom\lib\jsdom\living\xhr\XMLHttpRequest-impl.js:655:18)
    at Axios.request (file:///E:/learn/projects/blog-frontend-vue/node_modules/axios/lib/core/Axios.js:45:41)
    at processTicksAndRejections (node:internal/process/task_queues:105:5)
    at HttpClient.post (E:\learn\projects\blog-frontend-vue\src\utils\request.ts:289:22)
    at refreshAccessToken (E:\learn\projects\blog-frontend-vue\src\stores\auth.ts:405:24)
    at Proxy.initAuth (E:\learn\projects\blog-frontend-vue\src\stores\auth.ts:519:13)
    at E:\learn\projects\blog-frontend-vue\src\test\properties\auth.property.test.ts:133:11
    at AsyncProperty.run (file:///E:/learn/projects/blog-frontend-vue/node_modules/fast-check/lib/esm/check/property/AsyncProperty.generic.js:46:28)
    at asyncRunIt (file:///E:/learn/projects/blog-frontend-vue/node_modules/fast-check/lib/esm/check/runner/Runner.js:33:21)
    at E:\learn\projects\blog-frontend-vue\src\test\properties\auth.property.test.ts:114:5
    at runTest (file:///E:/learn/projects/blog-frontend-vue/node_modules/@vitest/runner/dist/index.js:781:11) {
  isAxiosError: true,
  code: 'ERR_NETWORK',
  config: {
    transitional: {
      silentJSONParsing: true,
      forcedJSONParsing: true,
      clarifyTimeoutError: false
    },
    adapter: [ 'xhr', 'http', 'fetch' ],
    transformRequest: [ [Function: transformRequest] ],
    transformResponse: [ [Function: transformResponse] ],
    timeout: 10000,
    xsrfCookieName: 'XSRF-TOKEN',
    xsrfHeaderName: 'X-XSRF-TOKEN',
    maxContentLength: -1,
    maxBodyLength: -1,
    env: { FormData: [Function], Blob: [class Blob] },
    validateStatus: [Function: validateStatus],
    headers: Object [AxiosHeaders] {
      Accept: 'application/json',
      'Content-Type': 'application/json',
      'skip-auth': 'true',
      'X-Request-ID': 'req_1770361858660_9t942ibhp',
      'X-Timestamp': '1770361858660'
    },
    baseURL: 'http://localhost:8000/api/v1',
    method: 'post',
    url: '/auth/refresh',
    data: '{"refreshToken":"d|$1@6<AAI.!%vc^,gn1!?\\"[pk9jCKv"}',
    allowAbsoluteUrls: true
  },
  request: XMLHttpRequest {},
  event: ProgressEvent { isTrusted: [Getter] }
}
Auto refresh token failed: AxiosError: Network Error
    at XMLHttpRequest.handleError (file:///E:/learn/projects/blog-frontend-vue/node_modules/axios/lib/adapters/xhr.js:112:20)
    at XMLHttpRequest.invokeTheCallbackFunction (E:\learn\projects\blog-frontend-vue\node_modules\jsdom\lib\jsdom\living\generated\EventHandlerNonNull.js:14:28)
    at XMLHttpRequest.<anonymous> (E:\learn\projects\blog-frontend-vue\node_modules\jsdom\lib\jsdom\living\helpers\create-event-accessor.js:35:32)
    at innerInvokeEventListeners (E:\learn\projects\blog-frontend-vue\node_modules\jsdom\lib\jsdom\living\events\EventTarget-impl.js:350:25)
    at invokeEventListeners (E:\learn\projects\blog-frontend-vue\node_modules\jsdom\lib\jsdom\living\events\EventTarget-impl.js:286:3)
    at XMLHttpRequestImpl._dispatch (E:\learn\projects\blog-frontend-vue\node_modules\jsdom\lib\jsdom\living\events\EventTarget-impl.js:233:9)
    at fireAnEvent (E:\learn\projects\blog-frontend-vue\node_modules\jsdom\lib\jsdom\living\helpers\events.js:18:36)
    at requestErrorSteps (E:\learn\projects\blog-frontend-vue\node_modules\jsdom\lib\jsdom\living\xhr\xhr-utils.js:131:3)
    at Object.dispatchError (E:\learn\projects\blog-frontend-vue\node_modules\jsdom\lib\jsdom\living\xhr\xhr-utils.js:60:3)
    at EventEmitter.<anonymous> (E:\learn\projects\blog-frontend-vue\node_modules\jsdom\lib\jsdom\living\xhr\XMLHttpRequest-impl.js:655:18)
    at Axios.request (file:///E:/learn/projects/blog-frontend-vue/node_modules/axios/lib/core/Axios.js:45:41)
    at processTicksAndRejections (node:internal/process/task_queues:105:5)
    at HttpClient.post (E:\learn\projects\blog-frontend-vue\src\utils\request.ts:289:22)
    at refreshAccessToken (E:\learn\projects\blog-frontend-vue\src\stores\auth.ts:405:24)
    at Proxy.initAuth (E:\learn\projects\blog-frontend-vue\src\stores\auth.ts:519:13)
    at E:\learn\projects\blog-frontend-vue\src\test\properties\auth.property.test.ts:133:11
    at AsyncProperty.run (file:///E:/learn/projects/blog-frontend-vue/node_modules/fast-check/lib/esm/check/property/AsyncProperty.generic.js:46:28)
    at asyncRunIt (file:///E:/learn/projects/blog-frontend-vue/node_modules/fast-check/lib/esm/check/runner/Runner.js:33:21)
    at E:\learn\projects\blog-frontend-vue\src\test\properties\auth.property.test.ts:114:5
    at runTest (file:///E:/learn/projects/blog-frontend-vue/node_modules/@vitest/runner/dist/index.js:781:11) {
  isAxiosError: true,
  code: 'ERR_NETWORK',
  config: {
    transitional: {
      silentJSONParsing: true,
      forcedJSONParsing: true,
      clarifyTimeoutError: false
    },
    adapter: [ 'xhr', 'http', 'fetch' ],
    transformRequest: [ [Function: transformRequest] ],
    transformResponse: [ [Function: transformResponse] ],
    timeout: 10000,
    xsrfCookieName: 'XSRF-TOKEN',
    xsrfHeaderName: 'X-XSRF-TOKEN',
    maxContentLength: -1,
    maxBodyLength: -1,
    env: { FormData: [Function], Blob: [class Blob] },
    validateStatus: [Function: validateStatus],
    headers: Object [AxiosHeaders] {
      Accept: 'application/json',
      'Content-Type': 'application/json',
      'skip-auth': 'true',
      'X-Request-ID': 'req_1770361858660_9t942ibhp',
      'X-Timestamp': '1770361858660'
    },
    baseURL: 'http://localhost:8000/api/v1',
    method: 'post',
    url: '/auth/refresh',
    data: '{"refreshToken":"d|$1@6<AAI.!%vc^,gn1!?\\"[pk9jCKv"}',
    allowAbsoluteUrls: true
  },
  request: XMLHttpRequest {},
  event: ProgressEvent { isTrusted: [Getter] }
}

[90mstdout[2m | src/test/properties/auth.property.test.ts[2m > [22m[2m璁よ瘉灞炴€ф祴璇?[2m > [22m[2mProperty 1.1: Token Expiration Consistency[22m[39m
[HTTP Request] POST /auth/refresh {
  headers: Object [AxiosHeaders] {
    Accept: [32m'application/json'[39m,
    [32m'Content-Type'[39m: [32m'application/json'[39m,
    [32m'skip-auth'[39m: [32m'true'[39m,
    [32m'X-Request-ID'[39m: [32m'req_1770361858684_g9531crfv'[39m,
    [32m'X-Timestamp'[39m: [32m'1770361858684'[39m
  },
  data: { refreshToken: [32m'*jHbVFW{_T8f=?olsnWy`='[39m },
  params: [90mundefined[39m
}

stderr | src/test/properties/auth.property.test.ts > 璁よ瘉灞炴€ф祴璇?[2m > Property 1.1: Token Expiration Consistency
Error: AggregateError
    at Object.dispatchError (E:\learn\projects\blog-frontend-vue\node_modules\jsdom\lib\jsdom\living\xhr\xhr-utils.js:63:19)
    at EventEmitter.<anonymous> (E:\learn\projects\blog-frontend-vue\node_modules\jsdom\lib\jsdom\living\xhr\XMLHttpRequest-impl.js:655:18)
    at EventEmitter.emit (node:events:520:35)
    at Request.<anonymous> (E:\learn\projects\blog-frontend-vue\node_modules\jsdom\lib\jsdom\living\xhr\xhr-utils.js:404:14)
    at Request.emit (node:events:508:28)
    at ClientRequest.<anonymous> (E:\learn\projects\blog-frontend-vue\node_modules\jsdom\lib\jsdom\living\helpers\http-request.js:127:14)
    at ClientRequest.emit (node:events:508:28)
    at emitErrorEvent (node:_http_client:107:11)
    at Socket.socketErrorListener (node:_http_client:574:5)
    at Socket.emit (node:events:508:28) undefined
[HTTP Response Error] {
  url: '/auth/refresh',
  status: undefined,
  data: undefined,
  message: 'Network Error'
}
Token refresh failed: AxiosError: Network Error
    at XMLHttpRequest.handleError (file:///E:/learn/projects/blog-frontend-vue/node_modules/axios/lib/adapters/xhr.js:112:20)
    at XMLHttpRequest.invokeTheCallbackFunction (E:\learn\projects\blog-frontend-vue\node_modules\jsdom\lib\jsdom\living\generated\EventHandlerNonNull.js:14:28)
    at XMLHttpRequest.<anonymous> (E:\learn\projects\blog-frontend-vue\node_modules\jsdom\lib\jsdom\living\helpers\create-event-accessor.js:35:32)
    at innerInvokeEventListeners (E:\learn\projects\blog-frontend-vue\node_modules\jsdom\lib\jsdom\living\events\EventTarget-impl.js:350:25)
    at invokeEventListeners (E:\learn\projects\blog-frontend-vue\node_modules\jsdom\lib\jsdom\living\events\EventTarget-impl.js:286:3)
    at XMLHttpRequestImpl._dispatch (E:\learn\projects\blog-frontend-vue\node_modules\jsdom\lib\jsdom\living\events\EventTarget-impl.js:233:9)
    at fireAnEvent (E:\learn\projects\blog-frontend-vue\node_modules\jsdom\lib\jsdom\living\helpers\events.js:18:36)
    at requestErrorSteps (E:\learn\projects\blog-frontend-vue\node_modules\jsdom\lib\jsdom\living\xhr\xhr-utils.js:131:3)
    at Object.dispatchError (E:\learn\projects\blog-frontend-vue\node_modules\jsdom\lib\jsdom\living\xhr\xhr-utils.js:60:3)
    at EventEmitter.<anonymous> (E:\learn\projects\blog-frontend-vue\node_modules\jsdom\lib\jsdom\living\xhr\XMLHttpRequest-impl.js:655:18)
    at Axios.request (file:///E:/learn/projects/blog-frontend-vue/node_modules/axios/lib/core/Axios.js:45:41)
    at processTicksAndRejections (node:internal/process/task_queues:105:5)
    at HttpClient.post (E:\learn\projects\blog-frontend-vue\src\utils\request.ts:289:22)
    at refreshAccessToken (E:\learn\projects\blog-frontend-vue\src\stores\auth.ts:405:24)
    at Proxy.initAuth (E:\learn\projects\blog-frontend-vue\src\stores\auth.ts:519:13)
    at E:\learn\projects\blog-frontend-vue\src\test\properties\auth.property.test.ts:133:11
    at AsyncProperty.run (file:///E:/learn/projects/blog-frontend-vue/node_modules/fast-check/lib/esm/check/property/AsyncProperty.generic.js:46:28)
    at asyncRunIt (file:///E:/learn/projects/blog-frontend-vue/node_modules/fast-check/lib/esm/check/runner/Runner.js:33:21)
    at E:\learn\projects\blog-frontend-vue\src\test\properties\auth.property.test.ts:114:5
    at runTest (file:///E:/learn/projects/blog-frontend-vue/node_modules/@vitest/runner/dist/index.js:781:11) {
  isAxiosError: true,
  code: 'ERR_NETWORK',
  config: {
    transitional: {
      silentJSONParsing: true,
      forcedJSONParsing: true,
      clarifyTimeoutError: false
    },
    adapter: [ 'xhr', 'http', 'fetch' ],
    transformRequest: [ [Function: transformRequest] ],
    transformResponse: [ [Function: transformResponse] ],
    timeout: 10000,
    xsrfCookieName: 'XSRF-TOKEN',
    xsrfHeaderName: 'X-XSRF-TOKEN',
    maxContentLength: -1,
    maxBodyLength: -1,
    env: { FormData: [Function], Blob: [class Blob] },
    validateStatus: [Function: validateStatus],
    headers: Object [AxiosHeaders] {
      Accept: 'application/json',
      'Content-Type': 'application/json',
      'skip-auth': 'true',
      'X-Request-ID': 'req_1770361858684_g9531crfv',
      'X-Timestamp': '1770361858684'
    },
    baseURL: 'http://localhost:8000/api/v1',
    method: 'post',
    url: '/auth/refresh',
    data: '{"refreshToken":"*jHbVFW{_T8f=?olsnWy`="}',
    allowAbsoluteUrls: true
  },
  request: XMLHttpRequest {},
  event: ProgressEvent { isTrusted: [Getter] }
}
Auto refresh token failed: AxiosError: Network Error
    at XMLHttpRequest.handleError (file:///E:/learn/projects/blog-frontend-vue/node_modules/axios/lib/adapters/xhr.js:112:20)
    at XMLHttpRequest.invokeTheCallbackFunction (E:\learn\projects\blog-frontend-vue\node_modules\jsdom\lib\jsdom\living\generated\EventHandlerNonNull.js:14:28)
    at XMLHttpRequest.<anonymous> (E:\learn\projects\blog-frontend-vue\node_modules\jsdom\lib\jsdom\living\helpers\create-event-accessor.js:35:32)
    at innerInvokeEventListeners (E:\learn\projects\blog-frontend-vue\node_modules\jsdom\lib\jsdom\living\events\EventTarget-impl.js:350:25)
    at invokeEventListeners (E:\learn\projects\blog-frontend-vue\node_modules\jsdom\lib\jsdom\living\events\EventTarget-impl.js:286:3)
    at XMLHttpRequestImpl._dispatch (E:\learn\projects\blog-frontend-vue\node_modules\jsdom\lib\jsdom\living\events\EventTarget-impl.js:233:9)
    at fireAnEvent (E:\learn\projects\blog-frontend-vue\node_modules\jsdom\lib\jsdom\living\helpers\events.js:18:36)
    at requestErrorSteps (E:\learn\projects\blog-frontend-vue\node_modules\jsdom\lib\jsdom\living\xhr\xhr-utils.js:131:3)
    at Object.dispatchError (E:\learn\projects\blog-frontend-vue\node_modules\jsdom\lib\jsdom\living\xhr\xhr-utils.js:60:3)
    at EventEmitter.<anonymous> (E:\learn\projects\blog-frontend-vue\node_modules\jsdom\lib\jsdom\living\xhr\XMLHttpRequest-impl.js:655:18)
    at Axios.request (file:///E:/learn/projects/blog-frontend-vue/node_modules/axios/lib/core/Axios.js:45:41)
    at processTicksAndRejections (node:internal/process/task_queues:105:5)
    at HttpClient.post (E:\learn\projects\blog-frontend-vue\src\utils\request.ts:289:22)
    at refreshAccessToken (E:\learn\projects\blog-frontend-vue\src\stores\auth.ts:405:24)
    at Proxy.initAuth (E:\learn\projects\blog-frontend-vue\src\stores\auth.ts:519:13)
    at E:\learn\projects\blog-frontend-vue\src\test\properties\auth.property.test.ts:133:11
    at AsyncProperty.run (file:///E:/learn/projects/blog-frontend-vue/node_modules/fast-check/lib/esm/check/property/AsyncProperty.generic.js:46:28)
    at asyncRunIt (file:///E:/learn/projects/blog-frontend-vue/node_modules/fast-check/lib/esm/check/runner/Runner.js:33:21)
    at E:\learn\projects\blog-frontend-vue\src\test\properties\auth.property.test.ts:114:5
    at runTest (file:///E:/learn/projects/blog-frontend-vue/node_modules/@vitest/runner/dist/index.js:781:11) {
  isAxiosError: true,
  code: 'ERR_NETWORK',
  config: {
    transitional: {
      silentJSONParsing: true,
      forcedJSONParsing: true,
      clarifyTimeoutError: false
    },
    adapter: [ 'xhr', 'http', 'fetch' ],
    transformRequest: [ [Function: transformRequest] ],
    transformResponse: [ [Function: transformResponse] ],
    timeout: 10000,
    xsrfCookieName: 'XSRF-TOKEN',
    xsrfHeaderName: 'X-XSRF-TOKEN',
    maxContentLength: -1,
    maxBodyLength: -1,
    env: { FormData: [Function], Blob: [class Blob] },
    validateStatus: [Function: validateStatus],
    headers: Object [AxiosHeaders] {
      Accept: 'application/json',
      'Content-Type': 'application/json',
      'skip-auth': 'true',
      'X-Request-ID': 'req_1770361858684_g9531crfv',
      'X-Timestamp': '1770361858684'
    },
    baseURL: 'http://localhost:8000/api/v1',
    method: 'post',
    url: '/auth/refresh',
    data: '{"refreshToken":"*jHbVFW{_T8f=?olsnWy`="}',
    allowAbsoluteUrls: true
  },
  request: XMLHttpRequest {},
  event: ProgressEvent { isTrusted: [Getter] }
}

[90mstdout[2m | src/test/properties/auth.property.test.ts[2m > [22m[2m璁よ瘉灞炴€ф祴璇?[2m > [22m[2mProperty 1.1: Token Expiration Consistency[22m[39m
[HTTP Request] POST /auth/refresh {
  headers: Object [AxiosHeaders] {
    Accept: [32m'application/json'[39m,
    [32m'Content-Type'[39m: [32m'application/json'[39m,
    [32m'skip-auth'[39m: [32m'true'[39m,
    [32m'X-Request-ID'[39m: [32m'req_1770361858706_hvysrf42w'[39m,
    [32m'X-Timestamp'[39m: [32m'1770361858706'[39m
  },
  data: { refreshToken: [32m'!| propertyIsEnumerable&]xBsE'[39m },
  params: [90mundefined[39m
}

stderr | src/test/properties/auth.property.test.ts > 璁よ瘉灞炴€ф祴璇?[2m > Property 1.1: Token Expiration Consistency
Error: AggregateError
    at Object.dispatchError (E:\learn\projects\blog-frontend-vue\node_modules\jsdom\lib\jsdom\living\xhr\xhr-utils.js:63:19)
    at EventEmitter.<anonymous> (E:\learn\projects\blog-frontend-vue\node_modules\jsdom\lib\jsdom\living\xhr\XMLHttpRequest-impl.js:655:18)
    at EventEmitter.emit (node:events:520:35)
    at Request.<anonymous> (E:\learn\projects\blog-frontend-vue\node_modules\jsdom\lib\jsdom\living\xhr\xhr-utils.js:404:14)
    at Request.emit (node:events:508:28)
    at ClientRequest.<anonymous> (E:\learn\projects\blog-frontend-vue\node_modules\jsdom\lib\jsdom\living\helpers\http-request.js:127:14)
    at ClientRequest.emit (node:events:508:28)
    at emitErrorEvent (node:_http_client:107:11)
    at Socket.socketErrorListener (node:_http_client:574:5)
    at Socket.emit (node:events:508:28) undefined
[HTTP Response Error] {
  url: '/auth/refresh',
  status: undefined,
  data: undefined,
  message: 'Network Error'
}
Token refresh failed: AxiosError: Network Error
    at XMLHttpRequest.handleError (file:///E:/learn/projects/blog-frontend-vue/node_modules/axios/lib/adapters/xhr.js:112:20)
    at XMLHttpRequest.invokeTheCallbackFunction (E:\learn\projects\blog-frontend-vue\node_modules\jsdom\lib\jsdom\living\generated\EventHandlerNonNull.js:14:28)
    at XMLHttpRequest.<anonymous> (E:\learn\projects\blog-frontend-vue\node_modules\jsdom\lib\jsdom\living\helpers\create-event-accessor.js:35:32)
    at innerInvokeEventListeners (E:\learn\projects\blog-frontend-vue\node_modules\jsdom\lib\jsdom\living\events\EventTarget-impl.js:350:25)
    at invokeEventListeners (E:\learn\projects\blog-frontend-vue\node_modules\jsdom\lib\jsdom\living\events\EventTarget-impl.js:286:3)
    at XMLHttpRequestImpl._dispatch (E:\learn\projects\blog-frontend-vue\node_modules\jsdom\lib\jsdom\living\events\EventTarget-impl.js:233:9)
    at fireAnEvent (E:\learn\projects\blog-frontend-vue\node_modules\jsdom\lib\jsdom\living\helpers\events.js:18:36)
    at requestErrorSteps (E:\learn\projects\blog-frontend-vue\node_modules\jsdom\lib\jsdom\living\xhr\xhr-utils.js:131:3)
    at Object.dispatchError (E:\learn\projects\blog-frontend-vue\node_modules\jsdom\lib\jsdom\living\xhr\xhr-utils.js:60:3)
    at EventEmitter.<anonymous> (E:\learn\projects\blog-frontend-vue\node_modules\jsdom\lib\jsdom\living\xhr\XMLHttpRequest-impl.js:655:18)
    at Axios.request (file:///E:/learn/projects/blog-frontend-vue/node_modules/axios/lib/core/Axios.js:45:41)
    at processTicksAndRejections (node:internal/process/task_queues:105:5)
    at HttpClient.post (E:\learn\projects\blog-frontend-vue\src\utils\request.ts:289:22)
    at refreshAccessToken (E:\learn\projects\blog-frontend-vue\src\stores\auth.ts:405:24)
    at Proxy.initAuth (E:\learn\projects\blog-frontend-vue\src\stores\auth.ts:519:13)
    at E:\learn\projects\blog-frontend-vue\src\test\properties\auth.property.test.ts:133:11
    at AsyncProperty.run (file:///E:/learn/projects/blog-frontend-vue/node_modules/fast-check/lib/esm/check/property/AsyncProperty.generic.js:46:28)
    at asyncRunIt (file:///E:/learn/projects/blog-frontend-vue/node_modules/fast-check/lib/esm/check/runner/Runner.js:33:21)
    at E:\learn\projects\blog-frontend-vue\src\test\properties\auth.property.test.ts:114:5
    at runTest (file:///E:/learn/projects/blog-frontend-vue/node_modules/@vitest/runner/dist/index.js:781:11) {
  isAxiosError: true,
  code: 'ERR_NETWORK',
  config: {
    transitional: {
      silentJSONParsing: true,
      forcedJSONParsing: true,
      clarifyTimeoutError: false
    },
    adapter: [ 'xhr', 'http', 'fetch' ],
    transformRequest: [ [Function: transformRequest] ],
    transformResponse: [ [Function: transformResponse] ],
    timeout: 10000,
    xsrfCookieName: 'XSRF-TOKEN',
    xsrfHeaderName: 'X-XSRF-TOKEN',
    maxContentLength: -1,
    maxBodyLength: -1,
    env: { FormData: [Function], Blob: [class Blob] },
    validateStatus: [Function: validateStatus],
    headers: Object [AxiosHeaders] {
      Accept: 'application/json',
      'Content-Type': 'application/json',
      'skip-auth': 'true',
      'X-Request-ID': 'req_1770361858706_hvysrf42w',
      'X-Timestamp': '1770361858706'
    },
    baseURL: 'http://localhost:8000/api/v1',
    method: 'post',
    url: '/auth/refresh',
    data: '{"refreshToken":"!| propertyIsEnumerable&]xBsE"}',
    allowAbsoluteUrls: true
  },
  request: XMLHttpRequest {},
  event: ProgressEvent { isTrusted: [Getter] }
}
Auto refresh token failed: AxiosError: Network Error
    at XMLHttpRequest.handleError (file:///E:/learn/projects/blog-frontend-vue/node_modules/axios/lib/adapters/xhr.js:112:20)
    at XMLHttpRequest.invokeTheCallbackFunction (E:\learn\projects\blog-frontend-vue\node_modules\jsdom\lib\jsdom\living\generated\EventHandlerNonNull.js:14:28)
    at XMLHttpRequest.<anonymous> (E:\learn\projects\blog-frontend-vue\node_modules\jsdom\lib\jsdom\living\helpers\create-event-accessor.js:35:32)
    at innerInvokeEventListeners (E:\learn\projects\blog-frontend-vue\node_modules\jsdom\lib\jsdom\living\events\EventTarget-impl.js:350:25)
    at invokeEventListeners (E:\learn\projects\blog-frontend-vue\node_modules\jsdom\lib\jsdom\living\events\EventTarget-impl.js:286:3)
    at XMLHttpRequestImpl._dispatch (E:\learn\projects\blog-frontend-vue\node_modules\jsdom\lib\jsdom\living\events\EventTarget-impl.js:233:9)
    at fireAnEvent (E:\learn\projects\blog-frontend-vue\node_modules\jsdom\lib\jsdom\living\helpers\events.js:18:36)
    at requestErrorSteps (E:\learn\projects\blog-frontend-vue\node_modules\jsdom\lib\jsdom\living\xhr\xhr-utils.js:131:3)
    at Object.dispatchError (E:\learn\projects\blog-frontend-vue\node_modules\jsdom\lib\jsdom\living\xhr\xhr-utils.js:60:3)
    at EventEmitter.<anonymous> (E:\learn\projects\blog-frontend-vue\node_modules\jsdom\lib\jsdom\living\xhr\XMLHttpRequest-impl.js:655:18)
    at Axios.request (file:///E:/learn/projects/blog-frontend-vue/node_modules/axios/lib/core/Axios.js:45:41)
    at processTicksAndRejections (node:internal/process/task_queues:105:5)
    at HttpClient.post (E:\learn\projects\blog-frontend-vue\src\utils\request.ts:289:22)
    at refreshAccessToken (E:\learn\projects\blog-frontend-vue\src\stores\auth.ts:405:24)
    at Proxy.initAuth (E:\learn\projects\blog-frontend-vue\src\stores\auth.ts:519:13)
    at E:\learn\projects\blog-frontend-vue\src\test\properties\auth.property.test.ts:133:11
    at AsyncProperty.run (file:///E:/learn/projects/blog-frontend-vue/node_modules/fast-check/lib/esm/check/property/AsyncProperty.generic.js:46:28)
    at asyncRunIt (file:///E:/learn/projects/blog-frontend-vue/node_modules/fast-check/lib/esm/check/runner/Runner.js:33:21)
    at E:\learn\projects\blog-frontend-vue\src\test\properties\auth.property.test.ts:114:5
    at runTest (file:///E:/learn/projects/blog-frontend-vue/node_modules/@vitest/runner/dist/index.js:781:11) {
  isAxiosError: true,
  code: 'ERR_NETWORK',
  config: {
    transitional: {
      silentJSONParsing: true,
      forcedJSONParsing: true,
      clarifyTimeoutError: false
    },
    adapter: [ 'xhr', 'http', 'fetch' ],
    transformRequest: [ [Function: transformRequest] ],
    transformResponse: [ [Function: transformResponse] ],
    timeout: 10000,
    xsrfCookieName: 'XSRF-TOKEN',
    xsrfHeaderName: 'X-XSRF-TOKEN',
    maxContentLength: -1,
    maxBodyLength: -1,
    env: { FormData: [Function], Blob: [class Blob] },
    validateStatus: [Function: validateStatus],
    headers: Object [AxiosHeaders] {
      Accept: 'application/json',
      'Content-Type': 'application/json',
      'skip-auth': 'true',
      'X-Request-ID': 'req_1770361858706_hvysrf42w',
      'X-Timestamp': '1770361858706'
    },
    baseURL: 'http://localhost:8000/api/v1',
    method: 'post',
    url: '/auth/refresh',
    data: '{"refreshToken":"!| propertyIsEnumerable&]xBsE"}',
    allowAbsoluteUrls: true
  },
  request: XMLHttpRequest {},
  event: ProgressEvent { isTrusted: [Getter] }
}

[90mstdout[2m | src/test/properties/auth.property.test.ts[2m > [22m[2m璁よ瘉灞炴€ф祴璇?[2m > [22m[2mProperty 1.1: Token Expiration Consistency[22m[39m
[HTTP Request] POST /auth/refresh {
  headers: Object [AxiosHeaders] {
    Accept: [32m'application/json'[39m,
    [32m'Content-Type'[39m: [32m'application/json'[39m,
    [32m'skip-auth'[39m: [32m'true'[39m,
    [32m'X-Request-ID'[39m: [32m'req_1770361858725_vws56ya4s'[39m,
    [32m'X-Timestamp'[39m: [32m'1770361858725'[39m
  },
  data: { refreshToken: [32m'*Y_nx$o>E}}<"IaC{vBhyo~a<P`:292FSAu'[39m },
  params: [90mundefined[39m
}

stderr | src/test/properties/auth.property.test.ts > 璁よ瘉灞炴€ф祴璇?[2m > Property 1.1: Token Expiration Consistency
Error: AggregateError
    at Object.dispatchError (E:\learn\projects\blog-frontend-vue\node_modules\jsdom\lib\jsdom\living\xhr\xhr-utils.js:63:19)
    at EventEmitter.<anonymous> (E:\learn\projects\blog-frontend-vue\node_modules\jsdom\lib\jsdom\living\xhr\XMLHttpRequest-impl.js:655:18)
    at EventEmitter.emit (node:events:520:35)
    at Request.<anonymous> (E:\learn\projects\blog-frontend-vue\node_modules\jsdom\lib\jsdom\living\xhr\xhr-utils.js:404:14)
    at Request.emit (node:events:508:28)
    at ClientRequest.<anonymous> (E:\learn\projects\blog-frontend-vue\node_modules\jsdom\lib\jsdom\living\helpers\http-request.js:127:14)
    at ClientRequest.emit (node:events:508:28)
    at emitErrorEvent (node:_http_client:107:11)
    at Socket.socketErrorListener (node:_http_client:574:5)
    at Socket.emit (node:events:508:28) undefined
[HTTP Response Error] {
  url: '/auth/refresh',
  status: undefined,
  data: undefined,
  message: 'Network Error'
}
Token refresh failed: AxiosError: Network Error
    at XMLHttpRequest.handleError (file:///E:/learn/projects/blog-frontend-vue/node_modules/axios/lib/adapters/xhr.js:112:20)
    at XMLHttpRequest.invokeTheCallbackFunction (E:\learn\projects\blog-frontend-vue\node_modules\jsdom\lib\jsdom\living\generated\EventHandlerNonNull.js:14:28)
    at XMLHttpRequest.<anonymous> (E:\learn\projects\blog-frontend-vue\node_modules\jsdom\lib\jsdom\living\helpers\create-event-accessor.js:35:32)
    at innerInvokeEventListeners (E:\learn\projects\blog-frontend-vue\node_modules\jsdom\lib\jsdom\living\events\EventTarget-impl.js:350:25)
    at invokeEventListeners (E:\learn\projects\blog-frontend-vue\node_modules\jsdom\lib\jsdom\living\events\EventTarget-impl.js:286:3)
    at XMLHttpRequestImpl._dispatch (E:\learn\projects\blog-frontend-vue\node_modules\jsdom\lib\jsdom\living\events\EventTarget-impl.js:233:9)
    at fireAnEvent (E:\learn\projects\blog-frontend-vue\node_modules\jsdom\lib\jsdom\living\helpers\events.js:18:36)
    at requestErrorSteps (E:\learn\projects\blog-frontend-vue\node_modules\jsdom\lib\jsdom\living\xhr\xhr-utils.js:131:3)
    at Object.dispatchError (E:\learn\projects\blog-frontend-vue\node_modules\jsdom\lib\jsdom\living\xhr\xhr-utils.js:60:3)
    at EventEmitter.<anonymous> (E:\learn\projects\blog-frontend-vue\node_modules\jsdom\lib\jsdom\living\xhr\XMLHttpRequest-impl.js:655:18)
    at Axios.request (file:///E:/learn/projects/blog-frontend-vue/node_modules/axios/lib/core/Axios.js:45:41)
    at processTicksAndRejections (node:internal/process/task_queues:105:5)
    at HttpClient.post (E:\learn\projects\blog-frontend-vue\src\utils\request.ts:289:22)
    at refreshAccessToken (E:\learn\projects\blog-frontend-vue\src\stores\auth.ts:405:24)
    at Proxy.initAuth (E:\learn\projects\blog-frontend-vue\src\stores\auth.ts:519:13)
    at E:\learn\projects\blog-frontend-vue\src\test\properties\auth.property.test.ts:133:11
    at AsyncProperty.run (file:///E:/learn/projects/blog-frontend-vue/node_modules/fast-check/lib/esm/check/property/AsyncProperty.generic.js:46:28)
    at asyncRunIt (file:///E:/learn/projects/blog-frontend-vue/node_modules/fast-check/lib/esm/check/runner/Runner.js:33:21)
    at E:\learn\projects\blog-frontend-vue\src\test\properties\auth.property.test.ts:114:5
    at runTest (file:///E:/learn/projects/blog-frontend-vue/node_modules/@vitest/runner/dist/index.js:781:11) {
  isAxiosError: true,
  code: 'ERR_NETWORK',
  config: {
    transitional: {
      silentJSONParsing: true,
      forcedJSONParsing: true,
      clarifyTimeoutError: false
    },
    adapter: [ 'xhr', 'http', 'fetch' ],
    transformRequest: [ [Function: transformRequest] ],
    transformResponse: [ [Function: transformResponse] ],
    timeout: 10000,
    xsrfCookieName: 'XSRF-TOKEN',
    xsrfHeaderName: 'X-XSRF-TOKEN',
    maxContentLength: -1,
    maxBodyLength: -1,
    env: { FormData: [Function], Blob: [class Blob] },
    validateStatus: [Function: validateStatus],
    headers: Object [AxiosHeaders] {
      Accept: 'application/json',
      'Content-Type': 'application/json',
      'skip-auth': 'true',
      'X-Request-ID': 'req_1770361858725_vws56ya4s',
      'X-Timestamp': '1770361858725'
    },
    baseURL: 'http://localhost:8000/api/v1',
    method: 'post',
    url: '/auth/refresh',
    data: '{"refreshToken":"*Y_nx$o>E}}<\\"IaC{vBhyo~a<P`:292FSAu"}',
    allowAbsoluteUrls: true
  },
  request: XMLHttpRequest {},
  event: ProgressEvent { isTrusted: [Getter] }
}
Auto refresh token failed: AxiosError: Network Error
    at XMLHttpRequest.handleError (file:///E:/learn/projects/blog-frontend-vue/node_modules/axios/lib/adapters/xhr.js:112:20)
    at XMLHttpRequest.invokeTheCallbackFunction (E:\learn\projects\blog-frontend-vue\node_modules\jsdom\lib\jsdom\living\generated\EventHandlerNonNull.js:14:28)
    at XMLHttpRequest.<anonymous> (E:\learn\projects\blog-frontend-vue\node_modules\jsdom\lib\jsdom\living\helpers\create-event-accessor.js:35:32)
    at innerInvokeEventListeners (E:\learn\projects\blog-frontend-vue\node_modules\jsdom\lib\jsdom\living\events\EventTarget-impl.js:350:25)
    at invokeEventListeners (E:\learn\projects\blog-frontend-vue\node_modules\jsdom\lib\jsdom\living\events\EventTarget-impl.js:286:3)
    at XMLHttpRequestImpl._dispatch (E:\learn\projects\blog-frontend-vue\node_modules\jsdom\lib\jsdom\living\events\EventTarget-impl.js:233:9)
    at fireAnEvent (E:\learn\projects\blog-frontend-vue\node_modules\jsdom\lib\jsdom\living\helpers\events.js:18:36)
    at requestErrorSteps (E:\learn\projects\blog-frontend-vue\node_modules\jsdom\lib\jsdom\living\xhr\xhr-utils.js:131:3)
    at Object.dispatchError (E:\learn\projects\blog-frontend-vue\node_modules\jsdom\lib\jsdom\living\xhr\xhr-utils.js:60:3)
    at EventEmitter.<anonymous> (E:\learn\projects\blog-frontend-vue\node_modules\jsdom\lib\jsdom\living\xhr\XMLHttpRequest-impl.js:655:18)
    at Axios.request (file:///E:/learn/projects/blog-frontend-vue/node_modules/axios/lib/core/Axios.js:45:41)
    at processTicksAndRejections (node:internal/process/task_queues:105:5)
    at HttpClient.post (E:\learn\projects\blog-frontend-vue\src\utils\request.ts:289:22)
    at refreshAccessToken (E:\learn\projects\blog-frontend-vue\src\stores\auth.ts:405:24)
    at Proxy.initAuth (E:\learn\projects\blog-frontend-vue\src\stores\auth.ts:519:13)
    at E:\learn\projects\blog-frontend-vue\src\test\properties\auth.property.test.ts:133:11
    at AsyncProperty.run (file:///E:/learn/projects/blog-frontend-vue/node_modules/fast-check/lib/esm/check/property/AsyncProperty.generic.js:46:28)
    at asyncRunIt (file:///E:/learn/projects/blog-frontend-vue/node_modules/fast-check/lib/esm/check/runner/Runner.js:33:21)
    at E:\learn\projects\blog-frontend-vue\src\test\properties\auth.property.test.ts:114:5
    at runTest (file:///E:/learn/projects/blog-frontend-vue/node_modules/@vitest/runner/dist/index.js:781:11) {
  isAxiosError: true,
  code: 'ERR_NETWORK',
  config: {
    transitional: {
      silentJSONParsing: true,
      forcedJSONParsing: true,
      clarifyTimeoutError: false
    },
    adapter: [ 'xhr', 'http', 'fetch' ],
    transformRequest: [ [Function: transformRequest] ],
    transformResponse: [ [Function: transformResponse] ],
    timeout: 10000,
    xsrfCookieName: 'XSRF-TOKEN',
    xsrfHeaderName: 'X-XSRF-TOKEN',
    maxContentLength: -1,
    maxBodyLength: -1,
    env: { FormData: [Function], Blob: [class Blob] },
    validateStatus: [Function: validateStatus],
    headers: Object [AxiosHeaders] {
      Accept: 'application/json',
      'Content-Type': 'application/json',
      'skip-auth': 'true',
      'X-Request-ID': 'req_1770361858725_vws56ya4s',
      'X-Timestamp': '1770361858725'
    },
    baseURL: 'http://localhost:8000/api/v1',
    method: 'post',
    url: '/auth/refresh',
    data: '{"refreshToken":"*Y_nx$o>E}}<\\"IaC{vBhyo~a<P`:292FSAu"}',
    allowAbsoluteUrls: true
  },
  request: XMLHttpRequest {},
  event: ProgressEvent { isTrusted: [Getter] }
}

[90mstdout[2m | src/test/properties/auth.property.test.ts[2m > [22m[2m璁よ瘉灞炴€ф祴璇?[2m > [22m[2mProperty 1.1: Token Expiration Consistency[22m[39m
[HTTP Request] POST /auth/refresh {
  headers: Object [AxiosHeaders] {
    Accept: [32m'application/json'[39m,
    [32m'Content-Type'[39m: [32m'application/json'[39m,
    [32m'skip-auth'[39m: [32m'true'[39m,
    [32m'X-Request-ID'[39m: [32m'req_1770361858735_3z034ra0v'[39m,
    [32m'X-Timestamp'[39m: [32m'1770361858735'[39m
  },
  data: { refreshToken: [32m"4~)Ao24:Rrij(a'E\\]%HUO* +,AdX[%~-_}QA9zc4/B6?7"[39m },
  params: [90mundefined[39m
}

stderr | src/test/properties/auth.property.test.ts > 璁よ瘉灞炴€ф祴璇?[2m > Property 1.1: Token Expiration Consistency
Error: AggregateError
    at Object.dispatchError (E:\learn\projects\blog-frontend-vue\node_modules\jsdom\lib\jsdom\living\xhr\xhr-utils.js:63:19)
    at EventEmitter.<anonymous> (E:\learn\projects\blog-frontend-vue\node_modules\jsdom\lib\jsdom\living\xhr\XMLHttpRequest-impl.js:655:18)
    at EventEmitter.emit (node:events:520:35)
    at Request.<anonymous> (E:\learn\projects\blog-frontend-vue\node_modules\jsdom\lib\jsdom\living\xhr\xhr-utils.js:404:14)
    at Request.emit (node:events:508:28)
    at ClientRequest.<anonymous> (E:\learn\projects\blog-frontend-vue\node_modules\jsdom\lib\jsdom\living\helpers\http-request.js:127:14)
    at ClientRequest.emit (node:events:508:28)
    at emitErrorEvent (node:_http_client:107:11)
    at Socket.socketErrorListener (node:_http_client:574:5)
    at Socket.emit (node:events:508:28) undefined
[HTTP Response Error] {
  url: '/auth/refresh',
  status: undefined,
  data: undefined,
  message: 'Network Error'
}
Token refresh failed: AxiosError: Network Error
    at XMLHttpRequest.handleError (file:///E:/learn/projects/blog-frontend-vue/node_modules/axios/lib/adapters/xhr.js:112:20)
    at XMLHttpRequest.invokeTheCallbackFunction (E:\learn\projects\blog-frontend-vue\node_modules\jsdom\lib\jsdom\living\generated\EventHandlerNonNull.js:14:28)
    at XMLHttpRequest.<anonymous> (E:\learn\projects\blog-frontend-vue\node_modules\jsdom\lib\jsdom\living\helpers\create-event-accessor.js:35:32)
    at innerInvokeEventListeners (E:\learn\projects\blog-frontend-vue\node_modules\jsdom\lib\jsdom\living\events\EventTarget-impl.js:350:25)
    at invokeEventListeners (E:\learn\projects\blog-frontend-vue\node_modules\jsdom\lib\jsdom\living\events\EventTarget-impl.js:286:3)
    at XMLHttpRequestImpl._dispatch (E:\learn\projects\blog-frontend-vue\node_modules\jsdom\lib\jsdom\living\events\EventTarget-impl.js:233:9)
    at fireAnEvent (E:\learn\projects\blog-frontend-vue\node_modules\jsdom\lib\jsdom\living\helpers\events.js:18:36)
    at requestErrorSteps (E:\learn\projects\blog-frontend-vue\node_modules\jsdom\lib\jsdom\living\xhr\xhr-utils.js:131:3)
    at Object.dispatchError (E:\learn\projects\blog-frontend-vue\node_modules\jsdom\lib\jsdom\living\xhr\xhr-utils.js:60:3)
    at EventEmitter.<anonymous> (E:\learn\projects\blog-frontend-vue\node_modules\jsdom\lib\jsdom\living\xhr\XMLHttpRequest-impl.js:655:18)
    at Axios.request (file:///E:/learn/projects/blog-frontend-vue/node_modules/axios/lib/core/Axios.js:45:41)
    at processTicksAndRejections (node:internal/process/task_queues:105:5)
    at HttpClient.post (E:\learn\projects\blog-frontend-vue\src\utils\request.ts:289:22)
    at refreshAccessToken (E:\learn\projects\blog-frontend-vue\src\stores\auth.ts:405:24)
    at Proxy.initAuth (E:\learn\projects\blog-frontend-vue\src\stores\auth.ts:519:13)
    at E:\learn\projects\blog-frontend-vue\src\test\properties\auth.property.test.ts:133:11
    at AsyncProperty.run (file:///E:/learn/projects/blog-frontend-vue/node_modules/fast-check/lib/esm/check/property/AsyncProperty.generic.js:46:28)
    at asyncRunIt (file:///E:/learn/projects/blog-frontend-vue/node_modules/fast-check/lib/esm/check/runner/Runner.js:33:21)
    at E:\learn\projects\blog-frontend-vue\src\test\properties\auth.property.test.ts:114:5
    at runTest (file:///E:/learn/projects/blog-frontend-vue/node_modules/@vitest/runner/dist/index.js:781:11) {
  isAxiosError: true,
  code: 'ERR_NETWORK',
  config: {
    transitional: {
      silentJSONParsing: true,
      forcedJSONParsing: true,
      clarifyTimeoutError: false
    },
    adapter: [ 'xhr', 'http', 'fetch' ],
    transformRequest: [ [Function: transformRequest] ],
    transformResponse: [ [Function: transformResponse] ],
    timeout: 10000,
    xsrfCookieName: 'XSRF-TOKEN',
    xsrfHeaderName: 'X-XSRF-TOKEN',
    maxContentLength: -1,
    maxBodyLength: -1,
    env: { FormData: [Function], Blob: [class Blob] },
    validateStatus: [Function: validateStatus],
    headers: Object [AxiosHeaders] {
      Accept: 'application/json',
      'Content-Type': 'application/json',
      'skip-auth': 'true',
      'X-Request-ID': 'req_1770361858735_3z034ra0v',
      'X-Timestamp': '1770361858735'
    },
    baseURL: 'http://localhost:8000/api/v1',
    method: 'post',
    url: '/auth/refresh',
    data: `{"refreshToken":"4~)Ao24:Rrij(a'E\\\\]%HUO* +,AdX[%~-_}QA9zc4/B6?7"}`,
    allowAbsoluteUrls: true
  },
  request: XMLHttpRequest {},
  event: ProgressEvent { isTrusted: [Getter] }
}
Auto refresh token failed: AxiosError: Network Error
    at XMLHttpRequest.handleError (file:///E:/learn/projects/blog-frontend-vue/node_modules/axios/lib/adapters/xhr.js:112:20)
    at XMLHttpRequest.invokeTheCallbackFunction (E:\learn\projects\blog-frontend-vue\node_modules\jsdom\lib\jsdom\living\generated\EventHandlerNonNull.js:14:28)
    at XMLHttpRequest.<anonymous> (E:\learn\projects\blog-frontend-vue\node_modules\jsdom\lib\jsdom\living\helpers\create-event-accessor.js:35:32)
    at innerInvokeEventListeners (E:\learn\projects\blog-frontend-vue\node_modules\jsdom\lib\jsdom\living\events\EventTarget-impl.js:350:25)
    at invokeEventListeners (E:\learn\projects\blog-frontend-vue\node_modules\jsdom\lib\jsdom\living\events\EventTarget-impl.js:286:3)
    at XMLHttpRequestImpl._dispatch (E:\learn\projects\blog-frontend-vue\node_modules\jsdom\lib\jsdom\living\events\EventTarget-impl.js:233:9)
    at fireAnEvent (E:\learn\projects\blog-frontend-vue\node_modules\jsdom\lib\jsdom\living\helpers\events.js:18:36)
    at requestErrorSteps (E:\learn\projects\blog-frontend-vue\node_modules\jsdom\lib\jsdom\living\xhr\xhr-utils.js:131:3)
    at Object.dispatchError (E:\learn\projects\blog-frontend-vue\node_modules\jsdom\lib\jsdom\living\xhr\xhr-utils.js:60:3)
    at EventEmitter.<anonymous> (E:\learn\projects\blog-frontend-vue\node_modules\jsdom\lib\jsdom\living\xhr\XMLHttpRequest-impl.js:655:18)
    at Axios.request (file:///E:/learn/projects/blog-frontend-vue/node_modules/axios/lib/core/Axios.js:45:41)
    at processTicksAndRejections (node:internal/process/task_queues:105:5)
    at HttpClient.post (E:\learn\projects\blog-frontend-vue\src\utils\request.ts:289:22)
    at refreshAccessToken (E:\learn\projects\blog-frontend-vue\src\stores\auth.ts:405:24)
    at Proxy.initAuth (E:\learn\projects\blog-frontend-vue\src\stores\auth.ts:519:13)
    at E:\learn\projects\blog-frontend-vue\src\test\properties\auth.property.test.ts:133:11
    at AsyncProperty.run (file:///E:/learn/projects/blog-frontend-vue/node_modules/fast-check/lib/esm/check/property/AsyncProperty.generic.js:46:28)
    at asyncRunIt (file:///E:/learn/projects/blog-frontend-vue/node_modules/fast-check/lib/esm/check/runner/Runner.js:33:21)
    at E:\learn\projects\blog-frontend-vue\src\test\properties\auth.property.test.ts:114:5
    at runTest (file:///E:/learn/projects/blog-frontend-vue/node_modules/@vitest/runner/dist/index.js:781:11) {
  isAxiosError: true,
  code: 'ERR_NETWORK',
  config: {
    transitional: {
      silentJSONParsing: true,
      forcedJSONParsing: true,
      clarifyTimeoutError: false
    },
    adapter: [ 'xhr', 'http', 'fetch' ],
    transformRequest: [ [Function: transformRequest] ],
    transformResponse: [ [Function: transformResponse] ],
    timeout: 10000,
    xsrfCookieName: 'XSRF-TOKEN',
    xsrfHeaderName: 'X-XSRF-TOKEN',
    maxContentLength: -1,
    maxBodyLength: -1,
    env: { FormData: [Function], Blob: [class Blob] },
    validateStatus: [Function: validateStatus],
    headers: Object [AxiosHeaders] {
      Accept: 'application/json',
      'Content-Type': 'application/json',
      'skip-auth': 'true',
      'X-Request-ID': 'req_1770361858735_3z034ra0v',
      'X-Timestamp': '1770361858735'
    },
    baseURL: 'http://localhost:8000/api/v1',
    method: 'post',
    url: '/auth/refresh',
    data: `{"refreshToken":"4~)Ao24:Rrij(a'E\\\\]%HUO* +,AdX[%~-_}QA9zc4/B6?7"}`,
    allowAbsoluteUrls: true
  },
  request: XMLHttpRequest {},
  event: ProgressEvent { isTrusted: [Getter] }
}

[90mstdout[2m | src/test/properties/auth.property.test.ts[2m > [22m[2m璁よ瘉灞炴€ф祴璇?[2m > [22m[2mProperty 1.1: Token Expiration Consistency[22m[39m
[HTTP Request] POST /auth/refresh {
  headers: Object [AxiosHeaders] {
    Accept: [32m'application/json'[39m,
    [32m'Content-Type'[39m: [32m'application/json'[39m,
    [32m'skip-auth'[39m: [32m'true'[39m,
    [32m'X-Request-ID'[39m: [32m'req_1770361858750_ffxqxzz3s'[39m,
    [32m'X-Timestamp'[39m: [32m'1770361858750'[39m
  },
  data: { refreshToken: [32m'X^UvU{#WDL^Vo{n6YXP331dhB.,yAqACCRc]'[39m },
  params: [90mundefined[39m
}

stderr | src/test/properties/auth.property.test.ts > 璁よ瘉灞炴€ф祴璇?[2m > Property 1.1: Token Expiration Consistency
Error: AggregateError
    at Object.dispatchError (E:\learn\projects\blog-frontend-vue\node_modules\jsdom\lib\jsdom\living\xhr\xhr-utils.js:63:19)
    at EventEmitter.<anonymous> (E:\learn\projects\blog-frontend-vue\node_modules\jsdom\lib\jsdom\living\xhr\XMLHttpRequest-impl.js:655:18)
    at EventEmitter.emit (node:events:520:35)
    at Request.<anonymous> (E:\learn\projects\blog-frontend-vue\node_modules\jsdom\lib\jsdom\living\xhr\xhr-utils.js:404:14)
    at Request.emit (node:events:508:28)
    at ClientRequest.<anonymous> (E:\learn\projects\blog-frontend-vue\node_modules\jsdom\lib\jsdom\living\helpers\http-request.js:127:14)
    at ClientRequest.emit (node:events:508:28)
    at emitErrorEvent (node:_http_client:107:11)
    at Socket.socketErrorListener (node:_http_client:574:5)
    at Socket.emit (node:events:508:28) undefined
[HTTP Response Error] {
  url: '/auth/refresh',
  status: undefined,
  data: undefined,
  message: 'Network Error'
}
Token refresh failed: AxiosError: Network Error
    at XMLHttpRequest.handleError (file:///E:/learn/projects/blog-frontend-vue/node_modules/axios/lib/adapters/xhr.js:112:20)
    at XMLHttpRequest.invokeTheCallbackFunction (E:\learn\projects\blog-frontend-vue\node_modules\jsdom\lib\jsdom\living\generated\EventHandlerNonNull.js:14:28)
    at XMLHttpRequest.<anonymous> (E:\learn\projects\blog-frontend-vue\node_modules\jsdom\lib\jsdom\living\helpers\create-event-accessor.js:35:32)
    at innerInvokeEventListeners (E:\learn\projects\blog-frontend-vue\node_modules\jsdom\lib\jsdom\living\events\EventTarget-impl.js:350:25)
    at invokeEventListeners (E:\learn\projects\blog-frontend-vue\node_modules\jsdom\lib\jsdom\living\events\EventTarget-impl.js:286:3)
    at XMLHttpRequestImpl._dispatch (E:\learn\projects\blog-frontend-vue\node_modules\jsdom\lib\jsdom\living\events\EventTarget-impl.js:233:9)
    at fireAnEvent (E:\learn\projects\blog-frontend-vue\node_modules\jsdom\lib\jsdom\living\helpers\events.js:18:36)
    at requestErrorSteps (E:\learn\projects\blog-frontend-vue\node_modules\jsdom\lib\jsdom\living\xhr\xhr-utils.js:131:3)
    at Object.dispatchError (E:\learn\projects\blog-frontend-vue\node_modules\jsdom\lib\jsdom\living\xhr\xhr-utils.js:60:3)
    at EventEmitter.<anonymous> (E:\learn\projects\blog-frontend-vue\node_modules\jsdom\lib\jsdom\living\xhr\XMLHttpRequest-impl.js:655:18)
    at Axios.request (file:///E:/learn/projects/blog-frontend-vue/node_modules/axios/lib/core/Axios.js:45:41)
    at processTicksAndRejections (node:internal/process/task_queues:105:5)
    at HttpClient.post (E:\learn\projects\blog-frontend-vue\src\utils\request.ts:289:22)
    at refreshAccessToken (E:\learn\projects\blog-frontend-vue\src\stores\auth.ts:405:24)
    at Proxy.initAuth (E:\learn\projects\blog-frontend-vue\src\stores\auth.ts:519:13)
    at E:\learn\projects\blog-frontend-vue\src\test\properties\auth.property.test.ts:133:11
    at AsyncProperty.run (file:///E:/learn/projects/blog-frontend-vue/node_modules/fast-check/lib/esm/check/property/AsyncProperty.generic.js:46:28)
    at asyncRunIt (file:///E:/learn/projects/blog-frontend-vue/node_modules/fast-check/lib/esm/check/runner/Runner.js:33:21)
    at E:\learn\projects\blog-frontend-vue\src\test\properties\auth.property.test.ts:114:5
    at runTest (file:///E:/learn/projects/blog-frontend-vue/node_modules/@vitest/runner/dist/index.js:781:11) {
  isAxiosError: true,
  code: 'ERR_NETWORK',
  config: {
    transitional: {
      silentJSONParsing: true,
      forcedJSONParsing: true,
      clarifyTimeoutError: false
    },
    adapter: [ 'xhr', 'http', 'fetch' ],
    transformRequest: [ [Function: transformRequest] ],
    transformResponse: [ [Function: transformResponse] ],
    timeout: 10000,
    xsrfCookieName: 'XSRF-TOKEN',
    xsrfHeaderName: 'X-XSRF-TOKEN',
    maxContentLength: -1,
    maxBodyLength: -1,
    env: { FormData: [Function], Blob: [class Blob] },
    validateStatus: [Function: validateStatus],
    headers: Object [AxiosHeaders] {
      Accept: 'application/json',
      'Content-Type': 'application/json',
      'skip-auth': 'true',
      'X-Request-ID': 'req_1770361858750_ffxqxzz3s',
      'X-Timestamp': '1770361858750'
    },
    baseURL: 'http://localhost:8000/api/v1',
    method: 'post',
    url: '/auth/refresh',
    data: '{"refreshToken":"X^UvU{#WDL^Vo{n6YXP331dhB.,yAqACCRc]"}',
    allowAbsoluteUrls: true
  },
  request: XMLHttpRequest {},
  event: ProgressEvent { isTrusted: [Getter] }
}
Auto refresh token failed: AxiosError: Network Error
    at XMLHttpRequest.handleError (file:///E:/learn/projects/blog-frontend-vue/node_modules/axios/lib/adapters/xhr.js:112:20)
    at XMLHttpRequest.invokeTheCallbackFunction (E:\learn\projects\blog-frontend-vue\node_modules\jsdom\lib\jsdom\living\generated\EventHandlerNonNull.js:14:28)
    at XMLHttpRequest.<anonymous> (E:\learn\projects\blog-frontend-vue\node_modules\jsdom\lib\jsdom\living\helpers\create-event-accessor.js:35:32)
    at innerInvokeEventListeners (E:\learn\projects\blog-frontend-vue\node_modules\jsdom\lib\jsdom\living\events\EventTarget-impl.js:350:25)
    at invokeEventListeners (E:\learn\projects\blog-frontend-vue\node_modules\jsdom\lib\jsdom\living\events\EventTarget-impl.js:286:3)
    at XMLHttpRequestImpl._dispatch (E:\learn\projects\blog-frontend-vue\node_modules\jsdom\lib\jsdom\living\events\EventTarget-impl.js:233:9)
    at fireAnEvent (E:\learn\projects\blog-frontend-vue\node_modules\jsdom\lib\jsdom\living\helpers\events.js:18:36)
    at requestErrorSteps (E:\learn\projects\blog-frontend-vue\node_modules\jsdom\lib\jsdom\living\xhr\xhr-utils.js:131:3)
    at Object.dispatchError (E:\learn\projects\blog-frontend-vue\node_modules\jsdom\lib\jsdom\living\xhr\xhr-utils.js:60:3)
    at EventEmitter.<anonymous> (E:\learn\projects\blog-frontend-vue\node_modules\jsdom\lib\jsdom\living\xhr\XMLHttpRequest-impl.js:655:18)
    at Axios.request (file:///E:/learn/projects/blog-frontend-vue/node_modules/axios/lib/core/Axios.js:45:41)
    at processTicksAndRejections (node:internal/process/task_queues:105:5)
    at HttpClient.post (E:\learn\projects\blog-frontend-vue\src\utils\request.ts:289:22)
    at refreshAccessToken (E:\learn\projects\blog-frontend-vue\src\stores\auth.ts:405:24)
    at Proxy.initAuth (E:\learn\projects\blog-frontend-vue\src\stores\auth.ts:519:13)
    at E:\learn\projects\blog-frontend-vue\src\test\properties\auth.property.test.ts:133:11
    at AsyncProperty.run (file:///E:/learn/projects/blog-frontend-vue/node_modules/fast-check/lib/esm/check/property/AsyncProperty.generic.js:46:28)
    at asyncRunIt (file:///E:/learn/projects/blog-frontend-vue/node_modules/fast-check/lib/esm/check/runner/Runner.js:33:21)
    at E:\learn\projects\blog-frontend-vue\src\test\properties\auth.property.test.ts:114:5
    at runTest (file:///E:/learn/projects/blog-frontend-vue/node_modules/@vitest/runner/dist/index.js:781:11) {
  isAxiosError: true,
  code: 'ERR_NETWORK',
  config: {
    transitional: {
      silentJSONParsing: true,
      forcedJSONParsing: true,
      clarifyTimeoutError: false
    },
    adapter: [ 'xhr', 'http', 'fetch' ],
    transformRequest: [ [Function: transformRequest] ],
    transformResponse: [ [Function: transformResponse] ],
    timeout: 10000,
    xsrfCookieName: 'XSRF-TOKEN',
    xsrfHeaderName: 'X-XSRF-TOKEN',
    maxContentLength: -1,
    maxBodyLength: -1,
    env: { FormData: [Function], Blob: [class Blob] },
    validateStatus: [Function: validateStatus],
    headers: Object [AxiosHeaders] {
      Accept: 'application/json',
      'Content-Type': 'application/json',
      'skip-auth': 'true',
      'X-Request-ID': 'req_1770361858750_ffxqxzz3s',
      'X-Timestamp': '1770361858750'
    },
    baseURL: 'http://localhost:8000/api/v1',
    method: 'post',
    url: '/auth/refresh',
    data: '{"refreshToken":"X^UvU{#WDL^Vo{n6YXP331dhB.,yAqACCRc]"}',
    allowAbsoluteUrls: true
  },
  request: XMLHttpRequest {},
  event: ProgressEvent { isTrusted: [Getter] }
}

[90mstdout[2m | src/test/properties/auth.property.test.ts[2m > [22m[2m璁よ瘉灞炴€ф祴璇?[2m > [22m[2mProperty 1.1: Token Expiration Consistency[22m[39m
[HTTP Request] POST /auth/refresh {
  headers: Object [AxiosHeaders] {
    Accept: [32m'application/json'[39m,
    [32m'Content-Type'[39m: [32m'application/json'[39m,
    [32m'skip-auth'[39m: [32m'true'[39m,
    [32m'X-Request-ID'[39m: [32m'req_1770361858768_a62qy66ln'[39m,
    [32m'X-Timestamp'[39m: [32m'1770361858768'[39m
  },
  data: { refreshToken: [32m'!,8w>!uXz]p<!g3z=/=c5GJq'[39m },
  params: [90mundefined[39m
}

stderr | src/test/properties/auth.property.test.ts > 璁よ瘉灞炴€ф祴璇?[2m > Property 1.1: Token Expiration Consistency
Error: AggregateError
    at Object.dispatchError (E:\learn\projects\blog-frontend-vue\node_modules\jsdom\lib\jsdom\living\xhr\xhr-utils.js:63:19)
    at EventEmitter.<anonymous> (E:\learn\projects\blog-frontend-vue\node_modules\jsdom\lib\jsdom\living\xhr\XMLHttpRequest-impl.js:655:18)
    at EventEmitter.emit (node:events:520:35)
    at Request.<anonymous> (E:\learn\projects\blog-frontend-vue\node_modules\jsdom\lib\jsdom\living\xhr\xhr-utils.js:404:14)
    at Request.emit (node:events:508:28)
    at ClientRequest.<anonymous> (E:\learn\projects\blog-frontend-vue\node_modules\jsdom\lib\jsdom\living\helpers\http-request.js:127:14)
    at ClientRequest.emit (node:events:508:28)
    at emitErrorEvent (node:_http_client:107:11)
    at Socket.socketErrorListener (node:_http_client:574:5)
    at Socket.emit (node:events:508:28) undefined
[HTTP Response Error] {
  url: '/auth/refresh',
  status: undefined,
  data: undefined,
  message: 'Network Error'
}
Token refresh failed: AxiosError: Network Error
    at XMLHttpRequest.handleError (file:///E:/learn/projects/blog-frontend-vue/node_modules/axios/lib/adapters/xhr.js:112:20)
    at XMLHttpRequest.invokeTheCallbackFunction (E:\learn\projects\blog-frontend-vue\node_modules\jsdom\lib\jsdom\living\generated\EventHandlerNonNull.js:14:28)
    at XMLHttpRequest.<anonymous> (E:\learn\projects\blog-frontend-vue\node_modules\jsdom\lib\jsdom\living\helpers\create-event-accessor.js:35:32)
    at innerInvokeEventListeners (E:\learn\projects\blog-frontend-vue\node_modules\jsdom\lib\jsdom\living\events\EventTarget-impl.js:350:25)
    at invokeEventListeners (E:\learn\projects\blog-frontend-vue\node_modules\jsdom\lib\jsdom\living\events\EventTarget-impl.js:286:3)
    at XMLHttpRequestImpl._dispatch (E:\learn\projects\blog-frontend-vue\node_modules\jsdom\lib\jsdom\living\events\EventTarget-impl.js:233:9)
    at fireAnEvent (E:\learn\projects\blog-frontend-vue\node_modules\jsdom\lib\jsdom\living\helpers\events.js:18:36)
    at requestErrorSteps (E:\learn\projects\blog-frontend-vue\node_modules\jsdom\lib\jsdom\living\xhr\xhr-utils.js:131:3)
    at Object.dispatchError (E:\learn\projects\blog-frontend-vue\node_modules\jsdom\lib\jsdom\living\xhr\xhr-utils.js:60:3)
    at EventEmitter.<anonymous> (E:\learn\projects\blog-frontend-vue\node_modules\jsdom\lib\jsdom\living\xhr\XMLHttpRequest-impl.js:655:18)
    at Axios.request (file:///E:/learn/projects/blog-frontend-vue/node_modules/axios/lib/core/Axios.js:45:41)
    at processTicksAndRejections (node:internal/process/task_queues:105:5)
    at HttpClient.post (E:\learn\projects\blog-frontend-vue\src\utils\request.ts:289:22)
    at refreshAccessToken (E:\learn\projects\blog-frontend-vue\src\stores\auth.ts:405:24)
    at Proxy.initAuth (E:\learn\projects\blog-frontend-vue\src\stores\auth.ts:519:13)
    at E:\learn\projects\blog-frontend-vue\src\test\properties\auth.property.test.ts:133:11
    at AsyncProperty.run (file:///E:/learn/projects/blog-frontend-vue/node_modules/fast-check/lib/esm/check/property/AsyncProperty.generic.js:46:28)
    at asyncRunIt (file:///E:/learn/projects/blog-frontend-vue/node_modules/fast-check/lib/esm/check/runner/Runner.js:33:21)
    at E:\learn\projects\blog-frontend-vue\src\test\properties\auth.property.test.ts:114:5
    at runTest (file:///E:/learn/projects/blog-frontend-vue/node_modules/@vitest/runner/dist/index.js:781:11) {
  isAxiosError: true,
  code: 'ERR_NETWORK',
  config: {
    transitional: {
      silentJSONParsing: true,
      forcedJSONParsing: true,
      clarifyTimeoutError: false
    },
    adapter: [ 'xhr', 'http', 'fetch' ],
    transformRequest: [ [Function: transformRequest] ],
    transformResponse: [ [Function: transformResponse] ],
    timeout: 10000,
    xsrfCookieName: 'XSRF-TOKEN',
    xsrfHeaderName: 'X-XSRF-TOKEN',
    maxContentLength: -1,
    maxBodyLength: -1,
    env: { FormData: [Function], Blob: [class Blob] },
    validateStatus: [Function: validateStatus],
    headers: Object [AxiosHeaders] {
      Accept: 'application/json',
      'Content-Type': 'application/json',
      'skip-auth': 'true',
      'X-Request-ID': 'req_1770361858768_a62qy66ln',
      'X-Timestamp': '1770361858768'
    },
    baseURL: 'http://localhost:8000/api/v1',
    method: 'post',
    url: '/auth/refresh',
    data: '{"refreshToken":"!,8w>!uXz]p<!g3z=/=c5GJq"}',
    allowAbsoluteUrls: true
  },
  request: XMLHttpRequest {},
  event: ProgressEvent { isTrusted: [Getter] }
}
Auto refresh token failed: AxiosError: Network Error
    at XMLHttpRequest.handleError (file:///E:/learn/projects/blog-frontend-vue/node_modules/axios/lib/adapters/xhr.js:112:20)
    at XMLHttpRequest.invokeTheCallbackFunction (E:\learn\projects\blog-frontend-vue\node_modules\jsdom\lib\jsdom\living\generated\EventHandlerNonNull.js:14:28)
    at XMLHttpRequest.<anonymous> (E:\learn\projects\blog-frontend-vue\node_modules\jsdom\lib\jsdom\living\helpers\create-event-accessor.js:35:32)
    at innerInvokeEventListeners (E:\learn\projects\blog-frontend-vue\node_modules\jsdom\lib\jsdom\living\events\EventTarget-impl.js:350:25)
    at invokeEventListeners (E:\learn\projects\blog-frontend-vue\node_modules\jsdom\lib\jsdom\living\events\EventTarget-impl.js:286:3)
    at XMLHttpRequestImpl._dispatch (E:\learn\projects\blog-frontend-vue\node_modules\jsdom\lib\jsdom\living\events\EventTarget-impl.js:233:9)
    at fireAnEvent (E:\learn\projects\blog-frontend-vue\node_modules\jsdom\lib\jsdom\living\helpers\events.js:18:36)
    at requestErrorSteps (E:\learn\projects\blog-frontend-vue\node_modules\jsdom\lib\jsdom\living\xhr\xhr-utils.js:131:3)
    at Object.dispatchError (E:\learn\projects\blog-frontend-vue\node_modules\jsdom\lib\jsdom\living\xhr\xhr-utils.js:60:3)
    at EventEmitter.<anonymous> (E:\learn\projects\blog-frontend-vue\node_modules\jsdom\lib\jsdom\living\xhr\XMLHttpRequest-impl.js:655:18)
    at Axios.request (file:///E:/learn/projects/blog-frontend-vue/node_modules/axios/lib/core/Axios.js:45:41)
    at processTicksAndRejections (node:internal/process/task_queues:105:5)
    at HttpClient.post (E:\learn\projects\blog-frontend-vue\src\utils\request.ts:289:22)
    at refreshAccessToken (E:\learn\projects\blog-frontend-vue\src\stores\auth.ts:405:24)
    at Proxy.initAuth (E:\learn\projects\blog-frontend-vue\src\stores\auth.ts:519:13)
    at E:\learn\projects\blog-frontend-vue\src\test\properties\auth.property.test.ts:133:11
    at AsyncProperty.run (file:///E:/learn/projects/blog-frontend-vue/node_modules/fast-check/lib/esm/check/property/AsyncProperty.generic.js:46:28)
    at asyncRunIt (file:///E:/learn/projects/blog-frontend-vue/node_modules/fast-check/lib/esm/check/runner/Runner.js:33:21)
    at E:\learn\projects\blog-frontend-vue\src\test\properties\auth.property.test.ts:114:5
    at runTest (file:///E:/learn/projects/blog-frontend-vue/node_modules/@vitest/runner/dist/index.js:781:11) {
  isAxiosError: true,
  code: 'ERR_NETWORK',
  config: {
    transitional: {
      silentJSONParsing: true,
      forcedJSONParsing: true,
      clarifyTimeoutError: false
    },
    adapter: [ 'xhr', 'http', 'fetch' ],
    transformRequest: [ [Function: transformRequest] ],
    transformResponse: [ [Function: transformResponse] ],
    timeout: 10000,
    xsrfCookieName: 'XSRF-TOKEN',
    xsrfHeaderName: 'X-XSRF-TOKEN',
    maxContentLength: -1,
    maxBodyLength: -1,
    env: { FormData: [Function], Blob: [class Blob] },
    validateStatus: [Function: validateStatus],
    headers: Object [AxiosHeaders] {
      Accept: 'application/json',
      'Content-Type': 'application/json',
      'skip-auth': 'true',
      'X-Request-ID': 'req_1770361858768_a62qy66ln',
      'X-Timestamp': '1770361858768'
    },
    baseURL: 'http://localhost:8000/api/v1',
    method: 'post',
    url: '/auth/refresh',
    data: '{"refreshToken":"!,8w>!uXz]p<!g3z=/=c5GJq"}',
    allowAbsoluteUrls: true
  },
  request: XMLHttpRequest {},
  event: ProgressEvent { isTrusted: [Getter] }
}

[90mstdout[2m | src/test/properties/auth.property.test.ts[2m > [22m[2m璁よ瘉灞炴€ф祴璇?[2m > [22m[2mProperty 1.1: Token Expiration Consistency[22m[39m
[HTTP Request] POST /auth/refresh {
  headers: Object [AxiosHeaders] {
    Accept: [32m'application/json'[39m,
    [32m'Content-Type'[39m: [32m'application/json'[39m,
    [32m'skip-auth'[39m: [32m'true'[39m,
    [32m'X-Request-ID'[39m: [32m'req_1770361858780_jcf2ic0fj'[39m,
    [32m'X-Timestamp'[39m: [32m'1770361858780'[39m
  },
  data: { refreshToken: [32m'>\'`6AUl(4v_RO$9t0vOv/3nl1w~"[EN%eoG'[39m },
  params: [90mundefined[39m
}

stderr | src/test/properties/auth.property.test.ts > 璁よ瘉灞炴€ф祴璇?[2m > Property 1.1: Token Expiration Consistency
Error: AggregateError
    at Object.dispatchError (E:\learn\projects\blog-frontend-vue\node_modules\jsdom\lib\jsdom\living\xhr\xhr-utils.js:63:19)
    at EventEmitter.<anonymous> (E:\learn\projects\blog-frontend-vue\node_modules\jsdom\lib\jsdom\living\xhr\XMLHttpRequest-impl.js:655:18)
    at EventEmitter.emit (node:events:520:35)
    at Request.<anonymous> (E:\learn\projects\blog-frontend-vue\node_modules\jsdom\lib\jsdom\living\xhr\xhr-utils.js:404:14)
    at Request.emit (node:events:508:28)
    at ClientRequest.<anonymous> (E:\learn\projects\blog-frontend-vue\node_modules\jsdom\lib\jsdom\living\helpers\http-request.js:127:14)
    at ClientRequest.emit (node:events:508:28)
    at emitErrorEvent (node:_http_client:107:11)
    at Socket.socketErrorListener (node:_http_client:574:5)
    at Socket.emit (node:events:508:28) undefined
[HTTP Response Error] {
  url: '/auth/refresh',
  status: undefined,
  data: undefined,
  message: 'Network Error'
}
Token refresh failed: AxiosError: Network Error
    at XMLHttpRequest.handleError (file:///E:/learn/projects/blog-frontend-vue/node_modules/axios/lib/adapters/xhr.js:112:20)
    at XMLHttpRequest.invokeTheCallbackFunction (E:\learn\projects\blog-frontend-vue\node_modules\jsdom\lib\jsdom\living\generated\EventHandlerNonNull.js:14:28)
    at XMLHttpRequest.<anonymous> (E:\learn\projects\blog-frontend-vue\node_modules\jsdom\lib\jsdom\living\helpers\create-event-accessor.js:35:32)
    at innerInvokeEventListeners (E:\learn\projects\blog-frontend-vue\node_modules\jsdom\lib\jsdom\living\events\EventTarget-impl.js:350:25)
    at invokeEventListeners (E:\learn\projects\blog-frontend-vue\node_modules\jsdom\lib\jsdom\living\events\EventTarget-impl.js:286:3)
    at XMLHttpRequestImpl._dispatch (E:\learn\projects\blog-frontend-vue\node_modules\jsdom\lib\jsdom\living\events\EventTarget-impl.js:233:9)
    at fireAnEvent (E:\learn\projects\blog-frontend-vue\node_modules\jsdom\lib\jsdom\living\helpers\events.js:18:36)
    at requestErrorSteps (E:\learn\projects\blog-frontend-vue\node_modules\jsdom\lib\jsdom\living\xhr\xhr-utils.js:131:3)
    at Object.dispatchError (E:\learn\projects\blog-frontend-vue\node_modules\jsdom\lib\jsdom\living\xhr\xhr-utils.js:60:3)
    at EventEmitter.<anonymous> (E:\learn\projects\blog-frontend-vue\node_modules\jsdom\lib\jsdom\living\xhr\XMLHttpRequest-impl.js:655:18)
    at Axios.request (file:///E:/learn/projects/blog-frontend-vue/node_modules/axios/lib/core/Axios.js:45:41)
    at processTicksAndRejections (node:internal/process/task_queues:105:5)
    at HttpClient.post (E:\learn\projects\blog-frontend-vue\src\utils\request.ts:289:22)
    at refreshAccessToken (E:\learn\projects\blog-frontend-vue\src\stores\auth.ts:405:24)
    at Proxy.initAuth (E:\learn\projects\blog-frontend-vue\src\stores\auth.ts:519:13)
    at E:\learn\projects\blog-frontend-vue\src\test\properties\auth.property.test.ts:133:11
    at AsyncProperty.run (file:///E:/learn/projects/blog-frontend-vue/node_modules/fast-check/lib/esm/check/property/AsyncProperty.generic.js:46:28)
    at asyncRunIt (file:///E:/learn/projects/blog-frontend-vue/node_modules/fast-check/lib/esm/check/runner/Runner.js:33:21)
    at E:\learn\projects\blog-frontend-vue\src\test\properties\auth.property.test.ts:114:5
    at runTest (file:///E:/learn/projects/blog-frontend-vue/node_modules/@vitest/runner/dist/index.js:781:11) {
  isAxiosError: true,
  code: 'ERR_NETWORK',
  config: {
    transitional: {
      silentJSONParsing: true,
      forcedJSONParsing: true,
      clarifyTimeoutError: false
    },
    adapter: [ 'xhr', 'http', 'fetch' ],
    transformRequest: [ [Function: transformRequest] ],
    transformResponse: [ [Function: transformResponse] ],
    timeout: 10000,
    xsrfCookieName: 'XSRF-TOKEN',
    xsrfHeaderName: 'X-XSRF-TOKEN',
    maxContentLength: -1,
    maxBodyLength: -1,
    env: { FormData: [Function], Blob: [class Blob] },
    validateStatus: [Function: validateStatus],
    headers: Object [AxiosHeaders] {
      Accept: 'application/json',
      'Content-Type': 'application/json',
      'skip-auth': 'true',
      'X-Request-ID': 'req_1770361858780_jcf2ic0fj',
      'X-Timestamp': '1770361858780'
    },
    baseURL: 'http://localhost:8000/api/v1',
    method: 'post',
    url: '/auth/refresh',
    data: '{"refreshToken":">\'`6AUl(4v_RO$9t0vOv/3nl1w~\\"[EN%eoG"}',
    allowAbsoluteUrls: true
  },
  request: XMLHttpRequest {},
  event: ProgressEvent { isTrusted: [Getter] }
}
Auto refresh token failed: AxiosError: Network Error
    at XMLHttpRequest.handleError (file:///E:/learn/projects/blog-frontend-vue/node_modules/axios/lib/adapters/xhr.js:112:20)
    at XMLHttpRequest.invokeTheCallbackFunction (E:\learn\projects\blog-frontend-vue\node_modules\jsdom\lib\jsdom\living\generated\EventHandlerNonNull.js:14:28)
    at XMLHttpRequest.<anonymous> (E:\learn\projects\blog-frontend-vue\node_modules\jsdom\lib\jsdom\living\helpers\create-event-accessor.js:35:32)
    at innerInvokeEventListeners (E:\learn\projects\blog-frontend-vue\node_modules\jsdom\lib\jsdom\living\events\EventTarget-impl.js:350:25)
    at invokeEventListeners (E:\learn\projects\blog-frontend-vue\node_modules\jsdom\lib\jsdom\living\events\EventTarget-impl.js:286:3)
    at XMLHttpRequestImpl._dispatch (E:\learn\projects\blog-frontend-vue\node_modules\jsdom\lib\jsdom\living\events\EventTarget-impl.js:233:9)
    at fireAnEvent (E:\learn\projects\blog-frontend-vue\node_modules\jsdom\lib\jsdom\living\helpers\events.js:18:36)
    at requestErrorSteps (E:\learn\projects\blog-frontend-vue\node_modules\jsdom\lib\jsdom\living\xhr\xhr-utils.js:131:3)
    at Object.dispatchError (E:\learn\projects\blog-frontend-vue\node_modules\jsdom\lib\jsdom\living\xhr\xhr-utils.js:60:3)
    at EventEmitter.<anonymous> (E:\learn\projects\blog-frontend-vue\node_modules\jsdom\lib\jsdom\living\xhr\XMLHttpRequest-impl.js:655:18)
    at Axios.request (file:///E:/learn/projects/blog-frontend-vue/node_modules/axios/lib/core/Axios.js:45:41)
    at processTicksAndRejections (node:internal/process/task_queues:105:5)
    at HttpClient.post (E:\learn\projects\blog-frontend-vue\src\utils\request.ts:289:22)
    at refreshAccessToken (E:\learn\projects\blog-frontend-vue\src\stores\auth.ts:405:24)
    at Proxy.initAuth (E:\learn\projects\blog-frontend-vue\src\stores\auth.ts:519:13)
    at E:\learn\projects\blog-frontend-vue\src\test\properties\auth.property.test.ts:133:11
    at AsyncProperty.run (file:///E:/learn/projects/blog-frontend-vue/node_modules/fast-check/lib/esm/check/property/AsyncProperty.generic.js:46:28)
    at asyncRunIt (file:///E:/learn/projects/blog-frontend-vue/node_modules/fast-check/lib/esm/check/runner/Runner.js:33:21)
    at E:\learn\projects\blog-frontend-vue\src\test\properties\auth.property.test.ts:114:5
    at runTest (file:///E:/learn/projects/blog-frontend-vue/node_modules/@vitest/runner/dist/index.js:781:11) {
  isAxiosError: true,
  code: 'ERR_NETWORK',
  config: {
    transitional: {
      silentJSONParsing: true,
      forcedJSONParsing: true,
      clarifyTimeoutError: false
    },
    adapter: [ 'xhr', 'http', 'fetch' ],
    transformRequest: [ [Function: transformRequest] ],
    transformResponse: [ [Function: transformResponse] ],
    timeout: 10000,
    xsrfCookieName: 'XSRF-TOKEN',
    xsrfHeaderName: 'X-XSRF-TOKEN',
    maxContentLength: -1,
    maxBodyLength: -1,
    env: { FormData: [Function], Blob: [class Blob] },
    validateStatus: [Function: validateStatus],
    headers: Object [AxiosHeaders] {
      Accept: 'application/json',
      'Content-Type': 'application/json',
      'skip-auth': 'true',
      'X-Request-ID': 'req_1770361858780_jcf2ic0fj',
      'X-Timestamp': '1770361858780'
    },
    baseURL: 'http://localhost:8000/api/v1',
    method: 'post',
    url: '/auth/refresh',
    data: '{"refreshToken":">\'`6AUl(4v_RO$9t0vOv/3nl1w~\\"[EN%eoG"}',
    allowAbsoluteUrls: true
  },
  request: XMLHttpRequest {},
  event: ProgressEvent { isTrusted: [Getter] }
}

[90mstdout[2m | src/test/properties/auth.property.test.ts[2m > [22m[2m璁よ瘉灞炴€ф祴璇?[2m > [22m[2mProperty 1.1: Token Expiration Consistency[22m[39m
[HTTP Request] POST /auth/refresh {
  headers: Object [AxiosHeaders] {
    Accept: [32m'application/json'[39m,
    [32m'Content-Type'[39m: [32m'application/json'[39m,
    [32m'skip-auth'[39m: [32m'true'[39m,
    [32m'X-Request-ID'[39m: [32m'req_1770361858798_22kcr8a0r'[39m,
    [32m'X-Timestamp'[39m: [32m'1770361858798'[39m
  },
  data: { refreshToken: [32m'%ZU15%Lr:&$eoT6rwT2i<71c'[39m },
  params: [90mundefined[39m
}

stderr | src/test/properties/auth.property.test.ts > 璁よ瘉灞炴€ф祴璇?[2m > Property 1.1: Token Expiration Consistency
Error: AggregateError
    at Object.dispatchError (E:\learn\projects\blog-frontend-vue\node_modules\jsdom\lib\jsdom\living\xhr\xhr-utils.js:63:19)
    at EventEmitter.<anonymous> (E:\learn\projects\blog-frontend-vue\node_modules\jsdom\lib\jsdom\living\xhr\XMLHttpRequest-impl.js:655:18)
    at EventEmitter.emit (node:events:520:35)
    at Request.<anonymous> (E:\learn\projects\blog-frontend-vue\node_modules\jsdom\lib\jsdom\living\xhr\xhr-utils.js:404:14)
    at Request.emit (node:events:508:28)
    at ClientRequest.<anonymous> (E:\learn\projects\blog-frontend-vue\node_modules\jsdom\lib\jsdom\living\helpers\http-request.js:127:14)
    at ClientRequest.emit (node:events:508:28)
    at emitErrorEvent (node:_http_client:107:11)
    at Socket.socketErrorListener (node:_http_client:574:5)
    at Socket.emit (node:events:508:28) undefined
[HTTP Response Error] {
  url: '/auth/refresh',
  status: undefined,
  data: undefined,
  message: 'Network Error'
}
Token refresh failed: AxiosError: Network Error
    at XMLHttpRequest.handleError (file:///E:/learn/projects/blog-frontend-vue/node_modules/axios/lib/adapters/xhr.js:112:20)
    at XMLHttpRequest.invokeTheCallbackFunction (E:\learn\projects\blog-frontend-vue\node_modules\jsdom\lib\jsdom\living\generated\EventHandlerNonNull.js:14:28)
    at XMLHttpRequest.<anonymous> (E:\learn\projects\blog-frontend-vue\node_modules\jsdom\lib\jsdom\living\helpers\create-event-accessor.js:35:32)
    at innerInvokeEventListeners (E:\learn\projects\blog-frontend-vue\node_modules\jsdom\lib\jsdom\living\events\EventTarget-impl.js:350:25)
    at invokeEventListeners (E:\learn\projects\blog-frontend-vue\node_modules\jsdom\lib\jsdom\living\events\EventTarget-impl.js:286:3)
    at XMLHttpRequestImpl._dispatch (E:\learn\projects\blog-frontend-vue\node_modules\jsdom\lib\jsdom\living\events\EventTarget-impl.js:233:9)
    at fireAnEvent (E:\learn\projects\blog-frontend-vue\node_modules\jsdom\lib\jsdom\living\helpers\events.js:18:36)
    at requestErrorSteps (E:\learn\projects\blog-frontend-vue\node_modules\jsdom\lib\jsdom\living\xhr\xhr-utils.js:131:3)
    at Object.dispatchError (E:\learn\projects\blog-frontend-vue\node_modules\jsdom\lib\jsdom\living\xhr\xhr-utils.js:60:3)
    at EventEmitter.<anonymous> (E:\learn\projects\blog-frontend-vue\node_modules\jsdom\lib\jsdom\living\xhr\XMLHttpRequest-impl.js:655:18)
    at Axios.request (file:///E:/learn/projects/blog-frontend-vue/node_modules/axios/lib/core/Axios.js:45:41)
    at processTicksAndRejections (node:internal/process/task_queues:105:5)
    at HttpClient.post (E:\learn\projects\blog-frontend-vue\src\utils\request.ts:289:22)
    at refreshAccessToken (E:\learn\projects\blog-frontend-vue\src\stores\auth.ts:405:24)
    at Proxy.initAuth (E:\learn\projects\blog-frontend-vue\src\stores\auth.ts:519:13)
    at E:\learn\projects\blog-frontend-vue\src\test\properties\auth.property.test.ts:133:11
    at AsyncProperty.run (file:///E:/learn/projects/blog-frontend-vue/node_modules/fast-check/lib/esm/check/property/AsyncProperty.generic.js:46:28)
    at asyncRunIt (file:///E:/learn/projects/blog-frontend-vue/node_modules/fast-check/lib/esm/check/runner/Runner.js:33:21)
    at E:\learn\projects\blog-frontend-vue\src\test\properties\auth.property.test.ts:114:5
    at runTest (file:///E:/learn/projects/blog-frontend-vue/node_modules/@vitest/runner/dist/index.js:781:11) {
  isAxiosError: true,
  code: 'ERR_NETWORK',
  config: {
    transitional: {
      silentJSONParsing: true,
      forcedJSONParsing: true,
      clarifyTimeoutError: false
    },
    adapter: [ 'xhr', 'http', 'fetch' ],
    transformRequest: [ [Function: transformRequest] ],
    transformResponse: [ [Function: transformResponse] ],
    timeout: 10000,
    xsrfCookieName: 'XSRF-TOKEN',
    xsrfHeaderName: 'X-XSRF-TOKEN',
    maxContentLength: -1,
    maxBodyLength: -1,
    env: { FormData: [Function], Blob: [class Blob] },
    validateStatus: [Function: validateStatus],
    headers: Object [AxiosHeaders] {
      Accept: 'application/json',
      'Content-Type': 'application/json',
      'skip-auth': 'true',
      'X-Request-ID': 'req_1770361858798_22kcr8a0r',
      'X-Timestamp': '1770361858798'
    },
    baseURL: 'http://localhost:8000/api/v1',
    method: 'post',
    url: '/auth/refresh',
    data: '{"refreshToken":"%ZU15%Lr:&$eoT6rwT2i<71c"}',
    allowAbsoluteUrls: true
  },
  request: XMLHttpRequest {},
  event: ProgressEvent { isTrusted: [Getter] }
}
Auto refresh token failed: AxiosError: Network Error
    at XMLHttpRequest.handleError (file:///E:/learn/projects/blog-frontend-vue/node_modules/axios/lib/adapters/xhr.js:112:20)
    at XMLHttpRequest.invokeTheCallbackFunction (E:\learn\projects\blog-frontend-vue\node_modules\jsdom\lib\jsdom\living\generated\EventHandlerNonNull.js:14:28)
    at XMLHttpRequest.<anonymous> (E:\learn\projects\blog-frontend-vue\node_modules\jsdom\lib\jsdom\living\helpers\create-event-accessor.js:35:32)
    at innerInvokeEventListeners (E:\learn\projects\blog-frontend-vue\node_modules\jsdom\lib\jsdom\living\events\EventTarget-impl.js:350:25)
    at invokeEventListeners (E:\learn\projects\blog-frontend-vue\node_modules\jsdom\lib\jsdom\living\events\EventTarget-impl.js:286:3)
    at XMLHttpRequestImpl._dispatch (E:\learn\projects\blog-frontend-vue\node_modules\jsdom\lib\jsdom\living\events\EventTarget-impl.js:233:9)
    at fireAnEvent (E:\learn\projects\blog-frontend-vue\node_modules\jsdom\lib\jsdom\living\helpers\events.js:18:36)
    at requestErrorSteps (E:\learn\projects\blog-frontend-vue\node_modules\jsdom\lib\jsdom\living\xhr\xhr-utils.js:131:3)
    at Object.dispatchError (E:\learn\projects\blog-frontend-vue\node_modules\jsdom\lib\jsdom\living\xhr\xhr-utils.js:60:3)
    at EventEmitter.<anonymous> (E:\learn\projects\blog-frontend-vue\node_modules\jsdom\lib\jsdom\living\xhr\XMLHttpRequest-impl.js:655:18)
    at Axios.request (file:///E:/learn/projects/blog-frontend-vue/node_modules/axios/lib/core/Axios.js:45:41)
    at processTicksAndRejections (node:internal/process/task_queues:105:5)
    at HttpClient.post (E:\learn\projects\blog-frontend-vue\src\utils\request.ts:289:22)
    at refreshAccessToken (E:\learn\projects\blog-frontend-vue\src\stores\auth.ts:405:24)
    at Proxy.initAuth (E:\learn\projects\blog-frontend-vue\src\stores\auth.ts:519:13)
    at E:\learn\projects\blog-frontend-vue\src\test\properties\auth.property.test.ts:133:11
    at AsyncProperty.run (file:///E:/learn/projects/blog-frontend-vue/node_modules/fast-check/lib/esm/check/property/AsyncProperty.generic.js:46:28)
    at asyncRunIt (file:///E:/learn/projects/blog-frontend-vue/node_modules/fast-check/lib/esm/check/runner/Runner.js:33:21)
    at E:\learn\projects\blog-frontend-vue\src\test\properties\auth.property.test.ts:114:5
    at runTest (file:///E:/learn/projects/blog-frontend-vue/node_modules/@vitest/runner/dist/index.js:781:11) {
  isAxiosError: true,
  code: 'ERR_NETWORK',
  config: {
    transitional: {
      silentJSONParsing: true,
      forcedJSONParsing: true,
      clarifyTimeoutError: false
    },
    adapter: [ 'xhr', 'http', 'fetch' ],
    transformRequest: [ [Function: transformRequest] ],
    transformResponse: [ [Function: transformResponse] ],
    timeout: 10000,
    xsrfCookieName: 'XSRF-TOKEN',
    xsrfHeaderName: 'X-XSRF-TOKEN',
    maxContentLength: -1,
    maxBodyLength: -1,
    env: { FormData: [Function], Blob: [class Blob] },
    validateStatus: [Function: validateStatus],
    headers: Object [AxiosHeaders] {
      Accept: 'application/json',
      'Content-Type': 'application/json',
      'skip-auth': 'true',
      'X-Request-ID': 'req_1770361858798_22kcr8a0r',
      'X-Timestamp': '1770361858798'
    },
    baseURL: 'http://localhost:8000/api/v1',
    method: 'post',
    url: '/auth/refresh',
    data: '{"refreshToken":"%ZU15%Lr:&$eoT6rwT2i<71c"}',
    allowAbsoluteUrls: true
  },
  request: XMLHttpRequest {},
  event: ProgressEvent { isTrusted: [Getter] }
}

[90mstdout[2m | src/test/properties/auth.property.test.ts[2m > [22m[2m璁よ瘉灞炴€ф祴璇?[2m > [22m[2mProperty 1.1: Token Expiration Consistency[22m[39m
[HTTP Request] POST /auth/refresh {
  headers: Object [AxiosHeaders] {
    Accept: [32m'application/json'[39m,
    [32m'Content-Type'[39m: [32m'application/json'[39m,
    [32m'skip-auth'[39m: [32m'true'[39m,
    [32m'X-Request-ID'[39m: [32m'req_1770361858818_nghm1ged9'[39m,
    [32m'X-Timestamp'[39m: [32m'1770361858818'[39m
  },
  data: { refreshToken: [32m"`Pi'PF?Wvumv&';9\\^%G*)Q);H`F<5"[39m },
  params: [90mundefined[39m
}

[90mstdout[2m | src/test/properties/auth.property.test.ts[2m > [22m[2m璁よ瘉灞炴€ф祴璇?[2m > [22m[2mProperty 1.1: Token Expiration Consistency[22m[39m
<empty line>
stderr | src/test/properties/auth.property.test.ts > 璁よ瘉灞炴€ф祴璇?[2m > Property 1.1: Token Expiration Consistency
Error: AggregateError
    at Object.dispatchError (E:\learn\projects\blog-frontend-vue\node_modules\jsdom\lib\jsdom\living\xhr\xhr-utils.js:63:19)
    at EventEmitter.<anonymous> (E:\learn\projects\blog-frontend-vue\node_modules\jsdom\lib\jsdom\living\xhr\XMLHttpRequest-impl.js:655:18)
    at EventEmitter.emit (node:events:520:35)
    at Request.<anonymous> (E:\learn\projects\blog-frontend-vue\node_modules\jsdom\lib\jsdom\living\xhr\xhr-utils.js:404:14)
    at Request.emit (node:events:508:28)
    at ClientRequest.<anonymous> (E:\learn\projects\blog-frontend-vue\node_modules\jsdom\lib\jsdom\living\helpers\http-request.js:127:14)
    at ClientRequest.emit (node:events:508:28)
    at emitErrorEvent (node:_http_client:107:11)
    at Socket.socketErrorListener (node:_http_client:574:5)
    at Socket.emit (node:events:508:28) undefined
[HTTP Response Error] {
  url: '/auth/refresh',
  status: undefined,
  data: undefined,
  message: 'Network Error'
}
Token refresh failed: AxiosError: Network Error
    at XMLHttpRequest.handleError (file:///E:/learn/projects/blog-frontend-vue/node_modules/axios/lib/adapters/xhr.js:112:20)
    at XMLHttpRequest.invokeTheCallbackFunction (E:\learn\projects\blog-frontend-vue\node_modules\jsdom\lib\jsdom\living\generated\EventHandlerNonNull.js:14:28)
    at XMLHttpRequest.<anonymous> (E:\learn\projects\blog-frontend-vue\node_modules\jsdom\lib\jsdom\living\helpers\create-event-accessor.js:35:32)
    at innerInvokeEventListeners (E:\learn\projects\blog-frontend-vue\node_modules\jsdom\lib\jsdom\living\events\EventTarget-impl.js:350:25)
    at invokeEventListeners (E:\learn\projects\blog-frontend-vue\node_modules\jsdom\lib\jsdom\living\events\EventTarget-impl.js:286:3)
    at XMLHttpRequestImpl._dispatch (E:\learn\projects\blog-frontend-vue\node_modules\jsdom\lib\jsdom\living\events\EventTarget-impl.js:233:9)
    at fireAnEvent (E:\learn\projects\blog-frontend-vue\node_modules\jsdom\lib\jsdom\living\helpers\events.js:18:36)
    at requestErrorSteps (E:\learn\projects\blog-frontend-vue\node_modules\jsdom\lib\jsdom\living\xhr\xhr-utils.js:131:3)
    at Object.dispatchError (E:\learn\projects\blog-frontend-vue\node_modules\jsdom\lib\jsdom\living\xhr\xhr-utils.js:60:3)
    at EventEmitter.<anonymous> (E:\learn\projects\blog-frontend-vue\node_modules\jsdom\lib\jsdom\living\xhr\XMLHttpRequest-impl.js:655:18)
    at Axios.request (file:///E:/learn/projects/blog-frontend-vue/node_modules/axios/lib/core/Axios.js:45:41)
    at processTicksAndRejections (node:internal/process/task_queues:105:5)
    at HttpClient.post (E:\learn\projects\blog-frontend-vue\src\utils\request.ts:289:22)
    at refreshAccessToken (E:\learn\projects\blog-frontend-vue\src\stores\auth.ts:405:24)
    at Proxy.initAuth (E:\learn\projects\blog-frontend-vue\src\stores\auth.ts:519:13)
    at E:\learn\projects\blog-frontend-vue\src\test\properties\auth.property.test.ts:133:11
    at AsyncProperty.run (file:///E:/learn/projects/blog-frontend-vue/node_modules/fast-check/lib/esm/check/property/AsyncProperty.generic.js:46:28)
    at asyncRunIt (file:///E:/learn/projects/blog-frontend-vue/node_modules/fast-check/lib/esm/check/runner/Runner.js:33:21)
    at E:\learn\projects\blog-frontend-vue\src\test\properties\auth.property.test.ts:114:5
    at runTest (file:///E:/learn/projects/blog-frontend-vue/node_modules/@vitest/runner/dist/index.js:781:11) {
  isAxiosError: true,
  code: 'ERR_NETWORK',
  config: {
    transitional: {
      silentJSONParsing: true,
      forcedJSONParsing: true,
      clarifyTimeoutError: false
    },
    adapter: [ 'xhr', 'http', 'fetch' ],
    transformRequest: [ [Function: transformRequest] ],
    transformResponse: [ [Function: transformResponse] ],
    timeout: 10000,
    xsrfCookieName: 'XSRF-TOKEN',
    xsrfHeaderName: 'X-XSRF-TOKEN',
    maxContentLength: -1,
    maxBodyLength: -1,
    env: { FormData: [Function], Blob: [class Blob] },
    validateStatus: [Function: validateStatus],
    headers: Object [AxiosHeaders] {
      Accept: 'application/json',
      'Content-Type': 'application/json',
      'skip-auth': 'true',
      'X-Request-ID': 'req_1770361858818_nghm1ged9',
      'X-Timestamp': '1770361858818'
    },
    baseURL: 'http://localhost:8000/api/v1',
    method: 'post',
    url: '/auth/refresh',
    data: '{"refreshToken":"`Pi\'PF?Wvumv&\';9\\\\^%G*)Q);H`F<5"}',
    allowAbsoluteUrls: true
  },
  request: XMLHttpRequest {},
  event: ProgressEvent { isTrusted: [Getter] }
}
Auto refresh token failed: AxiosError: Network Error
    at XMLHttpRequest.handleError (file:///E:/learn/projects/blog-frontend-vue/node_modules/axios/lib/adapters/xhr.js:112:20)
    at XMLHttpRequest.invokeTheCallbackFunction (E:\learn\projects\blog-frontend-vue\node_modules\jsdom\lib\jsdom\living\generated\EventHandlerNonNull.js:14:28)
    at XMLHttpRequest.<anonymous> (E:\learn\projects\blog-frontend-vue\node_modules\jsdom\lib\jsdom\living\helpers\create-event-accessor.js:35:32)
    at innerInvokeEventListeners (E:\learn\projects\blog-frontend-vue\node_modules\jsdom\lib\jsdom\living\events\EventTarget-impl.js:350:25)
    at invokeEventListeners (E:\learn\projects\blog-frontend-vue\node_modules\jsdom\lib\jsdom\living\events\EventTarget-impl.js:286:3)
    at XMLHttpRequestImpl._dispatch (E:\learn\projects\blog-frontend-vue\node_modules\jsdom\lib\jsdom\living\events\EventTarget-impl.js:233:9)
    at fireAnEvent (E:\learn\projects\blog-frontend-vue\node_modules\jsdom\lib\jsdom\living\helpers\events.js:18:36)
    at requestErrorSteps (E:\learn\projects\blog-frontend-vue\node_modules\jsdom\lib\jsdom\living\xhr\xhr-utils.js:131:3)
    at Object.dispatchError (E:\learn\projects\blog-frontend-vue\node_modules\jsdom\lib\jsdom\living\xhr\xhr-utils.js:60:3)
    at EventEmitter.<anonymous> (E:\learn\projects\blog-frontend-vue\node_modules\jsdom\lib\jsdom\living\xhr\XMLHttpRequest-impl.js:655:18)
    at Axios.request (file:///E:/learn/projects/blog-frontend-vue/node_modules/axios/lib/core/Axios.js:45:41)
    at processTicksAndRejections (node:internal/process/task_queues:105:5)
    at HttpClient.post (E:\learn\projects\blog-frontend-vue\src\utils\request.ts:289:22)
    at refreshAccessToken (E:\learn\projects\blog-frontend-vue\src\stores\auth.ts:405:24)
    at Proxy.initAuth (E:\learn\projects\blog-frontend-vue\src\stores\auth.ts:519:13)
    at E:\learn\projects\blog-frontend-vue\src\test\properties\auth.property.test.ts:133:11
    at AsyncProperty.run (file:///E:/learn/projects/blog-frontend-vue/node_modules/fast-check/lib/esm/check/property/AsyncProperty.generic.js:46:28)
    at asyncRunIt (file:///E:/learn/projects/blog-frontend-vue/node_modules/fast-check/lib/esm/check/runner/Runner.js:33:21)
    at E:\learn\projects\blog-frontend-vue\src\test\properties\auth.property.test.ts:114:5
    at runTest (file:///E:/learn/projects/blog-frontend-vue/node_modules/@vitest/runner/dist/index.js:781:11) {
  isAxiosError: true,
  code: 'ERR_NETWORK',
  config: {
    transitional: {
      silentJSONParsing: true,
      forcedJSONParsing: true,
      clarifyTimeoutError: false
    },
    adapter: [ 'xhr', 'http', 'fetch' ],
    transformRequest: [ [Function: transformRequest] ],
    transformResponse: [ [Function: transformResponse] ],
    timeout: 10000,
    xsrfCookieName: 'XSRF-TOKEN',
    xsrfHeaderName: 'X-XSRF-TOKEN',
    maxContentLength: -1,
    maxBodyLength: -1,
    env: { FormData: [Function], Blob: [class Blob] },
    validateStatus: [Function: validateStatus],
    headers: Object [AxiosHeaders] {
      Accept: 'application/json',
      'Content-Type': 'application/json',
      'skip-auth': 'true',
      'X-Request-ID': 'req_1770361858818_nghm1ged9',
      'X-Timestamp': '1770361858818'
    },
    baseURL: 'http://localhost:8000/api/v1',
    method: 'post',
    url: '/auth/refresh',
    data: '{"refreshToken":"`Pi\'PF?Wvumv&\';9\\\\^%G*)Q);H`F<5"}',
    allowAbsoluteUrls: true
  },
  request: XMLHttpRequest {},
  event: ProgressEvent { isTrusted: [Getter] }
}

 [33m鉂?[39m src/test/properties/auth.property.test.ts [2m ([22m[2m3 tests[22m [2m|[22m [31m1 failed[39m[2m)[22m[33m 1872[2mms[22m[39m
[31m   [33m鉂?[31m src/test/properties/auth.property.test.ts[2m > [22m璁よ瘉灞炴€ф祴璇?[2m > [22mProperty 1: Authentication State Consistency[39m
[31m     鈫?Property failed after 2 tests
{ seed: -929130106, path: "1:0:0:0:0:0:0:0:0:0:0:0:0:0:0:0:0:0:0:0:0:0:0:0:0:0:0:0:0:0:0:0:0:0:0:0:0:0:0:0:0:0:0:0:0:0:0:0:0:0:0:0:0:0:0:0", endOnFailure: true }
Counterexample: [{"accessToken":"                    ","refreshToken":"                    ","user":{"id":" ","username":"   ","email":"a@a.aa","nickname":" ","role":"USER"}}]
Shrunk 55 time(s)
Got AssertionError: expected true to be false // Object.is equality
    at E:\learn\projects\blog-frontend-vue\src\test\properties\auth.property.test.ts:91:37
    at AsyncProperty.run (file:///E:/learn/projects/blog-frontend-vue/node_modules/fast-check/lib/esm/check/property/AsyncProperty.generic.js:46:28)
    at asyncRunIt (file:///E:/learn/projects/blog-frontend-vue/node_modules/fast-check/lib/esm/check/runner/Runner.js:33:21)
    at E:\learn\projects\blog-frontend-vue\src\test\properties\auth.property.test.ts:29:5
    at runTest (file:///E:/learn/projects/blog-frontend-vue/node_modules/@vitest/runner/dist/index.js:781:11)
    at runSuite (file:///E:/learn/projects/blog-frontend-vue/node_modules/@vitest/runner/dist/index.js:909:15)
    at runSuite (file:///E:/learn/projects/blog-frontend-vue/node_modules/@vitest/runner/dist/index.js:909:15)
    at runFiles (file:///E:/learn/projects/blog-frontend-vue/node_modules/@vitest/runner/dist/index.js:958:5)
    at startTests (file:///E:/learn/projects/blog-frontend-vue/node_modules/@vitest/runner/dist/index.js:967:3)
    at file:///E:/learn/projects/blog-frontend-vue/node_modules/vitest/dist/chunks/runtime-runBaseTests.oAvMKtQC.js:116:7

Hint: Enable verbose mode in order to have the list of all failing values encountered during the run[39m

鈳幆鈳幆鈳幆鈳?[1m Failed Tests 1 鈳幆鈳幆鈳幆鈳?[39m

 FAIL  src/test/properties/auth.property.test.ts > 璁よ瘉灞炴€ф祴璇?[2m > Property 1: Authentication State Consistency
Error: Property failed after 2 tests
{ seed: -929130106, path: "1:0:0:0:0:0:0:0:0:0:0:0:0:0:0:0:0:0:0:0:0:0:0:0:0:0:0:0:0:0:0:0:0:0:0:0:0:0:0:0:0:0:0:0:0:0:0:0:0:0:0:0:0:0:0:0", endOnFailure: true }
Counterexample: [{"accessToken":"                    ","refreshToken":"                    ","user":{"id":" ","username":"   ","email":"a@a.aa","nickname":" ","role":"USER"}}]
Shrunk 55 time(s)
Got AssertionError: expected true to be false // Object.is equality
    at E:\learn\projects\blog-frontend-vue\src\test\properties\auth.property.test.ts:91:37
    at AsyncProperty.run (file:///E:/learn/projects/blog-frontend-vue/node_modules/fast-check/lib/esm/check/property/AsyncProperty.generic.js:46:28)
    at asyncRunIt (file:///E:/learn/projects/blog-frontend-vue/node_modules/fast-check/lib/esm/check/runner/Runner.js:33:21)
    at E:\learn\projects\blog-frontend-vue\src\test\properties\auth.property.test.ts:29:5
    at runTest (file:///E:/learn/projects/blog-frontend-vue/node_modules/@vitest/runner/dist/index.js:781:11)
    at runSuite (file:///E:/learn/projects/blog-frontend-vue/node_modules/@vitest/runner/dist/index.js:909:15)
    at runSuite (file:///E:/learn/projects/blog-frontend-vue/node_modules/@vitest/runner/dist/index.js:909:15)
    at runFiles (file:///E:/learn/projects/blog-frontend-vue/node_modules/@vitest/runner/dist/index.js:958:5)
    at startTests (file:///E:/learn/projects/blog-frontend-vue/node_modules/@vitest/runner/dist/index.js:967:3)
    at file:///E:/learn/projects/blog-frontend-vue/node_modules/vitest/dist/chunks/runtime-runBaseTests.oAvMKtQC.js:116:7

Hint: Enable verbose mode in order to have the list of all failing values encountered during the run
 鉂?[22m src/test/properties/auth.property.test.ts:91:37
     89|             // 濡傛灉 token 鏄┖鐧藉瓧绗︿覆锛屽簲璇ヤ笉璁よ瘉
     90|             // If token is whitespace, should not be authenticated
     91|             expect(isAuthenticated).toBe(false);
       |                                     ^
     92|           }
     93| 
 鉂?[22m AsyncProperty.run node_modules/fast-check/lib/esm/check/property/AsyncProperty.generic.js:46:28
 鉂?[22m asyncRunIt node_modules/fast-check/lib/esm/check/runner/Runner.js:33:21
 鉂?[22m src/test/properties/auth.property.test.ts:29:5
 鉂?[22m buildError node_modules/fast-check/lib/esm/check/runner/utils/RunDetailsFormatter.js:126:15
 鉂?[22m asyncThrowIfFailed node_modules/fast-check/lib/esm/check/runner/utils/RunDetailsFormatter.js:143:11

鈳幆鈳幆鈳幆鈳幆鈳幆鈳幆鈳幆鈳幆鈳幆鈳幆鈳幆鈳幆[1/1]鈳?[22m

[2m Test Files [22m [1m[31m1 failed[39m[22m[90m (1)[39m
[2m      Tests [22m [1m[31m1 failed[39m[22m[2m | [22m[1m[32m2 passed[39m[22m[90m (3)[39m
[2m   Start at [22m 15:10:52
[2m   Duration [22m 6.05s[2m (transform 110ms, setup 108ms, collect 2.27s, tests 1.87s, environment 1.30s, prepare 187ms)[22m

